Archive member included to satisfy reference by file (symbol)

.\CortexM3\ARM_GCC_541\Debug\ReactionGame.a(RED_LED.o)
                              .\CortexM3\ARM_GCC_541\Debug\pins.o (RED_LED_Write)
.\CortexM3\ARM_GCC_541\Debug\ReactionGame.a(YELLOW_LED.o)
                              .\CortexM3\ARM_GCC_541\Debug\pins.o (YELLOW_LED_Write)
.\CortexM3\ARM_GCC_541\Debug\ReactionGame.a(GREEN_LED.o)
                              .\CortexM3\ARM_GCC_541\Debug\pins.o (GREEN_LED_Write)
.\CortexM3\ARM_GCC_541\Debug\ReactionGame.a(UART_LOG.o)
                              .\CortexM3\ARM_GCC_541\Debug\main.o (UART_LOG_Start)
.\CortexM3\ARM_GCC_541\Debug\ReactionGame.a(UART_LOG_IntClock.o)
                              .\CortexM3\ARM_GCC_541\Debug\ReactionGame.a(UART_LOG.o) (UART_LOG_IntClock_Start)
.\CortexM3\ARM_GCC_541\Debug\ReactionGame.a(CyLib.o)
                              .\CortexM3\ARM_GCC_541\Debug\Cm3Start.o (CyHalt)
.\CortexM3\ARM_GCC_541\Debug\ReactionGame.a(cyPm.o)
                              .\CortexM3\ARM_GCC_541\Debug\ReactionGame.a(CyLib.o) (CyPmReadStatus)
.\CortexM3\ARM_GCC_541\Debug\ReactionGame.a(ErikaOS_ee_activate.o)
                              .\CortexM3\ARM_GCC_541\Debug\main.o (EE_oo_ActivateTask)
.\CortexM3\ARM_GCC_541\Debug\ReactionGame.a(ErikaOS_ee_alsetrel.o)
                              .\CortexM3\ARM_GCC_541\Debug\main.o (EE_oo_SetRelAlarm)
.\CortexM3\ARM_GCC_541\Debug\ReactionGame.a(ErikaOS_ee_altick.o)
                              .\CortexM3\ARM_GCC_541\Debug\ReactionGame.a(ErikaOS_ee_alsetrel.o) (EE_oo_counter_object_insert)
.\CortexM3\ARM_GCC_541\Debug\ReactionGame.a(ErikaOS_ee_evclear.o)
                              .\CortexM3\ARM_GCC_541\Debug\main.o (EE_oo_ClearEvent)
.\CortexM3\ARM_GCC_541\Debug\ReactionGame.a(ErikaOS_ee_evget.o)
                              .\CortexM3\ARM_GCC_541\Debug\main.o (EE_oo_GetEvent)
.\CortexM3\ARM_GCC_541\Debug\ReactionGame.a(ErikaOS_ee_evset.o)
                              .\CortexM3\ARM_GCC_541\Debug\main.o (EE_oo_SetEvent)
.\CortexM3\ARM_GCC_541\Debug\ReactionGame.a(ErikaOS_ee_evwait.o)
                              .\CortexM3\ARM_GCC_541\Debug\main.o (EE_oo_WaitEvent)
.\CortexM3\ARM_GCC_541\Debug\ReactionGame.a(ErikaOS_ee_irqendin.o)
                              .\CortexM3\ARM_GCC_541\Debug\main.o (EE_IRQ_end_post_stub)
.\CortexM3\ARM_GCC_541\Debug\ReactionGame.a(ErikaOS_ee_lockres.o)
                              .\CortexM3\ARM_GCC_541\Debug\ReactionGame.o (EE_oo_GetResource)
.\CortexM3\ARM_GCC_541\Debug\ReactionGame.a(ErikaOS_ee_lookup.o)
                              .\CortexM3\ARM_GCC_541\Debug\ReactionGame.a(ErikaOS_ee_irqendin.o) (EE_oo_IRQ_disable_count)
.\CortexM3\ARM_GCC_541\Debug\ReactionGame.a(ErikaOS_ee_rq_exchg.o)
                              .\CortexM3\ARM_GCC_541\Debug\ReactionGame.a(ErikaOS_ee_activate.o) (EE_rq2stk_exchange)
.\CortexM3\ARM_GCC_541\Debug\ReactionGame.a(ErikaOS_ee_rq_first.o)
                              .\CortexM3\ARM_GCC_541\Debug\ReactionGame.a(ErikaOS_ee_activate.o) (EE_rq_queryfirst)
.\CortexM3\ARM_GCC_541\Debug\ReactionGame.a(ErikaOS_ee_rq_inser.o)
                              .\CortexM3\ARM_GCC_541\Debug\ReactionGame.a(ErikaOS_ee_activate.o) (EE_rq_insert)
.\CortexM3\ARM_GCC_541\Debug\ReactionGame.a(ErikaOS_ee_startos.o)
                              .\CortexM3\ARM_GCC_541\Debug\main.o (EE_oo_StartOS)
.\CortexM3\ARM_GCC_541\Debug\ReactionGame.a(ErikaOS_ee_terminat.o)
                              .\CortexM3\ARM_GCC_541\Debug\main.o (EE_oo_TerminateTask)
.\CortexM3\ARM_GCC_541\Debug\ReactionGame.a(ErikaOS_ee_ulockres.o)
                              .\CortexM3\ARM_GCC_541\Debug\ReactionGame.o (EE_oo_ReleaseResource)
.\CortexM3\ARM_GCC_541\Debug\ReactionGame.a(ErikaOS_cortex_mx_ee_utils.o)
                              .\CortexM3\ARM_GCC_541\Debug\main.o (EE_system_init)
.\CortexM3\ARM_GCC_541\Debug\ReactionGame.a(ErikaOS_common_ee_hal_structs.o)
                              .\CortexM3\ARM_GCC_541\Debug\ReactionGame.a(ErikaOS_ee_irqendin.o) (EE_std_endcycle_next_tid)
.\CortexM3\ARM_GCC_541\Debug\ReactionGame.a(ErikaOS_eecfg.o)
                              .\CortexM3\ARM_GCC_541\Debug\ReactionGame.a(ErikaOS_ee_startos.o) (EE_oo_autostart_task_data)
.\CortexM3\ARM_GCC_541\Debug\ReactionGame.a(ButtonRight.o)
                              .\CortexM3\ARM_GCC_541\Debug\main.o (ButtonRight_Read)
.\CortexM3\ARM_GCC_541\Debug\ReactionGame.a(ButtonLeft.o)
                              .\CortexM3\ARM_GCC_541\Debug\main.o (ButtonLeft_Read)
.\CortexM3\ARM_GCC_541\Debug\ReactionGame.a(SEVEN_DP.o)
                              .\CortexM3\ARM_GCC_541\Debug\seven.o (SEVEN_DP_Write)
.\CortexM3\ARM_GCC_541\Debug\ReactionGame.a(SEVEN_SELECT.o)
                              .\CortexM3\ARM_GCC_541\Debug\seven.o (SEVEN_SELECT_Write)
.\CortexM3\ARM_GCC_541\Debug\ReactionGame.a(SEVEN_reg.o)
                              .\CortexM3\ARM_GCC_541\Debug\seven.o (SEVEN_reg_Write)
[...]
Memory Configuration

Name             Origin             Length             Attributes
rom              0x00000000         0x00040000         xr
ram              0x1fff8000         0x00010000         xrw
*default*        0x00000000         0xffffffff

Linker script and memory map

LOAD c:/h_da softwares & projects/psoc creator/4.4/psoc creator/import/gnu/arm/5.4.1/bin/../lib/gcc/arm-none-eabi/5.4.1/armv7-m/crti.o
LOAD c:/h_da softwares & projects/psoc creator/4.4/psoc creator/import/gnu/arm/5.4.1/bin/../lib/gcc/arm-none-eabi/5.4.1/armv7-m/crtbegin.o
LOAD c:/h_da softwares & projects/psoc creator/4.4/psoc creator/import/gnu/arm/5.4.1/bin/../lib/gcc/arm-none-eabi/5.4.1/../../../../arm-none-eabi/lib/armv7-m/crt0.o
START GROUP
LOAD .\CortexM3\ARM_GCC_541\Debug\main.o
LOAD .\CortexM3\ARM_GCC_541\Debug\TimingAnalyzer.o
LOAD .\CortexM3\ARM_GCC_541\Debug\ReactionGame.o
LOAD .\CortexM3\ARM_GCC_541\Debug\ArcadianLight.o
LOAD .\CortexM3\ARM_GCC_541\Debug\logging.o
LOAD .\CortexM3\ARM_GCC_541\Debug\seven.o
LOAD .\CortexM3\ARM_GCC_541\Debug\pins.o
LOAD .\CortexM3\ARM_GCC_541\Debug\tft.o
LOAD .\CortexM3\ARM_GCC_541\Debug\cyfitter_cfg.o
LOAD .\CortexM3\ARM_GCC_541\Debug\cymetadata.o
LOAD .\CortexM3\ARM_GCC_541\Debug\Cm3Start.o
LOAD .\CortexM3\ARM_GCC_541\Debug\ReactionGame.a
LOAD C:\H_Da Softwares & Projects\PSoC Creator\4.4\PSoC Creator\psoc\content\cycomponentlibrary\CyComponentLibrary.cylib\CortexM3\ARM_GCC_541\Debug\CyComponentLibrary.a
END GROUP
START GROUP
LOAD c:/h_da softwares & projects/psoc creator/4.4/psoc creator/import/gnu/arm/5.4.1/bin/../lib/gcc/arm-none-eabi/5.4.1/armv7-m\libgcc.a
LOAD c:/h_da softwares & projects/psoc creator/4.4/psoc creator/import/gnu/arm/5.4.1/bin/../lib/gcc/arm-none-eabi/5.4.1/../../../../arm-none-eabi/lib/armv7-m\libg_nano.a
LOAD c:/h_da softwares & projects/psoc creator/4.4/psoc creator/import/gnu/arm/5.4.1/bin/../lib/gcc/arm-none-eabi/5.4.1/../../../../arm-none-eabi/lib/armv7-m\libc_nano.a
END GROUP
START GROUP
LOAD c:/h_da softwares & projects/psoc creator/4.4/psoc creator/import/gnu/arm/5.4.1/bin/../lib/gcc/arm-none-eabi/5.4.1/armv7-m\libgcc.a
LOAD c:/h_da softwares & projects/psoc creator/4.4/psoc creator/import/gnu/arm/5.4.1/bin/../lib/gcc/arm-none-eabi/5.4.1/../../../../arm-none-eabi/lib/armv7-m\libc_nano.a
END GROUP
LOAD c:/h_da softwares & projects/psoc creator/4.4/psoc creator/import/gnu/arm/5.4.1/bin/../lib/gcc/arm-none-eabi/5.4.1/armv7-m/crtend.o
LOAD c:/h_da softwares & projects/psoc creator/4.4/psoc creator/import/gnu/arm/5.4.1/bin/../lib/gcc/arm-none-eabi/5.4.1/armv7-m/crtn.o
START GROUP
LOAD c:/h_da softwares & projects/psoc creator/4.4/psoc creator/import/gnu/arm/5.4.1/bin/../lib/gcc/arm-none-eabi/5.4.1/armv7-m\libgcc.a
LOAD c:/h_da softwares & projects/psoc creator/4.4/psoc creator/import/gnu/arm/5.4.1/bin/../lib/gcc/arm-none-eabi/5.4.1/../../../../arm-none-eabi/lib/armv7-m\libc.a
LOAD c:/h_da softwares & projects/psoc creator/4.4/psoc creator/import/gnu/arm/5.4.1/bin/../lib/gcc/arm-none-eabi/5.4.1/../../../../arm-none-eabi/lib/armv7-m\libnosys.a
END GROUP
                0x00000000                CY_APPL_ORIGIN = 0x0
                0x00000100                CY_FLASH_ROW_SIZE = 0x100
                0x00000020                CY_ECC_ROW_SIZE = 0x20
                0x00000000                CY_EE_IN_BTLDR = 0x0
                0x00000000                CY_APPL_LOADABLE = 0x0
                0x00000800                CY_EE_SIZE = 0x800
                0x00000001                CY_APPL_NUM = 0x1
                0x00000001                CY_APPL_MAX = 0x1
                0x00000040                CY_METADATA_SIZE = 0x40
                0x00000000                CY_APPL_LOADABLE = 0x0
                0x00000000                CY_CHECKSUM_EXCLUDE_SIZE = ALIGN (0x0, CY_FLASH_ROW_SIZE)
                [!provide]                PROVIDE (__cy_heap_start, _end)
                0x00000001                PROVIDE (__cy_region_num, ((__cy_regions_end - __cy_regions) / 0x10))
                0x20008000                PROVIDE (__cy_stack, (ORIGIN (ram) + LENGTH (ram)))
                [!provide]                PROVIDE (__cy_heap_end, (__cy_stack - 0x800))

.cybootloader   0x00000000        0x0
 *(.cybootloader)
                0x00000000                appl1_start = CY_APPL_ORIGIN?CY_APPL_ORIGIN:ALIGN (CY_FLASH_ROW_SIZE)
                0x0001ff00                appl2_start = (appl1_start + ALIGN ((((LENGTH (rom) - appl1_start) - (0x2 * CY_FLASH_ROW_SIZE)) / 0x2), CY_FLASH_ROW_SIZE))
                0x00000000                appl_start = (CY_APPL_NUM == 0x1)?appl1_start:appl2_start
                0x00000000                ecc_offset = ((appl_start / CY_FLASH_ROW_SIZE) * CY_ECC_ROW_SIZE)
                0x00000000                ee_offset = (CY_APPL_LOADABLE && ! (CY_EE_IN_BTLDR))?((CY_EE_SIZE / CY_APPL_MAX) * (CY_APPL_NUM - 0x1)):0x0
                0x00000800                ee_size = (CY_APPL_LOADABLE && ! (CY_EE_IN_BTLDR))?(CY_EE_SIZE / CY_APPL_MAX):CY_EE_SIZE
                [!provide]                PROVIDE (CY_ECC_OFFSET, ecc_offset)

.text           0x00000000     0x3086
 CREATE_OBJECT_SYMBOLS
                0x00000000                PROVIDE (__cy_interrupt_vector, RomVectors)
 *(.romvectors)
 .romvectors    0x00000000       0x10 .\CortexM3\ARM_GCC_541\Debug\Cm3Start.o
                0x00000000                RomVectors
                0x00000001                ASSERT ((. != __cy_interrupt_vector), No interrupt vector)
                0x00000001                ASSERT (CY_APPL_ORIGIN?(SIZEOF (.cybootloader) <= CY_APPL_ORIGIN):0x1, Wrong image location)
                0x00000010                PROVIDE (__cy_reset, Reset)
 *(.text.Reset)
 .text.Reset    0x00000010       0x18 .\CortexM3\ARM_GCC_541\Debug\Cm3Start.o
                0x00000010                Reset
                0x00000001                ASSERT ((. != __cy_reset), No reset code)
 *(.dma_init)
                0x00000001                ASSERT ((((appl_start + .) <= 0x10000) || 0x1), DMA Init must be within the first 64k of flash)
 *(.text .text.* .gnu.linkonce.t.*)
 .text          0x00000028       0x5c c:/h_da softwares & projects/psoc creator/4.4/psoc creator/import/gnu/arm/5.4.1/bin/../lib/gcc/arm-none-eabi/5.4.1/armv7-m/crtbegin.o
 .text.main     0x00000084       0x28 .\CortexM3\ARM_GCC_541\Debug\main.o
                0x00000084                main
 .text.Functsk_init
                0x000000ac       0x70 .\CortexM3\ARM_GCC_541\Debug\main.o
                0x000000ac                Functsk_init
 .text.Functsk_game
                0x0000011c       0x30 .\CortexM3\ARM_GCC_541\Debug\main.o
                0x0000011c                Functsk_game
 .text.Functsk_timer
                0x0000014c       0x10 .\CortexM3\ARM_GCC_541\Debug\main.o
                0x0000014c                Functsk_timer
 .text.Functsk_arcadian
                0x0000015c       0x10 .\CortexM3\ARM_GCC_541\Debug\main.o
                0x0000015c                Functsk_arcadian
 .text.Functsk_tft
                0x0000016c        0x8 .\CortexM3\ARM_GCC_541\Debug\main.o
                0x0000016c                Functsk_tft
 .text.Functsk_background
                0x00000174        0x4 .\CortexM3\ARM_GCC_541\Debug\main.o
                0x00000174                Functsk_background
 .text.ISR2_systick_handler
                0x00000178        0xc .\CortexM3\ARM_GCC_541\Debug\main.o
                0x00000178                ISR2_systick_handler
 .text.systick_handler
                0x00000184       0x98 .\CortexM3\ARM_GCC_541\Debug\main.o
                0x00000184                systick_handler
 .text.ISR2_isr_button
                0x0000021c       0x28 .\CortexM3\ARM_GCC_541\Debug\main.o
                0x0000021c                ISR2_isr_button
 .text.isr_button
                0x00000244       0x98 .\CortexM3\ARM_GCC_541\Debug\main.o
                0x00000244                isr_button
 .text.TA_init  0x000002dc       0x34 .\CortexM3\ARM_GCC_541\Debug\TimingAnalyzer.o
                0x000002dc                TA_init
 .text.TA_create
                0x00000310       0x7c .\CortexM3\ARM_GCC_541\Debug\TimingAnalyzer.o
                0x00000310                TA_create
 .text.TA_start
                0x0000038c       0x60 .\CortexM3\ARM_GCC_541\Debug\TimingAnalyzer.o
                0x0000038c                TA_start
 .text.TA_calculateElapsedTime
                0x000003ec       0x20 .\CortexM3\ARM_GCC_541\Debug\TimingAnalyzer.o
                0x000003ec                TA_calculateElapsedTime
 .text.TA_stop  0x0000040c       0x70 .\CortexM3\ARM_GCC_541\Debug\TimingAnalyzer.o
                0x0000040c                TA_stop
 .text.TA_getElapsedTimeInMs
                0x0000047c       0x10 .\CortexM3\ARM_GCC_541\Debug\TimingAnalyzer.o
                0x0000047c                TA_getElapsedTimeInMs
 .text.gameStateMachine
                0x0000048c      0x1c8 .\CortexM3\ARM_GCC_541\Debug\ReactionGame.o
                0x0000048c                gameStateMachine
 .text.randomTimeCheck
                0x00000654       0x48 .\CortexM3\ARM_GCC_541\Debug\ReactionGame.o
                0x00000654                randomTimeCheck
 .text.timeoutCheck
                0x0000069c       0x3c .\CortexM3\ARM_GCC_541\Debug\ReactionGame.o
                0x0000069c                timeoutCheck
 .text.fader    0x000006d8       0x70 .\CortexM3\ARM_GCC_541\Debug\ArcadianLight.o
                0x000006d8                fader
 .text.glower   0x00000748       0x38 .\CortexM3\ARM_GCC_541\Debug\ArcadianLight.o
                0x00000748                glower
 .text.LOG_send
                0x00000780       0x2c .\CortexM3\ARM_GCC_541\Debug\logging.o
                0x00000780                LOG_send
 .text.SEVEN_writeRandom
                0x000007ac       0x4c .\CortexM3\ARM_GCC_541\Debug\seven.o
                0x000007ac                SEVEN_writeRandom
 .text.SEVEN_Clear
                0x000007f8       0x1c .\CortexM3\ARM_GCC_541\Debug\seven.o
                0x000007f8                SEVEN_Clear
 .text.SEVEN_Init
                0x00000814       0x14 .\CortexM3\ARM_GCC_541\Debug\seven.o
                0x00000814                SEVEN_Init
 .text.SEVEN_ClearAll
                0x00000828       0x2c .\CortexM3\ARM_GCC_541\Debug\seven.o
                0x00000828                SEVEN_ClearAll
 .text.Pins_Init
                0x00000854       0x18 .\CortexM3\ARM_GCC_541\Debug\pins.o
                0x00000854                Pins_Init
 .text.__TFT_SPI_TX_ISR
                0x0000086c       0x58 .\CortexM3\ARM_GCC_541\Debug\tft.o
                0x0000086c                __TFT_SPI_TX_ISR
 .text.TFT_send
                0x000008c4       0x84 .\CortexM3\ARM_GCC_541\Debug\tft.o
 .text.setAddrWindow
                0x00000948       0x88 .\CortexM3\ARM_GCC_541\Debug\tft.o
 .text.TFT_setBacklight
                0x000009d0       0x10 .\CortexM3\ARM_GCC_541\Debug\tft.o
                0x000009d0                TFT_setBacklight
 .text.TFT_setRotation
                0x000009e0       0xc0 .\CortexM3\ARM_GCC_541\Debug\tft.o
                0x000009e0                TFT_setRotation
 .text.TFT_fillRect
                0x00000aa0       0x8c .\CortexM3\ARM_GCC_541\Debug\tft.o
                0x00000aa0                TFT_fillRect
 .text.TFT_fillScreen
                0x00000b2c       0x24 .\CortexM3\ARM_GCC_541\Debug\tft.o
                0x00000b2c                TFT_fillScreen
 .text.TFT_init
                0x00000b50       0xe4 .\CortexM3\ARM_GCC_541\Debug\tft.o
                0x00000b50                TFT_init
 .text.CyClockStartupError
                0x00000c34        0x4 .\CortexM3\ARM_GCC_541\Debug\cyfitter_cfg.o
 .text.cfg_write_bytes32
                0x00000c38       0x34 .\CortexM3\ARM_GCC_541\Debug\cyfitter_cfg.o
 .text.AnalogSetDefault
                0x00000c6c       0x28 .\CortexM3\ARM_GCC_541\Debug\cyfitter_cfg.o
 .text.CYMEMZERO
                0x00000c94        0xc .\CortexM3\ARM_GCC_541\Debug\cyfitter_cfg.o
 .text.ClockSetup
                0x00000ca0       0xe0 .\CortexM3\ARM_GCC_541\Debug\cyfitter_cfg.o
 .text.CYCONFIGCPY
                0x00000d80        0x8 .\CortexM3\ARM_GCC_541\Debug\cyfitter_cfg.o
 .text.cyfitter_cfg
                0x00000d88      0x138 .\CortexM3\ARM_GCC_541\Debug\cyfitter_cfg.o
                0x00000d88                cyfitter_cfg
 .text.IntDefaultHandler
                0x00000ec0       0x10 .\CortexM3\ARM_GCC_541\Debug\Cm3Start.o
                0x00000ec0                IntDefaultHandler
 .text._sbrk    0x00000ed0       0x30 .\CortexM3\ARM_GCC_541\Debug\Cm3Start.o
                0x00000ed0                _sbrk
 .text.Start_c  0x00000f00       0x4c .\CortexM3\ARM_GCC_541\Debug\Cm3Start.o
                0x00000f00                Start_c
 .text.initialize_psoc
                0x00000f4c       0x68 .\CortexM3\ARM_GCC_541\Debug\Cm3Start.o
                0x00000f4c                initialize_psoc
 .text.RED_LED_Write
                0x00000fb4       0x18 .\CortexM3\ARM_GCC_541\Debug\ReactionGame.a(RED_LED.o)
                0x00000fb4                RED_LED_Write
 .text.YELLOW_LED_Write
                0x00000fcc       0x18 .\CortexM3\ARM_GCC_541\Debug\ReactionGame.a(YELLOW_LED.o)
                0x00000fcc                YELLOW_LED_Write
 .text.GREEN_LED_Write
                0x00000fe4       0x18 .\CortexM3\ARM_GCC_541\Debug\ReactionGame.a(GREEN_LED.o)
                0x00000fe4                GREEN_LED_Write
 .text.UART_LOG_Init
                0x00000ffc       0x28 .\CortexM3\ARM_GCC_541\Debug\ReactionGame.a(UART_LOG.o)
                0x00000ffc                UART_LOG_Init
 .text.UART_LOG_Enable
                0x00001024       0x38 .\CortexM3\ARM_GCC_541\Debug\ReactionGame.a(UART_LOG.o)
                0x00001024                UART_LOG_Enable
 .text.UART_LOG_Start
                0x0000105c       0x1c .\CortexM3\ARM_GCC_541\Debug\ReactionGame.a(UART_LOG.o)
                0x0000105c                UART_LOG_Start
 .text.UART_LOG_PutChar
                0x00001078       0x18 .\CortexM3\ARM_GCC_541\Debug\ReactionGame.a(UART_LOG.o)
                0x00001078                UART_LOG_PutChar
 .text.UART_LOG_PutString
                0x00001090       0x24 .\CortexM3\ARM_GCC_541\Debug\ReactionGame.a(UART_LOG.o)
                0x00001090                UART_LOG_PutString
 .text.UART_LOG_IntClock_Start
                0x000010b4       0x1c .\CortexM3\ARM_GCC_541\Debug\ReactionGame.a(UART_LOG_IntClock.o)
                0x000010b4                UART_LOG_IntClock_Start
 .text.CyHalt   0x000010d0        0x4 .\CortexM3\ARM_GCC_541\Debug\ReactionGame.a(CyLib.o)
                0x000010d0                CyHalt
 .text.CyDelay  0x000010d4       0x2c .\CortexM3\ARM_GCC_541\Debug\ReactionGame.a(CyLib.o)
                0x000010d4                CyDelay
 .text.CyIntSetPriority
                0x00001100       0x30 .\CortexM3\ARM_GCC_541\Debug\ReactionGame.a(CyLib.o)
                0x00001100                CyIntSetPriority
 .text.EE_oo_ActivateTask
                0x00001130       0xe8 .\CortexM3\ARM_GCC_541\Debug\ReactionGame.a(ErikaOS_ee_activate.o)
                0x00001130                EE_oo_ActivateTask
 .text.EE_oo_SetRelAlarm
                0x00001218       0x80 .\CortexM3\ARM_GCC_541\Debug\ReactionGame.a(ErikaOS_ee_alsetrel.o)
                0x00001218                EE_oo_SetRelAlarm
 .text.EE_oo_handle_action_callback
                0x00001298        0xc .\CortexM3\ARM_GCC_541\Debug\ReactionGame.a(ErikaOS_ee_altick.o)
 .text.EE_oo_handle_action_task
                0x000012a4       0x4c .\CortexM3\ARM_GCC_541\Debug\ReactionGame.a(ErikaOS_ee_altick.o)
 .text.EE_oo_handle_action_event
                0x000012f0       0x60 .\CortexM3\ARM_GCC_541\Debug\ReactionGame.a(ErikaOS_ee_altick.o)
 .text.EE_oo_handle_action
                0x00001350       0x28 .\CortexM3\ARM_GCC_541\Debug\ReactionGame.a(ErikaOS_ee_altick.o)
 .text.EE_oo_counter_object_insert
                0x00001378       0x9c .\CortexM3\ARM_GCC_541\Debug\ReactionGame.a(ErikaOS_ee_altick.o)
                0x00001378                EE_oo_counter_object_insert
 .text.EE_oo_IncrementCounterImplementation
                0x00001414      0x100 .\CortexM3\ARM_GCC_541\Debug\ReactionGame.a(ErikaOS_ee_altick.o)
                0x00001414                EE_oo_IncrementCounterImplementation
 .text.EE_oo_IncrementCounter
                0x00001514       0xb0 .\CortexM3\ARM_GCC_541\Debug\ReactionGame.a(ErikaOS_ee_altick.o)
                0x00001514                EE_oo_IncrementCounter
 .text.EE_oo_ClearEvent
                0x000015c4       0x5c .\CortexM3\ARM_GCC_541\Debug\ReactionGame.a(ErikaOS_ee_evclear.o)
                0x000015c4                EE_oo_ClearEvent
 .text.EE_oo_GetEvent
                0x00001620       0x40 .\CortexM3\ARM_GCC_541\Debug\ReactionGame.a(ErikaOS_ee_evget.o)
                0x00001620                EE_oo_GetEvent
 .text.EE_oo_SetEvent
                0x00001660      0x100 .\CortexM3\ARM_GCC_541\Debug\ReactionGame.a(ErikaOS_ee_evset.o)
                0x00001660                EE_oo_SetEvent
 .text.EE_oo_WaitEvent
                0x00001760      0x124 .\CortexM3\ARM_GCC_541\Debug\ReactionGame.a(ErikaOS_ee_evwait.o)
                0x00001760                EE_oo_WaitEvent
 .text.EE_IRQ_run_next_task
                0x00001884       0x30 .\CortexM3\ARM_GCC_541\Debug\ReactionGame.a(ErikaOS_ee_irqendin.o)
 .text.EE_IRQ_end_instance
                0x000018b4       0x68 .\CortexM3\ARM_GCC_541\Debug\ReactionGame.a(ErikaOS_ee_irqendin.o)
                0x000018b4                EE_IRQ_end_instance
 .text.EE_IRQ_end_post_stub
                0x0000191c       0x14 .\CortexM3\ARM_GCC_541\Debug\ReactionGame.a(ErikaOS_ee_irqendin.o)
                0x0000191c                EE_IRQ_end_post_stub
 .text.EE_oo_GetResource
                0x00001930       0xa8 .\CortexM3\ARM_GCC_541\Debug\ReactionGame.a(ErikaOS_ee_lockres.o)
                0x00001930                EE_oo_GetResource
 .text.EE_rq2stk_exchange
                0x000019d8       0x88 .\CortexM3\ARM_GCC_541\Debug\ReactionGame.a(ErikaOS_ee_rq_exchg.o)
                0x000019d8                EE_rq2stk_exchange
 .text.EE_rq_queryfirst
                0x00001a60       0x44 .\CortexM3\ARM_GCC_541\Debug\ReactionGame.a(ErikaOS_ee_rq_first.o)
                0x00001a60                EE_rq_queryfirst
 .text.EE_rq_insert
                0x00001aa4       0x74 .\CortexM3\ARM_GCC_541\Debug\ReactionGame.a(ErikaOS_ee_rq_inser.o)
                0x00001aa4                EE_rq_insert
 .text.compute_task_tid
                0x00001b18       0x10 .\CortexM3\ARM_GCC_541\Debug\ReactionGame.a(ErikaOS_ee_startos.o)
 .text.EE_oo_start_os
                0x00001b28        0xc .\CortexM3\ARM_GCC_541\Debug\ReactionGame.a(ErikaOS_ee_startos.o)
 .text.EE_oo_autostart_tasks
                0x00001b34       0x60 .\CortexM3\ARM_GCC_541\Debug\ReactionGame.a(ErikaOS_ee_startos.o)
 .text.EE_oo_autostart_os
                0x00001b94        0xc .\CortexM3\ARM_GCC_541\Debug\ReactionGame.a(ErikaOS_ee_startos.o)
 .text.EE_oo_StartOS
                0x00001ba0       0x8c .\CortexM3\ARM_GCC_541\Debug\ReactionGame.a(ErikaOS_ee_startos.o)
                0x00001ba0                EE_oo_StartOS
 .text.EE_oo_TerminateTask
                0x00001c2c       0x50 .\CortexM3\ARM_GCC_541\Debug\ReactionGame.a(ErikaOS_ee_terminat.o)
                0x00001c2c                EE_oo_TerminateTask
 .text.EE_oo_ReleaseResource
                0x00001c7c      0x124 .\CortexM3\ARM_GCC_541\Debug\ReactionGame.a(ErikaOS_ee_ulockres.o)
                0x00001c7c                EE_oo_ReleaseResource
 .text.EE_system_init
                0x00001da0       0x48 .\CortexM3\ARM_GCC_541\Debug\ReactionGame.a(ErikaOS_cortex_mx_ee_utils.o)
                0x00001da0                EE_system_init
 .text.ButtonRight_Read
                0x00001de8       0x10 .\CortexM3\ARM_GCC_541\Debug\ReactionGame.a(ButtonRight.o)
                0x00001de8                ButtonRight_Read
 .text.ButtonLeft_Read
                0x00001df8       0x10 .\CortexM3\ARM_GCC_541\Debug\ReactionGame.a(ButtonLeft.o)
                0x00001df8                ButtonLeft_Read
 .text.SEVEN_SELECT_Write
                0x00001e08       0x18 .\CortexM3\ARM_GCC_541\Debug\ReactionGame.a(SEVEN_SELECT.o)
                0x00001e08                SEVEN_SELECT_Write
 .text.SEVEN_reg_Write
                0x00001e20        0xc .\CortexM3\ARM_GCC_541\Debug\ReactionGame.a(SEVEN_reg.o)
                0x00001e20                SEVEN_reg_Write
 .text.SEVEN_reg_Read
                0x00001e2c        0xc .\CortexM3\ARM_GCC_541\Debug\ReactionGame.a(SEVEN_reg.o)
                0x00001e2c                SEVEN_reg_Read
 .text.TFT_SPI_Enable
                0x00001e38       0x34 .\CortexM3\ARM_GCC_541\Debug\ReactionGame.a(TFT_SPI.o)
                0x00001e38                TFT_SPI_Enable
 .text.TFT_SPI_ReadTxStatus
                0x00001e6c        0xc .\CortexM3\ARM_GCC_541\Debug\ReactionGame.a(TFT_SPI.o)
                0x00001e6c                TFT_SPI_ReadTxStatus
 .text.TFT_SPI_ReadRxStatus
                0x00001e78        0xc .\CortexM3\ARM_GCC_541\Debug\ReactionGame.a(TFT_SPI.o)
                0x00001e78                TFT_SPI_ReadRxStatus
 .text.TFT_SPI_WriteTxData
                0x00001e84       0x18 .\CortexM3\ARM_GCC_541\Debug\ReactionGame.a(TFT_SPI.o)
                0x00001e84                TFT_SPI_WriteTxData
 .text.TFT_SPI_ClearFIFO
                0x00001e9c       0x3c .\CortexM3\ARM_GCC_541\Debug\ReactionGame.a(TFT_SPI.o)
                0x00001e9c                TFT_SPI_ClearFIFO
 .text.TFT_SPI_Init
                0x00001ed8       0x28 .\CortexM3\ARM_GCC_541\Debug\ReactionGame.a(TFT_SPI.o)
                0x00001ed8                TFT_SPI_Init
 .text.TFT_SPI_Start
                0x00001f00       0x1c .\CortexM3\ARM_GCC_541\Debug\ReactionGame.a(TFT_SPI.o)
                0x00001f00                TFT_SPI_Start
 .text.TFT_DC_Write
                0x00001f1c       0x18 .\CortexM3\ARM_GCC_541\Debug\ReactionGame.a(TFT_DC.o)
                0x00001f1c                TFT_DC_Write
 .text.TFT_RES_Write
                0x00001f34       0x18 .\CortexM3\ARM_GCC_541\Debug\ReactionGame.a(TFT_RES.o)
                0x00001f34                TFT_RES_Write
 .text.TFT_BackLight_Enable
                0x00001f4c       0x28 .\CortexM3\ARM_GCC_541\Debug\ReactionGame.a(TFT_BackLight.o)
                0x00001f4c                TFT_BackLight_Enable
 .text.TFT_BackLight_WritePeriod
                0x00001f74        0xc .\CortexM3\ARM_GCC_541\Debug\ReactionGame.a(TFT_BackLight.o)
                0x00001f74                TFT_BackLight_WritePeriod
 .text.TFT_BackLight_WriteCompare
                0x00001f80        0xc .\CortexM3\ARM_GCC_541\Debug\ReactionGame.a(TFT_BackLight.o)
                0x00001f80                TFT_BackLight_WriteCompare
 .text.TFT_BackLight_SetInterruptMode
                0x00001f8c        0xc .\CortexM3\ARM_GCC_541\Debug\ReactionGame.a(TFT_BackLight.o)
                0x00001f8c                TFT_BackLight_SetInterruptMode
 .text.TFT_BackLight_Init
                0x00001f98       0x74 .\CortexM3\ARM_GCC_541\Debug\ReactionGame.a(TFT_BackLight.o)
                0x00001f98                TFT_BackLight_Init
 .text.TFT_BackLight_Start
                0x0000200c       0x1c .\CortexM3\ARM_GCC_541\Debug\ReactionGame.a(TFT_BackLight.o)
                0x0000200c                TFT_BackLight_Start
 .text.TFT_SPI_IntClock_Start
                0x00002028       0x1c .\CortexM3\ARM_GCC_541\Debug\ReactionGame.a(TFT_SPI_IntClock.o)
                0x00002028                TFT_SPI_IntClock_Start
 .text.PWM_RED_Enable
                0x00002044       0x10 .\CortexM3\ARM_GCC_541\Debug\ReactionGame.a(PWM_RED.o)
                0x00002044                PWM_RED_Enable
 .text.PWM_RED_WriteCounter
                0x00002054        0xc .\CortexM3\ARM_GCC_541\Debug\ReactionGame.a(PWM_RED.o)
                0x00002054                PWM_RED_WriteCounter
 .text.PWM_RED_WritePeriod
                0x00002060        0xc .\CortexM3\ARM_GCC_541\Debug\ReactionGame.a(PWM_RED.o)
                0x00002060                PWM_RED_WritePeriod
 .text.PWM_RED_WriteCompare
                0x0000206c        0xc .\CortexM3\ARM_GCC_541\Debug\ReactionGame.a(PWM_RED.o)
                0x0000206c                PWM_RED_WriteCompare
 .text.PWM_RED_Init
                0x00002078       0x34 .\CortexM3\ARM_GCC_541\Debug\ReactionGame.a(PWM_RED.o)
                0x00002078                PWM_RED_Init
 .text.PWM_RED_Start
                0x000020ac       0x1c .\CortexM3\ARM_GCC_541\Debug\ReactionGame.a(PWM_RED.o)
                0x000020ac                PWM_RED_Start
 .text.PWM_YELLOW_Enable
                0x000020c8       0x10 .\CortexM3\ARM_GCC_541\Debug\ReactionGame.a(PWM_YELLOW.o)
                0x000020c8                PWM_YELLOW_Enable
 .text.PWM_YELLOW_WriteCounter
                0x000020d8        0xc .\CortexM3\ARM_GCC_541\Debug\ReactionGame.a(PWM_YELLOW.o)
                0x000020d8                PWM_YELLOW_WriteCounter
 .text.PWM_YELLOW_WritePeriod
                0x000020e4        0xc .\CortexM3\ARM_GCC_541\Debug\ReactionGame.a(PWM_YELLOW.o)
                0x000020e4                PWM_YELLOW_WritePeriod
 .text.PWM_YELLOW_WriteCompare
                0x000020f0        0xc .\CortexM3\ARM_GCC_541\Debug\ReactionGame.a(PWM_YELLOW.o)
                0x000020f0                PWM_YELLOW_WriteCompare
 .text.PWM_YELLOW_Init
                0x000020fc       0x34 .\CortexM3\ARM_GCC_541\Debug\ReactionGame.a(PWM_YELLOW.o)
                0x000020fc                PWM_YELLOW_Init
 .text.PWM_YELLOW_Start
                0x00002130       0x1c .\CortexM3\ARM_GCC_541\Debug\ReactionGame.a(PWM_YELLOW.o)
                0x00002130                PWM_YELLOW_Start
 .text.PWM_GREEN_Enable
                0x0000214c       0x10 .\CortexM3\ARM_GCC_541\Debug\ReactionGame.a(PWM_GREEN.o)
                0x0000214c                PWM_GREEN_Enable
 .text.PWM_GREEN_WriteCounter
                0x0000215c        0xc .\CortexM3\ARM_GCC_541\Debug\ReactionGame.a(PWM_GREEN.o)
                0x0000215c                PWM_GREEN_WriteCounter
 .text.PWM_GREEN_WritePeriod
                0x00002168        0xc .\CortexM3\ARM_GCC_541\Debug\ReactionGame.a(PWM_GREEN.o)
                0x00002168                PWM_GREEN_WritePeriod
 .text.PWM_GREEN_WriteCompare
                0x00002174        0xc .\CortexM3\ARM_GCC_541\Debug\ReactionGame.a(PWM_GREEN.o)
                0x00002174                PWM_GREEN_WriteCompare
 .text.PWM_GREEN_Init
                0x00002180       0x34 .\CortexM3\ARM_GCC_541\Debug\ReactionGame.a(PWM_GREEN.o)
                0x00002180                PWM_GREEN_Init
 .text.PWM_GREEN_Start
                0x000021b4       0x1c .\CortexM3\ARM_GCC_541\Debug\ReactionGame.a(PWM_GREEN.o)
                0x000021b4                PWM_GREEN_Start
 .text.PWM_RGB_RED_Enable
                0x000021d0       0x10 .\CortexM3\ARM_GCC_541\Debug\ReactionGame.a(PWM_RGB_RED.o)
                0x000021d0                PWM_RGB_RED_Enable
 .text.PWM_RGB_RED_WriteCounter
                0x000021e0        0xc .\CortexM3\ARM_GCC_541\Debug\ReactionGame.a(PWM_RGB_RED.o)
                0x000021e0                PWM_RGB_RED_WriteCounter
 .text.PWM_RGB_RED_WritePeriod
                0x000021ec        0xc .\CortexM3\ARM_GCC_541\Debug\ReactionGame.a(PWM_RGB_RED.o)
                0x000021ec                PWM_RGB_RED_WritePeriod
 .text.PWM_RGB_RED_WriteCompare
                0x000021f8        0xc .\CortexM3\ARM_GCC_541\Debug\ReactionGame.a(PWM_RGB_RED.o)
                0x000021f8                PWM_RGB_RED_WriteCompare
 .text.PWM_RGB_RED_Init
                0x00002204       0x34 .\CortexM3\ARM_GCC_541\Debug\ReactionGame.a(PWM_RGB_RED.o)
                0x00002204                PWM_RGB_RED_Init
 .text.PWM_RGB_RED_Start
                0x00002238       0x1c .\CortexM3\ARM_GCC_541\Debug\ReactionGame.a(PWM_RGB_RED.o)
                0x00002238                PWM_RGB_RED_Start
 .text.PWM_RGB_GREEN_Enable
                0x00002254       0x10 .\CortexM3\ARM_GCC_541\Debug\ReactionGame.a(PWM_RGB_GREEN.o)
                0x00002254                PWM_RGB_GREEN_Enable
 .text.PWM_RGB_GREEN_WriteCounter
                0x00002264        0xc .\CortexM3\ARM_GCC_541\Debug\ReactionGame.a(PWM_RGB_GREEN.o)
                0x00002264                PWM_RGB_GREEN_WriteCounter
 .text.PWM_RGB_GREEN_WritePeriod
                0x00002270        0xc .\CortexM3\ARM_GCC_541\Debug\ReactionGame.a(PWM_RGB_GREEN.o)
                0x00002270                PWM_RGB_GREEN_WritePeriod
 .text.PWM_RGB_GREEN_WriteCompare
                0x0000227c        0xc .\CortexM3\ARM_GCC_541\Debug\ReactionGame.a(PWM_RGB_GREEN.o)
                0x0000227c                PWM_RGB_GREEN_WriteCompare
 .text.PWM_RGB_GREEN_Init
                0x00002288       0x34 .\CortexM3\ARM_GCC_541\Debug\ReactionGame.a(PWM_RGB_GREEN.o)
                0x00002288                PWM_RGB_GREEN_Init
 .text.PWM_RGB_GREEN_Start
                0x000022bc       0x1c .\CortexM3\ARM_GCC_541\Debug\ReactionGame.a(PWM_RGB_GREEN.o)
                0x000022bc                PWM_RGB_GREEN_Start
 .text.PWM_RGB_BLUE_Enable
                0x000022d8       0x10 .\CortexM3\ARM_GCC_541\Debug\ReactionGame.a(PWM_RGB_BLUE.o)
                0x000022d8                PWM_RGB_BLUE_Enable
 .text.PWM_RGB_BLUE_WriteCounter
                0x000022e8        0xc .\CortexM3\ARM_GCC_541\Debug\ReactionGame.a(PWM_RGB_BLUE.o)
                0x000022e8                PWM_RGB_BLUE_WriteCounter
 .text.PWM_RGB_BLUE_WritePeriod
                0x000022f4        0xc .\CortexM3\ARM_GCC_541\Debug\ReactionGame.a(PWM_RGB_BLUE.o)
                0x000022f4                PWM_RGB_BLUE_WritePeriod
 .text.PWM_RGB_BLUE_WriteCompare
                0x00002300        0xc .\CortexM3\ARM_GCC_541\Debug\ReactionGame.a(PWM_RGB_BLUE.o)
                0x00002300                PWM_RGB_BLUE_WriteCompare
 .text.PWM_RGB_BLUE_Init
                0x0000230c       0x34 .\CortexM3\ARM_GCC_541\Debug\ReactionGame.a(PWM_RGB_BLUE.o)
                0x0000230c                PWM_RGB_BLUE_Init
 .text.PWM_RGB_BLUE_Start
                0x00002340       0x1c .\CortexM3\ARM_GCC_541\Debug\ReactionGame.a(PWM_RGB_BLUE.o)
                0x00002340                PWM_RGB_BLUE_Start
 *fill*         0x0000235c        0x4 
 .text          0x00002360       0x20 .\CortexM3\ARM_GCC_541\Debug\ReactionGame.a(CyBootAsmGnu.o)
                0x00002360                CyDelayCycles
                0x00002370                CyEnterCriticalSection
                0x00002378                CyExitCriticalSection
 .text          0x00002380       0x7c .\CortexM3\ARM_GCC_541\Debug\ReactionGame.a(ErikaOS_ee_gnu_change_context_isr.o)
                0x00002380                EE_set_switch_context_pri
                0x0000239a                EE_switch_context
                0x000023a4                EE_cortex_mx_pendsv_ISR
                0x000023e0                EE_cortex_mx_svc_ISR
 .text          0x000023fc       0x24 .\CortexM3\ARM_GCC_541\Debug\ReactionGame.a(ErikaOS_ee_gnu_irq_stack.o)
                0x000023fc                EE_cortex_mx_change_IRQ_stack
                0x0000240e                EE_cortex_mx_change_IRQ_stack_back
 .text          0x00002420       0x68 .\CortexM3\ARM_GCC_541\Debug\ReactionGame.a(ErikaOS_ee_gnu_multi_context.o)
                0x00002420                EE_cortex_mx_change_context
 .text          0x00002488       0x80 .\CortexM3\ARM_GCC_541\Debug\ReactionGame.a(ErikaOS_ee_gnu_oo.o)
                0x00002488                EE_hal_terminate_savestk
                0x000024d2                EE_hal_terminate_task
 .text.EE_thread_not_terminated
                0x00002508       0x18 .\CortexM3\ARM_GCC_541\Debug\ReactionGame.a(ErikaOS_ee_tnterm.o)
                0x00002508                EE_thread_not_terminated
 .text.EE_oo_thread_stub
                0x00002520       0x10 .\CortexM3\ARM_GCC_541\Debug\ReactionGame.a(ErikaOS_ee_tstub.o)
                0x00002520                EE_oo_thread_stub
 .text.EE_oo_release_all_resources
                0x00002530       0x58 .\CortexM3\ARM_GCC_541\Debug\ReactionGame.a(ErikaOS_ee_ulockallres.o)
                0x00002530                EE_oo_release_all_resources
 .text.EE_std_run_task_code
                0x00002588       0x18 .\CortexM3\ARM_GCC_541\Debug\ReactionGame.a(ErikaOS_cortex_mx_ee_context.o)
                0x00002588                EE_std_run_task_code
 .text.EE_std_need_context_change
                0x000025a0       0x28 .\CortexM3\ARM_GCC_541\Debug\ReactionGame.a(ErikaOS_cortex_mx_ee_context.o)
                0x000025a0                EE_std_need_context_change
 .text.EE_thread_rnact_max
                0x000025c8       0x20 .\CortexM3\ARM_GCC_541\Debug\ReactionGame.a(ErikaOS_ee_thendin.o)
 .text.EE_thread_endcycle_next
                0x000025e8       0x30 .\CortexM3\ARM_GCC_541\Debug\ReactionGame.a(ErikaOS_ee_thendin.o)
 .text.EE_thread_end_instance
                0x00002618      0x108 .\CortexM3\ARM_GCC_541\Debug\ReactionGame.a(ErikaOS_ee_thendin.o)
                0x00002618                EE_thread_end_instance
 .text.__errno  0x00002720        0xc c:/h_da softwares & projects/psoc creator/4.4/psoc creator/import/gnu/arm/5.4.1/bin/../lib/gcc/arm-none-eabi/5.4.1/../../../../arm-none-eabi/lib/armv7-m\libg_nano.a(lib_a-errno.o)
                0x00002720                __errno
 .text.__libc_init_array
                0x0000272c       0x4c c:/h_da softwares & projects/psoc creator/4.4/psoc creator/import/gnu/arm/5.4.1/bin/../lib/gcc/arm-none-eabi/5.4.1/../../../../arm-none-eabi/lib/armv7-m\libg_nano.a(lib_a-init.o)
                0x0000272c                __libc_init_array
 .text.memcpy   0x00002778       0x16 c:/h_da softwares & projects/psoc creator/4.4/psoc creator/import/gnu/arm/5.4.1/bin/../lib/gcc/arm-none-eabi/5.4.1/../../../../arm-none-eabi/lib/armv7-m\libg_nano.a(lib_a-memcpy-stub.o)
                0x00002778                memcpy
 .text.memset   0x0000278e       0x10 c:/h_da softwares & projects/psoc creator/4.4/psoc creator/import/gnu/arm/5.4.1/bin/../lib/gcc/arm-none-eabi/5.4.1/../../../../arm-none-eabi/lib/armv7-m\libg_nano.a(lib_a-memset.o)
                0x0000278e                memset
 *fill*         0x0000279e        0x2 
 .text.rand     0x000027a0       0x74 c:/h_da softwares & projects/psoc creator/4.4/psoc creator/import/gnu/arm/5.4.1/bin/../lib/gcc/arm-none-eabi/5.4.1/../../../../arm-none-eabi/lib/armv7-m\libg_nano.a(lib_a-rand.o)
                0x000027a0                rand
 .text.snprintf
                0x00002814       0x64 c:/h_da softwares & projects/psoc creator/4.4/psoc creator/import/gnu/arm/5.4.1/bin/../lib/gcc/arm-none-eabi/5.4.1/../../../../arm-none-eabi/lib/armv7-m\libg_nano.a(lib_a-snprintf.o)
                0x00002814                sniprintf
                0x00002814                snprintf
 .text.malloc   0x00002878       0x10 c:/h_da softwares & projects/psoc creator/4.4/psoc creator/import/gnu/arm/5.4.1/bin/../lib/gcc/arm-none-eabi/5.4.1/../../../../arm-none-eabi/lib/armv7-m\libg_nano.a(lib_a-malloc.o)
                0x00002878                malloc
 .text._free_r  0x00002888       0x98 c:/h_da softwares & projects/psoc creator/4.4/psoc creator/import/gnu/arm/5.4.1/bin/../lib/gcc/arm-none-eabi/5.4.1/../../../../arm-none-eabi/lib/armv7-m\libg_nano.a(lib_a-nano-freer.o)
                0x00002888                _free_r
 .text._malloc_r
                0x00002920       0xbc c:/h_da softwares & projects/psoc creator/4.4/psoc creator/import/gnu/arm/5.4.1/bin/../lib/gcc/arm-none-eabi/5.4.1/../../../../arm-none-eabi/lib/armv7-m\libg_nano.a(lib_a-nano-mallocr.o)
                0x00002920                _malloc_r
 .text.__ssputs_r
                0x000029dc       0xb2 c:/h_da softwares & projects/psoc creator/4.4/psoc creator/import/gnu/arm/5.4.1/bin/../lib/gcc/arm-none-eabi/5.4.1/../../../../arm-none-eabi/lib/armv7-m\libg_nano.a(lib_a-nano-svfprintf.o)
                0x000029dc                __ssputs_r
 *fill*         0x00002a8e        0x2 
 .text._svfprintf_r
                0x00002a90      0x1e8 c:/h_da softwares & projects/psoc creator/4.4/psoc creator/import/gnu/arm/5.4.1/bin/../lib/gcc/arm-none-eabi/5.4.1/../../../../arm-none-eabi/lib/armv7-m\libg_nano.a(lib_a-nano-svfprintf.o)
                0x00002a90                _svfiprintf_r
                0x00002a90                _svfprintf_r
 .text._printf_common
                0x00002c78       0xec c:/h_da softwares & projects/psoc creator/4.4/psoc creator/import/gnu/arm/5.4.1/bin/../lib/gcc/arm-none-eabi/5.4.1/../../../../arm-none-eabi/lib/armv7-m\libg_nano.a(lib_a-nano-vfprintf_i.o)
                0x00002c78                _printf_common
 .text._printf_i
                0x00002d64      0x24c c:/h_da softwares & projects/psoc creator/4.4/psoc creator/import/gnu/arm/5.4.1/bin/../lib/gcc/arm-none-eabi/5.4.1/../../../../arm-none-eabi/lib/armv7-m\libg_nano.a(lib_a-nano-vfprintf_i.o)
                0x00002d64                _printf_i
 .text._sbrk_r  0x00002fb0       0x20 c:/h_da softwares & projects/psoc creator/4.4/psoc creator/import/gnu/arm/5.4.1/bin/../lib/gcc/arm-none-eabi/5.4.1/../../../../arm-none-eabi/lib/armv7-m\libg_nano.a(lib_a-sbrkr.o)
                0x00002fb0                _sbrk_r
 .text.memchr   0x00002fd0       0x1c c:/h_da softwares & projects/psoc creator/4.4/psoc creator/import/gnu/arm/5.4.1/bin/../lib/gcc/arm-none-eabi/5.4.1/../../../../arm-none-eabi/lib/armv7-m\libg_nano.a(lib_a-memchr-stub.o)
                0x00002fd0                memchr
 .text.memmove  0x00002fec       0x36 c:/h_da softwares & projects/psoc creator/4.4/psoc creator/import/gnu/arm/5.4.1/bin/../lib/gcc/arm-none-eabi/5.4.1/../../../../arm-none-eabi/lib/armv7-m\libg_nano.a(lib_a-memmove.o)
                0x00002fec                memmove
 .text.__malloc_lock
                0x00003022        0x2 c:/h_da softwares & projects/psoc creator/4.4/psoc creator/import/gnu/arm/5.4.1/bin/../lib/gcc/arm-none-eabi/5.4.1/../../../../arm-none-eabi/lib/armv7-m\libg_nano.a(lib_a-mlock.o)
                0x00003022                __malloc_lock
 .text.__malloc_unlock
                0x00003024        0x2 c:/h_da softwares & projects/psoc creator/4.4/psoc creator/import/gnu/arm/5.4.1/bin/../lib/gcc/arm-none-eabi/5.4.1/../../../../arm-none-eabi/lib/armv7-m\libg_nano.a(lib_a-mlock.o)
                0x00003024                __malloc_unlock
 .text._realloc_r
                0x00003026       0x4c c:/h_da softwares & projects/psoc creator/4.4/psoc creator/import/gnu/arm/5.4.1/bin/../lib/gcc/arm-none-eabi/5.4.1/../../../../arm-none-eabi/lib/armv7-m\libg_nano.a(lib_a-nano-reallocr.o)
                0x00003026                _realloc_r
 .text._malloc_usable_size_r
                0x00003072       0x14 c:/h_da softwares & projects/psoc creator/4.4/psoc creator/import/gnu/arm/5.4.1/bin/../lib/gcc/arm-none-eabi/5.4.1/../../../../arm-none-eabi/lib/armv7-m\libg_nano.a(lib_a-nano-msizer.o)
                0x00003072                _malloc_usable_size_r
 *(.plt)
 *(.gnu.warning)
 *(.glue_7t)
 .glue_7t       0x00003086        0x0 linker stubs
 *(.glue_7)
 .glue_7        0x00003086        0x0 linker stubs
 *(.vfp11_veneer)
 .vfp11_veneer  0x00003086        0x0 linker stubs
 *(.bootloader)
 *(.ARM.extab* .gnu.linkonce.armextab.*)
 *(.gcc_except_table)

.v4_bx          0x00003088        0x0
 .v4_bx         0x00003088        0x0 linker stubs

.iplt           0x00003088        0x0
 .iplt          0x00003088        0x0 c:/h_da softwares & projects/psoc creator/4.4/psoc creator/import/gnu/arm/5.4.1/bin/../lib/gcc/arm-none-eabi/5.4.1/armv7-m/crtbegin.o

.eh_frame_hdr
 *(.eh_frame_hdr)

.eh_frame       0x00003088        0x4
 *(.eh_frame)
 .eh_frame      0x00003088        0x0 c:/h_da softwares & projects/psoc creator/4.4/psoc creator/import/gnu/arm/5.4.1/bin/../lib/gcc/arm-none-eabi/5.4.1/armv7-m/crtbegin.o
 .eh_frame      0x00003088        0x4 c:/h_da softwares & projects/psoc creator/4.4/psoc creator/import/gnu/arm/5.4.1/bin/../lib/gcc/arm-none-eabi/5.4.1/armv7-m/crtend.o
                [!provide]                PROVIDE (__exidx_start, .)

.ARM.exidx
 *(.ARM.exidx* .gnu.linkonce.armexidx.*)
                0x0000308c                __exidx_end = .

.rodata         0x0000308c      0xadc
 *(.rodata .rodata.* .gnu.linkonce.r.*)
 .rodata.str1.4
                0x0000308c       0x69 .\CortexM3\ARM_GCC_541\Debug\main.o
 *fill*         0x000030f5        0x3 
 .rodata.str1.4
                0x000030f8       0xec .\CortexM3\ARM_GCC_541\Debug\ReactionGame.o
 .rodata        0x000031e4       0x36 .\CortexM3\ARM_GCC_541\Debug\ArcadianLight.o
                0x000031e4                RG_glowtable
 *fill*         0x0000321a        0x2 
 .rodata.str1.4
                0x0000321c       0x14 .\CortexM3\ARM_GCC_541\Debug\logging.o
                                 0x18 (size before relaxing)
 .rodata        0x00003230      0x558 .\CortexM3\ARM_GCC_541\Debug\tft.o
 .rodata.str1.4
                0x00003788       0x14 .\CortexM3\ARM_GCC_541\Debug\tft.o
 .rodata        0x0000379c       0x44 .\CortexM3\ARM_GCC_541\Debug\cyfitter_cfg.o
 .rodata        0x000037e0      0x100 .\CortexM3\ARM_GCC_541\Debug\ReactionGame.a(ErikaOS_ee_lookup.o)
                0x000037e0                EE_rq_lookup
 .rodata        0x000038e0      0x15c .\CortexM3\ARM_GCC_541\Debug\ReactionGame.a(ErikaOS_eecfg.o)
                0x000038e0                EE_oo_autostart_task_data
                0x000038ec                EE_oo_action_ROM
                0x00003928                EE_oo_counter_object_ROM
                0x0000394c                EE_ALARM_ID
                0x00003958                EE_alarm_ROM
                0x00003964                EE_counter_ROM
                0x00003970                EE_resource_ceiling
                0x00003978                EE_th_is_extended
                0x00003990                EE_th_rnact_max
                0x000039a8                EE_th_dispatch_prio
                0x000039c0                EE_EVENT_ID
                0x000039d0                EE_RESOURCE_ID
                0x000039d8                EE_th_ready_prio
                0x000039f0                EE_terminate_real_th_body
                0x00003a08                EE_hal_thread_body
                0x00003a20                EE_std_thread_tos
 .rodata.str1.4
                0x00003a3c       0xc0 .\CortexM3\ARM_GCC_541\Debug\ReactionGame.a(ErikaOS_eecfg.o)
                                 0xbd (size before relaxing)
 .rodata.str1.1
                0x00003afc        0x2 c:/h_da softwares & projects/psoc creator/4.4/psoc creator/import/gnu/arm/5.4.1/bin/../lib/gcc/arm-none-eabi/5.4.1/../../../../arm-none-eabi/lib/armv7-m\libg_nano.a(lib_a-impure.o)
 .rodata.str1.1
                0x00003afe       0x11 c:/h_da softwares & projects/psoc creator/4.4/psoc creator/import/gnu/arm/5.4.1/bin/../lib/gcc/arm-none-eabi/5.4.1/../../../../arm-none-eabi/lib/armv7-m\libg_nano.a(lib_a-nano-svfprintf.o)
 .rodata.str1.1
                0x00003b0f       0x22 c:/h_da softwares & projects/psoc creator/4.4/psoc creator/import/gnu/arm/5.4.1/bin/../lib/gcc/arm-none-eabi/5.4.1/../../../../arm-none-eabi/lib/armv7-m\libg_nano.a(lib_a-nano-vfprintf_i.o)
                0x00003b34                . = ALIGN (0x4)
 *fill*         0x00003b31        0x3 
 *(.init)
 .init          0x00003b34        0x4 c:/h_da softwares & projects/psoc creator/4.4/psoc creator/import/gnu/arm/5.4.1/bin/../lib/gcc/arm-none-eabi/5.4.1/armv7-m/crti.o
                0x00003b34                _init
 .init          0x00003b38        0x8 c:/h_da softwares & projects/psoc creator/4.4/psoc creator/import/gnu/arm/5.4.1/bin/../lib/gcc/arm-none-eabi/5.4.1/armv7-m/crtn.o
                0x00003b40                . = ALIGN (0x4)
                0x00003b40                __preinit_array_start = .
 *(.preinit_array)
                0x00003b40                __preinit_array_end = .
                0x00003b40                . = ALIGN (0x4)
                0x00003b40                __init_array_start = .
 *(SORT(.init_array.*))
 *(.init_array)
 .init_array    0x00003b40        0x4 c:/h_da softwares & projects/psoc creator/4.4/psoc creator/import/gnu/arm/5.4.1/bin/../lib/gcc/arm-none-eabi/5.4.1/armv7-m/crtbegin.o
 .init_array    0x00003b44        0x4 .\CortexM3\ARM_GCC_541\Debug\Cm3Start.o
                0x00003b48                __init_array_end = .
                0x00003b48                . = ALIGN (0x4)
 *(.fini)
 .fini          0x00003b48        0x4 c:/h_da softwares & projects/psoc creator/4.4/psoc creator/import/gnu/arm/5.4.1/bin/../lib/gcc/arm-none-eabi/5.4.1/armv7-m/crti.o
                0x00003b48                _fini
 .fini          0x00003b4c        0x8 c:/h_da softwares & projects/psoc creator/4.4/psoc creator/import/gnu/arm/5.4.1/bin/../lib/gcc/arm-none-eabi/5.4.1/armv7-m/crtn.o
                0x00003b54                . = ALIGN (0x4)
                0x00003b54                __fini_array_start = .
 *(.fini_array)
 .fini_array    0x00003b54        0x4 c:/h_da softwares & projects/psoc creator/4.4/psoc creator/import/gnu/arm/5.4.1/bin/../lib/gcc/arm-none-eabi/5.4.1/armv7-m/crtbegin.o
 *(SORT(.fini_array.*))
                0x00003b58                __fini_array_end = .
                0x00003b58                . = ALIGN (0x4)
 *crtbegin.o(.ctors)
 *(EXCLUDE_FILE(*crtend.o) .ctors)
 *(SORT(.ctors.*))
 *crtend.o(.ctors)
                0x00003b58                . = ALIGN (0x4)
 *crtbegin.o(.dtors)
 *(EXCLUDE_FILE(*crtend.o) .dtors)
 *(SORT(.dtors.*))
 *crtend.o(.dtors)
                0x00003b58                . = ALIGN (0x4)
                0x00003b58                __cy_regions = .
                0x00003b58        0x4 LONG 0x3b68 __cy_region_init_ram
                0x00003b5c        0x4 LONG 0x1fff80c8 __cy_region_start_data
                0x00003b60        0x4 LONG 0x218 __cy_region_init_size_ram
                0x00003b64        0x4 LONG 0xc18 __cy_region_zero_size_ram
                0x00003b68                __cy_regions_end = .
                0x00003b68                . = ALIGN (0x8)
                0x00003b68                _etext = .

.cy_checksum_exclude
                0x00003b68        0x0
 *(.cy_checksum_exclude)

.ramvectors     0x1fff8000       0xc0
                0x1fff8000                __cy_region_start_ram = .
 *(.ramvectors)
 .ramvectors    0x1fff8000       0xc0 .\CortexM3\ARM_GCC_541\Debug\Cm3Start.o
                0x1fff8000                CyRamVectors

.noinit         0x1fff80c0        0x1
 *(.noinit)
 .noinit        0x1fff80c0        0x1 .\CortexM3\ARM_GCC_541\Debug\ReactionGame.a(CyLib.o)
                0x1fff80c0                CyResetStatus

.data           0x1fff80c8      0x218 load address 0x00003b68
                0x1fff80c8                __cy_region_start_data = .
 *(.jcr)
 .jcr           0x1fff80c8        0x0 c:/h_da softwares & projects/psoc creator/4.4/psoc creator/import/gnu/arm/5.4.1/bin/../lib/gcc/arm-none-eabi/5.4.1/armv7-m/crtbegin.o
 .jcr           0x1fff80c8        0x4 c:/h_da softwares & projects/psoc creator/4.4/psoc creator/import/gnu/arm/5.4.1/bin/../lib/gcc/arm-none-eabi/5.4.1/armv7-m/crtend.o
 *(.got.plt)
 *(.got)
 *(.shdata)
 *(.data .data.* .gnu.linkonce.d.*)
 .data          0x1fff80cc       0x10 .\CortexM3\ARM_GCC_541\Debug\ReactionGame.o
 .data          0x1fff80dc        0x2 .\CortexM3\ARM_GCC_541\Debug\seven.o
 *fill*         0x1fff80de        0x2 
 .data          0x1fff80e0        0x4 .\CortexM3\ARM_GCC_541\Debug\Cm3Start.o
 .data          0x1fff80e4       0x10 .\CortexM3\ARM_GCC_541\Debug\ReactionGame.a(CyLib.o)
                0x1fff80e4                cydelay_32k_ms
                0x1fff80e8                cydelay_freq_khz
                0x1fff80ec                cydelay_freq_mhz
                0x1fff80f0                cydelay_freq_hz
 .data          0x1fff80f4      0x184 .\CortexM3\ARM_GCC_541\Debug\ReactionGame.a(ErikaOS_eecfg.o)
                0x1fff80f4                EE_ALARM_NAME
                0x1fff8100                EE_counter_RAM
                0x1fff8108                EE_resource_stack
                0x1fff8110                EE_th_resource_last
                0x1fff8128                EE_th_terminate_nextask
                0x1fff8140                EE_rq_pairs_next
                0x1fff8158                EE_rq_link
                0x1fff8170                EE_th_rnact
                0x1fff8188                EE_rq_queues_tail
                0x1fff81c8                EE_rq_queues_head
                0x1fff8208                EE_stkfirst
                0x1fff820c                EE_th_next
                0x1fff8224                EE_th_status
                0x1fff823c                EE_EVENT_NAME
                0x1fff824c                EE_RESOURCE_NAME
                0x1fff8254                EE_TASK_NAME
                0x1fff826c                EE_cortex_mx_IRQ_tos
                0x1fff8270                EE_cortex_mx_system_tos
 .data          0x1fff8278        0x4 .\CortexM3\ARM_GCC_541\Debug\ReactionGame.a(ErikaOS_ee_gnu_irq_stack.o)
 .data.impure_data
                0x1fff827c       0x60 c:/h_da softwares & projects/psoc creator/4.4/psoc creator/import/gnu/arm/5.4.1/bin/../lib/gcc/arm-none-eabi/5.4.1/../../../../arm-none-eabi/lib/armv7-m\libg_nano.a(lib_a-impure.o)
 .data._impure_ptr
                0x1fff82dc        0x4 c:/h_da softwares & projects/psoc creator/4.4/psoc creator/import/gnu/arm/5.4.1/bin/../lib/gcc/arm-none-eabi/5.4.1/../../../../arm-none-eabi/lib/armv7-m\libg_nano.a(lib_a-impure.o)
                0x1fff82dc                _impure_ptr
                0x1fff82e0                . = ALIGN (0x8)
 *(.ram)
                0x1fff82e0                _edata = .

.igot.plt       0x1fff82e0        0x0 load address 0x00003d80
 .igot.plt      0x1fff82e0        0x0 c:/h_da softwares & projects/psoc creator/4.4/psoc creator/import/gnu/arm/5.4.1/bin/../lib/gcc/arm-none-eabi/5.4.1/armv7-m/crtbegin.o

.bss            0x1fff82e0      0xc18 load address 0x00003d80
                0x1fff82e0                PROVIDE (__bss_start__, .)
 *(.shbss)
 *(.bss .bss.* .gnu.linkonce.b.*)
 .bss           0x1fff82e0       0x1c c:/h_da softwares & projects/psoc creator/4.4/psoc creator/import/gnu/arm/5.4.1/bin/../lib/gcc/arm-none-eabi/5.4.1/armv7-m/crtbegin.o
 .bss           0x1fff82fc       0x30 .\CortexM3\ARM_GCC_541\Debug\TimingAnalyzer.o
 .bss           0x1fff832c       0x1e .\CortexM3\ARM_GCC_541\Debug\ReactionGame.o
 *fill*         0x1fff834a        0x2 
 .bss           0x1fff834c       0xe6 .\CortexM3\ARM_GCC_541\Debug\tft.o
 .bss           0x1fff8432        0x2 .\CortexM3\ARM_GCC_541\Debug\ReactionGame.a(UART_LOG.o)
                0x1fff8432                UART_LOG_initVar
 .bss           0x1fff8434       0x60 .\CortexM3\ARM_GCC_541\Debug\ReactionGame.a(ErikaOS_eecfg.o)
                0x1fff8434                EE_resource_locked
                0x1fff843c                EE_th_waswaiting
                0x1fff8454                EE_th_event_waitmask
                0x1fff846c                EE_th_event_active
                0x1fff8484                EE_rq_free
                0x1fff8488                EE_rq_bitmask
                0x1fff848c                EE_sys_ceiling
                0x1fff8490                EE_cortex_mx_active_tos
 .bss           0x1fff8494        0x1 .\CortexM3\ARM_GCC_541\Debug\ReactionGame.a(TFT_SPI.o)
                0x1fff8494                TFT_SPI_initVar
 .bss           0x1fff8495        0x1 .\CortexM3\ARM_GCC_541\Debug\ReactionGame.a(TFT_BackLight.o)
                0x1fff8495                TFT_BackLight_initVar
 .bss           0x1fff8496        0x1 .\CortexM3\ARM_GCC_541\Debug\ReactionGame.a(PWM_RED.o)
                0x1fff8496                PWM_RED_initVar
 .bss           0x1fff8497        0x1 .\CortexM3\ARM_GCC_541\Debug\ReactionGame.a(PWM_YELLOW.o)
                0x1fff8497                PWM_YELLOW_initVar
 .bss           0x1fff8498        0x1 .\CortexM3\ARM_GCC_541\Debug\ReactionGame.a(PWM_GREEN.o)
                0x1fff8498                PWM_GREEN_initVar
 .bss           0x1fff8499        0x1 .\CortexM3\ARM_GCC_541\Debug\ReactionGame.a(PWM_RGB_RED.o)
                0x1fff8499                PWM_RGB_RED_initVar
 .bss           0x1fff849a        0x1 .\CortexM3\ARM_GCC_541\Debug\ReactionGame.a(PWM_RGB_GREEN.o)
                0x1fff849a                PWM_RGB_GREEN_initVar
 .bss           0x1fff849b        0x1 .\CortexM3\ARM_GCC_541\Debug\ReactionGame.a(PWM_RGB_BLUE.o)
                0x1fff849b                PWM_RGB_BLUE_initVar
 .bss.__malloc_sbrk_start
                0x1fff849c        0x4 c:/h_da softwares & projects/psoc creator/4.4/psoc creator/import/gnu/arm/5.4.1/bin/../lib/gcc/arm-none-eabi/5.4.1/../../../../arm-none-eabi/lib/armv7-m\libg_nano.a(lib_a-nano-mallocr.o)
                0x1fff849c                __malloc_sbrk_start
 .bss.__malloc_free_list
                0x1fff84a0        0x4 c:/h_da softwares & projects/psoc creator/4.4/psoc creator/import/gnu/arm/5.4.1/bin/../lib/gcc/arm-none-eabi/5.4.1/../../../../arm-none-eabi/lib/armv7-m\libg_nano.a(lib_a-nano-mallocr.o)
                0x1fff84a0                __malloc_free_list
 *(COMMON)
 COMMON         0x1fff84a4        0x8 .\CortexM3\ARM_GCC_541\Debug\ReactionGame.a(ErikaOS_ee_lookup.o)
                0x1fff84a4                EE_oo_IRQ_disable_count
                0x1fff84a8                EE_oo_IRQ_suspend_status
 COMMON         0x1fff84ac        0x4 .\CortexM3\ARM_GCC_541\Debug\ReactionGame.a(ErikaOS_ee_startos.o)
                0x1fff84ac                EE_oo_started
 COMMON         0x1fff84b0        0x8 .\CortexM3\ARM_GCC_541\Debug\ReactionGame.a(ErikaOS_common_ee_hal_structs.o)
                0x1fff84b0                EE_IRQ_nesting_level
                0x1fff84b4                EE_std_endcycle_next_tid
 COMMON         0x1fff84b8      0xa3c .\CortexM3\ARM_GCC_541\Debug\ReactionGame.a(ErikaOS_eecfg.o)
                0x1fff84b8                EE_rq_pairs_tid
                0x1fff84d0                EE_terminate_data
                0x1fff84e8                EE_oo_counter_object_RAM
                0x1fff8518                EE_resource_oldceiling
                0x1fff8520                EE_ApplicationMode
                0x1fff8524                EE_cortex_mx_stack_4
                0x1fff8cf4                EE_cortex_mx_stack_9
 COMMON         0x1fff8ef4        0x4 c:/h_da softwares & projects/psoc creator/4.4/psoc creator/import/gnu/arm/5.4.1/bin/../lib/gcc/arm-none-eabi/5.4.1/../../../../arm-none-eabi/lib/armv7-m\libg_nano.a(lib_a-reent.o)
                0x1fff8ef4                errno
                0x1fff8ef8                . = ALIGN (0x8)
 *(.ram.b)
                0x1fff8ef8                _end = .
                0x1fff8ef8                __end = .
                0x1fff8ef8                PROVIDE (end, .)
                0x1fff8ef8                PROVIDE (__bss_end__, .)
                0x00003b68                __cy_region_init_ram = LOADADDR (.data)
                0x00000218                __cy_region_init_size_ram = (_edata - ADDR (.data))
                0x00000c18                __cy_region_zero_size_ram = (_end - _edata)

.heap           0x1fff8ef8       0x80 load address 0x00003d80
                0x1fff8ef8                . = _end
                0x1fff8f78                . = (. + 0x80)
 *fill*         0x1fff8ef8       0x80 
                0x1fff8f78                __cy_heap_limit = .

.stack          0x20007800      0x800
                0x20007800                __cy_stack_limit = .
                0x20008000                . = (. + 0x800)
 *fill*         0x20007800      0x800 
                0x00000001                ASSERT ((__cy_stack_limit >= __cy_heap_limit), region RAM overflowed with stack)
                0x00000000                cy_checksum_exclude_size = (CY_APPL_LOADABLE == 0x1)?SIZEOF (.cy_checksum_exclude):0x0
                0x00000001                ASSERT ((cy_checksum_exclude_size <= CY_CHECKSUM_EXCLUDE_SIZE), CY_BOOT: Section .cy_checksum_exclude size exceedes specified limit.)

.cyloadermeta
 *(.cyloadermeta)

.cyloadablemeta
 *(.cyloadablemeta)

.cyconfigecc    0x80000000      0xa18
 *(.cyconfigecc)
 .cyconfigecc   0x80000000      0xa18 .\CortexM3\ARM_GCC_541\Debug\cymetadata.o
                0x80000000                cy_meta_configecc

.cycustnvl      0x90000000        0x4
 *(.cycustnvl)
 .cycustnvl     0x90000000        0x4 .\CortexM3\ARM_GCC_541\Debug\cymetadata.o
                0x90000000                cy_meta_custnvl

.cywolatch      0x90100000        0x4
 *(.cywolatch)
 .cywolatch     0x90100000        0x4 .\CortexM3\ARM_GCC_541\Debug\cymetadata.o
                0x90100000                cy_meta_wonvl

.cyeeprom       0x90200000        0x0
 *(.cyeeprom)
                0x00000001                ASSERT ((. <= ((0x90200000 + ee_offset) + ee_size)), .cyeeprom data will not fit in EEPROM)

.cyflashprotect
                0x90400000      0x100
 *(.cyflashprotect)
 .cyflashprotect
                0x90400000      0x100 .\CortexM3\ARM_GCC_541\Debug\cymetadata.o
                0x90400000                cy_meta_flashprotect

.cymeta         0x90500000        0xc
 *(.cymeta)
 .cymeta        0x90500000        0xc .\CortexM3\ARM_GCC_541\Debug\cymetadata.o
                0x90500000                cy_metadata

.rel.dyn        0x00003d80        0x0 load address 0x9050000c
 .rel.iplt      0x00003d80        0x0 c:/h_da softwares & projects/psoc creator/4.4/psoc creator/import/gnu/arm/5.4.1/bin/../lib/gcc/arm-none-eabi/5.4.1/armv7-m/crtbegin.o

.stab
 *(.stab)

.stabstr
 *(.stabstr)

.debug
 *(.debug)

.line
 *(.line)

.debug_srcinfo
 *(.debug_srcinfo)

.debug_sfnames
 *(.debug_sfnames)

.debug_aranges  0x00000000     0x14a8
 *(.debug_aranges)
 .debug_aranges
                0x00000000       0x70 .\CortexM3\ARM_GCC_541\Debug\main.o
 .debug_aranges
                0x00000070       0x70 .\CortexM3\ARM_GCC_541\Debug\TimingAnalyzer.o
 .debug_aranges
                0x000000e0       0x30 .\CortexM3\ARM_GCC_541\Debug\ReactionGame.o
 .debug_aranges
                0x00000110       0x28 .\CortexM3\ARM_GCC_541\Debug\ArcadianLight.o
 .debug_aranges
                0x00000138       0x28 .\CortexM3\ARM_GCC_541\Debug\logging.o
 .debug_aranges
                0x00000160       0x58 .\CortexM3\ARM_GCC_541\Debug\seven.o
 .debug_aranges
                0x000001b8       0x38 .\CortexM3\ARM_GCC_541\Debug\pins.o
 .debug_aranges
                0x000001f0      0x178 .\CortexM3\ARM_GCC_541\Debug\tft.o
 .debug_aranges
                0x00000368       0x58 .\CortexM3\ARM_GCC_541\Debug\cyfitter_cfg.o
 .debug_aranges
                0x000003c0       0x18 .\CortexM3\ARM_GCC_541\Debug\cymetadata.o
 .debug_aranges
                0x000003d8       0x48 .\CortexM3\ARM_GCC_541\Debug\Cm3Start.o
 .debug_aranges
                0x00000420       0x38 .\CortexM3\ARM_GCC_541\Debug\ReactionGame.a(RED_LED.o)
 .debug_aranges
                0x00000458       0x38 .\CortexM3\ARM_GCC_541\Debug\ReactionGame.a(YELLOW_LED.o)
 .debug_aranges
                0x00000490       0x38 .\CortexM3\ARM_GCC_541\Debug\ReactionGame.a(GREEN_LED.o)
 .debug_aranges
                0x000004c8       0xf0 .\CortexM3\ARM_GCC_541\Debug\ReactionGame.a(UART_LOG.o)
 .debug_aranges
                0x000005b8       0x70 .\CortexM3\ARM_GCC_541\Debug\ReactionGame.a(UART_LOG_IntClock.o)
 .debug_aranges
                0x00000628      0x2a0 .\CortexM3\ARM_GCC_541\Debug\ReactionGame.a(CyLib.o)
 .debug_aranges
                0x000008c8       0x98 .\CortexM3\ARM_GCC_541\Debug\ReactionGame.a(cyPm.o)
 .debug_aranges
                0x00000960       0x20 .\CortexM3\ARM_GCC_541\Debug\ReactionGame.a(ErikaOS_ee_activate.o)
 .debug_aranges
                0x00000980       0x20 .\CortexM3\ARM_GCC_541\Debug\ReactionGame.a(ErikaOS_ee_alsetrel.o)
 .debug_aranges
                0x000009a0       0x58 .\CortexM3\ARM_GCC_541\Debug\ReactionGame.a(ErikaOS_ee_altick.o)
 .debug_aranges
                0x000009f8       0x20 .\CortexM3\ARM_GCC_541\Debug\ReactionGame.a(ErikaOS_ee_evclear.o)
 .debug_aranges
                0x00000a18       0x20 .\CortexM3\ARM_GCC_541\Debug\ReactionGame.a(ErikaOS_ee_evget.o)
 .debug_aranges
                0x00000a38       0x20 .\CortexM3\ARM_GCC_541\Debug\ReactionGame.a(ErikaOS_ee_evset.o)
 .debug_aranges
                0x00000a58       0x20 .\CortexM3\ARM_GCC_541\Debug\ReactionGame.a(ErikaOS_ee_evwait.o)
 .debug_aranges
                0x00000a78       0x30 .\CortexM3\ARM_GCC_541\Debug\ReactionGame.a(ErikaOS_ee_irqendin.o)
 .debug_aranges
                0x00000aa8       0x20 .\CortexM3\ARM_GCC_541\Debug\ReactionGame.a(ErikaOS_ee_lockres.o)
 .debug_aranges
                0x00000ac8       0x18 .\CortexM3\ARM_GCC_541\Debug\ReactionGame.a(ErikaOS_ee_lookup.o)
 .debug_aranges
                0x00000ae0       0x20 .\CortexM3\ARM_GCC_541\Debug\ReactionGame.a(ErikaOS_ee_rq_exchg.o)
 .debug_aranges
                0x00000b00       0x20 .\CortexM3\ARM_GCC_541\Debug\ReactionGame.a(ErikaOS_ee_rq_first.o)
 .debug_aranges
                0x00000b20       0x20 .\CortexM3\ARM_GCC_541\Debug\ReactionGame.a(ErikaOS_ee_rq_inser.o)
 .debug_aranges
                0x00000b40       0x40 .\CortexM3\ARM_GCC_541\Debug\ReactionGame.a(ErikaOS_ee_startos.o)
 .debug_aranges
                0x00000b80       0x20 .\CortexM3\ARM_GCC_541\Debug\ReactionGame.a(ErikaOS_ee_terminat.o)
 .debug_aranges
                0x00000ba0       0x20 .\CortexM3\ARM_GCC_541\Debug\ReactionGame.a(ErikaOS_ee_ulockres.o)
 .debug_aranges
                0x00000bc0       0x20 .\CortexM3\ARM_GCC_541\Debug\ReactionGame.a(ErikaOS_cortex_mx_ee_utils.o)
 .debug_aranges
                0x00000be0       0x18 .\CortexM3\ARM_GCC_541\Debug\ReactionGame.a(ErikaOS_common_ee_hal_structs.o)
 .debug_aranges
                0x00000bf8       0x18 .\CortexM3\ARM_GCC_541\Debug\ReactionGame.a(ErikaOS_eecfg.o)
 .debug_aranges
                0x00000c10       0x38 .\CortexM3\ARM_GCC_541\Debug\ReactionGame.a(ButtonRight.o)
 .debug_aranges
                0x00000c48       0x38 .\CortexM3\ARM_GCC_541\Debug\ReactionGame.a(ButtonLeft.o)
 .debug_aranges
                0x00000c80       0x38 .\CortexM3\ARM_GCC_541\Debug\ReactionGame.a(SEVEN_DP.o)
 .debug_aranges
                0x00000cb8       0x38 .\CortexM3\ARM_GCC_541\Debug\ReactionGame.a(SEVEN_SELECT.o)
 .debug_aranges
                0x00000cf0       0x28 .\CortexM3\ARM_GCC_541\Debug\ReactionGame.a(SEVEN_reg.o)
 .debug_aranges
                0x00000d18       0xd8 .\CortexM3\ARM_GCC_541\Debug\ReactionGame.a(TFT_SPI.o)
 .debug_aranges
                0x00000df0       0x38 .\CortexM3\ARM_GCC_541\Debug\ReactionGame.a(TFT_DC.o)
 .debug_aranges
                0x00000e28       0x38 .\CortexM3\ARM_GCC_541\Debug\ReactionGame.a(TFT_RES.o)
 .debug_aranges
                0x00000e60       0x78 .\CortexM3\ARM_GCC_541\Debug\ReactionGame.a(TFT_BackLight.o)
 .debug_aranges
                0x00000ed8       0x70 .\CortexM3\ARM_GCC_541\Debug\ReactionGame.a(TFT_SPI_IntClock.o)
 .debug_aranges
                0x00000f48       0x80 .\CortexM3\ARM_GCC_541\Debug\ReactionGame.a(PWM_RED.o)
 .debug_aranges
                0x00000fc8       0x80 .\CortexM3\ARM_GCC_541\Debug\ReactionGame.a(PWM_YELLOW.o)
 .debug_aranges
                0x00001048       0x80 .\CortexM3\ARM_GCC_541\Debug\ReactionGame.a(PWM_GREEN.o)
 .debug_aranges
                0x000010c8       0x80 .\CortexM3\ARM_GCC_541\Debug\ReactionGame.a(PWM_RGB_RED.o)
 .debug_aranges
                0x00001148       0x80 .\CortexM3\ARM_GCC_541\Debug\ReactionGame.a(PWM_RGB_GREEN.o)
 .debug_aranges
                0x000011c8       0x80 .\CortexM3\ARM_GCC_541\Debug\ReactionGame.a(PWM_RGB_BLUE.o)
 .debug_aranges
                0x00001248       0x20 .\CortexM3\ARM_GCC_541\Debug\ReactionGame.a(CyBootAsmGnu.o)
 .debug_aranges
                0x00001268       0x20 .\CortexM3\ARM_GCC_541\Debug\ReactionGame.a(ErikaOS_ee_gnu_change_context_isr.o)
 .debug_aranges
                0x00001288       0x20 .\CortexM3\ARM_GCC_541\Debug\ReactionGame.a(ErikaOS_ee_gnu_irq_stack.o)
 .debug_aranges
                0x000012a8       0x20 .\CortexM3\ARM_GCC_541\Debug\ReactionGame.a(ErikaOS_ee_gnu_multi_context.o)
 .debug_aranges
                0x000012c8       0x20 .\CortexM3\ARM_GCC_541\Debug\ReactionGame.a(ErikaOS_ee_gnu_oo.o)
 .debug_aranges
                0x000012e8       0x88 .\CortexM3\ARM_GCC_541\Debug\ReactionGame.a(CyFlash.o)
 .debug_aranges
                0x00001370       0x80 .\CortexM3\ARM_GCC_541\Debug\ReactionGame.a(CySpc.o)
 .debug_aranges
                0x000013f0       0x20 .\CortexM3\ARM_GCC_541\Debug\ReactionGame.a(ErikaOS_ee_tnterm.o)
 .debug_aranges
                0x00001410       0x20 .\CortexM3\ARM_GCC_541\Debug\ReactionGame.a(ErikaOS_ee_tstub.o)
 .debug_aranges
                0x00001430       0x20 .\CortexM3\ARM_GCC_541\Debug\ReactionGame.a(ErikaOS_ee_ulockallres.o)
 .debug_aranges
                0x00001450       0x28 .\CortexM3\ARM_GCC_541\Debug\ReactionGame.a(ErikaOS_cortex_mx_ee_context.o)
 .debug_aranges
                0x00001478       0x30 .\CortexM3\ARM_GCC_541\Debug\ReactionGame.a(ErikaOS_ee_thendin.o)

.debug_pubnames
 *(.debug_pubnames)

.debug_info     0x00000000    0x16126
 *(.debug_info .gnu.linkonce.wi.*)
 .debug_info    0x00000000      0xa00 .\CortexM3\ARM_GCC_541\Debug\main.o
 .debug_info    0x00000a00      0x98a .\CortexM3\ARM_GCC_541\Debug\TimingAnalyzer.o
 .debug_info    0x0000138a      0x895 .\CortexM3\ARM_GCC_541\Debug\ReactionGame.o
 .debug_info    0x00001c1f      0x420 .\CortexM3\ARM_GCC_541\Debug\ArcadianLight.o
 .debug_info    0x0000203f      0x3b5 .\CortexM3\ARM_GCC_541\Debug\logging.o
 .debug_info    0x000023f4      0x59e .\CortexM3\ARM_GCC_541\Debug\seven.o
 .debug_info    0x00002992      0x266 .\CortexM3\ARM_GCC_541\Debug\pins.o
 .debug_info    0x00002bf8     0x2733 .\CortexM3\ARM_GCC_541\Debug\tft.o
 .debug_info    0x0000532b      0x617 .\CortexM3\ARM_GCC_541\Debug\cyfitter_cfg.o
 .debug_info    0x00005942      0x139 .\CortexM3\ARM_GCC_541\Debug\cymetadata.o
 .debug_info    0x00005a7b      0x3bb .\CortexM3\ARM_GCC_541\Debug\Cm3Start.o
 .debug_info    0x00005e36      0x11f .\CortexM3\ARM_GCC_541\Debug\ReactionGame.a(RED_LED.o)
 .debug_info    0x00005f55      0x11f .\CortexM3\ARM_GCC_541\Debug\ReactionGame.a(YELLOW_LED.o)
 .debug_info    0x00006074      0x11f .\CortexM3\ARM_GCC_541\Debug\ReactionGame.a(GREEN_LED.o)
 .debug_info    0x00006193      0x60c .\CortexM3\ARM_GCC_541\Debug\ReactionGame.a(UART_LOG.o)
 .debug_info    0x0000679f      0x283 .\CortexM3\ARM_GCC_541\Debug\ReactionGame.a(UART_LOG_IntClock.o)
 .debug_info    0x00006a22     0x1374 .\CortexM3\ARM_GCC_541\Debug\ReactionGame.a(CyLib.o)
 .debug_info    0x00007d96      0xa2a .\CortexM3\ARM_GCC_541\Debug\ReactionGame.a(cyPm.o)
 .debug_info    0x000087c0      0x80d .\CortexM3\ARM_GCC_541\Debug\ReactionGame.a(ErikaOS_ee_activate.o)
 .debug_info    0x00008fcd      0x5e5 .\CortexM3\ARM_GCC_541\Debug\ReactionGame.a(ErikaOS_ee_alsetrel.o)
 .debug_info    0x000095b2      0xc3b .\CortexM3\ARM_GCC_541\Debug\ReactionGame.a(ErikaOS_ee_altick.o)
 .debug_info    0x0000a1ed      0x5a7 .\CortexM3\ARM_GCC_541\Debug\ReactionGame.a(ErikaOS_ee_evclear.o)
 .debug_info    0x0000a794      0x4ca .\CortexM3\ARM_GCC_541\Debug\ReactionGame.a(ErikaOS_ee_evget.o)
 .debug_info    0x0000ac5e      0x7c3 .\CortexM3\ARM_GCC_541\Debug\ReactionGame.a(ErikaOS_ee_evset.o)
 .debug_info    0x0000b421      0x85a .\CortexM3\ARM_GCC_541\Debug\ReactionGame.a(ErikaOS_ee_evwait.o)
 .debug_info    0x0000bc7b      0x5cb .\CortexM3\ARM_GCC_541\Debug\ReactionGame.a(ErikaOS_ee_irqendin.o)
 .debug_info    0x0000c246      0x60d .\CortexM3\ARM_GCC_541\Debug\ReactionGame.a(ErikaOS_ee_lockres.o)
 .debug_info    0x0000c853      0x3d0 .\CortexM3\ARM_GCC_541\Debug\ReactionGame.a(ErikaOS_ee_lookup.o)
 .debug_info    0x0000cc23      0x46f .\CortexM3\ARM_GCC_541\Debug\ReactionGame.a(ErikaOS_ee_rq_exchg.o)
 .debug_info    0x0000d092      0x421 .\CortexM3\ARM_GCC_541\Debug\ReactionGame.a(ErikaOS_ee_rq_first.o)
 .debug_info    0x0000d4b3      0x475 .\CortexM3\ARM_GCC_541\Debug\ReactionGame.a(ErikaOS_ee_rq_inser.o)
 .debug_info    0x0000d928     0x2040 .\CortexM3\ARM_GCC_541\Debug\ReactionGame.a(ErikaOS_ee_startos.o)
 .debug_info    0x0000f968      0x595 .\CortexM3\ARM_GCC_541\Debug\ReactionGame.a(ErikaOS_ee_terminat.o)
 .debug_info    0x0000fefd      0x7fb .\CortexM3\ARM_GCC_541\Debug\ReactionGame.a(ErikaOS_ee_ulockres.o)
 .debug_info    0x000106f8      0x513 .\CortexM3\ARM_GCC_541\Debug\ReactionGame.a(ErikaOS_cortex_mx_ee_utils.o)
 .debug_info    0x00010c0b      0x3cb .\CortexM3\ARM_GCC_541\Debug\ReactionGame.a(ErikaOS_common_ee_hal_structs.o)
 .debug_info    0x00010fd6      0x98f .\CortexM3\ARM_GCC_541\Debug\ReactionGame.a(ErikaOS_eecfg.o)
 .debug_info    0x00011965      0x11f .\CortexM3\ARM_GCC_541\Debug\ReactionGame.a(ButtonRight.o)
 .debug_info    0x00011a84      0x11f .\CortexM3\ARM_GCC_541\Debug\ReactionGame.a(ButtonLeft.o)
 .debug_info    0x00011ba3      0x11f .\CortexM3\ARM_GCC_541\Debug\ReactionGame.a(SEVEN_DP.o)
 .debug_info    0x00011cc2      0x11f .\CortexM3\ARM_GCC_541\Debug\ReactionGame.a(SEVEN_SELECT.o)
 .debug_info    0x00011de1       0xd6 .\CortexM3\ARM_GCC_541\Debug\ReactionGame.a(SEVEN_reg.o)
 .debug_info    0x00011eb7      0x4bb .\CortexM3\ARM_GCC_541\Debug\ReactionGame.a(TFT_SPI.o)
 .debug_info    0x00012372      0x11f .\CortexM3\ARM_GCC_541\Debug\ReactionGame.a(TFT_DC.o)
 .debug_info    0x00012491      0x11f .\CortexM3\ARM_GCC_541\Debug\ReactionGame.a(TFT_RES.o)
 .debug_info    0x000125b0      0x27e .\CortexM3\ARM_GCC_541\Debug\ReactionGame.a(TFT_BackLight.o)
 .debug_info    0x0001282e      0x283 .\CortexM3\ARM_GCC_541\Debug\ReactionGame.a(TFT_SPI_IntClock.o)
 .debug_info    0x00012ab1      0x278 .\CortexM3\ARM_GCC_541\Debug\ReactionGame.a(PWM_RED.o)
 .debug_info    0x00012d29      0x278 .\CortexM3\ARM_GCC_541\Debug\ReactionGame.a(PWM_YELLOW.o)
 .debug_info    0x00012fa1      0x278 .\CortexM3\ARM_GCC_541\Debug\ReactionGame.a(PWM_GREEN.o)
 .debug_info    0x00013219      0x278 .\CortexM3\ARM_GCC_541\Debug\ReactionGame.a(PWM_RGB_RED.o)
 .debug_info    0x00013491      0x278 .\CortexM3\ARM_GCC_541\Debug\ReactionGame.a(PWM_RGB_GREEN.o)
 .debug_info    0x00013709      0x278 .\CortexM3\ARM_GCC_541\Debug\ReactionGame.a(PWM_RGB_BLUE.o)
 .debug_info    0x00013981       0x80 .\CortexM3\ARM_GCC_541\Debug\ReactionGame.a(CyBootAsmGnu.o)
 .debug_info    0x00013a01       0x95 .\CortexM3\ARM_GCC_541\Debug\ReactionGame.a(ErikaOS_ee_gnu_change_context_isr.o)
 .debug_info    0x00013a96       0x8c .\CortexM3\ARM_GCC_541\Debug\ReactionGame.a(ErikaOS_ee_gnu_irq_stack.o)
 .debug_info    0x00013b22       0x90 .\CortexM3\ARM_GCC_541\Debug\ReactionGame.a(ErikaOS_ee_gnu_multi_context.o)
 .debug_info    0x00013bb2       0x85 .\CortexM3\ARM_GCC_541\Debug\ReactionGame.a(ErikaOS_ee_gnu_oo.o)
 .debug_info    0x00013c37      0x64d .\CortexM3\ARM_GCC_541\Debug\ReactionGame.a(CyFlash.o)
 .debug_info    0x00014284      0x550 .\CortexM3\ARM_GCC_541\Debug\ReactionGame.a(CySpc.o)
 .debug_info    0x000147d4      0x473 .\CortexM3\ARM_GCC_541\Debug\ReactionGame.a(ErikaOS_ee_tnterm.o)
 .debug_info    0x00014c47      0x487 .\CortexM3\ARM_GCC_541\Debug\ReactionGame.a(ErikaOS_ee_tstub.o)
 .debug_info    0x000150ce      0x45e .\CortexM3\ARM_GCC_541\Debug\ReactionGame.a(ErikaOS_ee_ulockallres.o)
 .debug_info    0x0001552c      0x501 .\CortexM3\ARM_GCC_541\Debug\ReactionGame.a(ErikaOS_cortex_mx_ee_context.o)
 .debug_info    0x00015a2d      0x6f9 .\CortexM3\ARM_GCC_541\Debug\ReactionGame.a(ErikaOS_ee_thendin.o)

.debug_abbrev   0x00000000     0x589e
 *(.debug_abbrev)
 .debug_abbrev  0x00000000      0x240 .\CortexM3\ARM_GCC_541\Debug\main.o
 .debug_abbrev  0x00000240      0x26b .\CortexM3\ARM_GCC_541\Debug\TimingAnalyzer.o
 .debug_abbrev  0x000004ab      0x1a8 .\CortexM3\ARM_GCC_541\Debug\ReactionGame.o
 .debug_abbrev  0x00000653      0x159 .\CortexM3\ARM_GCC_541\Debug\ArcadianLight.o
 .debug_abbrev  0x000007ac      0x14a .\CortexM3\ARM_GCC_541\Debug\logging.o
 .debug_abbrev  0x000008f6      0x155 .\CortexM3\ARM_GCC_541\Debug\seven.o
 .debug_abbrev  0x00000a4b       0xf2 .\CortexM3\ARM_GCC_541\Debug\pins.o
 .debug_abbrev  0x00000b3d      0x2bf .\CortexM3\ARM_GCC_541\Debug\tft.o
 .debug_abbrev  0x00000dfc      0x20d .\CortexM3\ARM_GCC_541\Debug\cyfitter_cfg.o
 .debug_abbrev  0x00001009       0x77 .\CortexM3\ARM_GCC_541\Debug\cymetadata.o
 .debug_abbrev  0x00001080      0x1e8 .\CortexM3\ARM_GCC_541\Debug\Cm3Start.o
 .debug_abbrev  0x00001268       0x90 .\CortexM3\ARM_GCC_541\Debug\ReactionGame.a(RED_LED.o)
 .debug_abbrev  0x000012f8       0x90 .\CortexM3\ARM_GCC_541\Debug\ReactionGame.a(YELLOW_LED.o)
 .debug_abbrev  0x00001388       0x90 .\CortexM3\ARM_GCC_541\Debug\ReactionGame.a(GREEN_LED.o)
 .debug_abbrev  0x00001418      0x175 .\CortexM3\ARM_GCC_541\Debug\ReactionGame.a(UART_LOG.o)
 .debug_abbrev  0x0000158d      0x139 .\CortexM3\ARM_GCC_541\Debug\ReactionGame.a(UART_LOG_IntClock.o)
 .debug_abbrev  0x000016c6      0x254 .\CortexM3\ARM_GCC_541\Debug\ReactionGame.a(CyLib.o)
 .debug_abbrev  0x0000191a      0x1ab .\CortexM3\ARM_GCC_541\Debug\ReactionGame.a(cyPm.o)
 .debug_abbrev  0x00001ac5      0x284 .\CortexM3\ARM_GCC_541\Debug\ReactionGame.a(ErikaOS_ee_activate.o)
 .debug_abbrev  0x00001d49      0x1f7 .\CortexM3\ARM_GCC_541\Debug\ReactionGame.a(ErikaOS_ee_alsetrel.o)
 .debug_abbrev  0x00001f40      0x362 .\CortexM3\ARM_GCC_541\Debug\ReactionGame.a(ErikaOS_ee_altick.o)
 .debug_abbrev  0x000022a2      0x1e0 .\CortexM3\ARM_GCC_541\Debug\ReactionGame.a(ErikaOS_ee_evclear.o)
 .debug_abbrev  0x00002482      0x150 .\CortexM3\ARM_GCC_541\Debug\ReactionGame.a(ErikaOS_ee_evget.o)
 .debug_abbrev  0x000025d2      0x27f .\CortexM3\ARM_GCC_541\Debug\ReactionGame.a(ErikaOS_ee_evset.o)
 .debug_abbrev  0x00002851      0x25d .\CortexM3\ARM_GCC_541\Debug\ReactionGame.a(ErikaOS_ee_evwait.o)
 .debug_abbrev  0x00002aae      0x1da .\CortexM3\ARM_GCC_541\Debug\ReactionGame.a(ErikaOS_ee_irqendin.o)
 .debug_abbrev  0x00002c88      0x1ef .\CortexM3\ARM_GCC_541\Debug\ReactionGame.a(ErikaOS_ee_lockres.o)
 .debug_abbrev  0x00002e77       0xcf .\CortexM3\ARM_GCC_541\Debug\ReactionGame.a(ErikaOS_ee_lookup.o)
 .debug_abbrev  0x00002f46       0xfc .\CortexM3\ARM_GCC_541\Debug\ReactionGame.a(ErikaOS_ee_rq_exchg.o)
 .debug_abbrev  0x00003042       0xed .\CortexM3\ARM_GCC_541\Debug\ReactionGame.a(ErikaOS_ee_rq_first.o)
 .debug_abbrev  0x0000312f      0x109 .\CortexM3\ARM_GCC_541\Debug\ReactionGame.a(ErikaOS_ee_rq_inser.o)
 .debug_abbrev  0x00003238      0x4a7 .\CortexM3\ARM_GCC_541\Debug\ReactionGame.a(ErikaOS_ee_startos.o)
 .debug_abbrev  0x000036df      0x1de .\CortexM3\ARM_GCC_541\Debug\ReactionGame.a(ErikaOS_ee_terminat.o)
 .debug_abbrev  0x000038bd      0x277 .\CortexM3\ARM_GCC_541\Debug\ReactionGame.a(ErikaOS_ee_ulockres.o)
 .debug_abbrev  0x00003b34      0x1e3 .\CortexM3\ARM_GCC_541\Debug\ReactionGame.a(ErikaOS_cortex_mx_ee_utils.o)
 .debug_abbrev  0x00003d17       0xcf .\CortexM3\ARM_GCC_541\Debug\ReactionGame.a(ErikaOS_common_ee_hal_structs.o)
 .debug_abbrev  0x00003de6      0x130 .\CortexM3\ARM_GCC_541\Debug\ReactionGame.a(ErikaOS_eecfg.o)
 .debug_abbrev  0x00003f16       0x90 .\CortexM3\ARM_GCC_541\Debug\ReactionGame.a(ButtonRight.o)
 .debug_abbrev  0x00003fa6       0x90 .\CortexM3\ARM_GCC_541\Debug\ReactionGame.a(ButtonLeft.o)
 .debug_abbrev  0x00004036       0x90 .\CortexM3\ARM_GCC_541\Debug\ReactionGame.a(SEVEN_DP.o)
 .debug_abbrev  0x000040c6       0x90 .\CortexM3\ARM_GCC_541\Debug\ReactionGame.a(SEVEN_SELECT.o)
 .debug_abbrev  0x00004156       0x81 .\CortexM3\ARM_GCC_541\Debug\ReactionGame.a(SEVEN_reg.o)
 .debug_abbrev  0x000041d7      0x146 .\CortexM3\ARM_GCC_541\Debug\ReactionGame.a(TFT_SPI.o)
 .debug_abbrev  0x0000431d       0x90 .\CortexM3\ARM_GCC_541\Debug\ReactionGame.a(TFT_DC.o)
 .debug_abbrev  0x000043ad       0x90 .\CortexM3\ARM_GCC_541\Debug\ReactionGame.a(TFT_RES.o)
 .debug_abbrev  0x0000443d      0x12d .\CortexM3\ARM_GCC_541\Debug\ReactionGame.a(TFT_BackLight.o)
 .debug_abbrev  0x0000456a      0x139 .\CortexM3\ARM_GCC_541\Debug\ReactionGame.a(TFT_SPI_IntClock.o)
 .debug_abbrev  0x000046a3      0x12d .\CortexM3\ARM_GCC_541\Debug\ReactionGame.a(PWM_RED.o)
 .debug_abbrev  0x000047d0      0x12d .\CortexM3\ARM_GCC_541\Debug\ReactionGame.a(PWM_YELLOW.o)
 .debug_abbrev  0x000048fd      0x12d .\CortexM3\ARM_GCC_541\Debug\ReactionGame.a(PWM_GREEN.o)
 .debug_abbrev  0x00004a2a      0x12d .\CortexM3\ARM_GCC_541\Debug\ReactionGame.a(PWM_RGB_RED.o)
 .debug_abbrev  0x00004b57      0x12d .\CortexM3\ARM_GCC_541\Debug\ReactionGame.a(PWM_RGB_GREEN.o)
 .debug_abbrev  0x00004c84      0x12d .\CortexM3\ARM_GCC_541\Debug\ReactionGame.a(PWM_RGB_BLUE.o)
 .debug_abbrev  0x00004db1       0x14 .\CortexM3\ARM_GCC_541\Debug\ReactionGame.a(CyBootAsmGnu.o)
 .debug_abbrev  0x00004dc5       0x14 .\CortexM3\ARM_GCC_541\Debug\ReactionGame.a(ErikaOS_ee_gnu_change_context_isr.o)
 .debug_abbrev  0x00004dd9       0x14 .\CortexM3\ARM_GCC_541\Debug\ReactionGame.a(ErikaOS_ee_gnu_irq_stack.o)
 .debug_abbrev  0x00004ded       0x14 .\CortexM3\ARM_GCC_541\Debug\ReactionGame.a(ErikaOS_ee_gnu_multi_context.o)
 .debug_abbrev  0x00004e01       0x14 .\CortexM3\ARM_GCC_541\Debug\ReactionGame.a(ErikaOS_ee_gnu_oo.o)
 .debug_abbrev  0x00004e15      0x1a7 .\CortexM3\ARM_GCC_541\Debug\ReactionGame.a(CyFlash.o)
 .debug_abbrev  0x00004fbc      0x194 .\CortexM3\ARM_GCC_541\Debug\ReactionGame.a(CySpc.o)
 .debug_abbrev  0x00005150      0x190 .\CortexM3\ARM_GCC_541\Debug\ReactionGame.a(ErikaOS_ee_tnterm.o)
 .debug_abbrev  0x000052e0      0x143 .\CortexM3\ARM_GCC_541\Debug\ReactionGame.a(ErikaOS_ee_tstub.o)
 .debug_abbrev  0x00005423       0xfc .\CortexM3\ARM_GCC_541\Debug\ReactionGame.a(ErikaOS_ee_ulockallres.o)
 .debug_abbrev  0x0000551f      0x156 .\CortexM3\ARM_GCC_541\Debug\ReactionGame.a(ErikaOS_cortex_mx_ee_context.o)
 .debug_abbrev  0x00005675      0x229 .\CortexM3\ARM_GCC_541\Debug\ReactionGame.a(ErikaOS_ee_thendin.o)

.debug_line     0x00000000     0x794b
 *(.debug_line)
 .debug_line    0x00000000      0x60d .\CortexM3\ARM_GCC_541\Debug\main.o
 .debug_line    0x0000060d      0x4bc .\CortexM3\ARM_GCC_541\Debug\TimingAnalyzer.o
 .debug_line    0x00000ac9      0x3a2 .\CortexM3\ARM_GCC_541\Debug\ReactionGame.o
 .debug_line    0x00000e6b      0x2f9 .\CortexM3\ARM_GCC_541\Debug\ArcadianLight.o
 .debug_line    0x00001164      0x25d .\CortexM3\ARM_GCC_541\Debug\logging.o
 .debug_line    0x000013c1      0x37a .\CortexM3\ARM_GCC_541\Debug\seven.o
 .debug_line    0x0000173b      0x275 .\CortexM3\ARM_GCC_541\Debug\pins.o
 .debug_line    0x000019b0      0x8b9 .\CortexM3\ARM_GCC_541\Debug\tft.o
 .debug_line    0x00002269      0x1fa .\CortexM3\ARM_GCC_541\Debug\cyfitter_cfg.o
 .debug_line    0x00002463      0x13d .\CortexM3\ARM_GCC_541\Debug\cymetadata.o
 .debug_line    0x000025a0      0x230 .\CortexM3\ARM_GCC_541\Debug\Cm3Start.o
 .debug_line    0x000027d0       0x94 .\CortexM3\ARM_GCC_541\Debug\ReactionGame.a(RED_LED.o)
 .debug_line    0x00002864       0x97 .\CortexM3\ARM_GCC_541\Debug\ReactionGame.a(YELLOW_LED.o)
 .debug_line    0x000028fb       0x96 .\CortexM3\ARM_GCC_541\Debug\ReactionGame.a(GREEN_LED.o)
 .debug_line    0x00002991      0x2c4 .\CortexM3\ARM_GCC_541\Debug\ReactionGame.a(UART_LOG.o)
 .debug_line    0x00002c55      0x180 .\CortexM3\ARM_GCC_541\Debug\ReactionGame.a(UART_LOG_IntClock.o)
 .debug_line    0x00002dd5      0x816 .\CortexM3\ARM_GCC_541\Debug\ReactionGame.a(CyLib.o)
 .debug_line    0x000035eb      0x367 .\CortexM3\ARM_GCC_541\Debug\ReactionGame.a(cyPm.o)
 .debug_line    0x00003952      0x1e6 .\CortexM3\ARM_GCC_541\Debug\ReactionGame.a(ErikaOS_ee_activate.o)
 .debug_line    0x00003b38      0x1bd .\CortexM3\ARM_GCC_541\Debug\ReactionGame.a(ErikaOS_ee_alsetrel.o)
 .debug_line    0x00003cf5      0x2f1 .\CortexM3\ARM_GCC_541\Debug\ReactionGame.a(ErikaOS_ee_altick.o)
 .debug_line    0x00003fe6      0x1c1 .\CortexM3\ARM_GCC_541\Debug\ReactionGame.a(ErikaOS_ee_evclear.o)
 .debug_line    0x000041a7      0x14b .\CortexM3\ARM_GCC_541\Debug\ReactionGame.a(ErikaOS_ee_evget.o)
 .debug_line    0x000042f2      0x1e3 .\CortexM3\ARM_GCC_541\Debug\ReactionGame.a(ErikaOS_ee_evset.o)
 .debug_line    0x000044d5      0x1f1 .\CortexM3\ARM_GCC_541\Debug\ReactionGame.a(ErikaOS_ee_evwait.o)
 .debug_line    0x000046c6      0x190 .\CortexM3\ARM_GCC_541\Debug\ReactionGame.a(ErikaOS_ee_irqendin.o)
 .debug_line    0x00004856      0x1dd .\CortexM3\ARM_GCC_541\Debug\ReactionGame.a(ErikaOS_ee_lockres.o)
 .debug_line    0x00004a33      0x10b .\CortexM3\ARM_GCC_541\Debug\ReactionGame.a(ErikaOS_ee_lookup.o)
 .debug_line    0x00004b3e      0x14b .\CortexM3\ARM_GCC_541\Debug\ReactionGame.a(ErikaOS_ee_rq_exchg.o)
 .debug_line    0x00004c89      0x142 .\CortexM3\ARM_GCC_541\Debug\ReactionGame.a(ErikaOS_ee_rq_first.o)
 .debug_line    0x00004dcb      0x146 .\CortexM3\ARM_GCC_541\Debug\ReactionGame.a(ErikaOS_ee_rq_inser.o)
 .debug_line    0x00004f11      0x3e2 .\CortexM3\ARM_GCC_541\Debug\ReactionGame.a(ErikaOS_ee_startos.o)
 .debug_line    0x000052f3      0x1b0 .\CortexM3\ARM_GCC_541\Debug\ReactionGame.a(ErikaOS_ee_terminat.o)
 .debug_line    0x000054a3      0x201 .\CortexM3\ARM_GCC_541\Debug\ReactionGame.a(ErikaOS_ee_ulockres.o)
 .debug_line    0x000056a4      0x174 .\CortexM3\ARM_GCC_541\Debug\ReactionGame.a(ErikaOS_cortex_mx_ee_utils.o)
 .debug_line    0x00005818       0xed .\CortexM3\ARM_GCC_541\Debug\ReactionGame.a(ErikaOS_common_ee_hal_structs.o)
 .debug_line    0x00005905      0x12c .\CortexM3\ARM_GCC_541\Debug\ReactionGame.a(ErikaOS_eecfg.o)
 .debug_line    0x00005a31       0x98 .\CortexM3\ARM_GCC_541\Debug\ReactionGame.a(ButtonRight.o)
 .debug_line    0x00005ac9       0x97 .\CortexM3\ARM_GCC_541\Debug\ReactionGame.a(ButtonLeft.o)
 .debug_line    0x00005b60       0x95 .\CortexM3\ARM_GCC_541\Debug\ReactionGame.a(SEVEN_DP.o)
 .debug_line    0x00005bf5       0x99 .\CortexM3\ARM_GCC_541\Debug\ReactionGame.a(SEVEN_SELECT.o)
 .debug_line    0x00005c8e       0x71 .\CortexM3\ARM_GCC_541\Debug\ReactionGame.a(SEVEN_reg.o)
 .debug_line    0x00005cff      0x249 .\CortexM3\ARM_GCC_541\Debug\ReactionGame.a(TFT_SPI.o)
 .debug_line    0x00005f48       0x93 .\CortexM3\ARM_GCC_541\Debug\ReactionGame.a(TFT_DC.o)
 .debug_line    0x00005fdb       0x94 .\CortexM3\ARM_GCC_541\Debug\ReactionGame.a(TFT_RES.o)
 .debug_line    0x0000606f      0x13b .\CortexM3\ARM_GCC_541\Debug\ReactionGame.a(TFT_BackLight.o)
 .debug_line    0x000061aa      0x17f .\CortexM3\ARM_GCC_541\Debug\ReactionGame.a(TFT_SPI_IntClock.o)
 .debug_line    0x00006329      0x13c .\CortexM3\ARM_GCC_541\Debug\ReactionGame.a(PWM_RED.o)
 .debug_line    0x00006465      0x13f .\CortexM3\ARM_GCC_541\Debug\ReactionGame.a(PWM_YELLOW.o)
 .debug_line    0x000065a4      0x13e .\CortexM3\ARM_GCC_541\Debug\ReactionGame.a(PWM_GREEN.o)
 .debug_line    0x000066e2      0x140 .\CortexM3\ARM_GCC_541\Debug\ReactionGame.a(PWM_RGB_RED.o)
 .debug_line    0x00006822      0x142 .\CortexM3\ARM_GCC_541\Debug\ReactionGame.a(PWM_RGB_GREEN.o)
 .debug_line    0x00006964      0x141 .\CortexM3\ARM_GCC_541\Debug\ReactionGame.a(PWM_RGB_BLUE.o)
 .debug_line    0x00006aa5       0x66 .\CortexM3\ARM_GCC_541\Debug\ReactionGame.a(CyBootAsmGnu.o)
 .debug_line    0x00006b0b       0xac .\CortexM3\ARM_GCC_541\Debug\ReactionGame.a(ErikaOS_ee_gnu_change_context_isr.o)
 .debug_line    0x00006bb7       0x72 .\CortexM3\ARM_GCC_541\Debug\ReactionGame.a(ErikaOS_ee_gnu_irq_stack.o)
 .debug_line    0x00006c29       0x9b .\CortexM3\ARM_GCC_541\Debug\ReactionGame.a(ErikaOS_ee_gnu_multi_context.o)
 .debug_line    0x00006cc4       0x97 .\CortexM3\ARM_GCC_541\Debug\ReactionGame.a(ErikaOS_ee_gnu_oo.o)
 .debug_line    0x00006d5b      0x21a .\CortexM3\ARM_GCC_541\Debug\ReactionGame.a(CyFlash.o)
 .debug_line    0x00006f75      0x260 .\CortexM3\ARM_GCC_541\Debug\ReactionGame.a(CySpc.o)
 .debug_line    0x000071d5      0x171 .\CortexM3\ARM_GCC_541\Debug\ReactionGame.a(ErikaOS_ee_tnterm.o)
 .debug_line    0x00007346      0x160 .\CortexM3\ARM_GCC_541\Debug\ReactionGame.a(ErikaOS_ee_tstub.o)
 .debug_line    0x000074a6      0x154 .\CortexM3\ARM_GCC_541\Debug\ReactionGame.a(ErikaOS_ee_ulockallres.o)
 .debug_line    0x000075fa      0x19a .\CortexM3\ARM_GCC_541\Debug\ReactionGame.a(ErikaOS_cortex_mx_ee_context.o)
 .debug_line    0x00007794      0x1b7 .\CortexM3\ARM_GCC_541\Debug\ReactionGame.a(ErikaOS_ee_thendin.o)

.debug_frame    0x00000000     0x32f0
 *(.debug_frame)
 .debug_frame   0x00000000      0x160 .\CortexM3\ARM_GCC_541\Debug\main.o
 .debug_frame   0x00000160      0x1c8 .\CortexM3\ARM_GCC_541\Debug\TimingAnalyzer.o
 .debug_frame   0x00000328       0x74 .\CortexM3\ARM_GCC_541\Debug\ReactionGame.o
 .debug_frame   0x0000039c       0x58 .\CortexM3\ARM_GCC_541\Debug\ArcadianLight.o
 .debug_frame   0x000003f4       0x48 .\CortexM3\ARM_GCC_541\Debug\logging.o
 .debug_frame   0x0000043c      0x104 .\CortexM3\ARM_GCC_541\Debug\seven.o
 .debug_frame   0x00000540       0x80 .\CortexM3\ARM_GCC_541\Debug\pins.o
 .debug_frame   0x000005c0      0x5bc .\CortexM3\ARM_GCC_541\Debug\tft.o
 .debug_frame   0x00000b7c       0xe4 .\CortexM3\ARM_GCC_541\Debug\cyfitter_cfg.o
 .debug_frame   0x00000c60       0xb8 .\CortexM3\ARM_GCC_541\Debug\Cm3Start.o
 .debug_frame   0x00000d18       0x50 .\CortexM3\ARM_GCC_541\Debug\ReactionGame.a(RED_LED.o)
 .debug_frame   0x00000d68       0x50 .\CortexM3\ARM_GCC_541\Debug\ReactionGame.a(YELLOW_LED.o)
 .debug_frame   0x00000db8       0x50 .\CortexM3\ARM_GCC_541\Debug\ReactionGame.a(GREEN_LED.o)
 .debug_frame   0x00000e08      0x250 .\CortexM3\ARM_GCC_541\Debug\ReactionGame.a(UART_LOG.o)
 .debug_frame   0x00001058       0xe0 .\CortexM3\ARM_GCC_541\Debug\ReactionGame.a(UART_LOG_IntClock.o)
 .debug_frame   0x00001138      0x738 .\CortexM3\ARM_GCC_541\Debug\ReactionGame.a(CyLib.o)
 .debug_frame   0x00001870      0x1f8 .\CortexM3\ARM_GCC_541\Debug\ReactionGame.a(cyPm.o)
 .debug_frame   0x00001a68       0x30 .\CortexM3\ARM_GCC_541\Debug\ReactionGame.a(ErikaOS_ee_activate.o)
 .debug_frame   0x00001a98       0x38 .\CortexM3\ARM_GCC_541\Debug\ReactionGame.a(ErikaOS_ee_alsetrel.o)
 .debug_frame   0x00001ad0      0x10c .\CortexM3\ARM_GCC_541\Debug\ReactionGame.a(ErikaOS_ee_altick.o)
 .debug_frame   0x00001bdc       0x38 .\CortexM3\ARM_GCC_541\Debug\ReactionGame.a(ErikaOS_ee_evclear.o)
 .debug_frame   0x00001c14       0x20 .\CortexM3\ARM_GCC_541\Debug\ReactionGame.a(ErikaOS_ee_evget.o)
 .debug_frame   0x00001c34       0x30 .\CortexM3\ARM_GCC_541\Debug\ReactionGame.a(ErikaOS_ee_evset.o)
 .debug_frame   0x00001c64       0x30 .\CortexM3\ARM_GCC_541\Debug\ReactionGame.a(ErikaOS_ee_evwait.o)
 .debug_frame   0x00001c94       0x58 .\CortexM3\ARM_GCC_541\Debug\ReactionGame.a(ErikaOS_ee_irqendin.o)
 .debug_frame   0x00001cec       0x40 .\CortexM3\ARM_GCC_541\Debug\ReactionGame.a(ErikaOS_ee_lockres.o)
 .debug_frame   0x00001d2c       0x3c .\CortexM3\ARM_GCC_541\Debug\ReactionGame.a(ErikaOS_ee_rq_exchg.o)
 .debug_frame   0x00001d68       0x20 .\CortexM3\ARM_GCC_541\Debug\ReactionGame.a(ErikaOS_ee_rq_first.o)
 .debug_frame   0x00001d88       0x30 .\CortexM3\ARM_GCC_541\Debug\ReactionGame.a(ErikaOS_ee_rq_inser.o)
 .debug_frame   0x00001db8       0x90 .\CortexM3\ARM_GCC_541\Debug\ReactionGame.a(ErikaOS_ee_startos.o)
 .debug_frame   0x00001e48       0x2c .\CortexM3\ARM_GCC_541\Debug\ReactionGame.a(ErikaOS_ee_terminat.o)
 .debug_frame   0x00001e74       0x30 .\CortexM3\ARM_GCC_541\Debug\ReactionGame.a(ErikaOS_ee_ulockres.o)
 .debug_frame   0x00001ea4       0x30 .\CortexM3\ARM_GCC_541\Debug\ReactionGame.a(ErikaOS_cortex_mx_ee_utils.o)
 .debug_frame   0x00001ed4       0x50 .\CortexM3\ARM_GCC_541\Debug\ReactionGame.a(ButtonRight.o)
 .debug_frame   0x00001f24       0x50 .\CortexM3\ARM_GCC_541\Debug\ReactionGame.a(ButtonLeft.o)
 .debug_frame   0x00001f74       0x50 .\CortexM3\ARM_GCC_541\Debug\ReactionGame.a(SEVEN_DP.o)
 .debug_frame   0x00001fc4       0x50 .\CortexM3\ARM_GCC_541\Debug\ReactionGame.a(SEVEN_SELECT.o)
 .debug_frame   0x00002014       0x30 .\CortexM3\ARM_GCC_541\Debug\ReactionGame.a(SEVEN_reg.o)
 .debug_frame   0x00002044      0x1e8 .\CortexM3\ARM_GCC_541\Debug\ReactionGame.a(TFT_SPI.o)
 .debug_frame   0x0000222c       0x50 .\CortexM3\ARM_GCC_541\Debug\ReactionGame.a(TFT_DC.o)
 .debug_frame   0x0000227c       0x50 .\CortexM3\ARM_GCC_541\Debug\ReactionGame.a(TFT_RES.o)
 .debug_frame   0x000022cc       0xe8 .\CortexM3\ARM_GCC_541\Debug\ReactionGame.a(TFT_BackLight.o)
 .debug_frame   0x000023b4       0xe0 .\CortexM3\ARM_GCC_541\Debug\ReactionGame.a(TFT_SPI_IntClock.o)
 .debug_frame   0x00002494       0xf8 .\CortexM3\ARM_GCC_541\Debug\ReactionGame.a(PWM_RED.o)
 .debug_frame   0x0000258c       0xf8 .\CortexM3\ARM_GCC_541\Debug\ReactionGame.a(PWM_YELLOW.o)
 .debug_frame   0x00002684       0xf8 .\CortexM3\ARM_GCC_541\Debug\ReactionGame.a(PWM_GREEN.o)
 .debug_frame   0x0000277c       0xf8 .\CortexM3\ARM_GCC_541\Debug\ReactionGame.a(PWM_RGB_RED.o)
 .debug_frame   0x00002874       0xf8 .\CortexM3\ARM_GCC_541\Debug\ReactionGame.a(PWM_RGB_GREEN.o)
 .debug_frame   0x0000296c       0xf8 .\CortexM3\ARM_GCC_541\Debug\ReactionGame.a(PWM_RGB_BLUE.o)
 .debug_frame   0x00002a64      0x194 .\CortexM3\ARM_GCC_541\Debug\ReactionGame.a(CyFlash.o)
 .debug_frame   0x00002bf8      0x180 .\CortexM3\ARM_GCC_541\Debug\ReactionGame.a(CySpc.o)
 .debug_frame   0x00002d78       0x2c .\CortexM3\ARM_GCC_541\Debug\ReactionGame.a(ErikaOS_ee_tnterm.o)
 .debug_frame   0x00002da4       0x2c .\CortexM3\ARM_GCC_541\Debug\ReactionGame.a(ErikaOS_ee_tstub.o)
 .debug_frame   0x00002dd0       0x2c .\CortexM3\ARM_GCC_541\Debug\ReactionGame.a(ErikaOS_ee_ulockallres.o)
 .debug_frame   0x00002dfc       0x3c .\CortexM3\ARM_GCC_541\Debug\ReactionGame.a(ErikaOS_cortex_mx_ee_context.o)
 .debug_frame   0x00002e38       0x5c .\CortexM3\ARM_GCC_541\Debug\ReactionGame.a(ErikaOS_ee_thendin.o)
 .debug_frame   0x00002e94       0x20 c:/h_da softwares & projects/psoc creator/4.4/psoc creator/import/gnu/arm/5.4.1/bin/../lib/gcc/arm-none-eabi/5.4.1/../../../../arm-none-eabi/lib/armv7-m\libg_nano.a(lib_a-errno.o)
 .debug_frame   0x00002eb4       0x28 c:/h_da softwares & projects/psoc creator/4.4/psoc creator/import/gnu/arm/5.4.1/bin/../lib/gcc/arm-none-eabi/5.4.1/../../../../arm-none-eabi/lib/armv7-m\libg_nano.a(lib_a-exit.o)
 .debug_frame   0x00002edc       0x2c c:/h_da softwares & projects/psoc creator/4.4/psoc creator/import/gnu/arm/5.4.1/bin/../lib/gcc/arm-none-eabi/5.4.1/../../../../arm-none-eabi/lib/armv7-m\libg_nano.a(lib_a-init.o)
 .debug_frame   0x00002f08       0x28 c:/h_da softwares & projects/psoc creator/4.4/psoc creator/import/gnu/arm/5.4.1/bin/../lib/gcc/arm-none-eabi/5.4.1/../../../../arm-none-eabi/lib/armv7-m\libg_nano.a(lib_a-memcpy-stub.o)
 .debug_frame   0x00002f30       0x20 c:/h_da softwares & projects/psoc creator/4.4/psoc creator/import/gnu/arm/5.4.1/bin/../lib/gcc/arm-none-eabi/5.4.1/../../../../arm-none-eabi/lib/armv7-m\libg_nano.a(lib_a-memset.o)
 .debug_frame   0x00002f50       0x44 c:/h_da softwares & projects/psoc creator/4.4/psoc creator/import/gnu/arm/5.4.1/bin/../lib/gcc/arm-none-eabi/5.4.1/../../../../arm-none-eabi/lib/armv7-m\libg_nano.a(lib_a-rand.o)
 .debug_frame   0x00002f94       0x74 c:/h_da softwares & projects/psoc creator/4.4/psoc creator/import/gnu/arm/5.4.1/bin/../lib/gcc/arm-none-eabi/5.4.1/../../../../arm-none-eabi/lib/armv7-m\libg_nano.a(lib_a-snprintf.o)
 .debug_frame   0x00003008       0x30 c:/h_da softwares & projects/psoc creator/4.4/psoc creator/import/gnu/arm/5.4.1/bin/../lib/gcc/arm-none-eabi/5.4.1/../../../../arm-none-eabi/lib/armv7-m\libg_nano.a(lib_a-malloc.o)
 .debug_frame   0x00003038       0x38 c:/h_da softwares & projects/psoc creator/4.4/psoc creator/import/gnu/arm/5.4.1/bin/../lib/gcc/arm-none-eabi/5.4.1/../../../../arm-none-eabi/lib/armv7-m\libg_nano.a(lib_a-nano-freer.o)
 .debug_frame   0x00003070       0x2c c:/h_da softwares & projects/psoc creator/4.4/psoc creator/import/gnu/arm/5.4.1/bin/../lib/gcc/arm-none-eabi/5.4.1/../../../../arm-none-eabi/lib/armv7-m\libg_nano.a(lib_a-nano-mallocr.o)
 .debug_frame   0x0000309c       0x90 c:/h_da softwares & projects/psoc creator/4.4/psoc creator/import/gnu/arm/5.4.1/bin/../lib/gcc/arm-none-eabi/5.4.1/../../../../arm-none-eabi/lib/armv7-m\libg_nano.a(lib_a-nano-svfprintf.o)
 .debug_frame   0x0000312c       0x60 c:/h_da softwares & projects/psoc creator/4.4/psoc creator/import/gnu/arm/5.4.1/bin/../lib/gcc/arm-none-eabi/5.4.1/../../../../arm-none-eabi/lib/armv7-m\libg_nano.a(lib_a-nano-vfprintf_i.o)
 .debug_frame   0x0000318c       0x2c c:/h_da softwares & projects/psoc creator/4.4/psoc creator/import/gnu/arm/5.4.1/bin/../lib/gcc/arm-none-eabi/5.4.1/../../../../arm-none-eabi/lib/armv7-m\libg_nano.a(lib_a-sbrkr.o)
 .debug_frame   0x000031b8       0x28 c:/h_da softwares & projects/psoc creator/4.4/psoc creator/import/gnu/arm/5.4.1/bin/../lib/gcc/arm-none-eabi/5.4.1/../../../../arm-none-eabi/lib/armv7-m\libg_nano.a(lib_a-memchr-stub.o)
 .debug_frame   0x000031e0       0x28 c:/h_da softwares & projects/psoc creator/4.4/psoc creator/import/gnu/arm/5.4.1/bin/../lib/gcc/arm-none-eabi/5.4.1/../../../../arm-none-eabi/lib/armv7-m\libg_nano.a(lib_a-memmove.o)
 .debug_frame   0x00003208       0x30 c:/h_da softwares & projects/psoc creator/4.4/psoc creator/import/gnu/arm/5.4.1/bin/../lib/gcc/arm-none-eabi/5.4.1/../../../../arm-none-eabi/lib/armv7-m\libg_nano.a(lib_a-mlock.o)
 .debug_frame   0x00003238       0x3c c:/h_da softwares & projects/psoc creator/4.4/psoc creator/import/gnu/arm/5.4.1/bin/../lib/gcc/arm-none-eabi/5.4.1/../../../../arm-none-eabi/lib/armv7-m\libg_nano.a(lib_a-nano-reallocr.o)
 .debug_frame   0x00003274       0x5c c:/h_da softwares & projects/psoc creator/4.4/psoc creator/import/gnu/arm/5.4.1/bin/../lib/gcc/arm-none-eabi/5.4.1/../../../../arm-none-eabi/lib/armv7-m\libg_nano.a(lib_a-reent.o)
 .debug_frame   0x000032d0       0x20 c:/h_da softwares & projects/psoc creator/4.4/psoc creator/import/gnu/arm/5.4.1/bin/../lib/gcc/arm-none-eabi/5.4.1/../../../../arm-none-eabi/lib/armv7-m\libg_nano.a(lib_a-nano-msizer.o)

.debug_str      0x00000000     0x5546
 *(.debug_str)
 .debug_str     0x00000000      0x7e7 .\CortexM3\ARM_GCC_541\Debug\main.o
                                0x856 (size before relaxing)
 .debug_str     0x000007e7      0x348 .\CortexM3\ARM_GCC_541\Debug\TimingAnalyzer.o
                                0x779 (size before relaxing)
 .debug_str     0x00000b2f      0x15a .\CortexM3\ARM_GCC_541\Debug\ReactionGame.o
                                0x72a (size before relaxing)
 .debug_str     0x00000c89       0xf6 .\CortexM3\ARM_GCC_541\Debug\ArcadianLight.o
                                0x523 (size before relaxing)
 .debug_str     0x00000d7f       0xa3 .\CortexM3\ARM_GCC_541\Debug\logging.o
                                0x4cf (size before relaxing)
 .debug_str     0x00000e22       0xf8 .\CortexM3\ARM_GCC_541\Debug\seven.o
                                0x542 (size before relaxing)