Archive member included to satisfy reference by file (symbol)

.\CortexM3\ARM_GCC_541\Debug\ReactionGame.a(RED_LED.o)
                              .\CortexM3\ARM_GCC_541\Debug\pins.o (RED_LED_Write)
.\CortexM3\ARM_GCC_541\Debug\ReactionGame.a(YELLOW_LED.o)
                              .\CortexM3\ARM_GCC_541\Debug\pins.o (YELLOW_LED_Write)
.\CortexM3\ARM_GCC_541\Debug\ReactionGame.a(GREEN_LED.o)
                              .\CortexM3\ARM_GCC_541\Debug\pins.o (GREEN_LED_Write)
.\CortexM3\ARM_GCC_541\Debug\ReactionGame.a(UART_LOG.o)
                              .\CortexM3\ARM_GCC_541\Debug\main.o (UART_LOG_Start)
.\CortexM3\ARM_GCC_541\Debug\ReactionGame.a(UART_LOG_IntClock.o)
                              .\CortexM3\ARM_GCC_541\Debug\ReactionGame.a(UART_LOG.o) (UART_LOG_IntClock_Start)
.\CortexM3\ARM_GCC_541\Debug\ReactionGame.a(CyLib.o)
                              .\CortexM3\ARM_GCC_541\Debug\Cm3Start.o (CyHalt)
.\CortexM3\ARM_GCC_541\Debug\ReactionGame.a(cyPm.o)
                              .\CortexM3\ARM_GCC_541\Debug\ReactionGame.a(CyLib.o) (CyPmReadStatus)
.\CortexM3\ARM_GCC_541\Debug\ReactionGame.a(ErikaOS_ee_activate.o)
                              .\CortexM3\ARM_GCC_541\Debug\main.o (EE_oo_ActivateTask)
.\CortexM3\ARM_GCC_541\Debug\ReactionGame.a(ErikaOS_ee_alsetrel.o)
                              .\CortexM3\ARM_GCC_541\Debug\main.o (EE_oo_SetRelAlarm)
.\CortexM3\ARM_GCC_541\Debug\ReactionGame.a(ErikaOS_ee_altick.o)
                              .\CortexM3\ARM_GCC_541\Debug\ReactionGame.a(ErikaOS_ee_alsetrel.o) (EE_oo_counter_object_insert)
.\CortexM3\ARM_GCC_541\Debug\ReactionGame.a(ErikaOS_ee_evclear.o)
                              .\CortexM3\ARM_GCC_541\Debug\ReactionGame.o (EE_oo_ClearEvent)
.\CortexM3\ARM_GCC_541\Debug\ReactionGame.a(ErikaOS_ee_evget.o)
                              .\CortexM3\ARM_GCC_541\Debug\ReactionGame.o (EE_oo_GetEvent)
.\CortexM3\ARM_GCC_541\Debug\ReactionGame.a(ErikaOS_ee_evset.o)
                              .\CortexM3\ARM_GCC_541\Debug\main.o (EE_oo_SetEvent)
.\CortexM3\ARM_GCC_541\Debug\ReactionGame.a(ErikaOS_ee_evwait.o)
                              .\CortexM3\ARM_GCC_541\Debug\ReactionGame.o (EE_oo_WaitEvent)
.\CortexM3\ARM_GCC_541\Debug\ReactionGame.a(ErikaOS_ee_irqendin.o)
                              .\CortexM3\ARM_GCC_541\Debug\main.o (EE_IRQ_end_post_stub)
.\CortexM3\ARM_GCC_541\Debug\ReactionGame.a(ErikaOS_ee_lockres.o)
                              .\CortexM3\ARM_GCC_541\Debug\ReactionGame.o (EE_oo_GetResource)
.\CortexM3\ARM_GCC_541\Debug\ReactionGame.a(ErikaOS_ee_lookup.o)
                              .\CortexM3\ARM_GCC_541\Debug\ReactionGame.a(ErikaOS_ee_irqendin.o) (EE_oo_IRQ_disable_count)
.\CortexM3\ARM_GCC_541\Debug\ReactionGame.a(ErikaOS_ee_rq_exchg.o)
                              .\CortexM3\ARM_GCC_541\Debug\ReactionGame.a(ErikaOS_ee_activate.o) (EE_rq2stk_exchange)
.\CortexM3\ARM_GCC_541\Debug\ReactionGame.a(ErikaOS_ee_rq_first.o)
                              .\CortexM3\ARM_GCC_541\Debug\ReactionGame.a(ErikaOS_ee_activate.o) (EE_rq_queryfirst)
.\CortexM3\ARM_GCC_541\Debug\ReactionGame.a(ErikaOS_ee_rq_inser.o)
                              .\CortexM3\ARM_GCC_541\Debug\ReactionGame.a(ErikaOS_ee_activate.o) (EE_rq_insert)
.\CortexM3\ARM_GCC_541\Debug\ReactionGame.a(ErikaOS_ee_startos.o)
                              .\CortexM3\ARM_GCC_541\Debug\main.o (EE_oo_StartOS)
.\CortexM3\ARM_GCC_541\Debug\ReactionGame.a(ErikaOS_ee_terminat.o)
                              .\CortexM3\ARM_GCC_541\Debug\main.o (EE_oo_TerminateTask)
.\CortexM3\ARM_GCC_541\Debug\ReactionGame.a(ErikaOS_ee_ulockres.o)
                              .\CortexM3\ARM_GCC_541\Debug\ReactionGame.o (EE_oo_ReleaseResource)
.\CortexM3\ARM_GCC_541\Debug\ReactionGame.a(ErikaOS_cortex_mx_ee_utils.o)
                              .\CortexM3\ARM_GCC_541\Debug\main.o (EE_system_init)
.\CortexM3\ARM_GCC_541\Debug\ReactionGame.a(ErikaOS_common_ee_hal_structs.o)
                              .\CortexM3\ARM_GCC_541\Debug\ReactionGame.a(ErikaOS_ee_irqendin.o) (EE_std_endcycle_next_tid)
.\CortexM3\ARM_GCC_541\Debug\ReactionGame.a(ErikaOS_eecfg.o)
                              .\CortexM3\ARM_GCC_541\Debug\ReactionGame.a(ErikaOS_ee_startos.o) (EE_oo_autostart_task_data)
.\CortexM3\ARM_GCC_541\Debug\ReactionGame.a(ButtonRight.o)
                              .\CortexM3\ARM_GCC_541\Debug\main.o (ButtonRight_Read)
.\CortexM3\ARM_GCC_541\Debug\ReactionGame.a(ButtonLeft.o)
                              .\CortexM3\ARM_GCC_541\Debug\main.o (ButtonLeft_Read)
.\CortexM3\ARM_GCC_541\Debug\ReactionGame.a(SEVEN_DP.o)
                              .\CortexM3\ARM_GCC_541\Debug\seven.o (SEVEN_DP_Write)
.\CortexM3\ARM_GCC_541\Debug\ReactionGame.a(SEVEN_SELECT.o)
                              .\CortexM3\ARM_GCC_541\Debug\seven.o (SEVEN_SELECT_Write)
.\CortexM3\ARM_GCC_541\Debug\ReactionGame.a(SEVEN_reg.o)
                              .\CortexM3\ARM_GCC_541\Debug\seven.o (SEVEN_reg_Write)
[...]
Memory Configuration

Name             Origin             Length             Attributes
rom              0x00000000         0x00040000         xr
ram              0x1fff8000         0x00010000         xrw
*default*        0x00000000         0xffffffff

Linker script and memory map

LOAD c:/h_da softwares & projects/psoc creator/4.4/psoc creator/import/gnu/arm/5.4.1/bin/../lib/gcc/arm-none-eabi/5.4.1/armv7-m/crti.o
LOAD c:/h_da softwares & projects/psoc creator/4.4/psoc creator/import/gnu/arm/5.4.1/bin/../lib/gcc/arm-none-eabi/5.4.1/armv7-m/crtbegin.o
LOAD c:/h_da softwares & projects/psoc creator/4.4/psoc creator/import/gnu/arm/5.4.1/bin/../lib/gcc/arm-none-eabi/5.4.1/../../../../arm-none-eabi/lib/armv7-m/crt0.o
START GROUP
LOAD .\CortexM3\ARM_GCC_541\Debug\main.o
LOAD .\CortexM3\ARM_GCC_541\Debug\TimingAnalyzer.o
LOAD .\CortexM3\ARM_GCC_541\Debug\ReactionGame.o
LOAD .\CortexM3\ARM_GCC_541\Debug\ArcadianLight.o
LOAD .\CortexM3\ARM_GCC_541\Debug\logging.o
LOAD .\CortexM3\ARM_GCC_541\Debug\seven.o
LOAD .\CortexM3\ARM_GCC_541\Debug\pins.o
LOAD .\CortexM3\ARM_GCC_541\Debug\tft.o
LOAD .\CortexM3\ARM_GCC_541\Debug\cyfitter_cfg.o
LOAD .\CortexM3\ARM_GCC_541\Debug\cymetadata.o
LOAD .\CortexM3\ARM_GCC_541\Debug\Cm3Start.o
LOAD .\CortexM3\ARM_GCC_541\Debug\ReactionGame.a
LOAD C:\H_Da Softwares & Projects\PSoC Creator\4.4\PSoC Creator\psoc\content\cycomponentlibrary\CyComponentLibrary.cylib\CortexM3\ARM_GCC_541\Debug\CyComponentLibrary.a
END GROUP
START GROUP
LOAD c:/h_da softwares & projects/psoc creator/4.4/psoc creator/import/gnu/arm/5.4.1/bin/../lib/gcc/arm-none-eabi/5.4.1/armv7-m\libgcc.a
LOAD c:/h_da softwares & projects/psoc creator/4.4/psoc creator/import/gnu/arm/5.4.1/bin/../lib/gcc/arm-none-eabi/5.4.1/../../../../arm-none-eabi/lib/armv7-m\libg_nano.a
LOAD c:/h_da softwares & projects/psoc creator/4.4/psoc creator/import/gnu/arm/5.4.1/bin/../lib/gcc/arm-none-eabi/5.4.1/../../../../arm-none-eabi/lib/armv7-m\libc_nano.a
END GROUP
START GROUP
LOAD c:/h_da softwares & projects/psoc creator/4.4/psoc creator/import/gnu/arm/5.4.1/bin/../lib/gcc/arm-none-eabi/5.4.1/armv7-m\libgcc.a
LOAD c:/h_da softwares & projects/psoc creator/4.4/psoc creator/import/gnu/arm/5.4.1/bin/../lib/gcc/arm-none-eabi/5.4.1/../../../../arm-none-eabi/lib/armv7-m\libc_nano.a
END GROUP
LOAD c:/h_da softwares & projects/psoc creator/4.4/psoc creator/import/gnu/arm/5.4.1/bin/../lib/gcc/arm-none-eabi/5.4.1/armv7-m/crtend.o
LOAD c:/h_da softwares & projects/psoc creator/4.4/psoc creator/import/gnu/arm/5.4.1/bin/../lib/gcc/arm-none-eabi/5.4.1/armv7-m/crtn.o
START GROUP
LOAD c:/h_da softwares & projects/psoc creator/4.4/psoc creator/import/gnu/arm/5.4.1/bin/../lib/gcc/arm-none-eabi/5.4.1/armv7-m\libgcc.a
LOAD c:/h_da softwares & projects/psoc creator/4.4/psoc creator/import/gnu/arm/5.4.1/bin/../lib/gcc/arm-none-eabi/5.4.1/../../../../arm-none-eabi/lib/armv7-m\libc.a
LOAD c:/h_da softwares & projects/psoc creator/4.4/psoc creator/import/gnu/arm/5.4.1/bin/../lib/gcc/arm-none-eabi/5.4.1/../../../../arm-none-eabi/lib/armv7-m\libnosys.a
END GROUP
                0x00000000                CY_APPL_ORIGIN = 0x0
                0x00000100                CY_FLASH_ROW_SIZE = 0x100
                0x00000020                CY_ECC_ROW_SIZE = 0x20
                0x00000000                CY_EE_IN_BTLDR = 0x0
                0x00000000                CY_APPL_LOADABLE = 0x0
                0x00000800                CY_EE_SIZE = 0x800
                0x00000001                CY_APPL_NUM = 0x1
                0x00000001                CY_APPL_MAX = 0x1
                0x00000040                CY_METADATA_SIZE = 0x40
                0x00000000                CY_APPL_LOADABLE = 0x0
                0x00000000                CY_CHECKSUM_EXCLUDE_SIZE = ALIGN (0x0, CY_FLASH_ROW_SIZE)
                [!provide]                PROVIDE (__cy_heap_start, _end)
                0x00000001                PROVIDE (__cy_region_num, ((__cy_regions_end - __cy_regions) / 0x10))
                0x20008000                PROVIDE (__cy_stack, (ORIGIN (ram) + LENGTH (ram)))
                [!provide]                PROVIDE (__cy_heap_end, (__cy_stack - 0x800))

.cybootloader   0x00000000        0x0
 *(.cybootloader)
                0x00000000                appl1_start = CY_APPL_ORIGIN?CY_APPL_ORIGIN:ALIGN (CY_FLASH_ROW_SIZE)
                0x0001ff00                appl2_start = (appl1_start + ALIGN ((((LENGTH (rom) - appl1_start) - (0x2 * CY_FLASH_ROW_SIZE)) / 0x2), CY_FLASH_ROW_SIZE))
                0x00000000                appl_start = (CY_APPL_NUM == 0x1)?appl1_start:appl2_start
                0x00000000                ecc_offset = ((appl_start / CY_FLASH_ROW_SIZE) * CY_ECC_ROW_SIZE)
                0x00000000                ee_offset = (CY_APPL_LOADABLE && ! (CY_EE_IN_BTLDR))?((CY_EE_SIZE / CY_APPL_MAX) * (CY_APPL_NUM - 0x1)):0x0
                0x00000800                ee_size = (CY_APPL_LOADABLE && ! (CY_EE_IN_BTLDR))?(CY_EE_SIZE / CY_APPL_MAX):CY_EE_SIZE
                [!provide]                PROVIDE (CY_ECC_OFFSET, ecc_offset)

.text           0x00000000     0x3066
 CREATE_OBJECT_SYMBOLS
                0x00000000                PROVIDE (__cy_interrupt_vector, RomVectors)
 *(.romvectors)
 .romvectors    0x00000000       0x10 .\CortexM3\ARM_GCC_541\Debug\Cm3Start.o
                0x00000000                RomVectors
                0x00000001                ASSERT ((. != __cy_interrupt_vector), No interrupt vector)
                0x00000001                ASSERT (CY_APPL_ORIGIN?(SIZEOF (.cybootloader) <= CY_APPL_ORIGIN):0x1, Wrong image location)
                0x00000010                PROVIDE (__cy_reset, Reset)
 *(.text.Reset)
 .text.Reset    0x00000010       0x18 .\CortexM3\ARM_GCC_541\Debug\Cm3Start.o
                0x00000010                Reset
                0x00000001                ASSERT ((. != __cy_reset), No reset code)
 *(.dma_init)
                0x00000001                ASSERT ((((appl_start + .) <= 0x10000) || 0x1), DMA Init must be within the first 64k of flash)
 *(.text .text.* .gnu.linkonce.t.*)
 .text          0x00000028       0x5c c:/h_da softwares & projects/psoc creator/4.4/psoc creator/import/gnu/arm/5.4.1/bin/../lib/gcc/arm-none-eabi/5.4.1/armv7-m/crtbegin.o
 .text.main     0x00000084       0x28 .\CortexM3\ARM_GCC_541\Debug\main.o
                0x00000084                main
 .text.Functsk_init
                0x000000ac       0x70 .\CortexM3\ARM_GCC_541\Debug\main.o
                0x000000ac                Functsk_init
 .text.Functsk_timer
                0x0000011c       0x10 .\CortexM3\ARM_GCC_541\Debug\main.o
                0x0000011c                Functsk_timer
 .text.Functsk_arcadian
                0x0000012c       0x10 .\CortexM3\ARM_GCC_541\Debug\main.o
                0x0000012c                Functsk_arcadian
 .text.Functsk_background
                0x0000013c        0x4 .\CortexM3\ARM_GCC_541\Debug\main.o
                0x0000013c                Functsk_background
 .text.ISR2_systick_handler
                0x00000140        0xc .\CortexM3\ARM_GCC_541\Debug\main.o
                0x00000140                ISR2_systick_handler
 .text.systick_handler
                0x0000014c       0x98 .\CortexM3\ARM_GCC_541\Debug\main.o
                0x0000014c                systick_handler
 .text.ISR2_isr_button
                0x000001e4       0x28 .\CortexM3\ARM_GCC_541\Debug\main.o
                0x000001e4                ISR2_isr_button
 .text.isr_button
                0x0000020c       0x98 .\CortexM3\ARM_GCC_541\Debug\main.o
                0x0000020c                isr_button
 .text.TA_init  0x000002a4       0x34 .\CortexM3\ARM_GCC_541\Debug\TimingAnalyzer.o
                0x000002a4                TA_init
 .text.TA_create
                0x000002d8       0x7c .\CortexM3\ARM_GCC_541\Debug\TimingAnalyzer.o
                0x000002d8                TA_create
 .text.TA_start
                0x00000354       0x60 .\CortexM3\ARM_GCC_541\Debug\TimingAnalyzer.o
                0x00000354                TA_start
 .text.TA_calculateElapsedTime
                0x000003b4       0x20 .\CortexM3\ARM_GCC_541\Debug\TimingAnalyzer.o
                0x000003b4                TA_calculateElapsedTime
 .text.TA_stop  0x000003d4       0x70 .\CortexM3\ARM_GCC_541\Debug\TimingAnalyzer.o
                0x000003d4                TA_stop
 .text.TA_getElapsedTimeInMs
                0x00000444       0x10 .\CortexM3\ARM_GCC_541\Debug\TimingAnalyzer.o
                0x00000444                TA_getElapsedTimeInMs
 .text.Functsk_game
                0x00000454      0x1dc .\CortexM3\ARM_GCC_541\Debug\ReactionGame.o
                0x00000454                Functsk_game
 .text.randomTimeCheck
                0x00000630       0x48 .\CortexM3\ARM_GCC_541\Debug\ReactionGame.o
                0x00000630                randomTimeCheck
 .text.timeoutCheck
                0x00000678       0x3c .\CortexM3\ARM_GCC_541\Debug\ReactionGame.o
                0x00000678                timeoutCheck
 .text.Functsk_tft
                0x000006b4        0x8 .\CortexM3\ARM_GCC_541\Debug\ReactionGame.o
                0x000006b4                Functsk_tft
 .text.fader    0x000006bc       0x70 .\CortexM3\ARM_GCC_541\Debug\ArcadianLight.o
                0x000006bc                fader
 .text.glower   0x0000072c       0x38 .\CortexM3\ARM_GCC_541\Debug\ArcadianLight.o
                0x0000072c                glower
 .text.LOG_send
                0x00000764       0x2c .\CortexM3\ARM_GCC_541\Debug\logging.o
                0x00000764                LOG_send
 .text.SEVEN_writeRandom
                0x00000790       0x4c .\CortexM3\ARM_GCC_541\Debug\seven.o
                0x00000790                SEVEN_writeRandom
 .text.SEVEN_Clear
                0x000007dc       0x1c .\CortexM3\ARM_GCC_541\Debug\seven.o
                0x000007dc                SEVEN_Clear
 .text.SEVEN_Init
                0x000007f8       0x14 .\CortexM3\ARM_GCC_541\Debug\seven.o
                0x000007f8                SEVEN_Init
 .text.SEVEN_ClearAll
                0x0000080c       0x2c .\CortexM3\ARM_GCC_541\Debug\seven.o
                0x0000080c                SEVEN_ClearAll
 .text.Pins_Init
                0x00000838       0x18 .\CortexM3\ARM_GCC_541\Debug\pins.o
                0x00000838                Pins_Init
 .text.__TFT_SPI_TX_ISR
                0x00000850       0x58 .\CortexM3\ARM_GCC_541\Debug\tft.o
                0x00000850                __TFT_SPI_TX_ISR
 .text.TFT_send
                0x000008a8       0x84 .\CortexM3\ARM_GCC_541\Debug\tft.o
 .text.setAddrWindow
                0x0000092c       0x88 .\CortexM3\ARM_GCC_541\Debug\tft.o
 .text.TFT_setBacklight
                0x000009b4       0x10 .\CortexM3\ARM_GCC_541\Debug\tft.o
                0x000009b4                TFT_setBacklight
 .text.TFT_setRotation
                0x000009c4       0xc0 .\CortexM3\ARM_GCC_541\Debug\tft.o
                0x000009c4                TFT_setRotation
 .text.TFT_fillRect
                0x00000a84       0x8c .\CortexM3\ARM_GCC_541\Debug\tft.o
                0x00000a84                TFT_fillRect
 .text.TFT_fillScreen
                0x00000b10       0x24 .\CortexM3\ARM_GCC_541\Debug\tft.o
                0x00000b10                TFT_fillScreen
 .text.TFT_init
                0x00000b34       0xe4 .\CortexM3\ARM_GCC_541\Debug\tft.o
                0x00000b34                TFT_init
 .text.CyClockStartupError
                0x00000c18        0x4 .\CortexM3\ARM_GCC_541\Debug\cyfitter_cfg.o
 .text.cfg_write_bytes32
                0x00000c1c       0x34 .\CortexM3\ARM_GCC_541\Debug\cyfitter_cfg.o
 .text.AnalogSetDefault
                0x00000c50       0x28 .\CortexM3\ARM_GCC_541\Debug\cyfitter_cfg.o
 .text.CYMEMZERO
                0x00000c78        0xc .\CortexM3\ARM_GCC_541\Debug\cyfitter_cfg.o
 .text.ClockSetup
                0x00000c84       0xe0 .\CortexM3\ARM_GCC_541\Debug\cyfitter_cfg.o
 .text.CYCONFIGCPY
                0x00000d64        0x8 .\CortexM3\ARM_GCC_541\Debug\cyfitter_cfg.o
 .text.cyfitter_cfg
                0x00000d6c      0x138 .\CortexM3\ARM_GCC_541\Debug\cyfitter_cfg.o
                0x00000d6c                cyfitter_cfg
 .text.IntDefaultHandler
                0x00000ea4       0x10 .\CortexM3\ARM_GCC_541\Debug\Cm3Start.o
                0x00000ea4                IntDefaultHandler
 .text._sbrk    0x00000eb4       0x30 .\CortexM3\ARM_GCC_541\Debug\Cm3Start.o
                0x00000eb4                _sbrk
 .text.Start_c  0x00000ee4       0x4c .\CortexM3\ARM_GCC_541\Debug\Cm3Start.o
                0x00000ee4                Start_c
 .text.initialize_psoc
                0x00000f30       0x68 .\CortexM3\ARM_GCC_541\Debug\Cm3Start.o
                0x00000f30                initialize_psoc
 .text.RED_LED_Write
                0x00000f98       0x18 .\CortexM3\ARM_GCC_541\Debug\ReactionGame.a(RED_LED.o)
                0x00000f98                RED_LED_Write
 .text.YELLOW_LED_Write
                0x00000fb0       0x18 .\CortexM3\ARM_GCC_541\Debug\ReactionGame.a(YELLOW_LED.o)
                0x00000fb0                YELLOW_LED_Write
 .text.GREEN_LED_Write
                0x00000fc8       0x18 .\CortexM3\ARM_GCC_541\Debug\ReactionGame.a(GREEN_LED.o)
                0x00000fc8                GREEN_LED_Write
 .text.UART_LOG_Init
                0x00000fe0       0x28 .\CortexM3\ARM_GCC_541\Debug\ReactionGame.a(UART_LOG.o)
                0x00000fe0                UART_LOG_Init
 .text.UART_LOG_Enable
                0x00001008       0x38 .\CortexM3\ARM_GCC_541\Debug\ReactionGame.a(UART_LOG.o)
                0x00001008                UART_LOG_Enable
 .text.UART_LOG_Start
                0x00001040       0x1c .\CortexM3\ARM_GCC_541\Debug\ReactionGame.a(UART_LOG.o)
                0x00001040                UART_LOG_Start
 .text.UART_LOG_PutChar
                0x0000105c       0x18 .\CortexM3\ARM_GCC_541\Debug\ReactionGame.a(UART_LOG.o)
                0x0000105c                UART_LOG_PutChar
 .text.UART_LOG_PutString
                0x00001074       0x24 .\CortexM3\ARM_GCC_541\Debug\ReactionGame.a(UART_LOG.o)
                0x00001074                UART_LOG_PutString
 .text.UART_LOG_IntClock_Start
                0x00001098       0x1c .\CortexM3\ARM_GCC_541\Debug\ReactionGame.a(UART_LOG_IntClock.o)
                0x00001098                UART_LOG_IntClock_Start
 .text.CyHalt   0x000010b4        0x4 .\CortexM3\ARM_GCC_541\Debug\ReactionGame.a(CyLib.o)
                0x000010b4                CyHalt
 .text.CyDelay  0x000010b8       0x2c .\CortexM3\ARM_GCC_541\Debug\ReactionGame.a(CyLib.o)
                0x000010b8                CyDelay
 .text.CyIntSetPriority
                0x000010e4       0x30 .\CortexM3\ARM_GCC_541\Debug\ReactionGame.a(CyLib.o)
                0x000010e4                CyIntSetPriority
 .text.EE_oo_ActivateTask
                0x00001114       0xe8 .\CortexM3\ARM_GCC_541\Debug\ReactionGame.a(ErikaOS_ee_activate.o)
                0x00001114                EE_oo_ActivateTask
 .text.EE_oo_SetRelAlarm
                0x000011fc       0x80 .\CortexM3\ARM_GCC_541\Debug\ReactionGame.a(ErikaOS_ee_alsetrel.o)
                0x000011fc                EE_oo_SetRelAlarm
 .text.EE_oo_handle_action_callback
                0x0000127c        0xc .\CortexM3\ARM_GCC_541\Debug\ReactionGame.a(ErikaOS_ee_altick.o)
 .text.EE_oo_handle_action_task
                0x00001288       0x4c .\CortexM3\ARM_GCC_541\Debug\ReactionGame.a(ErikaOS_ee_altick.o)
 .text.EE_oo_handle_action_event
                0x000012d4       0x60 .\CortexM3\ARM_GCC_541\Debug\ReactionGame.a(ErikaOS_ee_altick.o)
 .text.EE_oo_handle_action
                0x00001334       0x28 .\CortexM3\ARM_GCC_541\Debug\ReactionGame.a(ErikaOS_ee_altick.o)
 .text.EE_oo_counter_object_insert
                0x0000135c       0x9c .\CortexM3\ARM_GCC_541\Debug\ReactionGame.a(ErikaOS_ee_altick.o)
                0x0000135c                EE_oo_counter_object_insert
 .text.EE_oo_IncrementCounterImplementation
                0x000013f8      0x100 .\CortexM3\ARM_GCC_541\Debug\ReactionGame.a(ErikaOS_ee_altick.o)
                0x000013f8                EE_oo_IncrementCounterImplementation
 .text.EE_oo_IncrementCounter
                0x000014f8       0xb0 .\CortexM3\ARM_GCC_541\Debug\ReactionGame.a(ErikaOS_ee_altick.o)
                0x000014f8                EE_oo_IncrementCounter
 .text.EE_oo_ClearEvent
                0x000015a8       0x5c .\CortexM3\ARM_GCC_541\Debug\ReactionGame.a(ErikaOS_ee_evclear.o)
                0x000015a8                EE_oo_ClearEvent
 .text.EE_oo_GetEvent
                0x00001604       0x40 .\CortexM3\ARM_GCC_541\Debug\ReactionGame.a(ErikaOS_ee_evget.o)
                0x00001604                EE_oo_GetEvent
 .text.EE_oo_SetEvent
                0x00001644      0x100 .\CortexM3\ARM_GCC_541\Debug\ReactionGame.a(ErikaOS_ee_evset.o)
                0x00001644                EE_oo_SetEvent
 .text.EE_oo_WaitEvent
                0x00001744      0x124 .\CortexM3\ARM_GCC_541\Debug\ReactionGame.a(ErikaOS_ee_evwait.o)
                0x00001744                EE_oo_WaitEvent
 .text.EE_IRQ_run_next_task
                0x00001868       0x30 .\CortexM3\ARM_GCC_541\Debug\ReactionGame.a(ErikaOS_ee_irqendin.o)
 .text.EE_IRQ_end_instance
                0x00001898       0x68 .\CortexM3\ARM_GCC_541\Debug\ReactionGame.a(ErikaOS_ee_irqendin.o)
                0x00001898                EE_IRQ_end_instance
 .text.EE_IRQ_end_post_stub
                0x00001900       0x14 .\CortexM3\ARM_GCC_541\Debug\ReactionGame.a(ErikaOS_ee_irqendin.o)
                0x00001900                EE_IRQ_end_post_stub
 .text.EE_oo_GetResource
                0x00001914       0xa8 .\CortexM3\ARM_GCC_541\Debug\ReactionGame.a(ErikaOS_ee_lockres.o)
                0x00001914                EE_oo_GetResource
 .text.EE_rq2stk_exchange
                0x000019bc       0x88 .\CortexM3\ARM_GCC_541\Debug\ReactionGame.a(ErikaOS_ee_rq_exchg.o)
                0x000019bc                EE_rq2stk_exchange
 .text.EE_rq_queryfirst
                0x00001a44       0x44 .\CortexM3\ARM_GCC_541\Debug\ReactionGame.a(ErikaOS_ee_rq_first.o)
                0x00001a44                EE_rq_queryfirst
 .text.EE_rq_insert
                0x00001a88       0x74 .\CortexM3\ARM_GCC_541\Debug\ReactionGame.a(ErikaOS_ee_rq_inser.o)
                0x00001a88                EE_rq_insert
 .text.compute_task_tid
                0x00001afc       0x10 .\CortexM3\ARM_GCC_541\Debug\ReactionGame.a(ErikaOS_ee_startos.o)
 .text.EE_oo_start_os
                0x00001b0c        0xc .\CortexM3\ARM_GCC_541\Debug\ReactionGame.a(ErikaOS_ee_startos.o)
 .text.EE_oo_autostart_tasks
                0x00001b18       0x60 .\CortexM3\ARM_GCC_541\Debug\ReactionGame.a(ErikaOS_ee_startos.o)
 .text.EE_oo_autostart_os
                0x00001b78        0xc .\CortexM3\ARM_GCC_541\Debug\ReactionGame.a(ErikaOS_ee_startos.o)
 .text.EE_oo_StartOS
                0x00001b84       0x8c .\CortexM3\ARM_GCC_541\Debug\ReactionGame.a(ErikaOS_ee_startos.o)
                0x00001b84                EE_oo_StartOS
 .text.EE_oo_TerminateTask
                0x00001c10       0x50 .\CortexM3\ARM_GCC_541\Debug\ReactionGame.a(ErikaOS_ee_terminat.o)
                0x00001c10                EE_oo_TerminateTask
 .text.EE_oo_ReleaseResource
                0x00001c60      0x124 .\CortexM3\ARM_GCC_541\Debug\ReactionGame.a(ErikaOS_ee_ulockres.o)
                0x00001c60                EE_oo_ReleaseResource
 .text.EE_system_init
                0x00001d84       0x48 .\CortexM3\ARM_GCC_541\Debug\ReactionGame.a(ErikaOS_cortex_mx_ee_utils.o)
                0x00001d84                EE_system_init
 .text.ButtonRight_Read
                0x00001dcc       0x10 .\CortexM3\ARM_GCC_541\Debug\ReactionGame.a(ButtonRight.o)
                0x00001dcc                ButtonRight_Read
 .text.ButtonLeft_Read
                0x00001ddc       0x10 .\CortexM3\ARM_GCC_541\Debug\ReactionGame.a(ButtonLeft.o)
                0x00001ddc                ButtonLeft_Read
 .text.SEVEN_SELECT_Write
                0x00001dec       0x18 .\CortexM3\ARM_GCC_541\Debug\ReactionGame.a(SEVEN_SELECT.o)
                0x00001dec                SEVEN_SELECT_Write
 .text.SEVEN_reg_Write
                0x00001e04        0xc .\CortexM3\ARM_GCC_541\Debug\ReactionGame.a(SEVEN_reg.o)
                0x00001e04                SEVEN_reg_Write
 .text.SEVEN_reg_Read
                0x00001e10        0xc .\CortexM3\ARM_GCC_541\Debug\ReactionGame.a(SEVEN_reg.o)
                0x00001e10                SEVEN_reg_Read
 .text.TFT_SPI_Enable
                0x00001e1c       0x34 .\CortexM3\ARM_GCC_541\Debug\ReactionGame.a(TFT_SPI.o)
                0x00001e1c                TFT_SPI_Enable
 .text.TFT_SPI_ReadTxStatus
                0x00001e50        0xc .\CortexM3\ARM_GCC_541\Debug\ReactionGame.a(TFT_SPI.o)
                0x00001e50                TFT_SPI_ReadTxStatus
 .text.TFT_SPI_ReadRxStatus
                0x00001e5c        0xc .\CortexM3\ARM_GCC_541\Debug\ReactionGame.a(TFT_SPI.o)
                0x00001e5c                TFT_SPI_ReadRxStatus
 .text.TFT_SPI_WriteTxData
                0x00001e68       0x18 .\CortexM3\ARM_GCC_541\Debug\ReactionGame.a(TFT_SPI.o)
                0x00001e68                TFT_SPI_WriteTxData
 .text.TFT_SPI_ClearFIFO
                0x00001e80       0x3c .\CortexM3\ARM_GCC_541\Debug\ReactionGame.a(TFT_SPI.o)
                0x00001e80                TFT_SPI_ClearFIFO
 .text.TFT_SPI_Init
                0x00001ebc       0x28 .\CortexM3\ARM_GCC_541\Debug\ReactionGame.a(TFT_SPI.o)
                0x00001ebc                TFT_SPI_Init
 .text.TFT_SPI_Start
                0x00001ee4       0x1c .\CortexM3\ARM_GCC_541\Debug\ReactionGame.a(TFT_SPI.o)
                0x00001ee4                TFT_SPI_Start
 .text.TFT_DC_Write
                0x00001f00       0x18 .\CortexM3\ARM_GCC_541\Debug\ReactionGame.a(TFT_DC.o)
                0x00001f00                TFT_DC_Write
 .text.TFT_RES_Write
                0x00001f18       0x18 .\CortexM3\ARM_GCC_541\Debug\ReactionGame.a(TFT_RES.o)
                0x00001f18                TFT_RES_Write
 .text.TFT_BackLight_Enable
                0x00001f30       0x28 .\CortexM3\ARM_GCC_541\Debug\ReactionGame.a(TFT_BackLight.o)
                0x00001f30                TFT_BackLight_Enable
 .text.TFT_BackLight_WritePeriod
                0x00001f58        0xc .\CortexM3\ARM_GCC_541\Debug\ReactionGame.a(TFT_BackLight.o)
                0x00001f58                TFT_BackLight_WritePeriod
 .text.TFT_BackLight_WriteCompare
                0x00001f64        0xc .\CortexM3\ARM_GCC_541\Debug\ReactionGame.a(TFT_BackLight.o)
                0x00001f64                TFT_BackLight_WriteCompare
 .text.TFT_BackLight_SetInterruptMode
                0x00001f70        0xc .\CortexM3\ARM_GCC_541\Debug\ReactionGame.a(TFT_BackLight.o)
                0x00001f70                TFT_BackLight_SetInterruptMode
 .text.TFT_BackLight_Init
                0x00001f7c       0x74 .\CortexM3\ARM_GCC_541\Debug\ReactionGame.a(TFT_BackLight.o)
                0x00001f7c                TFT_BackLight_Init
 .text.TFT_BackLight_Start
                0x00001ff0       0x1c .\CortexM3\ARM_GCC_541\Debug\ReactionGame.a(TFT_BackLight.o)
                0x00001ff0                TFT_BackLight_Start
 .text.TFT_SPI_IntClock_Start
                0x0000200c       0x1c .\CortexM3\ARM_GCC_541\Debug\ReactionGame.a(TFT_SPI_IntClock.o)
                0x0000200c                TFT_SPI_IntClock_Start
 .text.PWM_RED_Enable
                0x00002028       0x10 .\CortexM3\ARM_GCC_541\Debug\ReactionGame.a(PWM_RED.o)
                0x00002028                PWM_RED_Enable
 .text.PWM_RED_WriteCounter
                0x00002038        0xc .\CortexM3\ARM_GCC_541\Debug\ReactionGame.a(PWM_RED.o)
                0x00002038                PWM_RED_WriteCounter
 .text.PWM_RED_WritePeriod
                0x00002044        0xc .\CortexM3\ARM_GCC_541\Debug\ReactionGame.a(PWM_RED.o)
                0x00002044                PWM_RED_WritePeriod
 .text.PWM_RED_WriteCompare
                0x00002050        0xc .\CortexM3\ARM_GCC_541\Debug\ReactionGame.a(PWM_RED.o)
                0x00002050                PWM_RED_WriteCompare
 .text.PWM_RED_Init
                0x0000205c       0x34 .\CortexM3\ARM_GCC_541\Debug\ReactionGame.a(PWM_RED.o)
                0x0000205c                PWM_RED_Init
 .text.PWM_RED_Start
                0x00002090       0x1c .\CortexM3\ARM_GCC_541\Debug\ReactionGame.a(PWM_RED.o)
                0x00002090                PWM_RED_Start
 .text.PWM_YELLOW_Enable
                0x000020ac       0x10 .\CortexM3\ARM_GCC_541\Debug\ReactionGame.a(PWM_YELLOW.o)
                0x000020ac                PWM_YELLOW_Enable
 .text.PWM_YELLOW_WriteCounter
                0x000020bc        0xc .\CortexM3\ARM_GCC_541\Debug\ReactionGame.a(PWM_YELLOW.o)
                0x000020bc                PWM_YELLOW_WriteCounter
 .text.PWM_YELLOW_WritePeriod
                0x000020c8        0xc .\CortexM3\ARM_GCC_541\Debug\ReactionGame.a(PWM_YELLOW.o)
                0x000020c8                PWM_YELLOW_WritePeriod
 .text.PWM_YELLOW_WriteCompare
                0x000020d4        0xc .\CortexM3\ARM_GCC_541\Debug\ReactionGame.a(PWM_YELLOW.o)
                0x000020d4                PWM_YELLOW_WriteCompare
 .text.PWM_YELLOW_Init
                0x000020e0       0x34 .\CortexM3\ARM_GCC_541\Debug\ReactionGame.a(PWM_YELLOW.o)
                0x000020e0                PWM_YELLOW_Init
 .text.PWM_YELLOW_Start
                0x00002114       0x1c .\CortexM3\ARM_GCC_541\Debug\ReactionGame.a(PWM_YELLOW.o)
                0x00002114                PWM_YELLOW_Start
 .text.PWM_GREEN_Enable
                0x00002130       0x10 .\CortexM3\ARM_GCC_541\Debug\ReactionGame.a(PWM_GREEN.o)
                0x00002130                PWM_GREEN_Enable
 .text.PWM_GREEN_WriteCounter
                0x00002140        0xc .\CortexM3\ARM_GCC_541\Debug\ReactionGame.a(PWM_GREEN.o)
                0x00002140                PWM_GREEN_WriteCounter
 .text.PWM_GREEN_WritePeriod
                0x0000214c        0xc .\CortexM3\ARM_GCC_541\Debug\ReactionGame.a(PWM_GREEN.o)
                0x0000214c                PWM_GREEN_WritePeriod
 .text.PWM_GREEN_WriteCompare
                0x00002158        0xc .\CortexM3\ARM_GCC_541\Debug\ReactionGame.a(PWM_GREEN.o)
                0x00002158                PWM_GREEN_WriteCompare
 .text.PWM_GREEN_Init
                0x00002164       0x34 .\CortexM3\ARM_GCC_541\Debug\ReactionGame.a(PWM_GREEN.o)
                0x00002164                PWM_GREEN_Init
 .text.PWM_GREEN_Start
                0x00002198       0x1c .\CortexM3\ARM_GCC_541\Debug\ReactionGame.a(PWM_GREEN.o)
                0x00002198                PWM_GREEN_Start
 .text.PWM_RGB_RED_Enable
                0x000021b4       0x10 .\CortexM3\ARM_GCC_541\Debug\ReactionGame.a(PWM_RGB_RED.o)
                0x000021b4                PWM_RGB_RED_Enable
 .text.PWM_RGB_RED_WriteCounter
                0x000021c4        0xc .\CortexM3\ARM_GCC_541\Debug\ReactionGame.a(PWM_RGB_RED.o)
                0x000021c4                PWM_RGB_RED_WriteCounter
 .text.PWM_RGB_RED_WritePeriod
                0x000021d0        0xc .\CortexM3\ARM_GCC_541\Debug\ReactionGame.a(PWM_RGB_RED.o)
                0x000021d0                PWM_RGB_RED_WritePeriod
 .text.PWM_RGB_RED_WriteCompare
                0x000021dc        0xc .\CortexM3\ARM_GCC_541\Debug\ReactionGame.a(PWM_RGB_RED.o)
                0x000021dc                PWM_RGB_RED_WriteCompare
 .text.PWM_RGB_RED_Init
                0x000021e8       0x34 .\CortexM3\ARM_GCC_541\Debug\ReactionGame.a(PWM_RGB_RED.o)
                0x000021e8                PWM_RGB_RED_Init
 .text.PWM_RGB_RED_Start
                0x0000221c       0x1c .\CortexM3\ARM_GCC_541\Debug\ReactionGame.a(PWM_RGB_RED.o)
                0x0000221c                PWM_RGB_RED_Start
 .text.PWM_RGB_GREEN_Enable
                0x00002238       0x10 .\CortexM3\ARM_GCC_541\Debug\ReactionGame.a(PWM_RGB_GREEN.o)
                0x00002238                PWM_RGB_GREEN_Enable
 .text.PWM_RGB_GREEN_WriteCounter
                0x00002248        0xc .\CortexM3\ARM_GCC_541\Debug\ReactionGame.a(PWM_RGB_GREEN.o)
                0x00002248                PWM_RGB_GREEN_WriteCounter
 .text.PWM_RGB_GREEN_WritePeriod
                0x00002254        0xc .\CortexM3\ARM_GCC_541\Debug\ReactionGame.a(PWM_RGB_GREEN.o)
                0x00002254                PWM_RGB_GREEN_WritePeriod
 .text.PWM_RGB_GREEN_WriteCompare
                0x00002260        0xc .\CortexM3\ARM_GCC_541\Debug\ReactionGame.a(PWM_RGB_GREEN.o)
                0x00002260                PWM_RGB_GREEN_WriteCompare
 .text.PWM_RGB_GREEN_Init
                0x0000226c       0x34 .\CortexM3\ARM_GCC_541\Debug\ReactionGame.a(PWM_RGB_GREEN.o)
                0x0000226c                PWM_RGB_GREEN_Init
 .text.PWM_RGB_GREEN_Start
                0x000022a0       0x1c .\CortexM3\ARM_GCC_541\Debug\ReactionGame.a(PWM_RGB_GREEN.o)
                0x000022a0                PWM_RGB_GREEN_Start
 .text.PWM_RGB_BLUE_Enable
                0x000022bc       0x10 .\CortexM3\ARM_GCC_541\Debug\ReactionGame.a(PWM_RGB_BLUE.o)
                0x000022bc                PWM_RGB_BLUE_Enable
 .text.PWM_RGB_BLUE_WriteCounter
                0x000022cc        0xc .\CortexM3\ARM_GCC_541\Debug\ReactionGame.a(PWM_RGB_BLUE.o)
                0x000022cc                PWM_RGB_BLUE_WriteCounter
 .text.PWM_RGB_BLUE_WritePeriod
                0x000022d8        0xc .\CortexM3\ARM_GCC_541\Debug\ReactionGame.a(PWM_RGB_BLUE.o)
                0x000022d8                PWM_RGB_BLUE_WritePeriod
 .text.PWM_RGB_BLUE_WriteCompare
                0x000022e4        0xc .\CortexM3\ARM_GCC_541\Debug\ReactionGame.a(PWM_RGB_BLUE.o)
                0x000022e4                PWM_RGB_BLUE_WriteCompare
 .text.PWM_RGB_BLUE_Init
                0x000022f0       0x34 .\CortexM3\ARM_GCC_541\Debug\ReactionGame.a(PWM_RGB_BLUE.o)
                0x000022f0                PWM_RGB_BLUE_Init
 .text.PWM_RGB_BLUE_Start
                0x00002324       0x1c .\CortexM3\ARM_GCC_541\Debug\ReactionGame.a(PWM_RGB_BLUE.o)
                0x00002324                PWM_RGB_BLUE_Start
 .text          0x00002340       0x20 .\CortexM3\ARM_GCC_541\Debug\ReactionGame.a(CyBootAsmGnu.o)
                0x00002340                CyDelayCycles
                0x00002350                CyEnterCriticalSection
                0x00002358                CyExitCriticalSection
 .text          0x00002360       0x7c .\CortexM3\ARM_GCC_541\Debug\ReactionGame.a(ErikaOS_ee_gnu_change_context_isr.o)
                0x00002360                EE_set_switch_context_pri
                0x0000237a                EE_switch_context
                0x00002384                EE_cortex_mx_pendsv_ISR
                0x000023c0                EE_cortex_mx_svc_ISR
 .text          0x000023dc       0x24 .\CortexM3\ARM_GCC_541\Debug\ReactionGame.a(ErikaOS_ee_gnu_irq_stack.o)
                0x000023dc                EE_cortex_mx_change_IRQ_stack
                0x000023ee                EE_cortex_mx_change_IRQ_stack_back
 .text          0x00002400       0x68 .\CortexM3\ARM_GCC_541\Debug\ReactionGame.a(ErikaOS_ee_gnu_multi_context.o)
                0x00002400                EE_cortex_mx_change_context
 .text          0x00002468       0x80 .\CortexM3\ARM_GCC_541\Debug\ReactionGame.a(ErikaOS_ee_gnu_oo.o)
                0x00002468                EE_hal_terminate_savestk
                0x000024b2                EE_hal_terminate_task
 .text.EE_thread_not_terminated
                0x000024e8       0x18 .\CortexM3\ARM_GCC_541\Debug\ReactionGame.a(ErikaOS_ee_tnterm.o)
                0x000024e8                EE_thread_not_terminated
 .text.EE_oo_thread_stub
                0x00002500       0x10 .\CortexM3\ARM_GCC_541\Debug\ReactionGame.a(ErikaOS_ee_tstub.o)
                0x00002500                EE_oo_thread_stub
 .text.EE_oo_release_all_resources
                0x00002510       0x58 .\CortexM3\ARM_GCC_541\Debug\ReactionGame.a(ErikaOS_ee_ulockallres.o)
                0x00002510                EE_oo_release_all_resources
 .text.EE_std_run_task_code
                0x00002568       0x18 .\CortexM3\ARM_GCC_541\Debug\ReactionGame.a(ErikaOS_cortex_mx_ee_context.o)
                0x00002568                EE_std_run_task_code
 .text.EE_std_need_context_change
                0x00002580       0x28 .\CortexM3\ARM_GCC_541\Debug\ReactionGame.a(ErikaOS_cortex_mx_ee_context.o)
                0x00002580                EE_std_need_context_change
 .text.EE_thread_rnact_max
                0x000025a8       0x20 .\CortexM3\ARM_GCC_541\Debug\ReactionGame.a(ErikaOS_ee_thendin.o)
 .text.EE_thread_endcycle_next
                0x000025c8       0x30 .\CortexM3\ARM_GCC_541\Debug\ReactionGame.a(ErikaOS_ee_thendin.o)
 .text.EE_thread_end_instance
                0x000025f8      0x108 .\CortexM3\ARM_GCC_541\Debug\ReactionGame.a(ErikaOS_ee_thendin.o)
                0x000025f8                EE_thread_end_instance
 .text.__errno  0x00002700        0xc c:/h_da softwares & projects/psoc creator/4.4/psoc creator/import/gnu/arm/5.4.1/bin/../lib/gcc/arm-none-eabi/5.4.1/../../../../arm-none-eabi/lib/armv7-m\libg_nano.a(lib_a-errno.o)
                0x00002700                __errno
 .text.__libc_init_array
                0x0000270c       0x4c c:/h_da softwares & projects/psoc creator/4.4/psoc creator/import/gnu/arm/5.4.1/bin/../lib/gcc/arm-none-eabi/5.4.1/../../../../arm-none-eabi/lib/armv7-m\libg_nano.a(lib_a-init.o)
                0x0000270c                __libc_init_array
 .text.memcpy   0x00002758       0x16 c:/h_da softwares & projects/psoc creator/4.4/psoc creator/import/gnu/arm/5.4.1/bin/../lib/gcc/arm-none-eabi/5.4.1/../../../../arm-none-eabi/lib/armv7-m\libg_nano.a(lib_a-memcpy-stub.o)
                0x00002758                memcpy
 .text.memset   0x0000276e       0x10 c:/h_da softwares & projects/psoc creator/4.4/psoc creator/import/gnu/arm/5.4.1/bin/../lib/gcc/arm-none-eabi/5.4.1/../../../../arm-none-eabi/lib/armv7-m\libg_nano.a(lib_a-memset.o)
                0x0000276e                memset
 *fill*         0x0000277e        0x2 
 .text.rand     0x00002780       0x74 c:/h_da softwares & projects/psoc creator/4.4/psoc creator/import/gnu/arm/5.4.1/bin/../lib/gcc/arm-none-eabi/5.4.1/../../../../arm-none-eabi/lib/armv7-m\libg_nano.a(lib_a-rand.o)
                0x00002780                rand
 .text.snprintf
                0x000027f4       0x64 c:/h_da softwares & projects/psoc creator/4.4/psoc creator/import/gnu/arm/5.4.1/bin/../lib/gcc/arm-none-eabi/5.4.1/../../../../arm-none-eabi/lib/armv7-m\libg_nano.a(lib_a-snprintf.o)
                0x000027f4                sniprintf
                0x000027f4                snprintf
 .text.malloc   0x00002858       0x10 c:/h_da softwares & projects/psoc creator/4.4/psoc creator/import/gnu/arm/5.4.1/bin/../lib/gcc/arm-none-eabi/5.4.1/../../../../arm-none-eabi/lib/armv7-m\libg_nano.a(lib_a-malloc.o)
                0x00002858                malloc
 .text._free_r  0x00002868       0x98 c:/h_da softwares & projects/psoc creator/4.4/psoc creator/import/gnu/arm/5.4.1/bin/../lib/gcc/arm-none-eabi/5.4.1/../../../../arm-none-eabi/lib/armv7-m\libg_nano.a(lib_a-nano-freer.o)
                0x00002868                _free_r
 .text._malloc_r
                0x00002900       0xbc c:/h_da softwares & projects/psoc creator/4.4/psoc creator/import/gnu/arm/5.4.1/bin/../lib/gcc/arm-none-eabi/5.4.1/../../../../arm-none-eabi/lib/armv7-m\libg_nano.a(lib_a-nano-mallocr.o)
                0x00002900                _malloc_r
 .text.__ssputs_r
                0x000029bc       0xb2 c:/h_da softwares & projects/psoc creator/4.4/psoc creator/import/gnu/arm/5.4.1/bin/../lib/gcc/arm-none-eabi/5.4.1/../../../../arm-none-eabi/lib/armv7-m\libg_nano.a(lib_a-nano-svfprintf.o)
                0x000029bc                __ssputs_r
 *fill*         0x00002a6e        0x2 
 .text._svfprintf_r
                0x00002a70      0x1e8 c:/h_da softwares & projects/psoc creator/4.4/psoc creator/import/gnu/arm/5.4.1/bin/../lib/gcc/arm-none-eabi/5.4.1/../../../../arm-none-eabi/lib/armv7-m\libg_nano.a(lib_a-nano-svfprintf.o)
                0x00002a70                _svfiprintf_r
                0x00002a70                _svfprintf_r
 .text._printf_common
                0x00002c58       0xec c:/h_da softwares & projects/psoc creator/4.4/psoc creator/import/gnu/arm/5.4.1/bin/../lib/gcc/arm-none-eabi/5.4.1/../../../../arm-none-eabi/lib/armv7-m\libg_nano.a(lib_a-nano-vfprintf_i.o)
                0x00002c58                _printf_common
 .text._printf_i
                0x00002d44      0x24c c:/h_da softwares & projects/psoc creator/4.4/psoc creator/import/gnu/arm/5.4.1/bin/../lib/gcc/arm-none-eabi/5.4.1/../../../../arm-none-eabi/lib/armv7-m\libg_nano.a(lib_a-nano-vfprintf_i.o)
                0x00002d44                _printf_i
 .text._sbrk_r  0x00002f90       0x20 c:/h_da softwares & projects/psoc creator/4.4/psoc creator/import/gnu/arm/5.4.1/bin/../lib/gcc/arm-none-eabi/5.4.1/../../../../arm-none-eabi/lib/armv7-m\libg_nano.a(lib_a-sbrkr.o)
                0x00002f90                _sbrk_r
 .text.memchr   0x00002fb0       0x1c c:/h_da softwares & projects/psoc creator/4.4/psoc creator/import/gnu/arm/5.4.1/bin/../lib/gcc/arm-none-eabi/5.4.1/../../../../arm-none-eabi/lib/armv7-m\libg_nano.a(lib_a-memchr-stub.o)
                0x00002fb0                memchr
 .text.memmove  0x00002fcc       0x36 c:/h_da softwares & projects/psoc creator/4.4/psoc creator/import/gnu/arm/5.4.1/bin/../lib/gcc/arm-none-eabi/5.4.1/../../../../arm-none-eabi/lib/armv7-m\libg_nano.a(lib_a-memmove.o)
                0x00002fcc                memmove
 .text.__malloc_lock
                0x00003002        0x2 c:/h_da softwares & projects/psoc creator/4.4/psoc creator/import/gnu/arm/5.4.1/bin/../lib/gcc/arm-none-eabi/5.4.1/../../../../arm-none-eabi/lib/armv7-m\libg_nano.a(lib_a-mlock.o)
                0x00003002                __malloc_lock
 .text.__malloc_unlock
                0x00003004        0x2 c:/h_da softwares & projects/psoc creator/4.4/psoc creator/import/gnu/arm/5.4.1/bin/../lib/gcc/arm-none-eabi/5.4.1/../../../../arm-none-eabi/lib/armv7-m\libg_nano.a(lib_a-mlock.o)
                0x00003004                __malloc_unlock
 .text._realloc_r
                0x00003006       0x4c c:/h_da softwares & projects/psoc creator/4.4/psoc creator/import/gnu/arm/5.4.1/bin/../lib/gcc/arm-none-eabi/5.4.1/../../../../arm-none-eabi/lib/armv7-m\libg_nano.a(lib_a-nano-reallocr.o)
                0x00003006                _realloc_r
 .text._malloc_usable_size_r
                0x00003052       0x14 c:/h_da softwares & projects/psoc creator/4.4/psoc creator/import/gnu/arm/5.4.1/bin/../lib/gcc/arm-none-eabi/5.4.1/../../../../arm-none-eabi/lib/armv7-m\libg_nano.a(lib_a-nano-msizer.o)
                0x00003052                _malloc_usable_size_r
 *(.plt)
 *(.gnu.warning)
 *(.glue_7t)
 .glue_7t       0x00003066        0x0 linker stubs
 *(.glue_7)
 .glue_7        0x00003066        0x0 linker stubs
 *(.vfp11_veneer)
 .vfp11_veneer  0x00003066        0x0 linker stubs
 *(.bootloader)
 *(.ARM.extab* .gnu.linkonce.armextab.*)
 *(.gcc_except_table)

.v4_bx          0x00003068        0x0
 .v4_bx         0x00003068        0x0 linker stubs

.iplt           0x00003068        0x0
 .iplt          0x00003068        0x0 c:/h_da softwares & projects/psoc creator/4.4/psoc creator/import/gnu/arm/5.4.1/bin/../lib/gcc/arm-none-eabi/5.4.1/armv7-m/crtbegin.o

.eh_frame_hdr
 *(.eh_frame_hdr)

.eh_frame       0x00003068        0x4
 *(.eh_frame)
 .eh_frame      0x00003068        0x0 c:/h_da softwares & projects/psoc creator/4.4/psoc creator/import/gnu/arm/5.4.1/bin/../lib/gcc/arm-none-eabi/5.4.1/armv7-m/crtbegin.o
 .eh_frame      0x00003068        0x4 c:/h_da softwares & projects/psoc creator/4.4/psoc creator/import/gnu/arm/5.4.1/bin/../lib/gcc/arm-none-eabi/5.4.1/armv7-m/crtend.o
                [!provide]                PROVIDE (__exidx_start, .)

.ARM.exidx
 *(.ARM.exidx* .gnu.linkonce.armexidx.*)
                0x0000306c                __exidx_end = .

.rodata         0x0000306c      0xadc
 *(.rodata .rodata.* .gnu.linkonce.r.*)
 .rodata.str1.4
                0x0000306c      0x158 .\CortexM3\ARM_GCC_541\Debug\ReactionGame.o
 .rodata        0x000031c4       0x36 .\CortexM3\ARM_GCC_541\Debug\ArcadianLight.o
                0x000031c4                RG_glowtable
 *fill*         0x000031fa        0x2 
 .rodata.str1.4
                0x000031fc       0x14 .\CortexM3\ARM_GCC_541\Debug\logging.o
                                 0x18 (size before relaxing)
 .rodata        0x00003210      0x558 .\CortexM3\ARM_GCC_541\Debug\tft.o
 .rodata.str1.4
                0x00003768       0x14 .\CortexM3\ARM_GCC_541\Debug\tft.o
 .rodata        0x0000377c       0x44 .\CortexM3\ARM_GCC_541\Debug\cyfitter_cfg.o
 .rodata        0x000037c0      0x100 .\CortexM3\ARM_GCC_541\Debug\ReactionGame.a(ErikaOS_ee_lookup.o)
                0x000037c0                EE_rq_lookup
 .rodata        0x000038c0      0x15c .\CortexM3\ARM_GCC_541\Debug\ReactionGame.a(ErikaOS_eecfg.o)
                0x000038c0                EE_oo_autostart_task_data
                0x000038cc                EE_oo_action_ROM
                0x00003908                EE_oo_counter_object_ROM
                0x0000392c                EE_ALARM_ID
                0x00003938                EE_alarm_ROM
                0x00003944                EE_counter_ROM
                0x00003950                EE_resource_ceiling
                0x00003958                EE_th_is_extended
                0x00003970                EE_th_rnact_max
                0x00003988                EE_th_dispatch_prio
                0x000039a0                EE_EVENT_ID
                0x000039b0                EE_RESOURCE_ID
                0x000039b8                EE_th_ready_prio
                0x000039d0                EE_terminate_real_th_body
                0x000039e8                EE_hal_thread_body
                0x00003a00                EE_std_thread_tos
 .rodata.str1.4
                0x00003a1c       0xc0 .\CortexM3\ARM_GCC_541\Debug\ReactionGame.a(ErikaOS_eecfg.o)
                                 0xbd (size before relaxing)
 .rodata.str1.1
                0x00003adc        0x2 c:/h_da softwares & projects/psoc creator/4.4/psoc creator/import/gnu/arm/5.4.1/bin/../lib/gcc/arm-none-eabi/5.4.1/../../../../arm-none-eabi/lib/armv7-m\libg_nano.a(lib_a-impure.o)
 .rodata.str1.1
                0x00003ade       0x11 c:/h_da softwares & projects/psoc creator/4.4/psoc creator/import/gnu/arm/5.4.1/bin/../lib/gcc/arm-none-eabi/5.4.1/../../../../arm-none-eabi/lib/armv7-m\libg_nano.a(lib_a-nano-svfprintf.o)
 .rodata.str1.1
                0x00003aef       0x22 c:/h_da softwares & projects/psoc creator/4.4/psoc creator/import/gnu/arm/5.4.1/bin/../lib/gcc/arm-none-eabi/5.4.1/../../../../arm-none-eabi/lib/armv7-m\libg_nano.a(lib_a-nano-vfprintf_i.o)
                0x00003b14                . = ALIGN (0x4)
 *fill*         0x00003b11        0x3 
 *(.init)
 .init          0x00003b14        0x4 c:/h_da softwares & projects/psoc creator/4.4/psoc creator/import/gnu/arm/5.4.1/bin/../lib/gcc/arm-none-eabi/5.4.1/armv7-m/crti.o
                0x00003b14                _init
 .init          0x00003b18        0x8 c:/h_da softwares & projects/psoc creator/4.4/psoc creator/import/gnu/arm/5.4.1/bin/../lib/gcc/arm-none-eabi/5.4.1/armv7-m/crtn.o
                0x00003b20                . = ALIGN (0x4)
                0x00003b20                __preinit_array_start = .
 *(.preinit_array)
                0x00003b20                __preinit_array_end = .
                0x00003b20                . = ALIGN (0x4)
                0x00003b20                __init_array_start = .
 *(SORT(.init_array.*))
 *(.init_array)
 .init_array    0x00003b20        0x4 c:/h_da softwares & projects/psoc creator/4.4/psoc creator/import/gnu/arm/5.4.1/bin/../lib/gcc/arm-none-eabi/5.4.1/armv7-m/crtbegin.o
 .init_array    0x00003b24        0x4 .\CortexM3\ARM_GCC_541\Debug\Cm3Start.o
                0x00003b28                __init_array_end = .
                0x00003b28                . = ALIGN (0x4)
 *(.fini)
 .fini          0x00003b28        0x4 c:/h_da softwares & projects/psoc creator/4.4/psoc creator/import/gnu/arm/5.4.1/bin/../lib/gcc/arm-none-eabi/5.4.1/armv7-m/crti.o
                0x00003b28                _fini
 .fini          0x00003b2c        0x8 c:/h_da softwares & projects/psoc creator/4.4/psoc creator/import/gnu/arm/5.4.1/bin/../lib/gcc/arm-none-eabi/5.4.1/armv7-m/crtn.o
                0x00003b34                . = ALIGN (0x4)
                0x00003b34                __fini_array_start = .
 *(.fini_array)
 .fini_array    0x00003b34        0x4 c:/h_da softwares & projects/psoc creator/4.4/psoc creator/import/gnu/arm/5.4.1/bin/../lib/gcc/arm-none-eabi/5.4.1/armv7-m/crtbegin.o
 *(SORT(.fini_array.*))
                0x00003b38                __fini_array_end = .
                0x00003b38                . = ALIGN (0x4)
 *crtbegin.o(.ctors)
 *(EXCLUDE_FILE(*crtend.o) .ctors)
 *(SORT(.ctors.*))
 *crtend.o(.ctors)
                0x00003b38                . = ALIGN (0x4)
 *crtbegin.o(.dtors)
 *(EXCLUDE_FILE(*crtend.o) .dtors)
 *(SORT(.dtors.*))
 *crtend.o(.dtors)
                0x00003b38                . = ALIGN (0x4)
                0x00003b38                __cy_regions = .
                0x00003b38        0x4 LONG 0x3b48 __cy_region_init_ram
                0x00003b3c        0x4 LONG 0x1fff80c8 __cy_region_start_data
                0x00003b40        0x4 LONG 0x218 __cy_region_init_size_ram
                0x00003b44        0x4 LONG 0xc18 __cy_region_zero_size_ram
                0x00003b48                __cy_regions_end = .
                0x00003b48                . = ALIGN (0x8)
                0x00003b48                _etext = .

.cy_checksum_exclude
                0x00003b48        0x0
 *(.cy_checksum_exclude)

.ramvectors     0x1fff8000       0xc0
                0x1fff8000                __cy_region_start_ram = .
 *(.ramvectors)
 .ramvectors    0x1fff8000       0xc0 .\CortexM3\ARM_GCC_541\Debug\Cm3Start.o
                0x1fff8000                CyRamVectors

.noinit         0x1fff80c0        0x1
 *(.noinit)
 .noinit        0x1fff80c0        0x1 .\CortexM3\ARM_GCC_541\Debug\ReactionGame.a(CyLib.o)
                0x1fff80c0                CyResetStatus

.data           0x1fff80c8      0x218 load address 0x00003b48
                0x1fff80c8                __cy_region_start_data = .
 *(.jcr)
 .jcr           0x1fff80c8        0x0 c:/h_da softwares & projects/psoc creator/4.4/psoc creator/import/gnu/arm/5.4.1/bin/../lib/gcc/arm-none-eabi/5.4.1/armv7-m/crtbegin.o
 .jcr           0x1fff80c8        0x4 c:/h_da softwares & projects/psoc creator/4.4/psoc creator/import/gnu/arm/5.4.1/bin/../lib/gcc/arm-none-eabi/5.4.1/armv7-m/crtend.o
 *(.got.plt)
 *(.got)
 *(.shdata)
 *(.data .data.* .gnu.linkonce.d.*)
 .data          0x1fff80cc       0x10 .\CortexM3\ARM_GCC_541\Debug\ReactionGame.o
 .data          0x1fff80dc        0x2 .\CortexM3\ARM_GCC_541\Debug\seven.o
 *fill*         0x1fff80de        0x2 
 .data          0x1fff80e0        0x4 .\CortexM3\ARM_GCC_541\Debug\Cm3Start.o
 .data          0x1fff80e4       0x10 .\CortexM3\ARM_GCC_541\Debug\ReactionGame.a(CyLib.o)
                0x1fff80e4                cydelay_32k_ms
                0x1fff80e8                cydelay_freq_khz
                0x1fff80ec                cydelay_freq_mhz
                0x1fff80f0                cydelay_freq_hz
 .data          0x1fff80f4      0x184 .\CortexM3\ARM_GCC_541\Debug\ReactionGame.a(ErikaOS_eecfg.o)
                0x1fff80f4                EE_ALARM_NAME
                0x1fff8100                EE_counter_RAM
                0x1fff8108                EE_resource_stack
                0x1fff8110                EE_th_resource_last
                0x1fff8128                EE_th_terminate_nextask
                0x1fff8140                EE_rq_pairs_next
                0x1fff8158                EE_rq_link
                0x1fff8170                EE_th_rnact
                0x1fff8188                EE_rq_queues_tail
                0x1fff81c8                EE_rq_queues_head
                0x1fff8208                EE_stkfirst
                0x1fff820c                EE_th_next
                0x1fff8224                EE_th_status
                0x1fff823c                EE_EVENT_NAME
                0x1fff824c                EE_RESOURCE_NAME
                0x1fff8254                EE_TASK_NAME
                0x1fff826c                EE_cortex_mx_IRQ_tos
                0x1fff8270                EE_cortex_mx_system_tos
 .data          0x1fff8278        0x4 .\CortexM3\ARM_GCC_541\Debug\ReactionGame.a(ErikaOS_ee_gnu_irq_stack.o)
 .data.impure_data
                0x1fff827c       0x60 c:/h_da softwares & projects/psoc creator/4.4/psoc creator/import/gnu/arm/5.4.1/bin/../lib/gcc/arm-none-eabi/5.4.1/../../../../arm-none-eabi/lib/armv7-m\libg_nano.a(lib_a-impure.o)
 .data._impure_ptr
                0x1fff82dc        0x4 c:/h_da softwares & projects/psoc creator/4.4/psoc creator/import/gnu/arm/5.4.1/bin/../lib/gcc/arm-none-eabi/5.4.1/../../../../arm-none-eabi/lib/armv7-m\libg_nano.a(lib_a-impure.o)
                0x1fff82dc                _impure_ptr
                0x1fff82e0                . = ALIGN (0x8)
 *(.ram)
                0x1fff82e0                _edata = .

.igot.plt       0x1fff82e0        0x0 load address 0x00003d60
 .igot.plt      0x1fff82e0        0x0 c:/h_da softwares & projects/psoc creator/4.4/psoc creator/import/gnu/arm/5.4.1/bin/../lib/gcc/arm-none-eabi/5.4.1/armv7-m/crtbegin.o

.bss            0x1fff82e0      0xc18 load address 0x00003d60
                0x1fff82e0                PROVIDE (__bss_start__, .)
 *(.shbss)
 *(.bss .bss.* .gnu.linkonce.b.*)
 .bss           0x1fff82e0       0x1c c:/h_da softwares & projects/psoc creator/4.4/psoc creator/import/gnu/arm/5.4.1/bin/../lib/gcc/arm-none-eabi/5.4.1/armv7-m/crtbegin.o
 .bss           0x1fff82fc       0x30 .\CortexM3\ARM_GCC_541\Debug\TimingAnalyzer.o
 .bss           0x1fff832c       0x1e .\CortexM3\ARM_GCC_541\Debug\ReactionGame.o
 *fill*         0x1fff834a        0x2 
 .bss           0x1fff834c       0xe6 .\CortexM3\ARM_GCC_541\Debug\tft.o
 .bss           0x1fff8432        0x2 .\CortexM3\ARM_GCC_541\Debug\ReactionGame.a(UART_LOG.o)
                0x1fff8432                UART_LOG_initVar
 .bss           0x1fff8434       0x60 .\CortexM3\ARM_GCC_541\Debug\ReactionGame.a(ErikaOS_eecfg.o)
                0x1fff8434                EE_resource_locked
                0x1fff843c                EE_th_waswaiting
                0x1fff8454                EE_th_event_waitmask
                0x1fff846c                EE_th_event_active
                0x1fff8484                EE_rq_free
                0x1fff8488                EE_rq_bitmask
                0x1fff848c                EE_sys_ceiling
                0x1fff8490                EE_cortex_mx_active_tos
 .bss           0x1fff8494        0x1 .\CortexM3\ARM_GCC_541\Debug\ReactionGame.a(TFT_SPI.o)
                0x1fff8494                TFT_SPI_initVar
 .bss           0x1fff8495        0x1 .\CortexM3\ARM_GCC_541\Debug\ReactionGame.a(TFT_BackLight.o)
                0x1fff8495                TFT_BackLight_initVar
 .bss           0x1fff8496        0x1 .\CortexM3\ARM_GCC_541\Debug\ReactionGame.a(PWM_RED.o)
                0x1fff8496                PWM_RED_initVar
 .bss           0x1fff8497        0x1 .\CortexM3\ARM_GCC_541\Debug\ReactionGame.a(PWM_YELLOW.o)
                0x1fff8497                PWM_YELLOW_initVar
 .bss           0x1fff8498        0x1 .\CortexM3\ARM_GCC_541\Debug\ReactionGame.a(PWM_GREEN.o)
                0x1fff8498                PWM_GREEN_initVar
 .bss           0x1fff8499        0x1 .\CortexM3\ARM_GCC_541\Debug\ReactionGame.a(PWM_RGB_RED.o)
                0x1fff8499                PWM_RGB_RED_initVar
 .bss           0x1fff849a        0x1 .\CortexM3\ARM_GCC_541\Debug\ReactionGame.a(PWM_RGB_GREEN.o)
                0x1fff849a                PWM_RGB_GREEN_initVar
 .bss           0x1fff849b        0x1 .\CortexM3\ARM_GCC_541\Debug\ReactionGame.a(PWM_RGB_BLUE.o)
                0x1fff849b                PWM_RGB_BLUE_initVar
 .bss.__malloc_sbrk_start
                0x1fff849c        0x4 c:/h_da softwares & projects/psoc creator/4.4/psoc creator/import/gnu/arm/5.4.1/bin/../lib/gcc/arm-none-eabi/5.4.1/../../../../arm-none-eabi/lib/armv7-m\libg_nano.a(lib_a-nano-mallocr.o)
                0x1fff849c                __malloc_sbrk_start
 .bss.__malloc_free_list
                0x1fff84a0        0x4 c:/h_da softwares & projects/psoc creator/4.4/psoc creator/import/gnu/arm/5.4.1/bin/../lib/gcc/arm-none-eabi/5.4.1/../../../../arm-none-eabi/lib/armv7-m\libg_nano.a(lib_a-nano-mallocr.o)
                0x1fff84a0                __malloc_free_list
 *(COMMON)
 COMMON         0x1fff84a4        0x8 .\CortexM3\ARM_GCC_541\Debug\ReactionGame.a(ErikaOS_ee_lookup.o)
                0x1fff84a4                EE_oo_IRQ_disable_count
                0x1fff84a8                EE_oo_IRQ_suspend_status
 COMMON         0x1fff84ac        0x4 .\CortexM3\ARM_GCC_541\Debug\ReactionGame.a(ErikaOS_ee_startos.o)
                0x1fff84ac                EE_oo_started
 COMMON         0x1fff84b0        0x8 .\CortexM3\ARM_GCC_541\Debug\ReactionGame.a(ErikaOS_common_ee_hal_structs.o)
                0x1fff84b0                EE_IRQ_nesting_level
                0x1fff84b4                EE_std_endcycle_next_tid
 COMMON         0x1fff84b8      0xa3c .\CortexM3\ARM_GCC_541\Debug\ReactionGame.a(ErikaOS_eecfg.o)
                0x1fff84b8                EE_rq_pairs_tid
                0x1fff84d0                EE_terminate_data
                0x1fff84e8                EE_oo_counter_object_RAM
                0x1fff8518                EE_resource_oldceiling
                0x1fff8520                EE_ApplicationMode
                0x1fff8524                EE_cortex_mx_stack_4
                0x1fff8cf4                EE_cortex_mx_stack_9
 COMMON         0x1fff8ef4        0x4 c:/h_da softwares & projects/psoc creator/4.4/psoc creator/import/gnu/arm/5.4.1/bin/../lib/gcc/arm-none-eabi/5.4.1/../../../../arm-none-eabi/lib/armv7-m\libg_nano.a(lib_a-reent.o)
                0x1fff8ef4                errno
                0x1fff8ef8                . = ALIGN (0x8)
 *(.ram.b)
                0x1fff8ef8                _end = .
                0x1fff8ef8                __end = .
                0x1fff8ef8                PROVIDE (end, .)
                0x1fff8ef8                PROVIDE (__bss_end__, .)
                0x00003b48                __cy_region_init_ram = LOADADDR (.data)
                0x00000218                __cy_region_init_size_ram = (_edata - ADDR (.data))
                0x00000c18                __cy_region_zero_size_ram = (_end - _edata)

.heap           0x1fff8ef8       0x80 load address 0x00003d60
                0x1fff8ef8                . = _end
                0x1fff8f78                . = (. + 0x80)
 *fill*         0x1fff8ef8       0x80 
                0x1fff8f78                __cy_heap_limit = .

.stack          0x20007800      0x800
                0x20007800                __cy_stack_limit = .
                0x20008000                . = (. + 0x800)
 *fill*         0x20007800      0x800 
                0x00000001                ASSERT ((__cy_stack_limit >= __cy_heap_limit), region RAM overflowed with stack)
                0x00000000                cy_checksum_exclude_size = (CY_APPL_LOADABLE == 0x1)?SIZEOF (.cy_checksum_exclude):0x0
                0x00000001                ASSERT ((cy_checksum_exclude_size <= CY_CHECKSUM_EXCLUDE_SIZE), CY_BOOT: Section .cy_checksum_exclude size exceedes specified limit.)

.cyloadermeta
 *(.cyloadermeta)

.cyloadablemeta
 *(.cyloadablemeta)

.cyconfigecc    0x80000000      0xa18
 *(.cyconfigecc)
 .cyconfigecc   0x80000000      0xa18 .\CortexM3\ARM_GCC_541\Debug\cymetadata.o
                0x80000000                cy_meta_configecc

.cycustnvl      0x90000000        0x4
 *(.cycustnvl)
 .cycustnvl     0x90000000        0x4 .\CortexM3\ARM_GCC_541\Debug\cymetadata.o
                0x90000000                cy_meta_custnvl

.cywolatch      0x90100000        0x4
 *(.cywolatch)
 .cywolatch     0x90100000        0x4 .\CortexM3\ARM_GCC_541\Debug\cymetadata.o
                0x90100000                cy_meta_wonvl

.cyeeprom       0x90200000        0x0
 *(.cyeeprom)
                0x00000001                ASSERT ((. <= ((0x90200000 + ee_offset) + ee_size)), .cyeeprom data will not fit in EEPROM)

.cyflashprotect
                0x90400000      0x100
 *(.cyflashprotect)
 .cyflashprotect
                0x90400000      0x100 .\CortexM3\ARM_GCC_541\Debug\cymetadata.o
                0x90400000                cy_meta_flashprotect

.cymeta         0x90500000        0xc
 *(.cymeta)
 .cymeta        0x90500000        0xc .\CortexM3\ARM_GCC_541\Debug\cymetadata.o
                0x90500000                cy_metadata

.rel.dyn        0x00003d60        0x0 load address 0x9050000c
 .rel.iplt      0x00003d60        0x0 c:/h_da softwares & projects/psoc creator/4.4/psoc creator/import/gnu/arm/5.4.1/bin/../lib/gcc/arm-none-eabi/5.4.1/armv7-m/crtbegin.o

.stab
 *(.stab)

.stabstr
 *(.stabstr)

.debug
 *(.debug)

.line
 *(.line)

.debug_srcinfo
 *(.debug_srcinfo)

.debug_sfnames
 *(.debug_sfnames)

.debug_aranges  0x00000000     0x14a0
 *(.debug_aranges)
 .debug_aranges
                0x00000000       0x60 .\CortexM3\ARM_GCC_541\Debug\main.o
 .debug_aranges
                0x00000060       0x70 .\CortexM3\ARM_GCC_541\Debug\TimingAnalyzer.o
 .debug_aranges
                0x000000d0       0x38 .\CortexM3\ARM_GCC_541\Debug\ReactionGame.o
 .debug_aranges
                0x00000108       0x28 .\CortexM3\ARM_GCC_541\Debug\ArcadianLight.o
 .debug_aranges
                0x00000130       0x28 .\CortexM3\ARM_GCC_541\Debug\logging.o
 .debug_aranges
                0x00000158       0x58 .\CortexM3\ARM_GCC_541\Debug\seven.o
 .debug_aranges
                0x000001b0       0x38 .\CortexM3\ARM_GCC_541\Debug\pins.o
 .debug_aranges
                0x000001e8      0x178 .\CortexM3\ARM_GCC_541\Debug\tft.o
 .debug_aranges
                0x00000360       0x58 .\CortexM3\ARM_GCC_541\Debug\cyfitter_cfg.o
 .debug_aranges
                0x000003b8       0x18 .\CortexM3\ARM_GCC_541\Debug\cymetadata.o
 .debug_aranges
                0x000003d0       0x48 .\CortexM3\ARM_GCC_541\Debug\Cm3Start.o
 .debug_aranges
                0x00000418       0x38 .\CortexM3\ARM_GCC_541\Debug\ReactionGame.a(RED_LED.o)
 .debug_aranges
                0x00000450       0x38 .\CortexM3\ARM_GCC_541\Debug\ReactionGame.a(YELLOW_LED.o)
 .debug_aranges
                0x00000488       0x38 .\CortexM3\ARM_GCC_541\Debug\ReactionGame.a(GREEN_LED.o)
 .debug_aranges
                0x000004c0       0xf0 .\CortexM3\ARM_GCC_541\Debug\ReactionGame.a(UART_LOG.o)
 .debug_aranges
                0x000005b0       0x70 .\CortexM3\ARM_GCC_541\Debug\ReactionGame.a(UART_LOG_IntClock.o)
 .debug_aranges
                0x00000620      0x2a0 .\CortexM3\ARM_GCC_541\Debug\ReactionGame.a(CyLib.o)
 .debug_aranges
                0x000008c0       0x98 .\CortexM3\ARM_GCC_541\Debug\ReactionGame.a(cyPm.o)
 .debug_aranges
                0x00000958       0x20 .\CortexM3\ARM_GCC_541\Debug\ReactionGame.a(ErikaOS_ee_activate.o)
 .debug_aranges
                0x00000978       0x20 .\CortexM3\ARM_GCC_541\Debug\ReactionGame.a(ErikaOS_ee_alsetrel.o)
 .debug_aranges
                0x00000998       0x58 .\CortexM3\ARM_GCC_541\Debug\ReactionGame.a(ErikaOS_ee_altick.o)
 .debug_aranges
                0x000009f0       0x20 .\CortexM3\ARM_GCC_541\Debug\ReactionGame.a(ErikaOS_ee_evclear.o)
 .debug_aranges
                0x00000a10       0x20 .\CortexM3\ARM_GCC_541\Debug\ReactionGame.a(ErikaOS_ee_evget.o)
 .debug_aranges
                0x00000a30       0x20 .\CortexM3\ARM_GCC_541\Debug\ReactionGame.a(ErikaOS_ee_evset.o)
 .debug_aranges
                0x00000a50       0x20 .\CortexM3\ARM_GCC_541\Debug\ReactionGame.a(ErikaOS_ee_evwait.o)
 .debug_aranges
                0x00000a70       0x30 .\CortexM3\ARM_GCC_541\Debug\ReactionGame.a(ErikaOS_ee_irqendin.o)
 .debug_aranges
                0x00000aa0       0x20 .\CortexM3\ARM_GCC_541\Debug\ReactionGame.a(ErikaOS_ee_lockres.o)
 .debug_aranges
                0x00000ac0       0x18 .\CortexM3\ARM_GCC_541\Debug\ReactionGame.a(ErikaOS_ee_lookup.o)
 .debug_aranges
                0x00000ad8       0x20 .\CortexM3\ARM_GCC_541\Debug\ReactionGame.a(ErikaOS_ee_rq_exchg.o)
 .debug_aranges
                0x00000af8       0x20 .\CortexM3\ARM_GCC_541\Debug\ReactionGame.a(ErikaOS_ee_rq_first.o)
 .debug_aranges
                0x00000b18       0x20 .\CortexM3\ARM_GCC_541\Debug\ReactionGame.a(ErikaOS_ee_rq_inser.o)
 .debug_aranges
                0x00000b38       0x40 .\CortexM3\ARM_GCC_541\Debug\ReactionGame.a(ErikaOS_ee_startos.o)
 .debug_aranges
                0x00000b78       0x20 .\CortexM3\ARM_GCC_541\Debug\ReactionGame.a(ErikaOS_ee_terminat.o)
 .debug_aranges
                0x00000b98       0x20 .\CortexM3\ARM_GCC_541\Debug\ReactionGame.a(ErikaOS_ee_ulockres.o)
 .debug_aranges
                0x00000bb8       0x20 .\CortexM3\ARM_GCC_541\Debug\ReactionGame.a(ErikaOS_cortex_mx_ee_utils.o)
 .debug_aranges
                0x00000bd8       0x18 .\CortexM3\ARM_GCC_541\Debug\ReactionGame.a(ErikaOS_common_ee_hal_structs.o)
 .debug_aranges
                0x00000bf0       0x18 .\CortexM3\ARM_GCC_541\Debug\ReactionGame.a(ErikaOS_eecfg.o)
 .debug_aranges
                0x00000c08       0x38 .\CortexM3\ARM_GCC_541\Debug\ReactionGame.a(ButtonRight.o)
 .debug_aranges
                0x00000c40       0x38 .\CortexM3\ARM_GCC_541\Debug\ReactionGame.a(ButtonLeft.o)
 .debug_aranges
                0x00000c78       0x38 .\CortexM3\ARM_GCC_541\Debug\ReactionGame.a(SEVEN_DP.o)
 .debug_aranges
                0x00000cb0       0x38 .\CortexM3\ARM_GCC_541\Debug\ReactionGame.a(SEVEN_SELECT.o)
 .debug_aranges
                0x00000ce8       0x28 .\CortexM3\ARM_GCC_541\Debug\ReactionGame.a(SEVEN_reg.o)
 .debug_aranges
                0x00000d10       0xd8 .\CortexM3\ARM_GCC_541\Debug\ReactionGame.a(TFT_SPI.o)
 .debug_aranges
                0x00000de8       0x38 .\CortexM3\ARM_GCC_541\Debug\ReactionGame.a(TFT_DC.o)
 .debug_aranges
                0x00000e20       0x38 .\CortexM3\ARM_GCC_541\Debug\ReactionGame.a(TFT_RES.o)
 .debug_aranges
                0x00000e58       0x78 .\CortexM3\ARM_GCC_541\Debug\ReactionGame.a(TFT_BackLight.o)
 .debug_aranges
                0x00000ed0       0x70 .\CortexM3\ARM_GCC_541\Debug\ReactionGame.a(TFT_SPI_IntClock.o)
 .debug_aranges
                0x00000f40       0x80 .\CortexM3\ARM_GCC_541\Debug\ReactionGame.a(PWM_RED.o)
 .debug_aranges
                0x00000fc0       0x80 .\CortexM3\ARM_GCC_541\Debug\ReactionGame.a(PWM_YELLOW.o)
 .debug_aranges
                0x00001040       0x80 .\CortexM3\ARM_GCC_541\Debug\ReactionGame.a(PWM_GREEN.o)
 .debug_aranges
                0x000010c0       0x80 .\CortexM3\ARM_GCC_541\Debug\ReactionGame.a(PWM_RGB_RED.o)
 .debug_aranges
                0x00001140       0x80 .\CortexM3\ARM_GCC_541\Debug\ReactionGame.a(PWM_RGB_GREEN.o)
 .debug_aranges
                0x000011c0       0x80 .\CortexM3\ARM_GCC_541\Debug\ReactionGame.a(PWM_RGB_BLUE.o)
 .debug_aranges
                0x00001240       0x20 .\CortexM3\ARM_GCC_541\Debug\ReactionGame.a(CyBootAsmGnu.o)
 .debug_aranges
                0x00001260       0x20 .\CortexM3\ARM_GCC_541\Debug\ReactionGame.a(ErikaOS_ee_gnu_change_context_isr.o)
 .debug_aranges
                0x00001280       0x20 .\CortexM3\ARM_GCC_541\Debug\ReactionGame.a(ErikaOS_ee_gnu_irq_stack.o)
 .debug_aranges
                0x000012a0       0x20 .\CortexM3\ARM_GCC_541\Debug\ReactionGame.a(ErikaOS_ee_gnu_multi_context.o)
 .debug_aranges
                0x000012c0       0x20 .\CortexM3\ARM_GCC_541\Debug\ReactionGame.a(ErikaOS_ee_gnu_oo.o)
 .debug_aranges
                0x000012e0       0x88 .\CortexM3\ARM_GCC_541\Debug\ReactionGame.a(CyFlash.o)
 .debug_aranges
                0x00001368       0x80 .\CortexM3\ARM_GCC_541\Debug\ReactionGame.a(CySpc.o)
 .debug_aranges
                0x000013e8       0x20 .\CortexM3\ARM_GCC_541\Debug\ReactionGame.a(ErikaOS_ee_tnterm.o)
 .debug_aranges
                0x00001408       0x20 .\CortexM3\ARM_GCC_541\Debug\ReactionGame.a(ErikaOS_ee_tstub.o)
 .debug_aranges
                0x00001428       0x20 .\CortexM3\ARM_GCC_541\Debug\ReactionGame.a(ErikaOS_ee_ulockallres.o)
 .debug_aranges
                0x00001448       0x28 .\CortexM3\ARM_GCC_541\Debug\ReactionGame.a(ErikaOS_cortex_mx_ee_context.o)
 .debug_aranges
                0x00001470       0x30 .\CortexM3\ARM_GCC_541\Debug\ReactionGame.a(ErikaOS_ee_thendin.o)

.debug_pubnames
 *(.debug_pubnames)

.debug_info     0x00000000    0x16107
 *(.debug_info .gnu.linkonce.wi.*)
 .debug_info    0x00000000      0x914 .\CortexM3\ARM_GCC_541\Debug\main.o
 .debug_info    0x00000914      0x98a .\CortexM3\ARM_GCC_541\Debug\TimingAnalyzer.o
 .debug_info    0x0000129e      0x962 .\CortexM3\ARM_GCC_541\Debug\ReactionGame.o
 .debug_info    0x00001c00      0x420 .\CortexM3\ARM_GCC_541\Debug\ArcadianLight.o
 .debug_info    0x00002020      0x3b5 .\CortexM3\ARM_GCC_541\Debug\logging.o
 .debug_info    0x000023d5      0x59e .\CortexM3\ARM_GCC_541\Debug\seven.o
 .debug_info    0x00002973      0x266 .\CortexM3\ARM_GCC_541\Debug\pins.o
 .debug_info    0x00002bd9     0x2733 .\CortexM3\ARM_GCC_541\Debug\tft.o
 .debug_info    0x0000530c      0x617 .\CortexM3\ARM_GCC_541\Debug\cyfitter_cfg.o
 .debug_info    0x00005923      0x139 .\CortexM3\ARM_GCC_541\Debug\cymetadata.o
 .debug_info    0x00005a5c      0x3bb .\CortexM3\ARM_GCC_541\Debug\Cm3Start.o
 .debug_info    0x00005e17      0x11f .\CortexM3\ARM_GCC_541\Debug\ReactionGame.a(RED_LED.o)
 .debug_info    0x00005f36      0x11f .\CortexM3\ARM_GCC_541\Debug\ReactionGame.a(YELLOW_LED.o)
 .debug_info    0x00006055      0x11f .\CortexM3\ARM_GCC_541\Debug\ReactionGame.a(GREEN_LED.o)
 .debug_info    0x00006174      0x60c .\CortexM3\ARM_GCC_541\Debug\ReactionGame.a(UART_LOG.o)
 .debug_info    0x00006780      0x283 .\CortexM3\ARM_GCC_541\Debug\ReactionGame.a(UART_LOG_IntClock.o)
 .debug_info    0x00006a03     0x1374 .\CortexM3\ARM_GCC_541\Debug\ReactionGame.a(CyLib.o)
 .debug_info    0x00007d77      0xa2a .\CortexM3\ARM_GCC_541\Debug\ReactionGame.a(cyPm.o)
 .debug_info    0x000087a1      0x80d .\CortexM3\ARM_GCC_541\Debug\ReactionGame.a(ErikaOS_ee_activate.o)
 .debug_info    0x00008fae      0x5e5 .\CortexM3\ARM_GCC_541\Debug\ReactionGame.a(ErikaOS_ee_alsetrel.o)
 .debug_info    0x00009593      0xc3b .\CortexM3\ARM_GCC_541\Debug\ReactionGame.a(ErikaOS_ee_altick.o)
 .debug_info    0x0000a1ce      0x5a7 .\CortexM3\ARM_GCC_541\Debug\ReactionGame.a(ErikaOS_ee_evclear.o)
 .debug_info    0x0000a775      0x4ca .\CortexM3\ARM_GCC_541\Debug\ReactionGame.a(ErikaOS_ee_evget.o)
 .debug_info    0x0000ac3f      0x7c3 .\CortexM3\ARM_GCC_541\Debug\ReactionGame.a(ErikaOS_ee_evset.o)
 .debug_info    0x0000b402      0x85a .\CortexM3\ARM_GCC_541\Debug\ReactionGame.a(ErikaOS_ee_evwait.o)
 .debug_info    0x0000bc5c      0x5cb .\CortexM3\ARM_GCC_541\Debug\ReactionGame.a(ErikaOS_ee_irqendin.o)
 .debug_info    0x0000c227      0x60d .\CortexM3\ARM_GCC_541\Debug\ReactionGame.a(ErikaOS_ee_lockres.o)
 .debug_info    0x0000c834      0x3d0 .\CortexM3\ARM_GCC_541\Debug\ReactionGame.a(ErikaOS_ee_lookup.o)
 .debug_info    0x0000cc04      0x46f .\CortexM3\ARM_GCC_541\Debug\ReactionGame.a(ErikaOS_ee_rq_exchg.o)
 .debug_info    0x0000d073      0x421 .\CortexM3\ARM_GCC_541\Debug\ReactionGame.a(ErikaOS_ee_rq_first.o)
 .debug_info    0x0000d494      0x475 .\CortexM3\ARM_GCC_541\Debug\ReactionGame.a(ErikaOS_ee_rq_inser.o)
 .debug_info    0x0000d909     0x2040 .\CortexM3\ARM_GCC_541\Debug\ReactionGame.a(ErikaOS_ee_startos.o)
 .debug_info    0x0000f949      0x595 .\CortexM3\ARM_GCC_541\Debug\ReactionGame.a(ErikaOS_ee_terminat.o)
 .debug_info    0x0000fede      0x7fb .\CortexM3\ARM_GCC_541\Debug\ReactionGame.a(ErikaOS_ee_ulockres.o)
 .debug_info    0x000106d9      0x513 .\CortexM3\ARM_GCC_541\Debug\ReactionGame.a(ErikaOS_cortex_mx_ee_utils.o)
 .debug_info    0x00010bec      0x3cb .\CortexM3\ARM_GCC_541\Debug\ReactionGame.a(ErikaOS_common_ee_hal_structs.o)
 .debug_info    0x00010fb7      0x98f .\CortexM3\ARM_GCC_541\Debug\ReactionGame.a(ErikaOS_eecfg.o)
 .debug_info    0x00011946      0x11f .\CortexM3\ARM_GCC_541\Debug\ReactionGame.a(ButtonRight.o)
 .debug_info    0x00011a65      0x11f .\CortexM3\ARM_GCC_541\Debug\ReactionGame.a(ButtonLeft.o)
 .debug_info    0x00011b84      0x11f .\CortexM3\ARM_GCC_541\Debug\ReactionGame.a(SEVEN_DP.o)
 .debug_info    0x00011ca3      0x11f .\CortexM3\ARM_GCC_541\Debug\ReactionGame.a(SEVEN_SELECT.o)
 .debug_info    0x00011dc2       0xd6 .\CortexM3\ARM_GCC_541\Debug\ReactionGame.a(SEVEN_reg.o)
 .debug_info    0x00011e98      0x4bb .\CortexM3\ARM_GCC_541\Debug\ReactionGame.a(TFT_SPI.o)
 .debug_info    0x00012353      0x11f .\CortexM3\ARM_GCC_541\Debug\ReactionGame.a(TFT_DC.o)
 .debug_info    0x00012472      0x11f .\CortexM3\ARM_GCC_541\Debug\ReactionGame.a(TFT_RES.o)
 .debug_info    0x00012591      0x27e .\CortexM3\ARM_GCC_541\Debug\ReactionGame.a(TFT_BackLight.o)
 .debug_info    0x0001280f      0x283 .\CortexM3\ARM_GCC_541\Debug\ReactionGame.a(TFT_SPI_IntClock.o)
 .debug_info    0x00012a92      0x278 .\CortexM3\ARM_GCC_541\Debug\ReactionGame.a(PWM_RED.o)
 .debug_info    0x00012d0a      0x278 .\CortexM3\ARM_GCC_541\Debug\ReactionGame.a(PWM_YELLOW.o)
 .debug_info    0x00012f82      0x278 .\CortexM3\ARM_GCC_541\Debug\ReactionGame.a(PWM_GREEN.o)
 .debug_info    0x000131fa      0x278 .\CortexM3\ARM_GCC_541\Debug\ReactionGame.a(PWM_RGB_RED.o)
 .debug_info    0x00013472      0x278 .\CortexM3\ARM_GCC_541\Debug\ReactionGame.a(PWM_RGB_GREEN.o)
 .debug_info    0x000136ea      0x278 .\CortexM3\ARM_GCC_541\Debug\ReactionGame.a(PWM_RGB_BLUE.o)
 .debug_info    0x00013962       0x80 .\CortexM3\ARM_GCC_541\Debug\ReactionGame.a(CyBootAsmGnu.o)
 .debug_info    0x000139e2       0x95 .\CortexM3\ARM_GCC_541\Debug\ReactionGame.a(ErikaOS_ee_gnu_change_context_isr.o)
 .debug_info    0x00013a77       0x8c .\CortexM3\ARM_GCC_541\Debug\ReactionGame.a(ErikaOS_ee_gnu_irq_stack.o)
 .debug_info    0x00013b03       0x90 .\CortexM3\ARM_GCC_541\Debug\ReactionGame.a(ErikaOS_ee_gnu_multi_context.o)
 .debug_info    0x00013b93       0x85 .\CortexM3\ARM_GCC_541\Debug\ReactionGame.a(ErikaOS_ee_gnu_oo.o)
 .debug_info    0x00013c18      0x64d .\CortexM3\ARM_GCC_541\Debug\ReactionGame.a(CyFlash.o)
 .debug_info    0x00014265      0x550 .\CortexM3\ARM_GCC_541\Debug\ReactionGame.a(CySpc.o)
 .debug_info    0x000147b5      0x473 .\CortexM3\ARM_GCC_541\Debug\ReactionGame.a(ErikaOS_ee_tnterm.o)
 .debug_info    0x00014c28      0x487 .\CortexM3\ARM_GCC_541\Debug\ReactionGame.a(ErikaOS_ee_tstub.o)
 .debug_info    0x000150af      0x45e .\CortexM3\ARM_GCC_541\Debug\ReactionGame.a(ErikaOS_ee_ulockallres.o)
 .debug_info    0x0001550d      0x501 .\CortexM3\ARM_GCC_541\Debug\ReactionGame.a(ErikaOS_cortex_mx_ee_context.o)
 .debug_info    0x00015a0e      0x6f9 .\CortexM3\ARM_GCC_541\Debug\ReactionGame.a(ErikaOS_ee_thendin.o)

.debug_abbrev   0x00000000     0x589c
 *(.debug_abbrev)
 .debug_abbrev  0x00000000      0x207 .\CortexM3\ARM_GCC_541\Debug\main.o
 .debug_abbrev  0x00000207      0x26b .\CortexM3\ARM_GCC_541\Debug\TimingAnalyzer.o
 .debug_abbrev  0x00000472      0x1df .\CortexM3\ARM_GCC_541\Debug\ReactionGame.o
 .debug_abbrev  0x00000651      0x159 .\CortexM3\ARM_GCC_541\Debug\ArcadianLight.o
 .debug_abbrev  0x000007aa      0x14a .\CortexM3\ARM_GCC_541\Debug\logging.o
 .debug_abbrev  0x000008f4      0x155 .\CortexM3\ARM_GCC_541\Debug\seven.o
 .debug_abbrev  0x00000a49       0xf2 .\CortexM3\ARM_GCC_541\Debug\pins.o
 .debug_abbrev  0x00000b3b      0x2bf .\CortexM3\ARM_GCC_541\Debug\tft.o
 .debug_abbrev  0x00000dfa      0x20d .\CortexM3\ARM_GCC_541\Debug\cyfitter_cfg.o
 .debug_abbrev  0x00001007       0x77 .\CortexM3\ARM_GCC_541\Debug\cymetadata.o
 .debug_abbrev  0x0000107e      0x1e8 .\CortexM3\ARM_GCC_541\Debug\Cm3Start.o
 .debug_abbrev  0x00001266       0x90 .\CortexM3\ARM_GCC_541\Debug\ReactionGame.a(RED_LED.o)
 .debug_abbrev  0x000012f6       0x90 .\CortexM3\ARM_GCC_541\Debug\ReactionGame.a(YELLOW_LED.o)
 .debug_abbrev  0x00001386       0x90 .\CortexM3\ARM_GCC_541\Debug\ReactionGame.a(GREEN_LED.o)
 .debug_abbrev  0x00001416      0x175 .\CortexM3\ARM_GCC_541\Debug\ReactionGame.a(UART_LOG.o)
 .debug_abbrev  0x0000158b      0x139 .\CortexM3\ARM_GCC_541\Debug\ReactionGame.a(UART_LOG_IntClock.o)
 .debug_abbrev  0x000016c4      0x254 .\CortexM3\ARM_GCC_541\Debug\ReactionGame.a(CyLib.o)
 .debug_abbrev  0x00001918      0x1ab .\CortexM3\ARM_GCC_541\Debug\ReactionGame.a(cyPm.o)
 .debug_abbrev  0x00001ac3      0x284 .\CortexM3\ARM_GCC_541\Debug\ReactionGame.a(ErikaOS_ee_activate.o)
 .debug_abbrev  0x00001d47      0x1f7 .\CortexM3\ARM_GCC_541\Debug\ReactionGame.a(ErikaOS_ee_alsetrel.o)
 .debug_abbrev  0x00001f3e      0x362 .\CortexM3\ARM_GCC_541\Debug\ReactionGame.a(ErikaOS_ee_altick.o)
 .debug_abbrev  0x000022a0      0x1e0 .\CortexM3\ARM_GCC_541\Debug\ReactionGame.a(ErikaOS_ee_evclear.o)
 .debug_abbrev  0x00002480      0x150 .\CortexM3\ARM_GCC_541\Debug\ReactionGame.a(ErikaOS_ee_evget.o)
 .debug_abbrev  0x000025d0      0x27f .\CortexM3\ARM_GCC_541\Debug\ReactionGame.a(ErikaOS_ee_evset.o)
 .debug_abbrev  0x0000284f      0x25d .\CortexM3\ARM_GCC_541\Debug\ReactionGame.a(ErikaOS_ee_evwait.o)
 .debug_abbrev  0x00002aac      0x1da .\CortexM3\ARM_GCC_541\Debug\ReactionGame.a(ErikaOS_ee_irqendin.o)
 .debug_abbrev  0x00002c86      0x1ef .\CortexM3\ARM_GCC_541\Debug\ReactionGame.a(ErikaOS_ee_lockres.o)
 .debug_abbrev  0x00002e75       0xcf .\CortexM3\ARM_GCC_541\Debug\ReactionGame.a(ErikaOS_ee_lookup.o)
 .debug_abbrev  0x00002f44       0xfc .\CortexM3\ARM_GCC_541\Debug\ReactionGame.a(ErikaOS_ee_rq_exchg.o)
 .debug_abbrev  0x00003040       0xed .\CortexM3\ARM_GCC_541\Debug\ReactionGame.a(ErikaOS_ee_rq_first.o)
 .debug_abbrev  0x0000312d      0x109 .\CortexM3\ARM_GCC_541\Debug\ReactionGame.a(ErikaOS_ee_rq_inser.o)
 .debug_abbrev  0x00003236      0x4a7 .\CortexM3\ARM_GCC_541\Debug\ReactionGame.a(ErikaOS_ee_startos.o)
 .debug_abbrev  0x000036dd      0x1de .\CortexM3\ARM_GCC_541\Debug\ReactionGame.a(ErikaOS_ee_terminat.o)
 .debug_abbrev  0x000038bb      0x277 .\CortexM3\ARM_GCC_541\Debug\ReactionGame.a(ErikaOS_ee_ulockres.o)
 .debug_abbrev  0x00003b32      0x1e3 .\CortexM3\ARM_GCC_541\Debug\ReactionGame.a(ErikaOS_cortex_mx_ee_utils.o)
 .debug_abbrev  0x00003d15       0xcf .\CortexM3\ARM_GCC_541\Debug\ReactionGame.a(ErikaOS_common_ee_hal_structs.o)
 .debug_abbrev  0x00003de4      0x130 .\CortexM3\ARM_GCC_541\Debug\ReactionGame.a(ErikaOS_eecfg.o)
 .debug_abbrev  0x00003f14       0x90 .\CortexM3\ARM_GCC_541\Debug\ReactionGame.a(ButtonRight.o)
 .debug_abbrev  0x00003fa4       0x90 .\CortexM3\ARM_GCC_541\Debug\ReactionGame.a(ButtonLeft.o)
 .debug_abbrev  0x00004034       0x90 .\CortexM3\ARM_GCC_541\Debug\ReactionGame.a(SEVEN_DP.o)
 .debug_abbrev  0x000040c4       0x90 .\CortexM3\ARM_GCC_541\Debug\ReactionGame.a(SEVEN_SELECT.o)
 .debug_abbrev  0x00004154       0x81 .\CortexM3\ARM_GCC_541\Debug\ReactionGame.a(SEVEN_reg.o)
 .debug_abbrev  0x000041d5      0x146 .\CortexM3\ARM_GCC_541\Debug\ReactionGame.a(TFT_SPI.o)
 .debug_abbrev  0x0000431b       0x90 .\CortexM3\ARM_GCC_541\Debug\ReactionGame.a(TFT_DC.o)
 .debug_abbrev  0x000043ab       0x90 .\CortexM3\ARM_GCC_541\Debug\ReactionGame.a(TFT_RES.o)
 .debug_abbrev  0x0000443b      0x12d .\CortexM3\ARM_GCC_541\Debug\ReactionGame.a(TFT_BackLight.o)
 .debug_abbrev  0x00004568      0x139 .\CortexM3\ARM_GCC_541\Debug\ReactionGame.a(TFT_SPI_IntClock.o)
 .debug_abbrev  0x000046a1      0x12d .\CortexM3\ARM_GCC_541\Debug\ReactionGame.a(PWM_RED.o)
 .debug_abbrev  0x000047ce      0x12d .\CortexM3\ARM_GCC_541\Debug\ReactionGame.a(PWM_YELLOW.o)
 .debug_abbrev  0x000048fb      0x12d .\CortexM3\ARM_GCC_541\Debug\ReactionGame.a(PWM_GREEN.o)
 .debug_abbrev  0x00004a28      0x12d .\CortexM3\ARM_GCC_541\Debug\ReactionGame.a(PWM_RGB_RED.o)
 .debug_abbrev  0x00004b55      0x12d .\CortexM3\ARM_GCC_541\Debug\ReactionGame.a(PWM_RGB_GREEN.o)
 .debug_abbrev  0x00004c82      0x12d .\CortexM3\ARM_GCC_541\Debug\ReactionGame.a(PWM_RGB_BLUE.o)
 .debug_abbrev  0x00004daf       0x14 .\CortexM3\ARM_GCC_541\Debug\ReactionGame.a(CyBootAsmGnu.o)
 .debug_abbrev  0x00004dc3       0x14 .\CortexM3\ARM_GCC_541\Debug\ReactionGame.a(ErikaOS_ee_gnu_change_context_isr.o)
 .debug_abbrev  0x00004dd7       0x14 .\CortexM3\ARM_GCC_541\Debug\ReactionGame.a(ErikaOS_ee_gnu_irq_stack.o)
 .debug_abbrev  0x00004deb       0x14 .\CortexM3\ARM_GCC_541\Debug\ReactionGame.a(ErikaOS_ee_gnu_multi_context.o)
 .debug_abbrev  0x00004dff       0x14 .\CortexM3\ARM_GCC_541\Debug\ReactionGame.a(ErikaOS_ee_gnu_oo.o)
 .debug_abbrev  0x00004e13      0x1a7 .\CortexM3\ARM_GCC_541\Debug\ReactionGame.a(CyFlash.o)
 .debug_abbrev  0x00004fba      0x194 .\CortexM3\ARM_GCC_541\Debug\ReactionGame.a(CySpc.o)
 .debug_abbrev  0x0000514e      0x190 .\CortexM3\ARM_GCC_541\Debug\ReactionGame.a(ErikaOS_ee_tnterm.o)
 .debug_abbrev  0x000052de      0x143 .\CortexM3\ARM_GCC_541\Debug\ReactionGame.a(ErikaOS_ee_tstub.o)
 .debug_abbrev  0x00005421       0xfc .\CortexM3\ARM_GCC_541\Debug\ReactionGame.a(ErikaOS_ee_ulockallres.o)
 .debug_abbrev  0x0000551d      0x156 .\CortexM3\ARM_GCC_541\Debug\ReactionGame.a(ErikaOS_cortex_mx_ee_context.o)
 .debug_abbrev  0x00005673      0x229 .\CortexM3\ARM_GCC_541\Debug\ReactionGame.a(ErikaOS_ee_thendin.o)

.debug_line     0x00000000     0x7913
 *(.debug_line)
 .debug_line    0x00000000      0x5bc .\CortexM3\ARM_GCC_541\Debug\main.o
 .debug_line    0x000005bc      0x4bc .\CortexM3\ARM_GCC_541\Debug\TimingAnalyzer.o
 .debug_line    0x00000a78      0x3bb .\CortexM3\ARM_GCC_541\Debug\ReactionGame.o
 .debug_line    0x00000e33      0x2f9 .\CortexM3\ARM_GCC_541\Debug\ArcadianLight.o
 .debug_line    0x0000112c      0x25d .\CortexM3\ARM_GCC_541\Debug\logging.o
 .debug_line    0x00001389      0x37a .\CortexM3\ARM_GCC_541\Debug\seven.o
 .debug_line    0x00001703      0x275 .\CortexM3\ARM_GCC_541\Debug\pins.o
 .debug_line    0x00001978      0x8b9 .\CortexM3\ARM_GCC_541\Debug\tft.o
 .debug_line    0x00002231      0x1fa .\CortexM3\ARM_GCC_541\Debug\cyfitter_cfg.o
 .debug_line    0x0000242b      0x13d .\CortexM3\ARM_GCC_541\Debug\cymetadata.o
 .debug_line    0x00002568      0x230 .\CortexM3\ARM_GCC_541\Debug\Cm3Start.o
 .debug_line    0x00002798       0x94 .\CortexM3\ARM_GCC_541\Debug\ReactionGame.a(RED_LED.o)
 .debug_line    0x0000282c       0x97 .\CortexM3\ARM_GCC_541\Debug\ReactionGame.a(YELLOW_LED.o)
 .debug_line    0x000028c3       0x96 .\CortexM3\ARM_GCC_541\Debug\ReactionGame.a(GREEN_LED.o)
 .debug_line    0x00002959      0x2c4 .\CortexM3\ARM_GCC_541\Debug\ReactionGame.a(UART_LOG.o)
 .debug_line    0x00002c1d      0x180 .\CortexM3\ARM_GCC_541\Debug\ReactionGame.a(UART_LOG_IntClock.o)
 .debug_line    0x00002d9d      0x816 .\CortexM3\ARM_GCC_541\Debug\ReactionGame.a(CyLib.o)
 .debug_line    0x000035b3      0x367 .\CortexM3\ARM_GCC_541\Debug\ReactionGame.a(cyPm.o)
 .debug_line    0x0000391a      0x1e6 .\CortexM3\ARM_GCC_541\Debug\ReactionGame.a(ErikaOS_ee_activate.o)
 .debug_line    0x00003b00      0x1bd .\CortexM3\ARM_GCC_541\Debug\ReactionGame.a(ErikaOS_ee_alsetrel.o)
 .debug_line    0x00003cbd      0x2f1 .\CortexM3\ARM_GCC_541\Debug\ReactionGame.a(ErikaOS_ee_altick.o)
 .debug_line    0x00003fae      0x1c1 .\CortexM3\ARM_GCC_541\Debug\ReactionGame.a(ErikaOS_ee_evclear.o)
 .debug_line    0x0000416f      0x14b .\CortexM3\ARM_GCC_541\Debug\ReactionGame.a(ErikaOS_ee_evget.o)
 .debug_line    0x000042ba      0x1e3 .\CortexM3\ARM_GCC_541\Debug\ReactionGame.a(ErikaOS_ee_evset.o)
 .debug_line    0x0000449d      0x1f1 .\CortexM3\ARM_GCC_541\Debug\ReactionGame.a(ErikaOS_ee_evwait.o)
 .debug_line    0x0000468e      0x190 .\CortexM3\ARM_GCC_541\Debug\ReactionGame.a(ErikaOS_ee_irqendin.o)
 .debug_line    0x0000481e      0x1dd .\CortexM3\ARM_GCC_541\Debug\ReactionGame.a(ErikaOS_ee_lockres.o)
 .debug_line    0x000049fb      0x10b .\CortexM3\ARM_GCC_541\Debug\ReactionGame.a(ErikaOS_ee_lookup.o)
 .debug_line    0x00004b06      0x14b .\CortexM3\ARM_GCC_541\Debug\ReactionGame.a(ErikaOS_ee_rq_exchg.o)
 .debug_line    0x00004c51      0x142 .\CortexM3\ARM_GCC_541\Debug\ReactionGame.a(ErikaOS_ee_rq_first.o)
 .debug_line    0x00004d93      0x146 .\CortexM3\ARM_GCC_541\Debug\ReactionGame.a(ErikaOS_ee_rq_inser.o)
 .debug_line    0x00004ed9      0x3e2 .\CortexM3\ARM_GCC_541\Debug\ReactionGame.a(ErikaOS_ee_startos.o)
 .debug_line    0x000052bb      0x1b0 .\CortexM3\ARM_GCC_541\Debug\ReactionGame.a(ErikaOS_ee_terminat.o)
 .debug_line    0x0000546b      0x201 .\CortexM3\ARM_GCC_541\Debug\ReactionGame.a(ErikaOS_ee_ulockres.o)
 .debug_line    0x0000566c      0x174 .\CortexM3\ARM_GCC_541\Debug\ReactionGame.a(ErikaOS_cortex_mx_ee_utils.o)
 .debug_line    0x000057e0       0xed .\CortexM3\ARM_GCC_541\Debug\ReactionGame.a(ErikaOS_common_ee_hal_structs.o)
 .debug_line    0x000058cd      0x12c .\CortexM3\ARM_GCC_541\Debug\ReactionGame.a(ErikaOS_eecfg.o)
 .debug_line    0x000059f9       0x98 .\CortexM3\ARM_GCC_541\Debug\ReactionGame.a(ButtonRight.o)
 .debug_line    0x00005a91       0x97 .\CortexM3\ARM_GCC_541\Debug\ReactionGame.a(ButtonLeft.o)
 .debug_line    0x00005b28       0x95 .\CortexM3\ARM_GCC_541\Debug\ReactionGame.a(SEVEN_DP.o)
 .debug_line    0x00005bbd       0x99 .\CortexM3\ARM_GCC_541\Debug\ReactionGame.a(SEVEN_SELECT.o)
 .debug_line    0x00005c56       0x71 .\CortexM3\ARM_GCC_541\Debug\ReactionGame.a(SEVEN_reg.o)
 .debug_line    0x00005cc7      0x249 .\CortexM3\ARM_GCC_541\Debug\ReactionGame.a(TFT_SPI.o)
 .debug_line    0x00005f10       0x93 .\CortexM3\ARM_GCC_541\Debug\ReactionGame.a(TFT_DC.o)
 .debug_line    0x00005fa3       0x94 .\CortexM3\ARM_GCC_541\Debug\ReactionGame.a(TFT_RES.o)
 .debug_line    0x00006037      0x13b .\CortexM3\ARM_GCC_541\Debug\ReactionGame.a(TFT_BackLight.o)
 .debug_line    0x00006172      0x17f .\CortexM3\ARM_GCC_541\Debug\ReactionGame.a(TFT_SPI_IntClock.o)
 .debug_line    0x000062f1      0x13c .\CortexM3\ARM_GCC_541\Debug\ReactionGame.a(PWM_RED.o)
 .debug_line    0x0000642d      0x13f .\CortexM3\ARM_GCC_541\Debug\ReactionGame.a(PWM_YELLOW.o)
 .debug_line    0x0000656c      0x13e .\CortexM3\ARM_GCC_541\Debug\ReactionGame.a(PWM_GREEN.o)
 .debug_line    0x000066aa      0x140 .\CortexM3\ARM_GCC_541\Debug\ReactionGame.a(PWM_RGB_RED.o)
 .debug_line    0x000067ea      0x142 .\CortexM3\ARM_GCC_541\Debug\ReactionGame.a(PWM_RGB_GREEN.o)
 .debug_line    0x0000692c      0x141 .\CortexM3\ARM_GCC_541\Debug\ReactionGame.a(PWM_RGB_BLUE.o)
 .debug_line    0x00006a6d       0x66 .\CortexM3\ARM_GCC_541\Debug\ReactionGame.a(CyBootAsmGnu.o)
 .debug_line    0x00006ad3       0xac .\CortexM3\ARM_GCC_541\Debug\ReactionGame.a(ErikaOS_ee_gnu_change_context_isr.o)
 .debug_line    0x00006b7f       0x72 .\CortexM3\ARM_GCC_541\Debug\ReactionGame.a(ErikaOS_ee_gnu_irq_stack.o)
 .debug_line    0x00006bf1       0x9b .\CortexM3\ARM_GCC_541\Debug\ReactionGame.a(ErikaOS_ee_gnu_multi_context.o)
 .debug_line    0x00006c8c       0x97 .\CortexM3\ARM_GCC_541\Debug\ReactionGame.a(ErikaOS_ee_gnu_oo.o)
 .debug_line    0x00006d23      0x21a .\CortexM3\ARM_GCC_541\Debug\ReactionGame.a(CyFlash.o)
 .debug_line    0x00006f3d      0x260 .\CortexM3\ARM_GCC_541\Debug\ReactionGame.a(CySpc.o)
 .debug_line    0x0000719d      0x171 .\CortexM3\ARM_GCC_541\Debug\ReactionGame.a(ErikaOS_ee_tnterm.o)
 .debug_line    0x0000730e      0x160 .\CortexM3\ARM_GCC_541\Debug\ReactionGame.a(ErikaOS_ee_tstub.o)
 .debug_line    0x0000746e      0x154 .\CortexM3\ARM_GCC_541\Debug\ReactionGame.a(ErikaOS_ee_ulockallres.o)
 .debug_line    0x000075c2      0x19a .\CortexM3\ARM_GCC_541\Debug\ReactionGame.a(ErikaOS_cortex_mx_ee_context.o)
 .debug_line    0x0000775c      0x1b7 .\CortexM3\ARM_GCC_541\Debug\ReactionGame.a(ErikaOS_ee_thendin.o)

.debug_frame    0x00000000     0x32d4
 *(.debug_frame)
 .debug_frame   0x00000000      0x128 .\CortexM3\ARM_GCC_541\Debug\main.o
 .debug_frame   0x00000128      0x1c8 .\CortexM3\ARM_GCC_541\Debug\TimingAnalyzer.o
 .debug_frame   0x000002f0       0x90 .\CortexM3\ARM_GCC_541\Debug\ReactionGame.o
 .debug_frame   0x00000380       0x58 .\CortexM3\ARM_GCC_541\Debug\ArcadianLight.o
 .debug_frame   0x000003d8       0x48 .\CortexM3\ARM_GCC_541\Debug\logging.o
 .debug_frame   0x00000420      0x104 .\CortexM3\ARM_GCC_541\Debug\seven.o
 .debug_frame   0x00000524       0x80 .\CortexM3\ARM_GCC_541\Debug\pins.o
 .debug_frame   0x000005a4      0x5bc .\CortexM3\ARM_GCC_541\Debug\tft.o
 .debug_frame   0x00000b60       0xe4 .\CortexM3\ARM_GCC_541\Debug\cyfitter_cfg.o
 .debug_frame   0x00000c44       0xb8 .\CortexM3\ARM_GCC_541\Debug\Cm3Start.o
 .debug_frame   0x00000cfc       0x50 .\CortexM3\ARM_GCC_541\Debug\ReactionGame.a(RED_LED.o)
 .debug_frame   0x00000d4c       0x50 .\CortexM3\ARM_GCC_541\Debug\ReactionGame.a(YELLOW_LED.o)
 .debug_frame   0x00000d9c       0x50 .\CortexM3\ARM_GCC_541\Debug\ReactionGame.a(GREEN_LED.o)
 .debug_frame   0x00000dec      0x250 .\CortexM3\ARM_GCC_541\Debug\ReactionGame.a(UART_LOG.o)
 .debug_frame   0x0000103c       0xe0 .\CortexM3\ARM_GCC_541\Debug\ReactionGame.a(UART_LOG_IntClock.o)
 .debug_frame   0x0000111c      0x738 .\CortexM3\ARM_GCC_541\Debug\ReactionGame.a(CyLib.o)
 .debug_frame   0x00001854      0x1f8 .\CortexM3\ARM_GCC_541\Debug\ReactionGame.a(cyPm.o)
 .debug_frame   0x00001a4c       0x30 .\CortexM3\ARM_GCC_541\Debug\ReactionGame.a(ErikaOS_ee_activate.o)
 .debug_frame   0x00001a7c       0x38 .\CortexM3\ARM_GCC_541\Debug\ReactionGame.a(ErikaOS_ee_alsetrel.o)
 .debug_frame   0x00001ab4      0x10c .\CortexM3\ARM_GCC_541\Debug\ReactionGame.a(ErikaOS_ee_altick.o)
 .debug_frame   0x00001bc0       0x38 .\CortexM3\ARM_GCC_541\Debug\ReactionGame.a(ErikaOS_ee_evclear.o)
 .debug_frame   0x00001bf8       0x20 .\CortexM3\ARM_GCC_541\Debug\ReactionGame.a(ErikaOS_ee_evget.o)
 .debug_frame   0x00001c18       0x30 .\CortexM3\ARM_GCC_541\Debug\ReactionGame.a(ErikaOS_ee_evset.o)
 .debug_frame   0x00001c48       0x30 .\CortexM3\ARM_GCC_541\Debug\ReactionGame.a(ErikaOS_ee_evwait.o)
 .debug_frame   0x00001c78       0x58 .\CortexM3\ARM_GCC_541\Debug\ReactionGame.a(ErikaOS_ee_irqendin.o)
 .debug_frame   0x00001cd0       0x40 .\CortexM3\ARM_GCC_541\Debug\ReactionGame.a(ErikaOS_ee_lockres.o)
 .debug_frame   0x00001d10       0x3c .\CortexM3\ARM_GCC_541\Debug\ReactionGame.a(ErikaOS_ee_rq_exchg.o)
 .debug_frame   0x00001d4c       0x20 .\CortexM3\ARM_GCC_541\Debug\ReactionGame.a(ErikaOS_ee_rq_first.o)
 .debug_frame   0x00001d6c       0x30 .\CortexM3\ARM_GCC_541\Debug\ReactionGame.a(ErikaOS_ee_rq_inser.o)
 .debug_frame   0x00001d9c       0x90 .\CortexM3\ARM_GCC_541\Debug\ReactionGame.a(ErikaOS_ee_startos.o)
 .debug_frame   0x00001e2c       0x2c .\CortexM3\ARM_GCC_541\Debug\ReactionGame.a(ErikaOS_ee_terminat.o)
 .debug_frame   0x00001e58       0x30 .\CortexM3\ARM_GCC_541\Debug\ReactionGame.a(ErikaOS_ee_ulockres.o)
 .debug_frame   0x00001e88       0x30 .\CortexM3\ARM_GCC_541\Debug\ReactionGame.a(ErikaOS_cortex_mx_ee_utils.o)
 .debug_frame   0x00001eb8       0x50 .\CortexM3\ARM_GCC_541\Debug\ReactionGame.a(ButtonRight.o)
 .debug_frame   0x00001f08       0x50 .\CortexM3\ARM_GCC_541\Debug\ReactionGame.a(ButtonLeft.o)
 .debug_frame   0x00001f58       0x50 .\CortexM3\ARM_GCC_541\Debug\ReactionGame.a(SEVEN_DP.o)
 .debug_frame   0x00001fa8       0x50 .\CortexM3\ARM_GCC_541\Debug\ReactionGame.a(SEVEN_SELECT.o)
 .debug_frame   0x00001ff8       0x30 .\CortexM3\ARM_GCC_541\Debug\ReactionGame.a(SEVEN_reg.o)
 .debug_frame   0x00002028      0x1e8 .\CortexM3\ARM_GCC_541\Debug\ReactionGame.a(TFT_SPI.o)
 .debug_frame   0x00002210       0x50 .\CortexM3\ARM_GCC_541\Debug\ReactionGame.a(TFT_DC.o)
 .debug_frame   0x00002260       0x50 .\CortexM3\ARM_GCC_541\Debug\ReactionGame.a(TFT_RES.o)
 .debug_frame   0x000022b0       0xe8 .\CortexM3\ARM_GCC_541\Debug\ReactionGame.a(TFT_BackLight.o)
 .debug_frame   0x00002398       0xe0 .\CortexM3\ARM_GCC_541\Debug\ReactionGame.a(TFT_SPI_IntClock.o)
 .debug_frame   0x00002478       0xf8 .\CortexM3\ARM_GCC_541\Debug\ReactionGame.a(PWM_RED.o)
 .debug_frame   0x00002570       0xf8 .\CortexM3\ARM_GCC_541\Debug\ReactionGame.a(PWM_YELLOW.o)
 .debug_frame   0x00002668       0xf8 .\CortexM3\ARM_GCC_541\Debug\ReactionGame.a(PWM_GREEN.o)
 .debug_frame   0x00002760       0xf8 .\CortexM3\ARM_GCC_541\Debug\ReactionGame.a(PWM_RGB_RED.o)
 .debug_frame   0x00002858       0xf8 .\CortexM3\ARM_GCC_541\Debug\ReactionGame.a(PWM_RGB_GREEN.o)
 .debug_frame   0x00002950       0xf8 .\CortexM3\ARM_GCC_541\Debug\ReactionGame.a(PWM_RGB_BLUE.o)
 .debug_frame   0x00002a48      0x194 .\CortexM3\ARM_GCC_541\Debug\ReactionGame.a(CyFlash.o)
 .debug_frame   0x00002bdc      0x180 .\CortexM3\ARM_GCC_541\Debug\ReactionGame.a(CySpc.o)
 .debug_frame   0x00002d5c       0x2c .\CortexM3\ARM_GCC_541\Debug\ReactionGame.a(ErikaOS_ee_tnterm.o)
 .debug_frame   0x00002d88       0x2c .\CortexM3\ARM_GCC_541\Debug\ReactionGame.a(ErikaOS_ee_tstub.o)
 .debug_frame   0x00002db4       0x2c .\CortexM3\ARM_GCC_541\Debug\ReactionGame.a(ErikaOS_ee_ulockallres.o)
 .debug_frame   0x00002de0       0x3c .\CortexM3\ARM_GCC_541\Debug\ReactionGame.a(ErikaOS_cortex_mx_ee_context.o)
 .debug_frame   0x00002e1c       0x5c .\CortexM3\ARM_GCC_541\Debug\ReactionGame.a(ErikaOS_ee_thendin.o)
 .debug_frame   0x00002e78       0x20 c:/h_da softwares & projects/psoc creator/4.4/psoc creator/import/gnu/arm/5.4.1/bin/../lib/gcc/arm-none-eabi/5.4.1/../../../../arm-none-eabi/lib/armv7-m\libg_nano.a(lib_a-errno.o)
 .debug_frame   0x00002e98       0x28 c:/h_da softwares & projects/psoc creator/4.4/psoc creator/import/gnu/arm/5.4.1/bin/../lib/gcc/arm-none-eabi/5.4.1/../../../../arm-none-eabi/lib/armv7-m\libg_nano.a(lib_a-exit.o)
 .debug_frame   0x00002ec0       0x2c c:/h_da softwares & projects/psoc creator/4.4/psoc creator/import/gnu/arm/5.4.1/bin/../lib/gcc/arm-none-eabi/5.4.1/../../../../arm-none-eabi/lib/armv7-m\libg_nano.a(lib_a-init.o)
 .debug_frame   0x00002eec       0x28 c:/h_da softwares & projects/psoc creator/4.4/psoc creator/import/gnu/arm/5.4.1/bin/../lib/gcc/arm-none-eabi/5.4.1/../../../../arm-none-eabi/lib/armv7-m\libg_nano.a(lib_a-memcpy-stub.o)
 .debug_frame   0x00002f14       0x20 c:/h_da softwares & projects/psoc creator/4.4/psoc creator/import/gnu/arm/5.4.1/bin/../lib/gcc/arm-none-eabi/5.4.1/../../../../arm-none-eabi/lib/armv7-m\libg_nano.a(lib_a-memset.o)
 .debug_frame   0x00002f34       0x44 c:/h_da softwares & projects/psoc creator/4.4/psoc creator/import/gnu/arm/5.4.1/bin/../lib/gcc/arm-none-eabi/5.4.1/../../../../arm-none-eabi/lib/armv7-m\libg_nano.a(lib_a-rand.o)
 .debug_frame   0x00002f78       0x74 c:/h_da softwares & projects/psoc creator/4.4/psoc creator/import/gnu/arm/5.4.1/bin/../lib/gcc/arm-none-eabi/5.4.1/../../../../arm-none-eabi/lib/armv7-m\libg_nano.a(lib_a-snprintf.o)
 .debug_frame   0x00002fec       0x30 c:/h_da softwares & projects/psoc creator/4.4/psoc creator/import/gnu/arm/5.4.1/bin/../lib/gcc/arm-none-eabi/5.4.1/../../../../arm-none-eabi/lib/armv7-m\libg_nano.a(lib_a-malloc.o)
 .debug_frame   0x0000301c       0x38 c:/h_da softwares & projects/psoc creator/4.4/psoc creator/import/gnu/arm/5.4.1/bin/../lib/gcc/arm-none-eabi/5.4.1/../../../../arm-none-eabi/lib/armv7-m\libg_nano.a(lib_a-nano-freer.o)
 .debug_frame   0x00003054       0x2c c:/h_da softwares & projects/psoc creator/4.4/psoc creator/import/gnu/arm/5.4.1/bin/../lib/gcc/arm-none-eabi/5.4.1/../../../../arm-none-eabi/lib/armv7-m\libg_nano.a(lib_a-nano-mallocr.o)
 .debug_frame   0x00003080       0x90 c:/h_da softwares & projects/psoc creator/4.4/psoc creator/import/gnu/arm/5.4.1/bin/../lib/gcc/arm-none-eabi/5.4.1/../../../../arm-none-eabi/lib/armv7-m\libg_nano.a(lib_a-nano-svfprintf.o)
 .debug_frame   0x00003110       0x60 c:/h_da softwares & projects/psoc creator/4.4/psoc creator/import/gnu/arm/5.4.1/bin/../lib/gcc/arm-none-eabi/5.4.1/../../../../arm-none-eabi/lib/armv7-m\libg_nano.a(lib_a-nano-vfprintf_i.o)
 .debug_frame   0x00003170       0x2c c:/h_da softwares & projects/psoc creator/4.4/psoc creator/import/gnu/arm/5.4.1/bin/../lib/gcc/arm-none-eabi/5.4.1/../../../../arm-none-eabi/lib/armv7-m\libg_nano.a(lib_a-sbrkr.o)
 .debug_frame   0x0000319c       0x28 c:/h_da softwares & projects/psoc creator/4.4/psoc creator/import/gnu/arm/5.4.1/bin/../lib/gcc/arm-none-eabi/5.4.1/../../../../arm-none-eabi/lib/armv7-m\libg_nano.a(lib_a-memchr-stub.o)
 .debug_frame   0x000031c4       0x28 c:/h_da softwares & projects/psoc creator/4.4/psoc creator/import/gnu/arm/5.4.1/bin/../lib/gcc/arm-none-eabi/5.4.1/../../../../arm-none-eabi/lib/armv7-m\libg_nano.a(lib_a-memmove.o)
 .debug_frame   0x000031ec       0x30 c:/h_da softwares & projects/psoc creator/4.4/psoc creator/import/gnu/arm/5.4.1/bin/../lib/gcc/arm-none-eabi/5.4.1/../../../../arm-none-eabi/lib/armv7-m\libg_nano.a(lib_a-mlock.o)
 .debug_frame   0x0000321c       0x3c c:/h_da softwares & projects/psoc creator/4.4/psoc creator/import/gnu/arm/5.4.1/bin/../lib/gcc/arm-none-eabi/5.4.1/../../../../arm-none-eabi/lib/armv7-m\libg_nano.a(lib_a-nano-reallocr.o)
 .debug_frame   0x00003258       0x5c c:/h_da softwares & projects/psoc creator/4.4/psoc creator/import/gnu/arm/5.4.1/bin/../lib/gcc/arm-none-eabi/5.4.1/../../../../arm-none-eabi/lib/armv7-m\libg_nano.a(lib_a-reent.o)
 .debug_frame   0x000032b4       0x20 c:/h_da softwares & projects/psoc creator/4.4/psoc creator/import/gnu/arm/5.4.1/bin/../lib/gcc/arm-none-eabi/5.4.1/../../../../arm-none-eabi/lib/armv7-m\libg_nano.a(lib_a-nano-msizer.o)

.debug_str      0x00000000     0x553e
 *(.debug_str)
 .debug_str     0x00000000      0x76c .\CortexM3\ARM_GCC_541\Debug\main.o
                                0x7db (size before relaxing)
 .debug_str     0x0000076c      0x35b .\CortexM3\ARM_GCC_541\Debug\TimingAnalyzer.o
                                0x779 (size before relaxing)
 .debug_str     0x00000ac7      0x1ba .\CortexM3\ARM_GCC_541\Debug\ReactionGame.o
                                0x792 (size before relaxing)
 .debug_str     0x00000c81       0xf6 .\CortexM3\ARM_GCC_541\Debug\ArcadianLight.o
                                0x523 (size before relaxing)
 .debug_str     0x00000d77       0xa3 .\CortexM3\ARM_GCC_541\Debug\logging.o
                                0x4cf (size before relaxing)
 .debug_str     0x00000e1a       0xf8 .\CortexM3\ARM_GCC_541\Debug\seven.o
                                0x542 (size before relaxing)
 .debug_str     0x00000f12       0x74 .\CortexM3\ARM_GCC_541\Debug\pins.o
                                0x2e8 (size before relaxing)
 .debug_str     0x00000f86      0x7df .\CortexM3\ARM_GCC_541\Debug\tft.o
                                0xd08 (size before relaxing)