Archive member included to satisfy reference by file (symbol)

.\CortexM3\ARM_GCC_541\Debug\ReactionGame.a(RED_LED.o)
                              .\CortexM3\ARM_GCC_541\Debug\pins.o (RED_LED_Write)
.\CortexM3\ARM_GCC_541\Debug\ReactionGame.a(YELLOW_LED.o)
                              .\CortexM3\ARM_GCC_541\Debug\pins.o (YELLOW_LED_Write)
.\CortexM3\ARM_GCC_541\Debug\ReactionGame.a(GREEN_LED.o)
                              .\CortexM3\ARM_GCC_541\Debug\pins.o (GREEN_LED_Write)
.\CortexM3\ARM_GCC_541\Debug\ReactionGame.a(UART_LOG.o)
                              .\CortexM3\ARM_GCC_541\Debug\main.o (UART_LOG_Start)
.\CortexM3\ARM_GCC_541\Debug\ReactionGame.a(UART_LOG_IntClock.o)
                              .\CortexM3\ARM_GCC_541\Debug\ReactionGame.a(UART_LOG.o) (UART_LOG_IntClock_Start)
.\CortexM3\ARM_GCC_541\Debug\ReactionGame.a(CyLib.o)
                              .\CortexM3\ARM_GCC_541\Debug\Cm3Start.o (CyHalt)
.\CortexM3\ARM_GCC_541\Debug\ReactionGame.a(cyPm.o)
                              .\CortexM3\ARM_GCC_541\Debug\ReactionGame.a(CyLib.o) (CyPmReadStatus)
.\CortexM3\ARM_GCC_541\Debug\ReactionGame.a(ErikaOS_ee_activate.o)
                              .\CortexM3\ARM_GCC_541\Debug\main.o (EE_oo_ActivateTask)
.\CortexM3\ARM_GCC_541\Debug\ReactionGame.a(ErikaOS_ee_alsetrel.o)
                              .\CortexM3\ARM_GCC_541\Debug\main.o (EE_oo_SetRelAlarm)
.\CortexM3\ARM_GCC_541\Debug\ReactionGame.a(ErikaOS_ee_altick.o)
                              .\CortexM3\ARM_GCC_541\Debug\ReactionGame.a(ErikaOS_ee_alsetrel.o) (EE_oo_counter_object_insert)
.\CortexM3\ARM_GCC_541\Debug\ReactionGame.a(ErikaOS_ee_evclear.o)
                              .\CortexM3\ARM_GCC_541\Debug\main.o (EE_oo_ClearEvent)
.\CortexM3\ARM_GCC_541\Debug\ReactionGame.a(ErikaOS_ee_evget.o)
                              .\CortexM3\ARM_GCC_541\Debug\main.o (EE_oo_GetEvent)
.\CortexM3\ARM_GCC_541\Debug\ReactionGame.a(ErikaOS_ee_evset.o)
                              .\CortexM3\ARM_GCC_541\Debug\main.o (EE_oo_SetEvent)
.\CortexM3\ARM_GCC_541\Debug\ReactionGame.a(ErikaOS_ee_evwait.o)
                              .\CortexM3\ARM_GCC_541\Debug\main.o (EE_oo_WaitEvent)
.\CortexM3\ARM_GCC_541\Debug\ReactionGame.a(ErikaOS_ee_getcountervalue.o)
                              .\CortexM3\ARM_GCC_541\Debug\ReactionGame.o (EE_oo_GetCounterValue)
.\CortexM3\ARM_GCC_541\Debug\ReactionGame.a(ErikaOS_ee_irqendin.o)
                              .\CortexM3\ARM_GCC_541\Debug\main.o (EE_IRQ_end_post_stub)
.\CortexM3\ARM_GCC_541\Debug\ReactionGame.a(ErikaOS_ee_lookup.o)
                              .\CortexM3\ARM_GCC_541\Debug\ReactionGame.a(ErikaOS_ee_irqendin.o) (EE_oo_IRQ_disable_count)
.\CortexM3\ARM_GCC_541\Debug\ReactionGame.a(ErikaOS_ee_rq_exchg.o)
                              .\CortexM3\ARM_GCC_541\Debug\ReactionGame.a(ErikaOS_ee_activate.o) (EE_rq2stk_exchange)
.\CortexM3\ARM_GCC_541\Debug\ReactionGame.a(ErikaOS_ee_rq_first.o)
                              .\CortexM3\ARM_GCC_541\Debug\ReactionGame.a(ErikaOS_ee_activate.o) (EE_rq_queryfirst)
.\CortexM3\ARM_GCC_541\Debug\ReactionGame.a(ErikaOS_ee_rq_inser.o)
                              .\CortexM3\ARM_GCC_541\Debug\ReactionGame.a(ErikaOS_ee_activate.o) (EE_rq_insert)
.\CortexM3\ARM_GCC_541\Debug\ReactionGame.a(ErikaOS_ee_startos.o)
                              .\CortexM3\ARM_GCC_541\Debug\main.o (EE_oo_StartOS)
.\CortexM3\ARM_GCC_541\Debug\ReactionGame.a(ErikaOS_ee_terminat.o)
                              .\CortexM3\ARM_GCC_541\Debug\main.o (EE_oo_TerminateTask)
.\CortexM3\ARM_GCC_541\Debug\ReactionGame.a(ErikaOS_cortex_mx_ee_utils.o)
                              .\CortexM3\ARM_GCC_541\Debug\main.o (EE_system_init)
.\CortexM3\ARM_GCC_541\Debug\ReactionGame.a(ErikaOS_common_ee_hal_structs.o)
                              .\CortexM3\ARM_GCC_541\Debug\ReactionGame.a(ErikaOS_ee_irqendin.o) (EE_std_endcycle_next_tid)
.\CortexM3\ARM_GCC_541\Debug\ReactionGame.a(ErikaOS_eecfg.o)
                              .\CortexM3\ARM_GCC_541\Debug\ReactionGame.a(ErikaOS_ee_startos.o) (EE_oo_autostart_task_data)
.\CortexM3\ARM_GCC_541\Debug\ReactionGame.a(ButtonRight.o)
                              .\CortexM3\ARM_GCC_541\Debug\button.o (ButtonRight_Read)
.\CortexM3\ARM_GCC_541\Debug\ReactionGame.a(ButtonLeft.o)
                              .\CortexM3\ARM_GCC_541\Debug\button.o (ButtonLeft_Read)
.\CortexM3\ARM_GCC_541\Debug\ReactionGame.a(SEVEN_DP.o)
                              .\CortexM3\ARM_GCC_541\Debug\seven.o (SEVEN_DP_Write)
.\CortexM3\ARM_GCC_541\Debug\ReactionGame.a(SEVEN_SELECT.o)
                              .\CortexM3\ARM_GCC_541\Debug\seven.o (SEVEN_SELECT_Write)
.\CortexM3\ARM_GCC_541\Debug\ReactionGame.a(SEVEN_reg.o)
                              .\CortexM3\ARM_GCC_541\Debug\seven.o (SEVEN_reg_Write)
.\CortexM3\ARM_GCC_541\Debug\ReactionGame.a(TFT_SPI.o)
                              .\CortexM3\ARM_GCC_541\Debug\tft.o (TFT_SPI_WriteTxData)
[...]
Memory Configuration

Name             Origin             Length             Attributes
rom              0x00000000         0x00040000         xr
ram              0x1fff8000         0x00010000         xrw
*default*        0x00000000         0xffffffff

Linker script and memory map

LOAD c:/h_da softwares & projects/psoc creator/4.4/psoc creator/import/gnu/arm/5.4.1/bin/../lib/gcc/arm-none-eabi/5.4.1/armv7-m/crti.o
LOAD c:/h_da softwares & projects/psoc creator/4.4/psoc creator/import/gnu/arm/5.4.1/bin/../lib/gcc/arm-none-eabi/5.4.1/armv7-m/crtbegin.o
LOAD c:/h_da softwares & projects/psoc creator/4.4/psoc creator/import/gnu/arm/5.4.1/bin/../lib/gcc/arm-none-eabi/5.4.1/../../../../arm-none-eabi/lib/armv7-m/crt0.o
START GROUP
LOAD .\CortexM3\ARM_GCC_541\Debug\main.o
LOAD .\CortexM3\ARM_GCC_541\Debug\TimingAnalyzer.o
LOAD .\CortexM3\ARM_GCC_541\Debug\ReactionGame.o
LOAD .\CortexM3\ARM_GCC_541\Debug\ArcadianLight.o
LOAD .\CortexM3\ARM_GCC_541\Debug\logging.o
LOAD .\CortexM3\ARM_GCC_541\Debug\seven.o
LOAD .\CortexM3\ARM_GCC_541\Debug\pins.o
LOAD .\CortexM3\ARM_GCC_541\Debug\button.o
LOAD .\CortexM3\ARM_GCC_541\Debug\led.o
LOAD .\CortexM3\ARM_GCC_541\Debug\tft.o
LOAD .\CortexM3\ARM_GCC_541\Debug\cyfitter_cfg.o
LOAD .\CortexM3\ARM_GCC_541\Debug\cymetadata.o
LOAD .\CortexM3\ARM_GCC_541\Debug\Cm3Start.o
LOAD .\CortexM3\ARM_GCC_541\Debug\ReactionGame.a
LOAD C:\H_Da Softwares & Projects\PSoC Creator\4.4\PSoC Creator\psoc\content\cycomponentlibrary\CyComponentLibrary.cylib\CortexM3\ARM_GCC_541\Debug\CyComponentLibrary.a
END GROUP
START GROUP
LOAD c:/h_da softwares & projects/psoc creator/4.4/psoc creator/import/gnu/arm/5.4.1/bin/../lib/gcc/arm-none-eabi/5.4.1/armv7-m\libgcc.a
LOAD c:/h_da softwares & projects/psoc creator/4.4/psoc creator/import/gnu/arm/5.4.1/bin/../lib/gcc/arm-none-eabi/5.4.1/../../../../arm-none-eabi/lib/armv7-m\libg_nano.a
LOAD c:/h_da softwares & projects/psoc creator/4.4/psoc creator/import/gnu/arm/5.4.1/bin/../lib/gcc/arm-none-eabi/5.4.1/../../../../arm-none-eabi/lib/armv7-m\libc_nano.a
END GROUP
START GROUP
LOAD c:/h_da softwares & projects/psoc creator/4.4/psoc creator/import/gnu/arm/5.4.1/bin/../lib/gcc/arm-none-eabi/5.4.1/armv7-m\libgcc.a
LOAD c:/h_da softwares & projects/psoc creator/4.4/psoc creator/import/gnu/arm/5.4.1/bin/../lib/gcc/arm-none-eabi/5.4.1/../../../../arm-none-eabi/lib/armv7-m\libc_nano.a
END GROUP
LOAD c:/h_da softwares & projects/psoc creator/4.4/psoc creator/import/gnu/arm/5.4.1/bin/../lib/gcc/arm-none-eabi/5.4.1/armv7-m/crtend.o
LOAD c:/h_da softwares & projects/psoc creator/4.4/psoc creator/import/gnu/arm/5.4.1/bin/../lib/gcc/arm-none-eabi/5.4.1/armv7-m/crtn.o
START GROUP
LOAD c:/h_da softwares & projects/psoc creator/4.4/psoc creator/import/gnu/arm/5.4.1/bin/../lib/gcc/arm-none-eabi/5.4.1/armv7-m\libgcc.a
LOAD c:/h_da softwares & projects/psoc creator/4.4/psoc creator/import/gnu/arm/5.4.1/bin/../lib/gcc/arm-none-eabi/5.4.1/../../../../arm-none-eabi/lib/armv7-m\libc.a
LOAD c:/h_da softwares & projects/psoc creator/4.4/psoc creator/import/gnu/arm/5.4.1/bin/../lib/gcc/arm-none-eabi/5.4.1/../../../../arm-none-eabi/lib/armv7-m\libnosys.a
END GROUP
                0x00000000                CY_APPL_ORIGIN = 0x0
                0x00000100                CY_FLASH_ROW_SIZE = 0x100
                0x00000020                CY_ECC_ROW_SIZE = 0x20
                0x00000000                CY_EE_IN_BTLDR = 0x0
                0x00000000                CY_APPL_LOADABLE = 0x0
                0x00000800                CY_EE_SIZE = 0x800
                0x00000001                CY_APPL_NUM = 0x1
                0x00000001                CY_APPL_MAX = 0x1
                0x00000040                CY_METADATA_SIZE = 0x40
                0x00000000                CY_APPL_LOADABLE = 0x0
                0x00000000                CY_CHECKSUM_EXCLUDE_SIZE = ALIGN (0x0, CY_FLASH_ROW_SIZE)
                [!provide]                PROVIDE (__cy_heap_start, _end)
                0x00000001                PROVIDE (__cy_region_num, ((__cy_regions_end - __cy_regions) / 0x10))
                0x20008000                PROVIDE (__cy_stack, (ORIGIN (ram) + LENGTH (ram)))
                [!provide]                PROVIDE (__cy_heap_end, (__cy_stack - 0x800))

.cybootloader   0x00000000        0x0
 *(.cybootloader)
                0x00000000                appl1_start = CY_APPL_ORIGIN?CY_APPL_ORIGIN:ALIGN (CY_FLASH_ROW_SIZE)
                0x0001ff00                appl2_start = (appl1_start + ALIGN ((((LENGTH (rom) - appl1_start) - (0x2 * CY_FLASH_ROW_SIZE)) / 0x2), CY_FLASH_ROW_SIZE))
                0x00000000                appl_start = (CY_APPL_NUM == 0x1)?appl1_start:appl2_start
                0x00000000                ecc_offset = ((appl_start / CY_FLASH_ROW_SIZE) * CY_ECC_ROW_SIZE)
                0x00000000                ee_offset = (CY_APPL_LOADABLE && ! (CY_EE_IN_BTLDR))?((CY_EE_SIZE / CY_APPL_MAX) * (CY_APPL_NUM - 0x1)):0x0
                0x00000800                ee_size = (CY_APPL_LOADABLE && ! (CY_EE_IN_BTLDR))?(CY_EE_SIZE / CY_APPL_MAX):CY_EE_SIZE
                [!provide]                PROVIDE (CY_ECC_OFFSET, ecc_offset)

.text           0x00000000     0x29e6
 CREATE_OBJECT_SYMBOLS
                0x00000000                PROVIDE (__cy_interrupt_vector, RomVectors)
 *(.romvectors)
 .romvectors    0x00000000       0x10 .\CortexM3\ARM_GCC_541\Debug\Cm3Start.o
                0x00000000                RomVectors
                0x00000001                ASSERT ((. != __cy_interrupt_vector), No interrupt vector)
                0x00000001                ASSERT (CY_APPL_ORIGIN?(SIZEOF (.cybootloader) <= CY_APPL_ORIGIN):0x1, Wrong image location)
                0x00000010                PROVIDE (__cy_reset, Reset)
 *(.text.Reset)
 .text.Reset    0x00000010       0x18 .\CortexM3\ARM_GCC_541\Debug\Cm3Start.o
                0x00000010                Reset
                0x00000001                ASSERT ((. != __cy_reset), No reset code)
 *(.dma_init)
                0x00000001                ASSERT ((((appl_start + .) <= 0x10000) || 0x1), DMA Init must be within the first 64k of flash)
 *(.text .text.* .gnu.linkonce.t.*)
 .text          0x00000028       0x5c c:/h_da softwares & projects/psoc creator/4.4/psoc creator/import/gnu/arm/5.4.1/bin/../lib/gcc/arm-none-eabi/5.4.1/armv7-m/crtbegin.o
 .text.main     0x00000084       0x28 .\CortexM3\ARM_GCC_541\Debug\main.o
                0x00000084                main
 .text.Functsk_init
                0x000000ac       0x40 .\CortexM3\ARM_GCC_541\Debug\main.o
                0x000000ac                Functsk_init
 .text.Functsk_game
                0x000000ec       0x30 .\CortexM3\ARM_GCC_541\Debug\main.o
                0x000000ec                Functsk_game
 .text.Functsk_arcadian
                0x0000011c       0x18 .\CortexM3\ARM_GCC_541\Debug\main.o
                0x0000011c                Functsk_arcadian
 .text.Functsk_tft
                0x00000134        0x8 .\CortexM3\ARM_GCC_541\Debug\main.o
                0x00000134                Functsk_tft
 .text.Functsk_background
                0x0000013c        0x4 .\CortexM3\ARM_GCC_541\Debug\main.o
                0x0000013c                Functsk_background
 .text.ISR2_systick_handler
                0x00000140        0xc .\CortexM3\ARM_GCC_541\Debug\main.o
                0x00000140                ISR2_systick_handler
 .text.systick_handler
                0x0000014c       0x98 .\CortexM3\ARM_GCC_541\Debug\main.o
                0x0000014c                systick_handler
 .text.ISR2_isr_button
                0x000001e4       0x28 .\CortexM3\ARM_GCC_541\Debug\main.o
                0x000001e4                ISR2_isr_button
 .text.isr_button
                0x0000020c       0x98 .\CortexM3\ARM_GCC_541\Debug\main.o
                0x0000020c                isr_button
 .text.TA_init  0x000002a4       0x34 .\CortexM3\ARM_GCC_541\Debug\TimingAnalyzer.o
                0x000002a4                TA_init
 .text.TA_create
                0x000002d8       0x7c .\CortexM3\ARM_GCC_541\Debug\TimingAnalyzer.o
                0x000002d8                TA_create
 .text.TA_start
                0x00000354       0x60 .\CortexM3\ARM_GCC_541\Debug\TimingAnalyzer.o
                0x00000354                TA_start
 .text.TA_calculateElapsedTime
                0x000003b4       0x20 .\CortexM3\ARM_GCC_541\Debug\TimingAnalyzer.o
                0x000003b4                TA_calculateElapsedTime
 .text.TA_stop  0x000003d4       0x70 .\CortexM3\ARM_GCC_541\Debug\TimingAnalyzer.o
                0x000003d4                TA_stop
 .text.TA_getElapsedTimeInMs
                0x00000444       0x10 .\CortexM3\ARM_GCC_541\Debug\TimingAnalyzer.o
                0x00000444                TA_getElapsedTimeInMs
 .text.RG_CreateRandom
                0x00000454       0x50 .\CortexM3\ARM_GCC_541\Debug\ReactionGame.o
                0x00000454                RG_CreateRandom
 .text.RG_Display
                0x000004a4       0x48 .\CortexM3\ARM_GCC_541\Debug\ReactionGame.o
                0x000004a4                RG_Display
 .text.RG_buttonLeftPressed
                0x000004ec       0x70 .\CortexM3\ARM_GCC_541\Debug\ReactionGame.o
                0x000004ec                RG_buttonLeftPressed
 .text.RG_buttonRightPressed
                0x0000055c       0x70 .\CortexM3\ARM_GCC_541\Debug\ReactionGame.o
                0x0000055c                RG_buttonRightPressed
 .text.RG_printGameResult
                0x000005cc       0x4c .\CortexM3\ARM_GCC_541\Debug\ReactionGame.o
                0x000005cc                RG_printGameResult
 .text.RG_gameStateMachine
                0x00000618       0xb4 .\CortexM3\ARM_GCC_541\Debug\ReactionGame.o
                0x00000618                RG_gameStateMachine
 .text.AL_isFaderTickDue
                0x000006cc       0x3c .\CortexM3\ARM_GCC_541\Debug\ArcadianLight.o
                0x000006cc                AL_isFaderTickDue
 .text.AL_calculateIntensity
                0x00000708       0x4c .\CortexM3\ARM_GCC_541\Debug\ArcadianLight.o
                0x00000708                AL_calculateIntensity
 .text.AL_fader
                0x00000754       0x50 .\CortexM3\ARM_GCC_541\Debug\ArcadianLight.o
                0x00000754                AL_fader
 .text.AL_updateGlowStep
                0x000007a4       0x58 .\CortexM3\ARM_GCC_541\Debug\ArcadianLight.o
                0x000007a4                AL_updateGlowStep
 .text.AL_glower
                0x000007fc       0x44 .\CortexM3\ARM_GCC_541\Debug\ArcadianLight.o
                0x000007fc                AL_glower
 .text.SEVEN_writeRandom
                0x00000840       0x4c .\CortexM3\ARM_GCC_541\Debug\seven.o
                0x00000840                SEVEN_writeRandom
 .text.SEVEN_Clear
                0x0000088c       0x1c .\CortexM3\ARM_GCC_541\Debug\seven.o
                0x0000088c                SEVEN_Clear
 .text.SEVEN_Init
                0x000008a8       0x14 .\CortexM3\ARM_GCC_541\Debug\seven.o
                0x000008a8                SEVEN_Init
 .text.SEVEN_ClearAll
                0x000008bc       0x2c .\CortexM3\ARM_GCC_541\Debug\seven.o
                0x000008bc                SEVEN_ClearAll
 .text.Pins_Init
                0x000008e8       0x18 .\CortexM3\ARM_GCC_541\Debug\pins.o
                0x000008e8                Pins_Init
 .text.BUTTON_IsPressed
                0x00000900       0x30 .\CortexM3\ARM_GCC_541\Debug\button.o
                0x00000900                BUTTON_IsPressed
 .text.LED_Set  0x00000930       0x60 .\CortexM3\ARM_GCC_541\Debug\led.o
                0x00000930                LED_Set
 .text.RGB_Set  0x00000990       0x60 .\CortexM3\ARM_GCC_541\Debug\led.o
                0x00000990                RGB_Set
 .text.LED_Init
                0x000009f0       0x4c .\CortexM3\ARM_GCC_541\Debug\led.o
                0x000009f0                LED_Init
 .text.LED_RGB_Set
                0x00000a3c       0x1c .\CortexM3\ARM_GCC_541\Debug\led.o
                0x00000a3c                LED_RGB_Set
 .text.LED_PWM_Set
                0x00000a58       0x1c .\CortexM3\ARM_GCC_541\Debug\led.o
                0x00000a58                LED_PWM_Set
 .text.CyClockStartupError
                0x00000a74        0x4 .\CortexM3\ARM_GCC_541\Debug\cyfitter_cfg.o
 .text.cfg_write_bytes32
                0x00000a78       0x34 .\CortexM3\ARM_GCC_541\Debug\cyfitter_cfg.o
 .text.AnalogSetDefault
                0x00000aac       0x28 .\CortexM3\ARM_GCC_541\Debug\cyfitter_cfg.o
 .text.CYMEMZERO
                0x00000ad4        0xc .\CortexM3\ARM_GCC_541\Debug\cyfitter_cfg.o
 .text.ClockSetup
                0x00000ae0       0xd8 .\CortexM3\ARM_GCC_541\Debug\cyfitter_cfg.o
 .text.CYCONFIGCPY
                0x00000bb8        0x8 .\CortexM3\ARM_GCC_541\Debug\cyfitter_cfg.o
 .text.cyfitter_cfg
                0x00000bc0      0x138 .\CortexM3\ARM_GCC_541\Debug\cyfitter_cfg.o
                0x00000bc0                cyfitter_cfg
 .text.IntDefaultHandler
                0x00000cf8       0x10 .\CortexM3\ARM_GCC_541\Debug\Cm3Start.o
                0x00000cf8                IntDefaultHandler
 .text._sbrk    0x00000d08       0x30 .\CortexM3\ARM_GCC_541\Debug\Cm3Start.o
                0x00000d08                _sbrk
 .text.Start_c  0x00000d38       0x4c .\CortexM3\ARM_GCC_541\Debug\Cm3Start.o
                0x00000d38                Start_c
 .text.initialize_psoc
                0x00000d84       0x68 .\CortexM3\ARM_GCC_541\Debug\Cm3Start.o
                0x00000d84                initialize_psoc
 .text.RED_LED_Write
                0x00000dec       0x18 .\CortexM3\ARM_GCC_541\Debug\ReactionGame.a(RED_LED.o)
                0x00000dec                RED_LED_Write
 .text.YELLOW_LED_Write
                0x00000e04       0x18 .\CortexM3\ARM_GCC_541\Debug\ReactionGame.a(YELLOW_LED.o)
                0x00000e04                YELLOW_LED_Write
 .text.GREEN_LED_Write
                0x00000e1c       0x18 .\CortexM3\ARM_GCC_541\Debug\ReactionGame.a(GREEN_LED.o)
                0x00000e1c                GREEN_LED_Write
 .text.UART_LOG_Init
                0x00000e34       0x24 .\CortexM3\ARM_GCC_541\Debug\ReactionGame.a(UART_LOG.o)
                0x00000e34                UART_LOG_Init
 .text.UART_LOG_Enable
                0x00000e58       0x38 .\CortexM3\ARM_GCC_541\Debug\ReactionGame.a(UART_LOG.o)
                0x00000e58                UART_LOG_Enable
 .text.UART_LOG_Start
                0x00000e90       0x1c .\CortexM3\ARM_GCC_541\Debug\ReactionGame.a(UART_LOG.o)
                0x00000e90                UART_LOG_Start
 .text.UART_LOG_PutChar
                0x00000eac       0x18 .\CortexM3\ARM_GCC_541\Debug\ReactionGame.a(UART_LOG.o)
                0x00000eac                UART_LOG_PutChar
 .text.UART_LOG_PutString
                0x00000ec4       0x24 .\CortexM3\ARM_GCC_541\Debug\ReactionGame.a(UART_LOG.o)
                0x00000ec4                UART_LOG_PutString
 .text.UART_LOG_IntClock_Start
                0x00000ee8       0x1c .\CortexM3\ARM_GCC_541\Debug\ReactionGame.a(UART_LOG_IntClock.o)
                0x00000ee8                UART_LOG_IntClock_Start
 .text.CyHalt   0x00000f04        0x4 .\CortexM3\ARM_GCC_541\Debug\ReactionGame.a(CyLib.o)
                0x00000f04                CyHalt
 .text.CyIntSetPriority
                0x00000f08       0x30 .\CortexM3\ARM_GCC_541\Debug\ReactionGame.a(CyLib.o)
                0x00000f08                CyIntSetPriority
 .text.EE_oo_ActivateTask
                0x00000f38       0xe8 .\CortexM3\ARM_GCC_541\Debug\ReactionGame.a(ErikaOS_ee_activate.o)
                0x00000f38                EE_oo_ActivateTask
 .text.EE_oo_SetRelAlarm
                0x00001020       0x80 .\CortexM3\ARM_GCC_541\Debug\ReactionGame.a(ErikaOS_ee_alsetrel.o)
                0x00001020                EE_oo_SetRelAlarm
 .text.EE_oo_handle_action_callback
                0x000010a0        0xc .\CortexM3\ARM_GCC_541\Debug\ReactionGame.a(ErikaOS_ee_altick.o)
 .text.EE_oo_handle_action_task
                0x000010ac       0x4c .\CortexM3\ARM_GCC_541\Debug\ReactionGame.a(ErikaOS_ee_altick.o)
 .text.EE_oo_handle_action_event
                0x000010f8       0x60 .\CortexM3\ARM_GCC_541\Debug\ReactionGame.a(ErikaOS_ee_altick.o)
 .text.EE_oo_handle_action
                0x00001158       0x28 .\CortexM3\ARM_GCC_541\Debug\ReactionGame.a(ErikaOS_ee_altick.o)
 .text.EE_oo_counter_object_insert
                0x00001180       0x9c .\CortexM3\ARM_GCC_541\Debug\ReactionGame.a(ErikaOS_ee_altick.o)
                0x00001180                EE_oo_counter_object_insert
 .text.EE_oo_IncrementCounterImplementation
                0x0000121c      0x100 .\CortexM3\ARM_GCC_541\Debug\ReactionGame.a(ErikaOS_ee_altick.o)
                0x0000121c                EE_oo_IncrementCounterImplementation
 .text.EE_oo_IncrementCounter
                0x0000131c       0xb0 .\CortexM3\ARM_GCC_541\Debug\ReactionGame.a(ErikaOS_ee_altick.o)
                0x0000131c                EE_oo_IncrementCounter
 .text.EE_oo_ClearEvent
                0x000013cc       0x5c .\CortexM3\ARM_GCC_541\Debug\ReactionGame.a(ErikaOS_ee_evclear.o)
                0x000013cc                EE_oo_ClearEvent
 .text.EE_oo_GetEvent
                0x00001428       0x40 .\CortexM3\ARM_GCC_541\Debug\ReactionGame.a(ErikaOS_ee_evget.o)
                0x00001428                EE_oo_GetEvent
 .text.EE_oo_SetEvent
                0x00001468      0x100 .\CortexM3\ARM_GCC_541\Debug\ReactionGame.a(ErikaOS_ee_evset.o)
                0x00001468                EE_oo_SetEvent
 .text.EE_oo_WaitEvent
                0x00001568      0x124 .\CortexM3\ARM_GCC_541\Debug\ReactionGame.a(ErikaOS_ee_evwait.o)
                0x00001568                EE_oo_WaitEvent
 .text.EE_oo_GetCounterValue
                0x0000168c       0x24 .\CortexM3\ARM_GCC_541\Debug\ReactionGame.a(ErikaOS_ee_getcountervalue.o)
                0x0000168c                EE_oo_GetCounterValue
 .text.EE_IRQ_run_next_task
                0x000016b0       0x30 .\CortexM3\ARM_GCC_541\Debug\ReactionGame.a(ErikaOS_ee_irqendin.o)
 .text.EE_IRQ_end_instance
                0x000016e0       0x68 .\CortexM3\ARM_GCC_541\Debug\ReactionGame.a(ErikaOS_ee_irqendin.o)
                0x000016e0                EE_IRQ_end_instance
 .text.EE_IRQ_end_post_stub
                0x00001748       0x14 .\CortexM3\ARM_GCC_541\Debug\ReactionGame.a(ErikaOS_ee_irqendin.o)
                0x00001748                EE_IRQ_end_post_stub
 .text.EE_rq2stk_exchange
                0x0000175c       0x88 .\CortexM3\ARM_GCC_541\Debug\ReactionGame.a(ErikaOS_ee_rq_exchg.o)
                0x0000175c                EE_rq2stk_exchange
 .text.EE_rq_queryfirst
                0x000017e4       0x44 .\CortexM3\ARM_GCC_541\Debug\ReactionGame.a(ErikaOS_ee_rq_first.o)
                0x000017e4                EE_rq_queryfirst
 .text.EE_rq_insert
                0x00001828       0x74 .\CortexM3\ARM_GCC_541\Debug\ReactionGame.a(ErikaOS_ee_rq_inser.o)
                0x00001828                EE_rq_insert
 .text.compute_task_tid
                0x0000189c       0x10 .\CortexM3\ARM_GCC_541\Debug\ReactionGame.a(ErikaOS_ee_startos.o)
 .text.EE_oo_start_os
                0x000018ac        0xc .\CortexM3\ARM_GCC_541\Debug\ReactionGame.a(ErikaOS_ee_startos.o)
 .text.EE_oo_autostart_tasks
                0x000018b8       0x60 .\CortexM3\ARM_GCC_541\Debug\ReactionGame.a(ErikaOS_ee_startos.o)
 .text.EE_oo_autostart_os
                0x00001918        0xc .\CortexM3\ARM_GCC_541\Debug\ReactionGame.a(ErikaOS_ee_startos.o)
 .text.EE_oo_StartOS
                0x00001924       0x8c .\CortexM3\ARM_GCC_541\Debug\ReactionGame.a(ErikaOS_ee_startos.o)
                0x00001924                EE_oo_StartOS
 .text.EE_oo_TerminateTask
                0x000019b0       0x50 .\CortexM3\ARM_GCC_541\Debug\ReactionGame.a(ErikaOS_ee_terminat.o)
                0x000019b0                EE_oo_TerminateTask
 .text.EE_system_init
                0x00001a00       0x48 .\CortexM3\ARM_GCC_541\Debug\ReactionGame.a(ErikaOS_cortex_mx_ee_utils.o)
                0x00001a00                EE_system_init
 .text.ButtonRight_Read
                0x00001a48       0x10 .\CortexM3\ARM_GCC_541\Debug\ReactionGame.a(ButtonRight.o)
                0x00001a48                ButtonRight_Read
 .text.ButtonLeft_Read
                0x00001a58       0x10 .\CortexM3\ARM_GCC_541\Debug\ReactionGame.a(ButtonLeft.o)
                0x00001a58                ButtonLeft_Read
 .text.SEVEN_SELECT_Write
                0x00001a68       0x18 .\CortexM3\ARM_GCC_541\Debug\ReactionGame.a(SEVEN_SELECT.o)
                0x00001a68                SEVEN_SELECT_Write
 .text.SEVEN_reg_Write
                0x00001a80        0xc .\CortexM3\ARM_GCC_541\Debug\ReactionGame.a(SEVEN_reg.o)
                0x00001a80                SEVEN_reg_Write
 .text.SEVEN_reg_Read
                0x00001a8c        0xc .\CortexM3\ARM_GCC_541\Debug\ReactionGame.a(SEVEN_reg.o)
                0x00001a8c                SEVEN_reg_Read
 .text.PWM_RED_Enable
                0x00001a98       0x10 .\CortexM3\ARM_GCC_541\Debug\ReactionGame.a(PWM_RED.o)
                0x00001a98                PWM_RED_Enable
 .text.PWM_RED_WriteCounter
                0x00001aa8        0xc .\CortexM3\ARM_GCC_541\Debug\ReactionGame.a(PWM_RED.o)
                0x00001aa8                PWM_RED_WriteCounter
 .text.PWM_RED_WritePeriod
                0x00001ab4        0xc .\CortexM3\ARM_GCC_541\Debug\ReactionGame.a(PWM_RED.o)
                0x00001ab4                PWM_RED_WritePeriod
 .text.PWM_RED_WriteCompare
                0x00001ac0        0xc .\CortexM3\ARM_GCC_541\Debug\ReactionGame.a(PWM_RED.o)
                0x00001ac0                PWM_RED_WriteCompare
 .text.PWM_RED_Init
                0x00001acc       0x34 .\CortexM3\ARM_GCC_541\Debug\ReactionGame.a(PWM_RED.o)
                0x00001acc                PWM_RED_Init
 .text.PWM_RED_Start
                0x00001b00       0x1c .\CortexM3\ARM_GCC_541\Debug\ReactionGame.a(PWM_RED.o)
                0x00001b00                PWM_RED_Start
 .text.PWM_YELLOW_Enable
                0x00001b1c       0x10 .\CortexM3\ARM_GCC_541\Debug\ReactionGame.a(PWM_YELLOW.o)
                0x00001b1c                PWM_YELLOW_Enable
 .text.PWM_YELLOW_WriteCounter
                0x00001b2c        0xc .\CortexM3\ARM_GCC_541\Debug\ReactionGame.a(PWM_YELLOW.o)
                0x00001b2c                PWM_YELLOW_WriteCounter
 .text.PWM_YELLOW_WritePeriod
                0x00001b38        0xc .\CortexM3\ARM_GCC_541\Debug\ReactionGame.a(PWM_YELLOW.o)
                0x00001b38                PWM_YELLOW_WritePeriod
 .text.PWM_YELLOW_WriteCompare
                0x00001b44        0xc .\CortexM3\ARM_GCC_541\Debug\ReactionGame.a(PWM_YELLOW.o)
                0x00001b44                PWM_YELLOW_WriteCompare
 .text.PWM_YELLOW_Init
                0x00001b50       0x34 .\CortexM3\ARM_GCC_541\Debug\ReactionGame.a(PWM_YELLOW.o)
                0x00001b50                PWM_YELLOW_Init
 .text.PWM_YELLOW_Start
                0x00001b84       0x1c .\CortexM3\ARM_GCC_541\Debug\ReactionGame.a(PWM_YELLOW.o)
                0x00001b84                PWM_YELLOW_Start
 .text.PWM_GREEN_Enable
                0x00001ba0       0x10 .\CortexM3\ARM_GCC_541\Debug\ReactionGame.a(PWM_GREEN.o)
                0x00001ba0                PWM_GREEN_Enable
 .text.PWM_GREEN_WriteCounter
                0x00001bb0        0xc .\CortexM3\ARM_GCC_541\Debug\ReactionGame.a(PWM_GREEN.o)
                0x00001bb0                PWM_GREEN_WriteCounter
 .text.PWM_GREEN_WritePeriod
                0x00001bbc        0xc .\CortexM3\ARM_GCC_541\Debug\ReactionGame.a(PWM_GREEN.o)
                0x00001bbc                PWM_GREEN_WritePeriod
 .text.PWM_GREEN_WriteCompare
                0x00001bc8        0xc .\CortexM3\ARM_GCC_541\Debug\ReactionGame.a(PWM_GREEN.o)
                0x00001bc8                PWM_GREEN_WriteCompare
 .text.PWM_GREEN_Init
                0x00001bd4       0x34 .\CortexM3\ARM_GCC_541\Debug\ReactionGame.a(PWM_GREEN.o)
                0x00001bd4                PWM_GREEN_Init
 .text.PWM_GREEN_Start
                0x00001c08       0x1c .\CortexM3\ARM_GCC_541\Debug\ReactionGame.a(PWM_GREEN.o)
                0x00001c08                PWM_GREEN_Start
 .text.RGB_RED_Write
                0x00001c24       0x18 .\CortexM3\ARM_GCC_541\Debug\ReactionGame.a(RGB_RED.o)
                0x00001c24                RGB_RED_Write
 .text.RGB_GREEN_Write
                0x00001c3c       0x18 .\CortexM3\ARM_GCC_541\Debug\ReactionGame.a(RGB_GREEN.o)
                0x00001c3c                RGB_GREEN_Write
 .text.RGB_BLUE_Write
                0x00001c54       0x18 .\CortexM3\ARM_GCC_541\Debug\ReactionGame.a(RGB_BLUE.o)
                0x00001c54                RGB_BLUE_Write
 *fill*         0x00001c6c        0x4 
 .text          0x00001c70       0x20 .\CortexM3\ARM_GCC_541\Debug\ReactionGame.a(CyBootAsmGnu.o)
                0x00001c70                CyDelayCycles
                0x00001c80                CyEnterCriticalSection
                0x00001c88                CyExitCriticalSection
 .text          0x00001c90       0x7c .\CortexM3\ARM_GCC_541\Debug\ReactionGame.a(ErikaOS_ee_gnu_change_context_isr.o)
                0x00001c90                EE_set_switch_context_pri
                0x00001caa                EE_switch_context
                0x00001cb4                EE_cortex_mx_pendsv_ISR
                0x00001cf0                EE_cortex_mx_svc_ISR
 .text          0x00001d0c       0x24 .\CortexM3\ARM_GCC_541\Debug\ReactionGame.a(ErikaOS_ee_gnu_irq_stack.o)
                0x00001d0c                EE_cortex_mx_change_IRQ_stack
                0x00001d1e                EE_cortex_mx_change_IRQ_stack_back
 .text          0x00001d30       0x68 .\CortexM3\ARM_GCC_541\Debug\ReactionGame.a(ErikaOS_ee_gnu_multi_context.o)
                0x00001d30                EE_cortex_mx_change_context
 .text          0x00001d98       0x80 .\CortexM3\ARM_GCC_541\Debug\ReactionGame.a(ErikaOS_ee_gnu_oo.o)
                0x00001d98                EE_hal_terminate_savestk
                0x00001de2                EE_hal_terminate_task
 .text.EE_thread_not_terminated
                0x00001e18       0x18 .\CortexM3\ARM_GCC_541\Debug\ReactionGame.a(ErikaOS_ee_tnterm.o)
                0x00001e18                EE_thread_not_terminated
 .text.EE_oo_thread_stub
                0x00001e30       0x10 .\CortexM3\ARM_GCC_541\Debug\ReactionGame.a(ErikaOS_ee_tstub.o)
                0x00001e30                EE_oo_thread_stub
 .text.EE_oo_release_all_resources
                0x00001e40       0x58 .\CortexM3\ARM_GCC_541\Debug\ReactionGame.a(ErikaOS_ee_ulockallres.o)
                0x00001e40                EE_oo_release_all_resources
 .text.EE_std_run_task_code
                0x00001e98       0x18 .\CortexM3\ARM_GCC_541\Debug\ReactionGame.a(ErikaOS_cortex_mx_ee_context.o)
                0x00001e98                EE_std_run_task_code
 .text.EE_std_need_context_change
                0x00001eb0       0x28 .\CortexM3\ARM_GCC_541\Debug\ReactionGame.a(ErikaOS_cortex_mx_ee_context.o)
                0x00001eb0                EE_std_need_context_change
 .text.EE_thread_rnact_max
                0x00001ed8       0x20 .\CortexM3\ARM_GCC_541\Debug\ReactionGame.a(ErikaOS_ee_thendin.o)
 .text.EE_thread_endcycle_next
                0x00001ef8       0x30 .\CortexM3\ARM_GCC_541\Debug\ReactionGame.a(ErikaOS_ee_thendin.o)
 .text.EE_thread_end_instance
                0x00001f28      0x108 .\CortexM3\ARM_GCC_541\Debug\ReactionGame.a(ErikaOS_ee_thendin.o)
                0x00001f28                EE_thread_end_instance
 .text.__errno  0x00002030        0xc c:/h_da softwares & projects/psoc creator/4.4/psoc creator/import/gnu/arm/5.4.1/bin/../lib/gcc/arm-none-eabi/5.4.1/../../../../arm-none-eabi/lib/armv7-m\libg_nano.a(lib_a-errno.o)
                0x00002030                __errno
 .text.__libc_init_array
                0x0000203c       0x4c c:/h_da softwares & projects/psoc creator/4.4/psoc creator/import/gnu/arm/5.4.1/bin/../lib/gcc/arm-none-eabi/5.4.1/../../../../arm-none-eabi/lib/armv7-m\libg_nano.a(lib_a-init.o)
                0x0000203c                __libc_init_array
 .text.memcpy   0x00002088       0x16 c:/h_da softwares & projects/psoc creator/4.4/psoc creator/import/gnu/arm/5.4.1/bin/../lib/gcc/arm-none-eabi/5.4.1/../../../../arm-none-eabi/lib/armv7-m\libg_nano.a(lib_a-memcpy-stub.o)
                0x00002088                memcpy
 .text.memset   0x0000209e       0x10 c:/h_da softwares & projects/psoc creator/4.4/psoc creator/import/gnu/arm/5.4.1/bin/../lib/gcc/arm-none-eabi/5.4.1/../../../../arm-none-eabi/lib/armv7-m\libg_nano.a(lib_a-memset.o)
                0x0000209e                memset
 *fill*         0x000020ae        0x2 
 .text.srand    0x000020b0       0x50 c:/h_da softwares & projects/psoc creator/4.4/psoc creator/import/gnu/arm/5.4.1/bin/../lib/gcc/arm-none-eabi/5.4.1/../../../../arm-none-eabi/lib/armv7-m\libg_nano.a(lib_a-rand.o)
                0x000020b0                srand
 .text.rand     0x00002100       0x74 c:/h_da softwares & projects/psoc creator/4.4/psoc creator/import/gnu/arm/5.4.1/bin/../lib/gcc/arm-none-eabi/5.4.1/../../../../arm-none-eabi/lib/armv7-m\libg_nano.a(lib_a-rand.o)
                0x00002100                rand
 .text.snprintf
                0x00002174       0x64 c:/h_da softwares & projects/psoc creator/4.4/psoc creator/import/gnu/arm/5.4.1/bin/../lib/gcc/arm-none-eabi/5.4.1/../../../../arm-none-eabi/lib/armv7-m\libg_nano.a(lib_a-snprintf.o)
                0x00002174                sniprintf
                0x00002174                snprintf
 .text.malloc   0x000021d8       0x10 c:/h_da softwares & projects/psoc creator/4.4/psoc creator/import/gnu/arm/5.4.1/bin/../lib/gcc/arm-none-eabi/5.4.1/../../../../arm-none-eabi/lib/armv7-m\libg_nano.a(lib_a-malloc.o)
                0x000021d8                malloc
 .text._free_r  0x000021e8       0x98 c:/h_da softwares & projects/psoc creator/4.4/psoc creator/import/gnu/arm/5.4.1/bin/../lib/gcc/arm-none-eabi/5.4.1/../../../../arm-none-eabi/lib/armv7-m\libg_nano.a(lib_a-nano-freer.o)
                0x000021e8                _free_r
 .text._malloc_r
                0x00002280       0xbc c:/h_da softwares & projects/psoc creator/4.4/psoc creator/import/gnu/arm/5.4.1/bin/../lib/gcc/arm-none-eabi/5.4.1/../../../../arm-none-eabi/lib/armv7-m\libg_nano.a(lib_a-nano-mallocr.o)
                0x00002280                _malloc_r
 .text.__ssputs_r
                0x0000233c       0xb2 c:/h_da softwares & projects/psoc creator/4.4/psoc creator/import/gnu/arm/5.4.1/bin/../lib/gcc/arm-none-eabi/5.4.1/../../../../arm-none-eabi/lib/armv7-m\libg_nano.a(lib_a-nano-svfprintf.o)
                0x0000233c                __ssputs_r
 *fill*         0x000023ee        0x2 
 .text._svfprintf_r
                0x000023f0      0x1e8 c:/h_da softwares & projects/psoc creator/4.4/psoc creator/import/gnu/arm/5.4.1/bin/../lib/gcc/arm-none-eabi/5.4.1/../../../../arm-none-eabi/lib/armv7-m\libg_nano.a(lib_a-nano-svfprintf.o)
                0x000023f0                _svfiprintf_r
                0x000023f0                _svfprintf_r
 .text._printf_common
                0x000025d8       0xec c:/h_da softwares & projects/psoc creator/4.4/psoc creator/import/gnu/arm/5.4.1/bin/../lib/gcc/arm-none-eabi/5.4.1/../../../../arm-none-eabi/lib/armv7-m\libg_nano.a(lib_a-nano-vfprintf_i.o)
                0x000025d8                _printf_common
 .text._printf_i
                0x000026c4      0x24c c:/h_da softwares & projects/psoc creator/4.4/psoc creator/import/gnu/arm/5.4.1/bin/../lib/gcc/arm-none-eabi/5.4.1/../../../../arm-none-eabi/lib/armv7-m\libg_nano.a(lib_a-nano-vfprintf_i.o)
                0x000026c4                _printf_i
 .text._sbrk_r  0x00002910       0x20 c:/h_da softwares & projects/psoc creator/4.4/psoc creator/import/gnu/arm/5.4.1/bin/../lib/gcc/arm-none-eabi/5.4.1/../../../../arm-none-eabi/lib/armv7-m\libg_nano.a(lib_a-sbrkr.o)
                0x00002910                _sbrk_r
 .text.memchr   0x00002930       0x1c c:/h_da softwares & projects/psoc creator/4.4/psoc creator/import/gnu/arm/5.4.1/bin/../lib/gcc/arm-none-eabi/5.4.1/../../../../arm-none-eabi/lib/armv7-m\libg_nano.a(lib_a-memchr-stub.o)
                0x00002930                memchr
 .text.memmove  0x0000294c       0x36 c:/h_da softwares & projects/psoc creator/4.4/psoc creator/import/gnu/arm/5.4.1/bin/../lib/gcc/arm-none-eabi/5.4.1/../../../../arm-none-eabi/lib/armv7-m\libg_nano.a(lib_a-memmove.o)
                0x0000294c                memmove
 .text.__malloc_lock
                0x00002982        0x2 c:/h_da softwares & projects/psoc creator/4.4/psoc creator/import/gnu/arm/5.4.1/bin/../lib/gcc/arm-none-eabi/5.4.1/../../../../arm-none-eabi/lib/armv7-m\libg_nano.a(lib_a-mlock.o)
                0x00002982                __malloc_lock
 .text.__malloc_unlock
                0x00002984        0x2 c:/h_da softwares & projects/psoc creator/4.4/psoc creator/import/gnu/arm/5.4.1/bin/../lib/gcc/arm-none-eabi/5.4.1/../../../../arm-none-eabi/lib/armv7-m\libg_nano.a(lib_a-mlock.o)
                0x00002984                __malloc_unlock
 .text._realloc_r
                0x00002986       0x4c c:/h_da softwares & projects/psoc creator/4.4/psoc creator/import/gnu/arm/5.4.1/bin/../lib/gcc/arm-none-eabi/5.4.1/../../../../arm-none-eabi/lib/armv7-m\libg_nano.a(lib_a-nano-reallocr.o)
                0x00002986                _realloc_r
 .text._malloc_usable_size_r
                0x000029d2       0x14 c:/h_da softwares & projects/psoc creator/4.4/psoc creator/import/gnu/arm/5.4.1/bin/../lib/gcc/arm-none-eabi/5.4.1/../../../../arm-none-eabi/lib/armv7-m\libg_nano.a(lib_a-nano-msizer.o)
                0x000029d2                _malloc_usable_size_r
 *(.plt)
 *(.gnu.warning)
 *(.glue_7t)
 .glue_7t       0x000029e6        0x0 linker stubs
 *(.glue_7)
 .glue_7        0x000029e6        0x0 linker stubs
 *(.vfp11_veneer)
 .vfp11_veneer  0x000029e6        0x0 linker stubs
 *(.bootloader)
 *(.ARM.extab* .gnu.linkonce.armextab.*)
 *(.gcc_except_table)

.v4_bx          0x000029e8        0x0
 .v4_bx         0x000029e8        0x0 linker stubs

.iplt           0x000029e8        0x0
 .iplt          0x000029e8        0x0 c:/h_da softwares & projects/psoc creator/4.4/psoc creator/import/gnu/arm/5.4.1/bin/../lib/gcc/arm-none-eabi/5.4.1/armv7-m/crtbegin.o

.eh_frame_hdr
 *(.eh_frame_hdr)

.eh_frame       0x000029e8        0x4
 *(.eh_frame)
 .eh_frame      0x000029e8        0x0 c:/h_da softwares & projects/psoc creator/4.4/psoc creator/import/gnu/arm/5.4.1/bin/../lib/gcc/arm-none-eabi/5.4.1/armv7-m/crtbegin.o
 .eh_frame      0x000029e8        0x4 c:/h_da softwares & projects/psoc creator/4.4/psoc creator/import/gnu/arm/5.4.1/bin/../lib/gcc/arm-none-eabi/5.4.1/armv7-m/crtend.o
                [!provide]                PROVIDE (__exidx_start, .)

.ARM.exidx
 *(.ARM.exidx* .gnu.linkonce.armexidx.*)
                0x000029ec                __exidx_end = .

.rodata         0x000029ec      0x5ac
 *(.rodata .rodata.* .gnu.linkonce.r.*)
 .rodata.str1.4
                0x000029ec       0x69 .\CortexM3\ARM_GCC_541\Debug\main.o
 *fill*         0x00002a55        0x3 
 .rodata.str1.4
                0x00002a58       0xf4 .\CortexM3\ARM_GCC_541\Debug\ReactionGame.o
 .rodata        0x00002b4c       0x36 .\CortexM3\ARM_GCC_541\Debug\ArcadianLight.o
                0x00002b4c                RG_glowtable
 *fill*         0x00002b82        0x2 
 .rodata        0x00002b84       0x44 .\CortexM3\ARM_GCC_541\Debug\cyfitter_cfg.o
 .rodata        0x00002bc8      0x100 .\CortexM3\ARM_GCC_541\Debug\ReactionGame.a(ErikaOS_ee_lookup.o)
                0x00002bc8                EE_rq_lookup
 .rodata        0x00002cc8      0x190 .\CortexM3\ARM_GCC_541\Debug\ReactionGame.a(ErikaOS_eecfg.o)
                0x00002cc8                EE_oo_autostart_task_data
                0x00002cd4                EE_oo_action_ROM
                0x00002d38                EE_oo_counter_object_ROM
                0x00002d74                EE_ALARM_ID
                0x00002d88                EE_alarm_ROM
                0x00002d9c                EE_counter_ROM
                0x00002da8                EE_resource_ceiling
                0x00002db0                EE_th_is_extended
                0x00002dc4                EE_th_rnact_max
                0x00002dd8                EE_th_dispatch_prio
                0x00002dec                EE_EVENT_ID
                0x00002dfc                EE_RESOURCE_ID
                0x00002e04                EE_th_ready_prio
                0x00002e18                EE_terminate_real_th_body
                0x00002e2c                EE_hal_thread_body
                0x00002e40                EE_std_thread_tos
 .rodata.str1.4
                0x00002e58       0xd0 .\CortexM3\ARM_GCC_541\Debug\ReactionGame.a(ErikaOS_eecfg.o)
                                 0xcd (size before relaxing)
 .rodata.str1.1
                0x00002f28        0x2 c:/h_da softwares & projects/psoc creator/4.4/psoc creator/import/gnu/arm/5.4.1/bin/../lib/gcc/arm-none-eabi/5.4.1/../../../../arm-none-eabi/lib/armv7-m\libg_nano.a(lib_a-impure.o)
 .rodata.str1.1
                0x00002f2a       0x11 c:/h_da softwares & projects/psoc creator/4.4/psoc creator/import/gnu/arm/5.4.1/bin/../lib/gcc/arm-none-eabi/5.4.1/../../../../arm-none-eabi/lib/armv7-m\libg_nano.a(lib_a-nano-svfprintf.o)
 .rodata.str1.1
                0x00002f3b       0x22 c:/h_da softwares & projects/psoc creator/4.4/psoc creator/import/gnu/arm/5.4.1/bin/../lib/gcc/arm-none-eabi/5.4.1/../../../../arm-none-eabi/lib/armv7-m\libg_nano.a(lib_a-nano-vfprintf_i.o)
                0x00002f60                . = ALIGN (0x4)
 *fill*         0x00002f5d        0x3 
 *(.init)
 .init          0x00002f60        0x4 c:/h_da softwares & projects/psoc creator/4.4/psoc creator/import/gnu/arm/5.4.1/bin/../lib/gcc/arm-none-eabi/5.4.1/armv7-m/crti.o
                0x00002f60                _init
 .init          0x00002f64        0x8 c:/h_da softwares & projects/psoc creator/4.4/psoc creator/import/gnu/arm/5.4.1/bin/../lib/gcc/arm-none-eabi/5.4.1/armv7-m/crtn.o
                0x00002f6c                . = ALIGN (0x4)
                0x00002f6c                __preinit_array_start = .
 *(.preinit_array)
                0x00002f6c                __preinit_array_end = .
                0x00002f6c                . = ALIGN (0x4)
                0x00002f6c                __init_array_start = .
 *(SORT(.init_array.*))
 *(.init_array)
 .init_array    0x00002f6c        0x4 c:/h_da softwares & projects/psoc creator/4.4/psoc creator/import/gnu/arm/5.4.1/bin/../lib/gcc/arm-none-eabi/5.4.1/armv7-m/crtbegin.o
 .init_array    0x00002f70        0x4 .\CortexM3\ARM_GCC_541\Debug\Cm3Start.o
                0x00002f74                __init_array_end = .
                0x00002f74                . = ALIGN (0x4)
 *(.fini)
 .fini          0x00002f74        0x4 c:/h_da softwares & projects/psoc creator/4.4/psoc creator/import/gnu/arm/5.4.1/bin/../lib/gcc/arm-none-eabi/5.4.1/armv7-m/crti.o
                0x00002f74                _fini
 .fini          0x00002f78        0x8 c:/h_da softwares & projects/psoc creator/4.4/psoc creator/import/gnu/arm/5.4.1/bin/../lib/gcc/arm-none-eabi/5.4.1/armv7-m/crtn.o
                0x00002f80                . = ALIGN (0x4)
                0x00002f80                __fini_array_start = .
 *(.fini_array)
 .fini_array    0x00002f80        0x4 c:/h_da softwares & projects/psoc creator/4.4/psoc creator/import/gnu/arm/5.4.1/bin/../lib/gcc/arm-none-eabi/5.4.1/armv7-m/crtbegin.o
 *(SORT(.fini_array.*))
                0x00002f84                __fini_array_end = .
                0x00002f84                . = ALIGN (0x4)
 *crtbegin.o(.ctors)
 *(EXCLUDE_FILE(*crtend.o) .ctors)
 *(SORT(.ctors.*))
 *crtend.o(.ctors)
                0x00002f84                . = ALIGN (0x4)
 *crtbegin.o(.dtors)
 *(EXCLUDE_FILE(*crtend.o) .dtors)
 *(SORT(.dtors.*))
 *crtend.o(.dtors)
                0x00002f84                . = ALIGN (0x4)
                0x00002f84                __cy_regions = .
                0x00002f84        0x4 LONG 0x2f98 __cy_region_init_ram
                0x00002f88        0x4 LONG 0x1fff80c8 __cy_region_start_data
                0x00002f8c        0x4 LONG 0x1e0 __cy_region_init_size_ram
                0x00002f90        0x4 LONG 0xb60 __cy_region_zero_size_ram
                0x00002f94                __cy_regions_end = .
                0x00002f98                . = ALIGN (0x8)
 *fill*         0x00002f94        0x4 
                0x00002f98                _etext = .

.cy_checksum_exclude
                0x00002f98        0x0
 *(.cy_checksum_exclude)

.ramvectors     0x1fff8000       0xc0
                0x1fff8000                __cy_region_start_ram = .
 *(.ramvectors)
 .ramvectors    0x1fff8000       0xc0 .\CortexM3\ARM_GCC_541\Debug\Cm3Start.o
                0x1fff8000                CyRamVectors

.noinit         0x1fff80c0        0x1
 *(.noinit)
 .noinit        0x1fff80c0        0x1 .\CortexM3\ARM_GCC_541\Debug\ReactionGame.a(CyLib.o)
                0x1fff80c0                CyResetStatus

.data           0x1fff80c8      0x1e0 load address 0x00002f98
                0x1fff80c8                __cy_region_start_data = .
 *(.jcr)
 .jcr           0x1fff80c8        0x0 c:/h_da softwares & projects/psoc creator/4.4/psoc creator/import/gnu/arm/5.4.1/bin/../lib/gcc/arm-none-eabi/5.4.1/armv7-m/crtbegin.o
 .jcr           0x1fff80c8        0x4 c:/h_da softwares & projects/psoc creator/4.4/psoc creator/import/gnu/arm/5.4.1/bin/../lib/gcc/arm-none-eabi/5.4.1/armv7-m/crtend.o
 *(.got.plt)
 *(.got)
 *(.shdata)
 *(.data .data.* .gnu.linkonce.d.*)
 .data          0x1fff80cc        0x2 .\CortexM3\ARM_GCC_541\Debug\seven.o
 *fill*         0x1fff80ce        0x2 
 .data          0x1fff80d0        0x4 .\CortexM3\ARM_GCC_541\Debug\Cm3Start.o
 .data          0x1fff80d4      0x16c .\CortexM3\ARM_GCC_541\Debug\ReactionGame.a(ErikaOS_eecfg.o)
                0x1fff80d4                EE_ALARM_NAME
                0x1fff80e8                EE_counter_RAM
                0x1fff80f0                EE_resource_stack
                0x1fff80f8                EE_th_resource_last
                0x1fff810c                EE_th_terminate_nextask
                0x1fff8120                EE_rq_pairs_next
                0x1fff8134                EE_rq_link
                0x1fff8148                EE_th_rnact
                0x1fff815c                EE_rq_queues_tail
                0x1fff819c                EE_rq_queues_head
                0x1fff81dc                EE_stkfirst
                0x1fff81e0                EE_th_next
                0x1fff81f4                EE_th_status
                0x1fff8208                EE_EVENT_NAME
                0x1fff8218                EE_RESOURCE_NAME
                0x1fff8220                EE_TASK_NAME
                0x1fff8234                EE_cortex_mx_IRQ_tos
                0x1fff8238                EE_cortex_mx_system_tos
 .data          0x1fff8240        0x4 .\CortexM3\ARM_GCC_541\Debug\ReactionGame.a(ErikaOS_ee_gnu_irq_stack.o)
 .data.impure_data
                0x1fff8244       0x60 c:/h_da softwares & projects/psoc creator/4.4/psoc creator/import/gnu/arm/5.4.1/bin/../lib/gcc/arm-none-eabi/5.4.1/../../../../arm-none-eabi/lib/armv7-m\libg_nano.a(lib_a-impure.o)
 .data._impure_ptr
                0x1fff82a4        0x4 c:/h_da softwares & projects/psoc creator/4.4/psoc creator/import/gnu/arm/5.4.1/bin/../lib/gcc/arm-none-eabi/5.4.1/../../../../arm-none-eabi/lib/armv7-m\libg_nano.a(lib_a-impure.o)
                0x1fff82a4                _impure_ptr
                0x1fff82a8                . = ALIGN (0x8)
 *(.ram)
                0x1fff82a8                _edata = .

.igot.plt       0x1fff82a8        0x0 load address 0x00003178
 .igot.plt      0x1fff82a8        0x0 c:/h_da softwares & projects/psoc creator/4.4/psoc creator/import/gnu/arm/5.4.1/bin/../lib/gcc/arm-none-eabi/5.4.1/armv7-m/crtbegin.o

.bss            0x1fff82a8      0xb60 load address 0x00003178
                0x1fff82a8                PROVIDE (__bss_start__, .)
 *(.shbss)
 *(.bss .bss.* .gnu.linkonce.b.*)
 .bss           0x1fff82a8       0x1c c:/h_da softwares & projects/psoc creator/4.4/psoc creator/import/gnu/arm/5.4.1/bin/../lib/gcc/arm-none-eabi/5.4.1/armv7-m/crtbegin.o
 .bss           0x1fff82c4       0x30 .\CortexM3\ARM_GCC_541\Debug\TimingAnalyzer.o
 .bss           0x1fff82f4       0x14 .\CortexM3\ARM_GCC_541\Debug\ReactionGame.o
 .bss           0x1fff8308       0x10 .\CortexM3\ARM_GCC_541\Debug\ArcadianLight.o
 .bss           0x1fff8318        0x3 .\CortexM3\ARM_GCC_541\Debug\led.o
 .bss           0x1fff831b        0x2 .\CortexM3\ARM_GCC_541\Debug\ReactionGame.a(UART_LOG.o)
                0x1fff831b                UART_LOG_initVar
 *fill*         0x1fff831d        0x3 
 .bss           0x1fff8320       0x54 .\CortexM3\ARM_GCC_541\Debug\ReactionGame.a(ErikaOS_eecfg.o)
                0x1fff8320                EE_resource_locked
                0x1fff8328                EE_th_waswaiting
                0x1fff833c                EE_th_event_waitmask
                0x1fff8350                EE_th_event_active
                0x1fff8364                EE_rq_free
                0x1fff8368                EE_rq_bitmask
                0x1fff836c                EE_sys_ceiling
                0x1fff8370                EE_cortex_mx_active_tos
 .bss           0x1fff8374        0x1 .\CortexM3\ARM_GCC_541\Debug\ReactionGame.a(PWM_RED.o)
                0x1fff8374                PWM_RED_initVar
 .bss           0x1fff8375        0x1 .\CortexM3\ARM_GCC_541\Debug\ReactionGame.a(PWM_YELLOW.o)
                0x1fff8375                PWM_YELLOW_initVar
 .bss           0x1fff8376        0x1 .\CortexM3\ARM_GCC_541\Debug\ReactionGame.a(PWM_GREEN.o)
                0x1fff8376                PWM_GREEN_initVar
 *fill*         0x1fff8377        0x1 
 .bss.__malloc_sbrk_start
                0x1fff8378        0x4 c:/h_da softwares & projects/psoc creator/4.4/psoc creator/import/gnu/arm/5.4.1/bin/../lib/gcc/arm-none-eabi/5.4.1/../../../../arm-none-eabi/lib/armv7-m\libg_nano.a(lib_a-nano-mallocr.o)
                0x1fff8378                __malloc_sbrk_start
 .bss.__malloc_free_list
                0x1fff837c        0x4 c:/h_da softwares & projects/psoc creator/4.4/psoc creator/import/gnu/arm/5.4.1/bin/../lib/gcc/arm-none-eabi/5.4.1/../../../../arm-none-eabi/lib/armv7-m\libg_nano.a(lib_a-nano-mallocr.o)
                0x1fff837c                __malloc_free_list
 *(COMMON)
 COMMON         0x1fff8380       0x18 .\CortexM3\ARM_GCC_541\Debug\ReactionGame.o
                0x1fff8380                analyzerGame
 COMMON         0x1fff8398        0x8 .\CortexM3\ARM_GCC_541\Debug\ReactionGame.a(ErikaOS_ee_lookup.o)
                0x1fff8398                EE_oo_IRQ_disable_count
                0x1fff839c                EE_oo_IRQ_suspend_status
 COMMON         0x1fff83a0        0x4 .\CortexM3\ARM_GCC_541\Debug\ReactionGame.a(ErikaOS_ee_startos.o)
                0x1fff83a0                EE_oo_started
 COMMON         0x1fff83a4        0x8 .\CortexM3\ARM_GCC_541\Debug\ReactionGame.a(ErikaOS_common_ee_hal_structs.o)
                0x1fff83a4                EE_IRQ_nesting_level
                0x1fff83a8                EE_std_endcycle_next_tid
 COMMON         0x1fff83ac      0xa54 .\CortexM3\ARM_GCC_541\Debug\ReactionGame.a(ErikaOS_eecfg.o)
                0x1fff83ac                EE_cortex_mx_stack_3
                0x1fff8b7c                EE_rq_pairs_tid
                0x1fff8b90                EE_terminate_data
                0x1fff8ba4                EE_oo_counter_object_RAM
                0x1fff8bf4                EE_resource_oldceiling
                0x1fff8bfc                EE_ApplicationMode
                0x1fff8c00                EE_cortex_mx_stack_9
 COMMON         0x1fff8e00        0x4 c:/h_da softwares & projects/psoc creator/4.4/psoc creator/import/gnu/arm/5.4.1/bin/../lib/gcc/arm-none-eabi/5.4.1/../../../../arm-none-eabi/lib/armv7-m\libg_nano.a(lib_a-reent.o)
                0x1fff8e00                errno
                0x1fff8e08                . = ALIGN (0x8)
 *fill*         0x1fff8e04        0x4 
 *(.ram.b)
                0x1fff8e08                _end = .
                0x1fff8e08                __end = .
                0x1fff8e08                PROVIDE (end, .)
                0x1fff8e08                PROVIDE (__bss_end__, .)
                0x00002f98                __cy_region_init_ram = LOADADDR (.data)
                0x000001e0                __cy_region_init_size_ram = (_edata - ADDR (.data))
                0x00000b60                __cy_region_zero_size_ram = (_end - _edata)

.heap           0x1fff8e08       0x80 load address 0x00003178
                0x1fff8e08                . = _end
                0x1fff8e88                . = (. + 0x80)
 *fill*         0x1fff8e08       0x80 
                0x1fff8e88                __cy_heap_limit = .

.stack          0x20007800      0x800
                0x20007800                __cy_stack_limit = .
                0x20008000                . = (. + 0x800)
 *fill*         0x20007800      0x800 
                0x00000001                ASSERT ((__cy_stack_limit >= __cy_heap_limit), region RAM overflowed with stack)
                0x00000000                cy_checksum_exclude_size = (CY_APPL_LOADABLE == 0x1)?SIZEOF (.cy_checksum_exclude):0x0
                0x00000001                ASSERT ((cy_checksum_exclude_size <= CY_CHECKSUM_EXCLUDE_SIZE), CY_BOOT: Section .cy_checksum_exclude size exceedes specified limit.)

.cyloadermeta
 *(.cyloadermeta)

.cyloadablemeta
 *(.cyloadablemeta)

.cyconfigecc    0x80000000      0x7e4
 *(.cyconfigecc)
 .cyconfigecc   0x80000000      0x7e4 .\CortexM3\ARM_GCC_541\Debug\cymetadata.o
                0x80000000                cy_meta_configecc

.cycustnvl      0x90000000        0x4
 *(.cycustnvl)
 .cycustnvl     0x90000000        0x4 .\CortexM3\ARM_GCC_541\Debug\cymetadata.o
                0x90000000                cy_meta_custnvl

.cywolatch      0x90100000        0x4
 *(.cywolatch)
 .cywolatch     0x90100000        0x4 .\CortexM3\ARM_GCC_541\Debug\cymetadata.o
                0x90100000                cy_meta_wonvl

.cyeeprom       0x90200000        0x0
 *(.cyeeprom)
                0x00000001                ASSERT ((. <= ((0x90200000 + ee_offset) + ee_size)), .cyeeprom data will not fit in EEPROM)

.cyflashprotect
                0x90400000      0x100
 *(.cyflashprotect)
 .cyflashprotect
                0x90400000      0x100 .\CortexM3\ARM_GCC_541\Debug\cymetadata.o
                0x90400000                cy_meta_flashprotect

.cymeta         0x90500000        0xc
 *(.cymeta)
 .cymeta        0x90500000        0xc .\CortexM3\ARM_GCC_541\Debug\cymetadata.o
                0x90500000                cy_metadata

.rel.dyn        0x00003178        0x0 load address 0x9050000c
 .rel.iplt      0x00003178        0x0 c:/h_da softwares & projects/psoc creator/4.4/psoc creator/import/gnu/arm/5.4.1/bin/../lib/gcc/arm-none-eabi/5.4.1/armv7-m/crtbegin.o

.stab
 *(.stab)

.stabstr
 *(.stabstr)

.debug
 *(.debug)

.line
 *(.line)

.debug_srcinfo
 *(.debug_srcinfo)

.debug_sfnames
 *(.debug_sfnames)

.debug_aranges  0x00000000     0x1448
 *(.debug_aranges)
 .debug_aranges
                0x00000000       0x68 .\CortexM3\ARM_GCC_541\Debug\main.o
 .debug_aranges
                0x00000068       0x70 .\CortexM3\ARM_GCC_541\Debug\TimingAnalyzer.o
 .debug_aranges
                0x000000d8       0x48 .\CortexM3\ARM_GCC_541\Debug\ReactionGame.o
 .debug_aranges
                0x00000120       0x40 .\CortexM3\ARM_GCC_541\Debug\ArcadianLight.o
 .debug_aranges
                0x00000160       0x28 .\CortexM3\ARM_GCC_541\Debug\logging.o
 .debug_aranges
                0x00000188       0x58 .\CortexM3\ARM_GCC_541\Debug\seven.o
 .debug_aranges
                0x000001e0       0x38 .\CortexM3\ARM_GCC_541\Debug\pins.o
 .debug_aranges
                0x00000218       0x28 .\CortexM3\ARM_GCC_541\Debug\button.o
 .debug_aranges
                0x00000240       0x48 .\CortexM3\ARM_GCC_541\Debug\led.o
 .debug_aranges
                0x00000288      0x178 .\CortexM3\ARM_GCC_541\Debug\tft.o
 .debug_aranges
                0x00000400       0x58 .\CortexM3\ARM_GCC_541\Debug\cyfitter_cfg.o
 .debug_aranges
                0x00000458       0x18 .\CortexM3\ARM_GCC_541\Debug\cymetadata.o
 .debug_aranges
                0x00000470       0x48 .\CortexM3\ARM_GCC_541\Debug\Cm3Start.o
 .debug_aranges
                0x000004b8       0x38 .\CortexM3\ARM_GCC_541\Debug\ReactionGame.a(RED_LED.o)
 .debug_aranges
                0x000004f0       0x38 .\CortexM3\ARM_GCC_541\Debug\ReactionGame.a(YELLOW_LED.o)
 .debug_aranges
                0x00000528       0x38 .\CortexM3\ARM_GCC_541\Debug\ReactionGame.a(GREEN_LED.o)
 .debug_aranges
                0x00000560       0xf0 .\CortexM3\ARM_GCC_541\Debug\ReactionGame.a(UART_LOG.o)
 .debug_aranges
                0x00000650       0x70 .\CortexM3\ARM_GCC_541\Debug\ReactionGame.a(UART_LOG_IntClock.o)
 .debug_aranges
                0x000006c0      0x2a0 .\CortexM3\ARM_GCC_541\Debug\ReactionGame.a(CyLib.o)
 .debug_aranges
                0x00000960       0x98 .\CortexM3\ARM_GCC_541\Debug\ReactionGame.a(cyPm.o)
 .debug_aranges
                0x000009f8       0x20 .\CortexM3\ARM_GCC_541\Debug\ReactionGame.a(ErikaOS_ee_activate.o)
 .debug_aranges
                0x00000a18       0x20 .\CortexM3\ARM_GCC_541\Debug\ReactionGame.a(ErikaOS_ee_alsetrel.o)
 .debug_aranges
                0x00000a38       0x58 .\CortexM3\ARM_GCC_541\Debug\ReactionGame.a(ErikaOS_ee_altick.o)
 .debug_aranges
                0x00000a90       0x20 .\CortexM3\ARM_GCC_541\Debug\ReactionGame.a(ErikaOS_ee_evclear.o)
 .debug_aranges
                0x00000ab0       0x20 .\CortexM3\ARM_GCC_541\Debug\ReactionGame.a(ErikaOS_ee_evget.o)
 .debug_aranges
                0x00000ad0       0x20 .\CortexM3\ARM_GCC_541\Debug\ReactionGame.a(ErikaOS_ee_evset.o)
 .debug_aranges
                0x00000af0       0x20 .\CortexM3\ARM_GCC_541\Debug\ReactionGame.a(ErikaOS_ee_evwait.o)
 .debug_aranges
                0x00000b10       0x20 .\CortexM3\ARM_GCC_541\Debug\ReactionGame.a(ErikaOS_ee_getcountervalue.o)
 .debug_aranges
                0x00000b30       0x30 .\CortexM3\ARM_GCC_541\Debug\ReactionGame.a(ErikaOS_ee_irqendin.o)
 .debug_aranges
                0x00000b60       0x18 .\CortexM3\ARM_GCC_541\Debug\ReactionGame.a(ErikaOS_ee_lookup.o)
 .debug_aranges
                0x00000b78       0x20 .\CortexM3\ARM_GCC_541\Debug\ReactionGame.a(ErikaOS_ee_rq_exchg.o)
 .debug_aranges
                0x00000b98       0x20 .\CortexM3\ARM_GCC_541\Debug\ReactionGame.a(ErikaOS_ee_rq_first.o)
 .debug_aranges
                0x00000bb8       0x20 .\CortexM3\ARM_GCC_541\Debug\ReactionGame.a(ErikaOS_ee_rq_inser.o)
 .debug_aranges
                0x00000bd8       0x40 .\CortexM3\ARM_GCC_541\Debug\ReactionGame.a(ErikaOS_ee_startos.o)
 .debug_aranges
                0x00000c18       0x20 .\CortexM3\ARM_GCC_541\Debug\ReactionGame.a(ErikaOS_ee_terminat.o)
 .debug_aranges
                0x00000c38       0x20 .\CortexM3\ARM_GCC_541\Debug\ReactionGame.a(ErikaOS_cortex_mx_ee_utils.o)
 .debug_aranges
                0x00000c58       0x18 .\CortexM3\ARM_GCC_541\Debug\ReactionGame.a(ErikaOS_common_ee_hal_structs.o)
 .debug_aranges
                0x00000c70       0x18 .\CortexM3\ARM_GCC_541\Debug\ReactionGame.a(ErikaOS_eecfg.o)
 .debug_aranges
                0x00000c88       0x38 .\CortexM3\ARM_GCC_541\Debug\ReactionGame.a(ButtonRight.o)
 .debug_aranges
                0x00000cc0       0x38 .\CortexM3\ARM_GCC_541\Debug\ReactionGame.a(ButtonLeft.o)
 .debug_aranges
                0x00000cf8       0x38 .\CortexM3\ARM_GCC_541\Debug\ReactionGame.a(SEVEN_DP.o)
 .debug_aranges
                0x00000d30       0x38 .\CortexM3\ARM_GCC_541\Debug\ReactionGame.a(SEVEN_SELECT.o)
 .debug_aranges
                0x00000d68       0x28 .\CortexM3\ARM_GCC_541\Debug\ReactionGame.a(SEVEN_reg.o)
 .debug_aranges
                0x00000d90       0xd8 .\CortexM3\ARM_GCC_541\Debug\ReactionGame.a(TFT_SPI.o)
 .debug_aranges
                0x00000e68       0x38 .\CortexM3\ARM_GCC_541\Debug\ReactionGame.a(TFT_DC.o)
 .debug_aranges
                0x00000ea0       0x38 .\CortexM3\ARM_GCC_541\Debug\ReactionGame.a(TFT_RES.o)
 .debug_aranges
                0x00000ed8       0x78 .\CortexM3\ARM_GCC_541\Debug\ReactionGame.a(TFT_BackLight.o)
 .debug_aranges
                0x00000f50       0x70 .\CortexM3\ARM_GCC_541\Debug\ReactionGame.a(TFT_SPI_IntClock.o)
 .debug_aranges
                0x00000fc0       0x80 .\CortexM3\ARM_GCC_541\Debug\ReactionGame.a(PWM_RED.o)
 .debug_aranges
                0x00001040       0x80 .\CortexM3\ARM_GCC_541\Debug\ReactionGame.a(PWM_YELLOW.o)
 .debug_aranges
                0x000010c0       0x80 .\CortexM3\ARM_GCC_541\Debug\ReactionGame.a(PWM_GREEN.o)
 .debug_aranges
                0x00001140       0x38 .\CortexM3\ARM_GCC_541\Debug\ReactionGame.a(RGB_RED.o)
 .debug_aranges
                0x00001178       0x38 .\CortexM3\ARM_GCC_541\Debug\ReactionGame.a(RGB_GREEN.o)
 .debug_aranges
                0x000011b0       0x38 .\CortexM3\ARM_GCC_541\Debug\ReactionGame.a(RGB_BLUE.o)
 .debug_aranges
                0x000011e8       0x20 .\CortexM3\ARM_GCC_541\Debug\ReactionGame.a(CyBootAsmGnu.o)
 .debug_aranges
                0x00001208       0x20 .\CortexM3\ARM_GCC_541\Debug\ReactionGame.a(ErikaOS_ee_gnu_change_context_isr.o)
 .debug_aranges
                0x00001228       0x20 .\CortexM3\ARM_GCC_541\Debug\ReactionGame.a(ErikaOS_ee_gnu_irq_stack.o)
 .debug_aranges
                0x00001248       0x20 .\CortexM3\ARM_GCC_541\Debug\ReactionGame.a(ErikaOS_ee_gnu_multi_context.o)
 .debug_aranges
                0x00001268       0x20 .\CortexM3\ARM_GCC_541\Debug\ReactionGame.a(ErikaOS_ee_gnu_oo.o)
 .debug_aranges
                0x00001288       0x88 .\CortexM3\ARM_GCC_541\Debug\ReactionGame.a(CyFlash.o)
 .debug_aranges
                0x00001310       0x80 .\CortexM3\ARM_GCC_541\Debug\ReactionGame.a(CySpc.o)
 .debug_aranges
                0x00001390       0x20 .\CortexM3\ARM_GCC_541\Debug\ReactionGame.a(ErikaOS_ee_tnterm.o)
 .debug_aranges
                0x000013b0       0x20 .\CortexM3\ARM_GCC_541\Debug\ReactionGame.a(ErikaOS_ee_tstub.o)
 .debug_aranges
                0x000013d0       0x20 .\CortexM3\ARM_GCC_541\Debug\ReactionGame.a(ErikaOS_ee_ulockallres.o)
 .debug_aranges
                0x000013f0       0x28 .\CortexM3\ARM_GCC_541\Debug\ReactionGame.a(ErikaOS_cortex_mx_ee_context.o)
 .debug_aranges
                0x00001418       0x30 .\CortexM3\ARM_GCC_541\Debug\ReactionGame.a(ErikaOS_ee_thendin.o)

.debug_pubnames
 *(.debug_pubnames)

.debug_info     0x00000000    0x160c8
 *(.debug_info .gnu.linkonce.wi.*)
 .debug_info    0x00000000      0x935 .\CortexM3\ARM_GCC_541\Debug\main.o
 .debug_info    0x00000935      0x98a .\CortexM3\ARM_GCC_541\Debug\TimingAnalyzer.o
 .debug_info    0x000012bf      0x8e1 .\CortexM3\ARM_GCC_541\Debug\ReactionGame.o
 .debug_info    0x00001ba0      0x51c .\CortexM3\ARM_GCC_541\Debug\ArcadianLight.o
 .debug_info    0x000020bc      0x3b5 .\CortexM3\ARM_GCC_541\Debug\logging.o
 .debug_info    0x00002471      0x59e .\CortexM3\ARM_GCC_541\Debug\seven.o
 .debug_info    0x00002a0f      0x266 .\CortexM3\ARM_GCC_541\Debug\pins.o
 .debug_info    0x00002c75      0x280 .\CortexM3\ARM_GCC_541\Debug\button.o
 .debug_info    0x00002ef5      0x95d .\CortexM3\ARM_GCC_541\Debug\led.o
 .debug_info    0x00003852     0x2733 .\CortexM3\ARM_GCC_541\Debug\tft.o
 .debug_info    0x00005f85      0x617 .\CortexM3\ARM_GCC_541\Debug\cyfitter_cfg.o
 .debug_info    0x0000659c      0x139 .\CortexM3\ARM_GCC_541\Debug\cymetadata.o
 .debug_info    0x000066d5      0x3bb .\CortexM3\ARM_GCC_541\Debug\Cm3Start.o
 .debug_info    0x00006a90      0x11f .\CortexM3\ARM_GCC_541\Debug\ReactionGame.a(RED_LED.o)
 .debug_info    0x00006baf      0x11f .\CortexM3\ARM_GCC_541\Debug\ReactionGame.a(YELLOW_LED.o)
 .debug_info    0x00006cce      0x11f .\CortexM3\ARM_GCC_541\Debug\ReactionGame.a(GREEN_LED.o)
 .debug_info    0x00006ded      0x60c .\CortexM3\ARM_GCC_541\Debug\ReactionGame.a(UART_LOG.o)
 .debug_info    0x000073f9      0x283 .\CortexM3\ARM_GCC_541\Debug\ReactionGame.a(UART_LOG_IntClock.o)
 .debug_info    0x0000767c     0x1374 .\CortexM3\ARM_GCC_541\Debug\ReactionGame.a(CyLib.o)
 .debug_info    0x000089f0      0xa2a .\CortexM3\ARM_GCC_541\Debug\ReactionGame.a(cyPm.o)
 .debug_info    0x0000941a      0x80d .\CortexM3\ARM_GCC_541\Debug\ReactionGame.a(ErikaOS_ee_activate.o)
 .debug_info    0x00009c27      0x5e5 .\CortexM3\ARM_GCC_541\Debug\ReactionGame.a(ErikaOS_ee_alsetrel.o)
 .debug_info    0x0000a20c      0xc3b .\CortexM3\ARM_GCC_541\Debug\ReactionGame.a(ErikaOS_ee_altick.o)
 .debug_info    0x0000ae47      0x5a7 .\CortexM3\ARM_GCC_541\Debug\ReactionGame.a(ErikaOS_ee_evclear.o)
 .debug_info    0x0000b3ee      0x4ca .\CortexM3\ARM_GCC_541\Debug\ReactionGame.a(ErikaOS_ee_evget.o)
 .debug_info    0x0000b8b8      0x7c3 .\CortexM3\ARM_GCC_541\Debug\ReactionGame.a(ErikaOS_ee_evset.o)
 .debug_info    0x0000c07b      0x85a .\CortexM3\ARM_GCC_541\Debug\ReactionGame.a(ErikaOS_ee_evwait.o)
 .debug_info    0x0000c8d5      0x56b .\CortexM3\ARM_GCC_541\Debug\ReactionGame.a(ErikaOS_ee_getcountervalue.o)
 .debug_info    0x0000ce40      0x5cb .\CortexM3\ARM_GCC_541\Debug\ReactionGame.a(ErikaOS_ee_irqendin.o)
 .debug_info    0x0000d40b      0x3d0 .\CortexM3\ARM_GCC_541\Debug\ReactionGame.a(ErikaOS_ee_lookup.o)
 .debug_info    0x0000d7db      0x46f .\CortexM3\ARM_GCC_541\Debug\ReactionGame.a(ErikaOS_ee_rq_exchg.o)
 .debug_info    0x0000dc4a      0x421 .\CortexM3\ARM_GCC_541\Debug\ReactionGame.a(ErikaOS_ee_rq_first.o)
 .debug_info    0x0000e06b      0x475 .\CortexM3\ARM_GCC_541\Debug\ReactionGame.a(ErikaOS_ee_rq_inser.o)
 .debug_info    0x0000e4e0     0x2040 .\CortexM3\ARM_GCC_541\Debug\ReactionGame.a(ErikaOS_ee_startos.o)
 .debug_info    0x00010520      0x595 .\CortexM3\ARM_GCC_541\Debug\ReactionGame.a(ErikaOS_ee_terminat.o)
 .debug_info    0x00010ab5      0x513 .\CortexM3\ARM_GCC_541\Debug\ReactionGame.a(ErikaOS_cortex_mx_ee_utils.o)
 .debug_info    0x00010fc8      0x3cb .\CortexM3\ARM_GCC_541\Debug\ReactionGame.a(ErikaOS_common_ee_hal_structs.o)
 .debug_info    0x00011393      0x97f .\CortexM3\ARM_GCC_541\Debug\ReactionGame.a(ErikaOS_eecfg.o)
 .debug_info    0x00011d12      0x11f .\CortexM3\ARM_GCC_541\Debug\ReactionGame.a(ButtonRight.o)
 .debug_info    0x00011e31      0x11f .\CortexM3\ARM_GCC_541\Debug\ReactionGame.a(ButtonLeft.o)
 .debug_info    0x00011f50      0x11f .\CortexM3\ARM_GCC_541\Debug\ReactionGame.a(SEVEN_DP.o)
 .debug_info    0x0001206f      0x11f .\CortexM3\ARM_GCC_541\Debug\ReactionGame.a(SEVEN_SELECT.o)
 .debug_info    0x0001218e       0xd6 .\CortexM3\ARM_GCC_541\Debug\ReactionGame.a(SEVEN_reg.o)
 .debug_info    0x00012264      0x4bb .\CortexM3\ARM_GCC_541\Debug\ReactionGame.a(TFT_SPI.o)
 .debug_info    0x0001271f      0x11f .\CortexM3\ARM_GCC_541\Debug\ReactionGame.a(TFT_DC.o)
 .debug_info    0x0001283e      0x11f .\CortexM3\ARM_GCC_541\Debug\ReactionGame.a(TFT_RES.o)
 .debug_info    0x0001295d      0x27e .\CortexM3\ARM_GCC_541\Debug\ReactionGame.a(TFT_BackLight.o)
 .debug_info    0x00012bdb      0x283 .\CortexM3\ARM_GCC_541\Debug\ReactionGame.a(TFT_SPI_IntClock.o)
 .debug_info    0x00012e5e      0x278 .\CortexM3\ARM_GCC_541\Debug\ReactionGame.a(PWM_RED.o)
 .debug_info    0x000130d6      0x278 .\CortexM3\ARM_GCC_541\Debug\ReactionGame.a(PWM_YELLOW.o)
 .debug_info    0x0001334e      0x278 .\CortexM3\ARM_GCC_541\Debug\ReactionGame.a(PWM_GREEN.o)
 .debug_info    0x000135c6      0x11f .\CortexM3\ARM_GCC_541\Debug\ReactionGame.a(RGB_RED.o)
 .debug_info    0x000136e5      0x11f .\CortexM3\ARM_GCC_541\Debug\ReactionGame.a(RGB_GREEN.o)
 .debug_info    0x00013804      0x11f .\CortexM3\ARM_GCC_541\Debug\ReactionGame.a(RGB_BLUE.o)
 .debug_info    0x00013923       0x80 .\CortexM3\ARM_GCC_541\Debug\ReactionGame.a(CyBootAsmGnu.o)
 .debug_info    0x000139a3       0x95 .\CortexM3\ARM_GCC_541\Debug\ReactionGame.a(ErikaOS_ee_gnu_change_context_isr.o)
 .debug_info    0x00013a38       0x8c .\CortexM3\ARM_GCC_541\Debug\ReactionGame.a(ErikaOS_ee_gnu_irq_stack.o)
 .debug_info    0x00013ac4       0x90 .\CortexM3\ARM_GCC_541\Debug\ReactionGame.a(ErikaOS_ee_gnu_multi_context.o)
 .debug_info    0x00013b54       0x85 .\CortexM3\ARM_GCC_541\Debug\ReactionGame.a(ErikaOS_ee_gnu_oo.o)
 .debug_info    0x00013bd9      0x64d .\CortexM3\ARM_GCC_541\Debug\ReactionGame.a(CyFlash.o)
 .debug_info    0x00014226      0x550 .\CortexM3\ARM_GCC_541\Debug\ReactionGame.a(CySpc.o)
 .debug_info    0x00014776      0x473 .\CortexM3\ARM_GCC_541\Debug\ReactionGame.a(ErikaOS_ee_tnterm.o)
 .debug_info    0x00014be9      0x487 .\CortexM3\ARM_GCC_541\Debug\ReactionGame.a(ErikaOS_ee_tstub.o)
 .debug_info    0x00015070      0x45e .\CortexM3\ARM_GCC_541\Debug\ReactionGame.a(ErikaOS_ee_ulockallres.o)
 .debug_info    0x000154ce      0x501 .\CortexM3\ARM_GCC_541\Debug\ReactionGame.a(ErikaOS_cortex_mx_ee_context.o)
 .debug_info    0x000159cf      0x6f9 .\CortexM3\ARM_GCC_541\Debug\ReactionGame.a(ErikaOS_ee_thendin.o)

.debug_abbrev   0x00000000     0x57ca
 *(.debug_abbrev)
 .debug_abbrev  0x00000000      0x251 .\CortexM3\ARM_GCC_541\Debug\main.o
 .debug_abbrev  0x00000251      0x26b .\CortexM3\ARM_GCC_541\Debug\TimingAnalyzer.o
 .debug_abbrev  0x000004bc      0x1d7 .\CortexM3\ARM_GCC_541\Debug\ReactionGame.o
 .debug_abbrev  0x00000693      0x186 .\CortexM3\ARM_GCC_541\Debug\ArcadianLight.o
 .debug_abbrev  0x00000819      0x14a .\CortexM3\ARM_GCC_541\Debug\logging.o
 .debug_abbrev  0x00000963      0x155 .\CortexM3\ARM_GCC_541\Debug\seven.o
 .debug_abbrev  0x00000ab8       0xf2 .\CortexM3\ARM_GCC_541\Debug\pins.o
 .debug_abbrev  0x00000baa      0x100 .\CortexM3\ARM_GCC_541\Debug\button.o
 .debug_abbrev  0x00000caa      0x217 .\CortexM3\ARM_GCC_541\Debug\led.o
 .debug_abbrev  0x00000ec1      0x2bf .\CortexM3\ARM_GCC_541\Debug\tft.o
 .debug_abbrev  0x00001180      0x20d .\CortexM3\ARM_GCC_541\Debug\cyfitter_cfg.o
 .debug_abbrev  0x0000138d       0x77 .\CortexM3\ARM_GCC_541\Debug\cymetadata.o
 .debug_abbrev  0x00001404      0x1e8 .\CortexM3\ARM_GCC_541\Debug\Cm3Start.o
 .debug_abbrev  0x000015ec       0x90 .\CortexM3\ARM_GCC_541\Debug\ReactionGame.a(RED_LED.o)
 .debug_abbrev  0x0000167c       0x90 .\CortexM3\ARM_GCC_541\Debug\ReactionGame.a(YELLOW_LED.o)
 .debug_abbrev  0x0000170c       0x90 .\CortexM3\ARM_GCC_541\Debug\ReactionGame.a(GREEN_LED.o)
 .debug_abbrev  0x0000179c      0x175 .\CortexM3\ARM_GCC_541\Debug\ReactionGame.a(UART_LOG.o)
 .debug_abbrev  0x00001911      0x139 .\CortexM3\ARM_GCC_541\Debug\ReactionGame.a(UART_LOG_IntClock.o)
 .debug_abbrev  0x00001a4a      0x254 .\CortexM3\ARM_GCC_541\Debug\ReactionGame.a(CyLib.o)
 .debug_abbrev  0x00001c9e      0x1ab .\CortexM3\ARM_GCC_541\Debug\ReactionGame.a(cyPm.o)
 .debug_abbrev  0x00001e49      0x284 .\CortexM3\ARM_GCC_541\Debug\ReactionGame.a(ErikaOS_ee_activate.o)
 .debug_abbrev  0x000020cd      0x1f7 .\CortexM3\ARM_GCC_541\Debug\ReactionGame.a(ErikaOS_ee_alsetrel.o)
 .debug_abbrev  0x000022c4      0x362 .\CortexM3\ARM_GCC_541\Debug\ReactionGame.a(ErikaOS_ee_altick.o)
 .debug_abbrev  0x00002626      0x1e0 .\CortexM3\ARM_GCC_541\Debug\ReactionGame.a(ErikaOS_ee_evclear.o)
 .debug_abbrev  0x00002806      0x150 .\CortexM3\ARM_GCC_541\Debug\ReactionGame.a(ErikaOS_ee_evget.o)
 .debug_abbrev  0x00002956      0x27f .\CortexM3\ARM_GCC_541\Debug\ReactionGame.a(ErikaOS_ee_evset.o)
 .debug_abbrev  0x00002bd5      0x25d .\CortexM3\ARM_GCC_541\Debug\ReactionGame.a(ErikaOS_ee_evwait.o)
 .debug_abbrev  0x00002e32      0x1e5 .\CortexM3\ARM_GCC_541\Debug\ReactionGame.a(ErikaOS_ee_getcountervalue.o)
 .debug_abbrev  0x00003017      0x1da .\CortexM3\ARM_GCC_541\Debug\ReactionGame.a(ErikaOS_ee_irqendin.o)
 .debug_abbrev  0x000031f1       0xcf .\CortexM3\ARM_GCC_541\Debug\ReactionGame.a(ErikaOS_ee_lookup.o)
 .debug_abbrev  0x000032c0       0xfc .\CortexM3\ARM_GCC_541\Debug\ReactionGame.a(ErikaOS_ee_rq_exchg.o)
 .debug_abbrev  0x000033bc       0xed .\CortexM3\ARM_GCC_541\Debug\ReactionGame.a(ErikaOS_ee_rq_first.o)
 .debug_abbrev  0x000034a9      0x109 .\CortexM3\ARM_GCC_541\Debug\ReactionGame.a(ErikaOS_ee_rq_inser.o)
 .debug_abbrev  0x000035b2      0x4a7 .\CortexM3\ARM_GCC_541\Debug\ReactionGame.a(ErikaOS_ee_startos.o)
 .debug_abbrev  0x00003a59      0x1de .\CortexM3\ARM_GCC_541\Debug\ReactionGame.a(ErikaOS_ee_terminat.o)
 .debug_abbrev  0x00003c37      0x1e3 .\CortexM3\ARM_GCC_541\Debug\ReactionGame.a(ErikaOS_cortex_mx_ee_utils.o)
 .debug_abbrev  0x00003e1a       0xcf .\CortexM3\ARM_GCC_541\Debug\ReactionGame.a(ErikaOS_common_ee_hal_structs.o)
 .debug_abbrev  0x00003ee9      0x130 .\CortexM3\ARM_GCC_541\Debug\ReactionGame.a(ErikaOS_eecfg.o)
 .debug_abbrev  0x00004019       0x90 .\CortexM3\ARM_GCC_541\Debug\ReactionGame.a(ButtonRight.o)
 .debug_abbrev  0x000040a9       0x90 .\CortexM3\ARM_GCC_541\Debug\ReactionGame.a(ButtonLeft.o)
 .debug_abbrev  0x00004139       0x90 .\CortexM3\ARM_GCC_541\Debug\ReactionGame.a(SEVEN_DP.o)
 .debug_abbrev  0x000041c9       0x90 .\CortexM3\ARM_GCC_541\Debug\ReactionGame.a(SEVEN_SELECT.o)
 .debug_abbrev  0x00004259       0x81 .\CortexM3\ARM_GCC_541\Debug\ReactionGame.a(SEVEN_reg.o)
 .debug_abbrev  0x000042da      0x146 .\CortexM3\ARM_GCC_541\Debug\ReactionGame.a(TFT_SPI.o)
 .debug_abbrev  0x00004420       0x90 .\CortexM3\ARM_GCC_541\Debug\ReactionGame.a(TFT_DC.o)
 .debug_abbrev  0x000044b0       0x90 .\CortexM3\ARM_GCC_541\Debug\ReactionGame.a(TFT_RES.o)
 .debug_abbrev  0x00004540      0x12d .\CortexM3\ARM_GCC_541\Debug\ReactionGame.a(TFT_BackLight.o)
 .debug_abbrev  0x0000466d      0x139 .\CortexM3\ARM_GCC_541\Debug\ReactionGame.a(TFT_SPI_IntClock.o)
 .debug_abbrev  0x000047a6      0x12d .\CortexM3\ARM_GCC_541\Debug\ReactionGame.a(PWM_RED.o)
 .debug_abbrev  0x000048d3      0x12d .\CortexM3\ARM_GCC_541\Debug\ReactionGame.a(PWM_YELLOW.o)
 .debug_abbrev  0x00004a00      0x12d .\CortexM3\ARM_GCC_541\Debug\ReactionGame.a(PWM_GREEN.o)
 .debug_abbrev  0x00004b2d       0x90 .\CortexM3\ARM_GCC_541\Debug\ReactionGame.a(RGB_RED.o)
 .debug_abbrev  0x00004bbd       0x90 .\CortexM3\ARM_GCC_541\Debug\ReactionGame.a(RGB_GREEN.o)
 .debug_abbrev  0x00004c4d       0x90 .\CortexM3\ARM_GCC_541\Debug\ReactionGame.a(RGB_BLUE.o)
 .debug_abbrev  0x00004cdd       0x14 .\CortexM3\ARM_GCC_541\Debug\ReactionGame.a(CyBootAsmGnu.o)
 .debug_abbrev  0x00004cf1       0x14 .\CortexM3\ARM_GCC_541\Debug\ReactionGame.a(ErikaOS_ee_gnu_change_context_isr.o)
 .debug_abbrev  0x00004d05       0x14 .\CortexM3\ARM_GCC_541\Debug\ReactionGame.a(ErikaOS_ee_gnu_irq_stack.o)
 .debug_abbrev  0x00004d19       0x14 .\CortexM3\ARM_GCC_541\Debug\ReactionGame.a(ErikaOS_ee_gnu_multi_context.o)
 .debug_abbrev  0x00004d2d       0x14 .\CortexM3\ARM_GCC_541\Debug\ReactionGame.a(ErikaOS_ee_gnu_oo.o)
 .debug_abbrev  0x00004d41      0x1a7 .\CortexM3\ARM_GCC_541\Debug\ReactionGame.a(CyFlash.o)
 .debug_abbrev  0x00004ee8      0x194 .\CortexM3\ARM_GCC_541\Debug\ReactionGame.a(CySpc.o)
 .debug_abbrev  0x0000507c      0x190 .\CortexM3\ARM_GCC_541\Debug\ReactionGame.a(ErikaOS_ee_tnterm.o)
 .debug_abbrev  0x0000520c      0x143 .\CortexM3\ARM_GCC_541\Debug\ReactionGame.a(ErikaOS_ee_tstub.o)
 .debug_abbrev  0x0000534f       0xfc .\CortexM3\ARM_GCC_541\Debug\ReactionGame.a(ErikaOS_ee_ulockallres.o)
 .debug_abbrev  0x0000544b      0x156 .\CortexM3\ARM_GCC_541\Debug\ReactionGame.a(ErikaOS_cortex_mx_ee_context.o)
 .debug_abbrev  0x000055a1      0x229 .\CortexM3\ARM_GCC_541\Debug\ReactionGame.a(ErikaOS_ee_thendin.o)

.debug_line     0x00000000     0x7aec
 *(.debug_line)
 .debug_line    0x00000000      0x563 .\CortexM3\ARM_GCC_541\Debug\main.o
 .debug_line    0x00000563      0x4bc .\CortexM3\ARM_GCC_541\Debug\TimingAnalyzer.o
 .debug_line    0x00000a1f      0x3d2 .\CortexM3\ARM_GCC_541\Debug\ReactionGame.o
 .debug_line    0x00000df1      0x2f6 .\CortexM3\ARM_GCC_541\Debug\ArcadianLight.o
 .debug_line    0x000010e7      0x25d .\CortexM3\ARM_GCC_541\Debug\logging.o
 .debug_line    0x00001344      0x37a .\CortexM3\ARM_GCC_541\Debug\seven.o
 .debug_line    0x000016be      0x275 .\CortexM3\ARM_GCC_541\Debug\pins.o
 .debug_line    0x00001933      0x26d .\CortexM3\ARM_GCC_541\Debug\button.o
 .debug_line    0x00001ba0      0x3ec .\CortexM3\ARM_GCC_541\Debug\led.o
 .debug_line    0x00001f8c      0x8b9 .\CortexM3\ARM_GCC_541\Debug\tft.o
 .debug_line    0x00002845      0x1f8 .\CortexM3\ARM_GCC_541\Debug\cyfitter_cfg.o
 .debug_line    0x00002a3d      0x13d .\CortexM3\ARM_GCC_541\Debug\cymetadata.o
 .debug_line    0x00002b7a      0x230 .\CortexM3\ARM_GCC_541\Debug\Cm3Start.o
 .debug_line    0x00002daa       0x94 .\CortexM3\ARM_GCC_541\Debug\ReactionGame.a(RED_LED.o)
 .debug_line    0x00002e3e       0x97 .\CortexM3\ARM_GCC_541\Debug\ReactionGame.a(YELLOW_LED.o)
 .debug_line    0x00002ed5       0x96 .\CortexM3\ARM_GCC_541\Debug\ReactionGame.a(GREEN_LED.o)
 .debug_line    0x00002f6b      0x2c4 .\CortexM3\ARM_GCC_541\Debug\ReactionGame.a(UART_LOG.o)
 .debug_line    0x0000322f      0x180 .\CortexM3\ARM_GCC_541\Debug\ReactionGame.a(UART_LOG_IntClock.o)
 .debug_line    0x000033af      0x816 .\CortexM3\ARM_GCC_541\Debug\ReactionGame.a(CyLib.o)
 .debug_line    0x00003bc5      0x367 .\CortexM3\ARM_GCC_541\Debug\ReactionGame.a(cyPm.o)
 .debug_line    0x00003f2c      0x1e6 .\CortexM3\ARM_GCC_541\Debug\ReactionGame.a(ErikaOS_ee_activate.o)
 .debug_line    0x00004112      0x1bd .\CortexM3\ARM_GCC_541\Debug\ReactionGame.a(ErikaOS_ee_alsetrel.o)
 .debug_line    0x000042cf      0x2f1 .\CortexM3\ARM_GCC_541\Debug\ReactionGame.a(ErikaOS_ee_altick.o)
 .debug_line    0x000045c0      0x1c1 .\CortexM3\ARM_GCC_541\Debug\ReactionGame.a(ErikaOS_ee_evclear.o)
 .debug_line    0x00004781      0x14b .\CortexM3\ARM_GCC_541\Debug\ReactionGame.a(ErikaOS_ee_evget.o)
 .debug_line    0x000048cc      0x1e3 .\CortexM3\ARM_GCC_541\Debug\ReactionGame.a(ErikaOS_ee_evset.o)
 .debug_line    0x00004aaf      0x1f1 .\CortexM3\ARM_GCC_541\Debug\ReactionGame.a(ErikaOS_ee_evwait.o)
 .debug_line    0x00004ca0      0x1a9 .\CortexM3\ARM_GCC_541\Debug\ReactionGame.a(ErikaOS_ee_getcountervalue.o)
 .debug_line    0x00004e49      0x190 .\CortexM3\ARM_GCC_541\Debug\ReactionGame.a(ErikaOS_ee_irqendin.o)
 .debug_line    0x00004fd9      0x10b .\CortexM3\ARM_GCC_541\Debug\ReactionGame.a(ErikaOS_ee_lookup.o)
 .debug_line    0x000050e4      0x14b .\CortexM3\ARM_GCC_541\Debug\ReactionGame.a(ErikaOS_ee_rq_exchg.o)
 .debug_line    0x0000522f      0x142 .\CortexM3\ARM_GCC_541\Debug\ReactionGame.a(ErikaOS_ee_rq_first.o)
 .debug_line    0x00005371      0x146 .\CortexM3\ARM_GCC_541\Debug\ReactionGame.a(ErikaOS_ee_rq_inser.o)
 .debug_line    0x000054b7      0x3e2 .\CortexM3\ARM_GCC_541\Debug\ReactionGame.a(ErikaOS_ee_startos.o)
 .debug_line    0x00005899      0x1b0 .\CortexM3\ARM_GCC_541\Debug\ReactionGame.a(ErikaOS_ee_terminat.o)
 .debug_line    0x00005a49      0x174 .\CortexM3\ARM_GCC_541\Debug\ReactionGame.a(ErikaOS_cortex_mx_ee_utils.o)
 .debug_line    0x00005bbd       0xed .\CortexM3\ARM_GCC_541\Debug\ReactionGame.a(ErikaOS_common_ee_hal_structs.o)
 .debug_line    0x00005caa      0x12c .\CortexM3\ARM_GCC_541\Debug\ReactionGame.a(ErikaOS_eecfg.o)
 .debug_line    0x00005dd6       0x98 .\CortexM3\ARM_GCC_541\Debug\ReactionGame.a(ButtonRight.o)
 .debug_line    0x00005e6e       0x97 .\CortexM3\ARM_GCC_541\Debug\ReactionGame.a(ButtonLeft.o)
 .debug_line    0x00005f05       0x95 .\CortexM3\ARM_GCC_541\Debug\ReactionGame.a(SEVEN_DP.o)
 .debug_line    0x00005f9a       0x99 .\CortexM3\ARM_GCC_541\Debug\ReactionGame.a(SEVEN_SELECT.o)
 .debug_line    0x00006033       0x71 .\CortexM3\ARM_GCC_541\Debug\ReactionGame.a(SEVEN_reg.o)
 .debug_line    0x000060a4      0x249 .\CortexM3\ARM_GCC_541\Debug\ReactionGame.a(TFT_SPI.o)
 .debug_line    0x000062ed       0x93 .\CortexM3\ARM_GCC_541\Debug\ReactionGame.a(TFT_DC.o)
 .debug_line    0x00006380       0x94 .\CortexM3\ARM_GCC_541\Debug\ReactionGame.a(TFT_RES.o)
 .debug_line    0x00006414      0x13b .\CortexM3\ARM_GCC_541\Debug\ReactionGame.a(TFT_BackLight.o)
 .debug_line    0x0000654f      0x17f .\CortexM3\ARM_GCC_541\Debug\ReactionGame.a(TFT_SPI_IntClock.o)
 .debug_line    0x000066ce      0x13c .\CortexM3\ARM_GCC_541\Debug\ReactionGame.a(PWM_RED.o)
 .debug_line    0x0000680a      0x13f .\CortexM3\ARM_GCC_541\Debug\ReactionGame.a(PWM_YELLOW.o)
 .debug_line    0x00006949      0x13e .\CortexM3\ARM_GCC_541\Debug\ReactionGame.a(PWM_GREEN.o)
 .debug_line    0x00006a87       0x94 .\CortexM3\ARM_GCC_541\Debug\ReactionGame.a(RGB_RED.o)
 .debug_line    0x00006b1b       0x96 .\CortexM3\ARM_GCC_541\Debug\ReactionGame.a(RGB_GREEN.o)
 .debug_line    0x00006bb1       0x95 .\CortexM3\ARM_GCC_541\Debug\ReactionGame.a(RGB_BLUE.o)
 .debug_line    0x00006c46       0x66 .\CortexM3\ARM_GCC_541\Debug\ReactionGame.a(CyBootAsmGnu.o)
 .debug_line    0x00006cac       0xac .\CortexM3\ARM_GCC_541\Debug\ReactionGame.a(ErikaOS_ee_gnu_change_context_isr.o)
 .debug_line    0x00006d58       0x72 .\CortexM3\ARM_GCC_541\Debug\ReactionGame.a(ErikaOS_ee_gnu_irq_stack.o)
 .debug_line    0x00006dca       0x9b .\CortexM3\ARM_GCC_541\Debug\ReactionGame.a(ErikaOS_ee_gnu_multi_context.o)
 .debug_line    0x00006e65       0x97 .\CortexM3\ARM_GCC_541\Debug\ReactionGame.a(ErikaOS_ee_gnu_oo.o)
 .debug_line    0x00006efc      0x21a .\CortexM3\ARM_GCC_541\Debug\ReactionGame.a(CyFlash.o)
 .debug_line    0x00007116      0x260 .\CortexM3\ARM_GCC_541\Debug\ReactionGame.a(CySpc.o)
 .debug_line    0x00007376      0x171 .\CortexM3\ARM_GCC_541\Debug\ReactionGame.a(ErikaOS_ee_tnterm.o)
 .debug_line    0x000074e7      0x160 .\CortexM3\ARM_GCC_541\Debug\ReactionGame.a(ErikaOS_ee_tstub.o)
 .debug_line    0x00007647      0x154 .\CortexM3\ARM_GCC_541\Debug\ReactionGame.a(ErikaOS_ee_ulockallres.o)
 .debug_line    0x0000779b      0x19a .\CortexM3\ARM_GCC_541\Debug\ReactionGame.a(ErikaOS_cortex_mx_ee_context.o)
 .debug_line    0x00007935      0x1b7 .\CortexM3\ARM_GCC_541\Debug\ReactionGame.a(ErikaOS_ee_thendin.o)

.debug_frame    0x00000000     0x3254
 *(.debug_frame)
 .debug_frame   0x00000000      0x144 .\CortexM3\ARM_GCC_541\Debug\main.o
 .debug_frame   0x00000144      0x1c8 .\CortexM3\ARM_GCC_541\Debug\TimingAnalyzer.o
 .debug_frame   0x0000030c       0xd4 .\CortexM3\ARM_GCC_541\Debug\ReactionGame.o
 .debug_frame   0x000003e0       0xb8 .\CortexM3\ARM_GCC_541\Debug\ArcadianLight.o
 .debug_frame   0x00000498       0x48 .\CortexM3\ARM_GCC_541\Debug\logging.o
 .debug_frame   0x000004e0      0x104 .\CortexM3\ARM_GCC_541\Debug\seven.o
 .debug_frame   0x000005e4       0x80 .\CortexM3\ARM_GCC_541\Debug\pins.o
 .debug_frame   0x00000664       0x3c .\CortexM3\ARM_GCC_541\Debug\button.o
 .debug_frame   0x000006a0       0xcc .\CortexM3\ARM_GCC_541\Debug\led.o
 .debug_frame   0x0000076c      0x5bc .\CortexM3\ARM_GCC_541\Debug\tft.o
 .debug_frame   0x00000d28       0xe4 .\CortexM3\ARM_GCC_541\Debug\cyfitter_cfg.o
 .debug_frame   0x00000e0c       0xb8 .\CortexM3\ARM_GCC_541\Debug\Cm3Start.o
 .debug_frame   0x00000ec4       0x50 .\CortexM3\ARM_GCC_541\Debug\ReactionGame.a(RED_LED.o)
 .debug_frame   0x00000f14       0x50 .\CortexM3\ARM_GCC_541\Debug\ReactionGame.a(YELLOW_LED.o)
 .debug_frame   0x00000f64       0x50 .\CortexM3\ARM_GCC_541\Debug\ReactionGame.a(GREEN_LED.o)
 .debug_frame   0x00000fb4      0x250 .\CortexM3\ARM_GCC_541\Debug\ReactionGame.a(UART_LOG.o)
 .debug_frame   0x00001204       0xe0 .\CortexM3\ARM_GCC_541\Debug\ReactionGame.a(UART_LOG_IntClock.o)
 .debug_frame   0x000012e4      0x738 .\CortexM3\ARM_GCC_541\Debug\ReactionGame.a(CyLib.o)
 .debug_frame   0x00001a1c      0x1f8 .\CortexM3\ARM_GCC_541\Debug\ReactionGame.a(cyPm.o)
 .debug_frame   0x00001c14       0x30 .\CortexM3\ARM_GCC_541\Debug\ReactionGame.a(ErikaOS_ee_activate.o)
 .debug_frame   0x00001c44       0x38 .\CortexM3\ARM_GCC_541\Debug\ReactionGame.a(ErikaOS_ee_alsetrel.o)
 .debug_frame   0x00001c7c      0x10c .\CortexM3\ARM_GCC_541\Debug\ReactionGame.a(ErikaOS_ee_altick.o)
 .debug_frame   0x00001d88       0x38 .\CortexM3\ARM_GCC_541\Debug\ReactionGame.a(ErikaOS_ee_evclear.o)
 .debug_frame   0x00001dc0       0x20 .\CortexM3\ARM_GCC_541\Debug\ReactionGame.a(ErikaOS_ee_evget.o)
 .debug_frame   0x00001de0       0x30 .\CortexM3\ARM_GCC_541\Debug\ReactionGame.a(ErikaOS_ee_evset.o)
 .debug_frame   0x00001e10       0x30 .\CortexM3\ARM_GCC_541\Debug\ReactionGame.a(ErikaOS_ee_evwait.o)
 .debug_frame   0x00001e40       0x20 .\CortexM3\ARM_GCC_541\Debug\ReactionGame.a(ErikaOS_ee_getcountervalue.o)
 .debug_frame   0x00001e60       0x58 .\CortexM3\ARM_GCC_541\Debug\ReactionGame.a(ErikaOS_ee_irqendin.o)
 .debug_frame   0x00001eb8       0x3c .\CortexM3\ARM_GCC_541\Debug\ReactionGame.a(ErikaOS_ee_rq_exchg.o)
 .debug_frame   0x00001ef4       0x20 .\CortexM3\ARM_GCC_541\Debug\ReactionGame.a(ErikaOS_ee_rq_first.o)
 .debug_frame   0x00001f14       0x30 .\CortexM3\ARM_GCC_541\Debug\ReactionGame.a(ErikaOS_ee_rq_inser.o)
 .debug_frame   0x00001f44       0x90 .\CortexM3\ARM_GCC_541\Debug\ReactionGame.a(ErikaOS_ee_startos.o)
 .debug_frame   0x00001fd4       0x2c .\CortexM3\ARM_GCC_541\Debug\ReactionGame.a(ErikaOS_ee_terminat.o)
 .debug_frame   0x00002000       0x30 .\CortexM3\ARM_GCC_541\Debug\ReactionGame.a(ErikaOS_cortex_mx_ee_utils.o)
 .debug_frame   0x00002030       0x50 .\CortexM3\ARM_GCC_541\Debug\ReactionGame.a(ButtonRight.o)
 .debug_frame   0x00002080       0x50 .\CortexM3\ARM_GCC_541\Debug\ReactionGame.a(ButtonLeft.o)
 .debug_frame   0x000020d0       0x50 .\CortexM3\ARM_GCC_541\Debug\ReactionGame.a(SEVEN_DP.o)
 .debug_frame   0x00002120       0x50 .\CortexM3\ARM_GCC_541\Debug\ReactionGame.a(SEVEN_SELECT.o)
 .debug_frame   0x00002170       0x30 .\CortexM3\ARM_GCC_541\Debug\ReactionGame.a(SEVEN_reg.o)
 .debug_frame   0x000021a0      0x1e8 .\CortexM3\ARM_GCC_541\Debug\ReactionGame.a(TFT_SPI.o)
 .debug_frame   0x00002388       0x50 .\CortexM3\ARM_GCC_541\Debug\ReactionGame.a(TFT_DC.o)
 .debug_frame   0x000023d8       0x50 .\CortexM3\ARM_GCC_541\Debug\ReactionGame.a(TFT_RES.o)
 .debug_frame   0x00002428       0xe8 .\CortexM3\ARM_GCC_541\Debug\ReactionGame.a(TFT_BackLight.o)
 .debug_frame   0x00002510       0xe0 .\CortexM3\ARM_GCC_541\Debug\ReactionGame.a(TFT_SPI_IntClock.o)
 .debug_frame   0x000025f0       0xf8 .\CortexM3\ARM_GCC_541\Debug\ReactionGame.a(PWM_RED.o)
 .debug_frame   0x000026e8       0xf8 .\CortexM3\ARM_GCC_541\Debug\ReactionGame.a(PWM_YELLOW.o)
 .debug_frame   0x000027e0       0xf8 .\CortexM3\ARM_GCC_541\Debug\ReactionGame.a(PWM_GREEN.o)
 .debug_frame   0x000028d8       0x50 .\CortexM3\ARM_GCC_541\Debug\ReactionGame.a(RGB_RED.o)
 .debug_frame   0x00002928       0x50 .\CortexM3\ARM_GCC_541\Debug\ReactionGame.a(RGB_GREEN.o)
 .debug_frame   0x00002978       0x50 .\CortexM3\ARM_GCC_541\Debug\ReactionGame.a(RGB_BLUE.o)
 .debug_frame   0x000029c8      0x194 .\CortexM3\ARM_GCC_541\Debug\ReactionGame.a(CyFlash.o)
 .debug_frame   0x00002b5c      0x180 .\CortexM3\ARM_GCC_541\Debug\ReactionGame.a(CySpc.o)
 .debug_frame   0x00002cdc       0x2c .\CortexM3\ARM_GCC_541\Debug\ReactionGame.a(ErikaOS_ee_tnterm.o)
 .debug_frame   0x00002d08       0x2c .\CortexM3\ARM_GCC_541\Debug\ReactionGame.a(ErikaOS_ee_tstub.o)
 .debug_frame   0x00002d34       0x2c .\CortexM3\ARM_GCC_541\Debug\ReactionGame.a(ErikaOS_ee_ulockallres.o)
 .debug_frame   0x00002d60       0x3c .\CortexM3\ARM_GCC_541\Debug\ReactionGame.a(ErikaOS_cortex_mx_ee_context.o)
 .debug_frame   0x00002d9c       0x5c .\CortexM3\ARM_GCC_541\Debug\ReactionGame.a(ErikaOS_ee_thendin.o)
 .debug_frame   0x00002df8       0x20 c:/h_da softwares & projects/psoc creator/4.4/psoc creator/import/gnu/arm/5.4.1/bin/../lib/gcc/arm-none-eabi/5.4.1/../../../../arm-none-eabi/lib/armv7-m\libg_nano.a(lib_a-errno.o)
 .debug_frame   0x00002e18       0x28 c:/h_da softwares & projects/psoc creator/4.4/psoc creator/import/gnu/arm/5.4.1/bin/../lib/gcc/arm-none-eabi/5.4.1/../../../../arm-none-eabi/lib/armv7-m\libg_nano.a(lib_a-exit.o)
 .debug_frame   0x00002e40       0x2c c:/h_da softwares & projects/psoc creator/4.4/psoc creator/import/gnu/arm/5.4.1/bin/../lib/gcc/arm-none-eabi/5.4.1/../../../../arm-none-eabi/lib/armv7-m\libg_nano.a(lib_a-init.o)
 .debug_frame   0x00002e6c       0x28 c:/h_da softwares & projects/psoc creator/4.4/psoc creator/import/gnu/arm/5.4.1/bin/../lib/gcc/arm-none-eabi/5.4.1/../../../../arm-none-eabi/lib/armv7-m\libg_nano.a(lib_a-memcpy-stub.o)
 .debug_frame   0x00002e94       0x20 c:/h_da softwares & projects/psoc creator/4.4/psoc creator/import/gnu/arm/5.4.1/bin/../lib/gcc/arm-none-eabi/5.4.1/../../../../arm-none-eabi/lib/armv7-m\libg_nano.a(lib_a-memset.o)
 .debug_frame   0x00002eb4       0x44 c:/h_da softwares & projects/psoc creator/4.4/psoc creator/import/gnu/arm/5.4.1/bin/../lib/gcc/arm-none-eabi/5.4.1/../../../../arm-none-eabi/lib/armv7-m\libg_nano.a(lib_a-rand.o)
 .debug_frame   0x00002ef8       0x74 c:/h_da softwares & projects/psoc creator/4.4/psoc creator/import/gnu/arm/5.4.1/bin/../lib/gcc/arm-none-eabi/5.4.1/../../../../arm-none-eabi/lib/armv7-m\libg_nano.a(lib_a-snprintf.o)
 .debug_frame   0x00002f6c       0x30 c:/h_da softwares & projects/psoc creator/4.4/psoc creator/import/gnu/arm/5.4.1/bin/../lib/gcc/arm-none-eabi/5.4.1/../../../../arm-none-eabi/lib/armv7-m\libg_nano.a(lib_a-malloc.o)
 .debug_frame   0x00002f9c       0x38 c:/h_da softwares & projects/psoc creator/4.4/psoc creator/import/gnu/arm/5.4.1/bin/../lib/gcc/arm-none-eabi/5.4.1/../../../../arm-none-eabi/lib/armv7-m\libg_nano.a(lib_a-nano-freer.o)
 .debug_frame   0x00002fd4       0x2c c:/h_da softwares & projects/psoc creator/4.4/psoc creator/import/gnu/arm/5.4.1/bin/../lib/gcc/arm-none-eabi/5.4.1/../../../../arm-none-eabi/lib/armv7-m\libg_nano.a(lib_a-nano-mallocr.o)
 .debug_frame   0x00003000       0x90 c:/h_da softwares & projects/psoc creator/4.4/psoc creator/import/gnu/arm/5.4.1/bin/../lib/gcc/arm-none-eabi/5.4.1/../../../../arm-none-eabi/lib/armv7-m\libg_nano.a(lib_a-nano-svfprintf.o)
 .debug_frame   0x00003090       0x60 c:/h_da softwares & projects/psoc creator/4.4/psoc creator/import/gnu/arm/5.4.1/bin/../lib/gcc/arm-none-eabi/5.4.1/../../../../arm-none-eabi/lib/armv7-m\libg_nano.a(lib_a-nano-vfprintf_i.o)
 .debug_frame   0x000030f0       0x2c c:/h_da softwares & projects/psoc creator/4.4/psoc creator/import/gnu/arm/5.4.1/bin/../lib/gcc/arm-none-eabi/5.4.1/../../../../arm-none-eabi/lib/armv7-m\libg_nano.a(lib_a-sbrkr.o)
 .debug_frame   0x0000311c       0x28 c:/h_da softwares & projects/psoc creator/4.4/psoc creator/import/gnu/arm/5.4.1/bin/../lib/gcc/arm-none-eabi/5.4.1/../../../../arm-none-eabi/lib/armv7-m\libg_nano.a(lib_a-memchr-stub.o)
 .debug_frame   0x00003144       0x28 c:/h_da softwares & projects/psoc creator/4.4/psoc creator/import/gnu/arm/5.4.1/bin/../lib/gcc/arm-none-eabi/5.4.1/../../../../arm-none-eabi/lib/armv7-m\libg_nano.a(lib_a-memmove.o)
 .debug_frame   0x0000316c       0x30 c:/h_da softwares & projects/psoc creator/4.4/psoc creator/import/gnu/arm/5.4.1/bin/../lib/gcc/arm-none-eabi/5.4.1/../../../../arm-none-eabi/lib/armv7-m\libg_nano.a(lib_a-mlock.o)
 .debug_frame   0x0000319c       0x3c c:/h_da softwares & projects/psoc creator/4.4/psoc creator/import/gnu/arm/5.4.1/bin/../lib/gcc/arm-none-eabi/5.4.1/../../../../arm-none-eabi/lib/armv7-m\libg_nano.a(lib_a-nano-reallocr.o)
 .debug_frame   0x000031d8       0x5c c:/h_da softwares & projects/psoc creator/4.4/psoc creator/import/gnu/arm/5.4.1/bin/../lib/gcc/arm-none-eabi/5.4.1/../../../../arm-none-eabi/lib/armv7-m\libg_nano.a(lib_a-reent.o)
 .debug_frame   0x00003234       0x20 c:/h_da softwares & projects/psoc creator/4.4/psoc creator/import/gnu/arm/5.4.1/bin/../lib/gcc/arm-none-eabi/5.4.1/../../../../arm-none-eabi/lib/armv7-m\libg_nano.a(lib_a-nano-msizer.o)

.debug_str      0x00000000     0x5483
 *(.debug_str)
 .debug_str     0x00000000      0x75d .\CortexM3\ARM_GCC_541\Debug\main.o
                                0x7cc (size before relaxing)
 .debug_str     0x0000075d      0x348 .\CortexM3\ARM_GCC_541\Debug\TimingAnalyzer.o
                                0x779 (size before relaxing)
 .debug_str     0x00000aa5      0x1b0 .\CortexM3\ARM_GCC_541\Debug\ReactionGame.o
                                0x769 (size before relaxing)
 .debug_str     0x00000c55      0x11c .\CortexM3\ARM_GCC_541\Debug\ArcadianLight.o
                                0x578 (size before relaxing)
 .debug_str     0x00000d71       0xa3 .\CortexM3\ARM_GCC_541\Debug\logging.o
                                0x4cf (size before relaxing)
 .debug_str     0x00000e14       0xf8 .\CortexM3\ARM_GCC_541\Debug\seven.o
                                0x542 (size before relaxing)
 .debug_str     0x00000f0c       0x74 .\CortexM3\ARM_GCC_541\Debug\pins.o
                                0x2e8 (size before relaxing)
 .debug_str     0x00000f80       0x56 .\CortexM3\ARM_GCC_541\Debug\button.o
                                0x494 (size before relaxing)
 .debug_str     0x00000fd6      0x1e1 .\CortexM3\ARM_GCC_541\Debug\led.o
                                0x665 (size before relaxing)
 .debug_str     0x000011b7      0x801 .\CortexM3\ARM_GCC_541\Debug\tft.o
                                0xd08 (size before relaxing)
 .debug_str     0x000019b8      0x1a2 .\CortexM3\ARM_GCC_541\Debug\cyfitter_cfg.o
                                0x334 (size before relaxing)
 .debug_str     0x00001b5a       0x75 .\CortexM3\ARM_GCC_541\Debug\cymetadata.o
                                0x1d4 (size before relaxing)
 .debug_str     0x00001bcf      0x13f .\CortexM3\ARM_GCC_541\Debug\Cm3Start.o
                                0x2fa (size before relaxing)
 .debug_str     0x00001d0e       0x62 .\CortexM3\ARM_GCC_541\Debug\ReactionGame.a(RED_LED.o)
                                0x1dc (size before relaxing)
 .debug_str     0x00001d70       0x63 .\CortexM3\ARM_GCC_541\Debug\ReactionGame.a(YELLOW_LED.o)
                                0x1eb (size before relaxing)
 .debug_str     0x00001dd3       0x5f .\CortexM3\ARM_GCC_541\Debug\ReactionGame.a(GREEN_LED.o)
                                0x1e6 (size before relaxing)
 .debug_str     0x00001e32      0x32e .\CortexM3\ARM_GCC_541\Debug\ReactionGame.a(UART_LOG.o)
                                0x4e1 (size before relaxing)
 .debug_str     0x00002160      0x1ab .\CortexM3\ARM_GCC_541\Debug\ReactionGame.a(UART_LOG_IntClock.o)
                                0x356 (size before relaxing)
 .debug_str     0x0000230b      0x806 .\CortexM3\ARM_GCC_541\Debug\ReactionGame.a(CyLib.o)
                                0xa37 (size before relaxing)
 .debug_str     0x00002b11      0x365 .\CortexM3\ARM_GCC_541\Debug\ReactionGame.a(cyPm.o)
                                0x723 (size before relaxing)
 .debug_str     0x00002e76      0x5af .\CortexM3\ARM_GCC_541\Debug\ReactionGame.a(ErikaOS_ee_activate.o)
                                0x7f5 (size before relaxing)
 .debug_str     0x00003425       0xa1 .\CortexM3\ARM_GCC_541\Debug\ReactionGame.a(ErikaOS_ee_alsetrel.o)
                                0x5ed (size before relaxing)
 .debug_str     0x000034c6      0x230 .\CortexM3\ARM_GCC_541\Debug\ReactionGame.a(ErikaOS_ee_altick.o)
                                0xa50 (size before relaxing)
 .debug_str     0x000036f6       0x2c .\CortexM3\ARM_GCC_541\Debug\ReactionGame.a(ErikaOS_ee_evclear.o)
                                0x5cd (size before relaxing)
 .debug_str     0x00003722       0x5b .\CortexM3\ARM_GCC_541\Debug\ReactionGame.a(ErikaOS_ee_evget.o)
                                0x53d (size before relaxing)
 .debug_str     0x0000377d       0x2a .\CortexM3\ARM_GCC_541\Debug\ReactionGame.a(ErikaOS_ee_evset.o)
                                0x7cd (size before relaxing)
 .debug_str     0x000037a7       0xa1 .\CortexM3\ARM_GCC_541\Debug\ReactionGame.a(ErikaOS_ee_evwait.o)
                                0x825 (size before relaxing)
 .debug_str     0x00003848       0x40 .\CortexM3\ARM_GCC_541\Debug\ReactionGame.a(ErikaOS_ee_getcountervalue.o)
                                0x59a (size before relaxing)
 .debug_str     0x00003888       0xc8 .\CortexM3\ARM_GCC_541\Debug\ReactionGame.a(ErikaOS_ee_irqendin.o)
                                0x6aa (size before relaxing)
 .debug_str     0x00003950       0x2b .\CortexM3\ARM_GCC_541\Debug\ReactionGame.a(ErikaOS_ee_lookup.o)
                                0x479 (size before relaxing)
 .debug_str     0x0000397b       0x8a .\CortexM3\ARM_GCC_541\Debug\ReactionGame.a(ErikaOS_ee_rq_exchg.o)
                                0x4eb (size before relaxing)
 .debug_str     0x00003a05       0x2d .\CortexM3\ARM_GCC_541\Debug\ReactionGame.a(ErikaOS_ee_rq_first.o)
                                0x4b6 (size before relaxing)
 .debug_str     0x00003a32       0x38 .\CortexM3\ARM_GCC_541\Debug\ReactionGame.a(ErikaOS_ee_rq_inser.o)
                                0x4f0 (size before relaxing)
 .debug_str     0x00003a6a      0x8a1 .\CortexM3\ARM_GCC_541\Debug\ReactionGame.a(ErikaOS_ee_startos.o)
                               0x171c (size before relaxing)
 .debug_str     0x0000430b       0x5b .\CortexM3\ARM_GCC_541\Debug\ReactionGame.a(ErikaOS_ee_terminat.o)
                                0x5ee (size before relaxing)
 .debug_str     0x00004366       0x71 .\CortexM3\ARM_GCC_541\Debug\ReactionGame.a(ErikaOS_cortex_mx_ee_utils.o)
                                0x548 (size before relaxing)
 .debug_str     0x000043d7       0x37 .\CortexM3\ARM_GCC_541\Debug\ReactionGame.a(ErikaOS_common_ee_hal_structs.o)
                                0x485 (size before relaxing)
 .debug_str     0x0000440e      0x1f8 .\CortexM3\ARM_GCC_541\Debug\ReactionGame.a(ErikaOS_eecfg.o)
                                0x842 (size before relaxing)
 .debug_str     0x00004606       0x68 .\CortexM3\ARM_GCC_541\Debug\ReactionGame.a(ButtonRight.o)
                                0x1f0 (size before relaxing)
 .debug_str     0x0000466e       0x64 .\CortexM3\ARM_GCC_541\Debug\ReactionGame.a(ButtonLeft.o)
                                0x1eb (size before relaxing)
 .debug_str     0x000046d2       0x5b .\CortexM3\ARM_GCC_541\Debug\ReactionGame.a(SEVEN_DP.o)
                                0x1e1 (size before relaxing)
 .debug_str     0x0000472d       0x6b .\CortexM3\ARM_GCC_541\Debug\ReactionGame.a(SEVEN_SELECT.o)
                                0x1f5 (size before relaxing)
 .debug_str     0x00004798       0x23 .\CortexM3\ARM_GCC_541\Debug\ReactionGame.a(SEVEN_reg.o)
                                0x1ab (size before relaxing)
 .debug_str     0x000047bb      0x249 .\CortexM3\ARM_GCC_541\Debug\ReactionGame.a(TFT_SPI.o)
                                0x456 (size before relaxing)
 .debug_str     0x00004a04       0x53 .\CortexM3\ARM_GCC_541\Debug\ReactionGame.a(TFT_DC.o)
                                0x1d7 (size before relaxing)
 .debug_str     0x00004a57       0x57 .\CortexM3\ARM_GCC_541\Debug\ReactionGame.a(TFT_RES.o)
                                0x1dc (size before relaxing)