Archive member included to satisfy reference by file (symbol)

.\CortexM3\ARM_GCC_541\Debug\ReactionGame.a(RED_LED.o)
                              .\CortexM3\ARM_GCC_541\Debug\pins.o (RED_LED_Write)
.\CortexM3\ARM_GCC_541\Debug\ReactionGame.a(YELLOW_LED.o)
                              .\CortexM3\ARM_GCC_541\Debug\pins.o (YELLOW_LED_Write)
.\CortexM3\ARM_GCC_541\Debug\ReactionGame.a(GREEN_LED.o)
                              .\CortexM3\ARM_GCC_541\Debug\pins.o (GREEN_LED_Write)
.\CortexM3\ARM_GCC_541\Debug\ReactionGame.a(UART_LOG.o)
                              .\CortexM3\ARM_GCC_541\Debug\main.o (UART_LOG_Start)
.\CortexM3\ARM_GCC_541\Debug\ReactionGame.a(UART_LOG_IntClock.o)
                              .\CortexM3\ARM_GCC_541\Debug\ReactionGame.a(UART_LOG.o) (UART_LOG_IntClock_Start)
.\CortexM3\ARM_GCC_541\Debug\ReactionGame.a(CyLib.o)
                              .\CortexM3\ARM_GCC_541\Debug\Cm3Start.o (CyHalt)
.\CortexM3\ARM_GCC_541\Debug\ReactionGame.a(cyPm.o)
                              .\CortexM3\ARM_GCC_541\Debug\ReactionGame.a(CyLib.o) (CyPmReadStatus)
.\CortexM3\ARM_GCC_541\Debug\ReactionGame.a(ErikaOS_ee_activate.o)
                              .\CortexM3\ARM_GCC_541\Debug\main.o (EE_oo_ActivateTask)
.\CortexM3\ARM_GCC_541\Debug\ReactionGame.a(ErikaOS_ee_alsetrel.o)
                              .\CortexM3\ARM_GCC_541\Debug\main.o (EE_oo_SetRelAlarm)
.\CortexM3\ARM_GCC_541\Debug\ReactionGame.a(ErikaOS_ee_altick.o)
                              .\CortexM3\ARM_GCC_541\Debug\ReactionGame.a(ErikaOS_ee_alsetrel.o) (EE_oo_counter_object_insert)
.\CortexM3\ARM_GCC_541\Debug\ReactionGame.a(ErikaOS_ee_evclear.o)
                              .\CortexM3\ARM_GCC_541\Debug\main.o (EE_oo_ClearEvent)
.\CortexM3\ARM_GCC_541\Debug\ReactionGame.a(ErikaOS_ee_evget.o)
                              .\CortexM3\ARM_GCC_541\Debug\main.o (EE_oo_GetEvent)
.\CortexM3\ARM_GCC_541\Debug\ReactionGame.a(ErikaOS_ee_evset.o)
                              .\CortexM3\ARM_GCC_541\Debug\main.o (EE_oo_SetEvent)
.\CortexM3\ARM_GCC_541\Debug\ReactionGame.a(ErikaOS_ee_evwait.o)
                              .\CortexM3\ARM_GCC_541\Debug\main.o (EE_oo_WaitEvent)
.\CortexM3\ARM_GCC_541\Debug\ReactionGame.a(ErikaOS_ee_getcountervalue.o)
                              .\CortexM3\ARM_GCC_541\Debug\ReactionGame.o (EE_oo_GetCounterValue)
.\CortexM3\ARM_GCC_541\Debug\ReactionGame.a(ErikaOS_ee_irqendin.o)
                              .\CortexM3\ARM_GCC_541\Debug\main.o (EE_IRQ_end_post_stub)
.\CortexM3\ARM_GCC_541\Debug\ReactionGame.a(ErikaOS_ee_lookup.o)
                              .\CortexM3\ARM_GCC_541\Debug\ReactionGame.a(ErikaOS_ee_irqendin.o) (EE_oo_IRQ_disable_count)
.\CortexM3\ARM_GCC_541\Debug\ReactionGame.a(ErikaOS_ee_rq_exchg.o)
                              .\CortexM3\ARM_GCC_541\Debug\ReactionGame.a(ErikaOS_ee_activate.o) (EE_rq2stk_exchange)
.\CortexM3\ARM_GCC_541\Debug\ReactionGame.a(ErikaOS_ee_rq_first.o)
                              .\CortexM3\ARM_GCC_541\Debug\ReactionGame.a(ErikaOS_ee_activate.o) (EE_rq_queryfirst)
.\CortexM3\ARM_GCC_541\Debug\ReactionGame.a(ErikaOS_ee_rq_inser.o)
                              .\CortexM3\ARM_GCC_541\Debug\ReactionGame.a(ErikaOS_ee_activate.o) (EE_rq_insert)
.\CortexM3\ARM_GCC_541\Debug\ReactionGame.a(ErikaOS_ee_startos.o)
                              .\CortexM3\ARM_GCC_541\Debug\main.o (EE_oo_StartOS)
.\CortexM3\ARM_GCC_541\Debug\ReactionGame.a(ErikaOS_ee_terminat.o)
                              .\CortexM3\ARM_GCC_541\Debug\main.o (EE_oo_TerminateTask)
.\CortexM3\ARM_GCC_541\Debug\ReactionGame.a(ErikaOS_cortex_mx_ee_utils.o)
                              .\CortexM3\ARM_GCC_541\Debug\main.o (EE_system_init)
.\CortexM3\ARM_GCC_541\Debug\ReactionGame.a(ErikaOS_common_ee_hal_structs.o)
                              .\CortexM3\ARM_GCC_541\Debug\ReactionGame.a(ErikaOS_ee_irqendin.o) (EE_std_endcycle_next_tid)
.\CortexM3\ARM_GCC_541\Debug\ReactionGame.a(ErikaOS_eecfg.o)
                              .\CortexM3\ARM_GCC_541\Debug\ReactionGame.a(ErikaOS_ee_startos.o) (EE_oo_autostart_task_data)
.\CortexM3\ARM_GCC_541\Debug\ReactionGame.a(ButtonRight.o)
                              .\CortexM3\ARM_GCC_541\Debug\button.o (ButtonRight_Read)
.\CortexM3\ARM_GCC_541\Debug\ReactionGame.a(ButtonLeft.o)
                              .\CortexM3\ARM_GCC_541\Debug\button.o (ButtonLeft_Read)
.\CortexM3\ARM_GCC_541\Debug\ReactionGame.a(SEVEN_DP.o)
                              .\CortexM3\ARM_GCC_541\Debug\seven.o (SEVEN_DP_Write)
.\CortexM3\ARM_GCC_541\Debug\ReactionGame.a(SEVEN_SELECT.o)
                              .\CortexM3\ARM_GCC_541\Debug\seven.o (SEVEN_SELECT_Write)
.\CortexM3\ARM_GCC_541\Debug\ReactionGame.a(SEVEN_reg.o)
                              .\CortexM3\ARM_GCC_541\Debug\seven.o (SEVEN_reg_Write)
.\CortexM3\ARM_GCC_541\Debug\ReactionGame.a(TFT_SPI.o)
                              .\CortexM3\ARM_GCC_541\Debug\tft.o (TFT_SPI_WriteTxData)
[...]
Memory Configuration

Name             Origin             Length             Attributes
rom              0x00000000         0x00040000         xr
ram              0x1fff8000         0x00010000         xrw
*default*        0x00000000         0xffffffff

Linker script and memory map

LOAD c:/h_da softwares & projects/psoc creator/4.4/psoc creator/import/gnu/arm/5.4.1/bin/../lib/gcc/arm-none-eabi/5.4.1/armv7-m/crti.o
LOAD c:/h_da softwares & projects/psoc creator/4.4/psoc creator/import/gnu/arm/5.4.1/bin/../lib/gcc/arm-none-eabi/5.4.1/armv7-m/crtbegin.o
LOAD c:/h_da softwares & projects/psoc creator/4.4/psoc creator/import/gnu/arm/5.4.1/bin/../lib/gcc/arm-none-eabi/5.4.1/../../../../arm-none-eabi/lib/armv7-m/crt0.o
START GROUP
LOAD .\CortexM3\ARM_GCC_541\Debug\main.o
LOAD .\CortexM3\ARM_GCC_541\Debug\TimingAnalyzer.o
LOAD .\CortexM3\ARM_GCC_541\Debug\ReactionGame.o
LOAD .\CortexM3\ARM_GCC_541\Debug\ArcadianLight.o
LOAD .\CortexM3\ARM_GCC_541\Debug\logging.o
LOAD .\CortexM3\ARM_GCC_541\Debug\seven.o
LOAD .\CortexM3\ARM_GCC_541\Debug\pins.o
LOAD .\CortexM3\ARM_GCC_541\Debug\button.o
LOAD .\CortexM3\ARM_GCC_541\Debug\led.o
LOAD .\CortexM3\ARM_GCC_541\Debug\tft.o
LOAD .\CortexM3\ARM_GCC_541\Debug\cyfitter_cfg.o
LOAD .\CortexM3\ARM_GCC_541\Debug\cymetadata.o
LOAD .\CortexM3\ARM_GCC_541\Debug\Cm3Start.o
LOAD .\CortexM3\ARM_GCC_541\Debug\ReactionGame.a
LOAD C:\H_Da Softwares & Projects\PSoC Creator\4.4\PSoC Creator\psoc\content\cycomponentlibrary\CyComponentLibrary.cylib\CortexM3\ARM_GCC_541\Debug\CyComponentLibrary.a
END GROUP
START GROUP
LOAD c:/h_da softwares & projects/psoc creator/4.4/psoc creator/import/gnu/arm/5.4.1/bin/../lib/gcc/arm-none-eabi/5.4.1/armv7-m\libgcc.a
LOAD c:/h_da softwares & projects/psoc creator/4.4/psoc creator/import/gnu/arm/5.4.1/bin/../lib/gcc/arm-none-eabi/5.4.1/../../../../arm-none-eabi/lib/armv7-m\libg_nano.a
LOAD c:/h_da softwares & projects/psoc creator/4.4/psoc creator/import/gnu/arm/5.4.1/bin/../lib/gcc/arm-none-eabi/5.4.1/../../../../arm-none-eabi/lib/armv7-m\libc_nano.a
END GROUP
START GROUP
LOAD c:/h_da softwares & projects/psoc creator/4.4/psoc creator/import/gnu/arm/5.4.1/bin/../lib/gcc/arm-none-eabi/5.4.1/armv7-m\libgcc.a
LOAD c:/h_da softwares & projects/psoc creator/4.4/psoc creator/import/gnu/arm/5.4.1/bin/../lib/gcc/arm-none-eabi/5.4.1/../../../../arm-none-eabi/lib/armv7-m\libc_nano.a
END GROUP
LOAD c:/h_da softwares & projects/psoc creator/4.4/psoc creator/import/gnu/arm/5.4.1/bin/../lib/gcc/arm-none-eabi/5.4.1/armv7-m/crtend.o
LOAD c:/h_da softwares & projects/psoc creator/4.4/psoc creator/import/gnu/arm/5.4.1/bin/../lib/gcc/arm-none-eabi/5.4.1/armv7-m/crtn.o
START GROUP
LOAD c:/h_da softwares & projects/psoc creator/4.4/psoc creator/import/gnu/arm/5.4.1/bin/../lib/gcc/arm-none-eabi/5.4.1/armv7-m\libgcc.a
LOAD c:/h_da softwares & projects/psoc creator/4.4/psoc creator/import/gnu/arm/5.4.1/bin/../lib/gcc/arm-none-eabi/5.4.1/../../../../arm-none-eabi/lib/armv7-m\libc.a
LOAD c:/h_da softwares & projects/psoc creator/4.4/psoc creator/import/gnu/arm/5.4.1/bin/../lib/gcc/arm-none-eabi/5.4.1/../../../../arm-none-eabi/lib/armv7-m\libnosys.a
END GROUP
                0x00000000                CY_APPL_ORIGIN = 0x0
                0x00000100                CY_FLASH_ROW_SIZE = 0x100
                0x00000020                CY_ECC_ROW_SIZE = 0x20
                0x00000000                CY_EE_IN_BTLDR = 0x0
                0x00000000                CY_APPL_LOADABLE = 0x0
                0x00000800                CY_EE_SIZE = 0x800
                0x00000001                CY_APPL_NUM = 0x1
                0x00000001                CY_APPL_MAX = 0x1
                0x00000040                CY_METADATA_SIZE = 0x40
                0x00000000                CY_APPL_LOADABLE = 0x0
                0x00000000                CY_CHECKSUM_EXCLUDE_SIZE = ALIGN (0x0, CY_FLASH_ROW_SIZE)
                [!provide]                PROVIDE (__cy_heap_start, _end)
                0x00000001                PROVIDE (__cy_region_num, ((__cy_regions_end - __cy_regions) / 0x10))
                0x20008000                PROVIDE (__cy_stack, (ORIGIN (ram) + LENGTH (ram)))
                [!provide]                PROVIDE (__cy_heap_end, (__cy_stack - 0x800))

.cybootloader   0x00000000        0x0
 *(.cybootloader)
                0x00000000                appl1_start = CY_APPL_ORIGIN?CY_APPL_ORIGIN:ALIGN (CY_FLASH_ROW_SIZE)
                0x0001ff00                appl2_start = (appl1_start + ALIGN ((((LENGTH (rom) - appl1_start) - (0x2 * CY_FLASH_ROW_SIZE)) / 0x2), CY_FLASH_ROW_SIZE))
                0x00000000                appl_start = (CY_APPL_NUM == 0x1)?appl1_start:appl2_start
                0x00000000                ecc_offset = ((appl_start / CY_FLASH_ROW_SIZE) * CY_ECC_ROW_SIZE)
                0x00000000                ee_offset = (CY_APPL_LOADABLE && ! (CY_EE_IN_BTLDR))?((CY_EE_SIZE / CY_APPL_MAX) * (CY_APPL_NUM - 0x1)):0x0
                0x00000800                ee_size = (CY_APPL_LOADABLE && ! (CY_EE_IN_BTLDR))?(CY_EE_SIZE / CY_APPL_MAX):CY_EE_SIZE
                [!provide]                PROVIDE (CY_ECC_OFFSET, ecc_offset)

.text           0x00000000     0x30be
 CREATE_OBJECT_SYMBOLS
                0x00000000                PROVIDE (__cy_interrupt_vector, RomVectors)
 *(.romvectors)
 .romvectors    0x00000000       0x10 .\CortexM3\ARM_GCC_541\Debug\Cm3Start.o
                0x00000000                RomVectors
                0x00000001                ASSERT ((. != __cy_interrupt_vector), No interrupt vector)
                0x00000001                ASSERT (CY_APPL_ORIGIN?(SIZEOF (.cybootloader) <= CY_APPL_ORIGIN):0x1, Wrong image location)
                0x00000010                PROVIDE (__cy_reset, Reset)
 *(.text.Reset)
 .text.Reset    0x00000010       0x18 .\CortexM3\ARM_GCC_541\Debug\Cm3Start.o
                0x00000010                Reset
                0x00000001                ASSERT ((. != __cy_reset), No reset code)
 *(.dma_init)
                0x00000001                ASSERT ((((appl_start + .) <= 0x10000) || 0x1), DMA Init must be within the first 64k of flash)
 *(.text .text.* .gnu.linkonce.t.*)
 .text          0x00000028       0x5c c:/h_da softwares & projects/psoc creator/4.4/psoc creator/import/gnu/arm/5.4.1/bin/../lib/gcc/arm-none-eabi/5.4.1/armv7-m/crtbegin.o
 .text.main     0x00000084       0x28 .\CortexM3\ARM_GCC_541\Debug\main.o
                0x00000084                main
 .text.Functsk_init
                0x000000ac       0x44 .\CortexM3\ARM_GCC_541\Debug\main.o
                0x000000ac                Functsk_init
 .text.Functsk_game
                0x000000f0       0x30 .\CortexM3\ARM_GCC_541\Debug\main.o
                0x000000f0                Functsk_game
 .text.Functsk_arcadian
                0x00000120       0x18 .\CortexM3\ARM_GCC_541\Debug\main.o
                0x00000120                Functsk_arcadian
 .text.Functsk_tft
                0x00000138        0x8 .\CortexM3\ARM_GCC_541\Debug\main.o
                0x00000138                Functsk_tft
 .text.Functsk_background
                0x00000140        0x4 .\CortexM3\ARM_GCC_541\Debug\main.o
                0x00000140                Functsk_background
 .text.ISR2_systick_handler
                0x00000144        0xc .\CortexM3\ARM_GCC_541\Debug\main.o
                0x00000144                ISR2_systick_handler
 .text.systick_handler
                0x00000150       0x98 .\CortexM3\ARM_GCC_541\Debug\main.o
                0x00000150                systick_handler
 .text.ISR2_isr_button
                0x000001e8       0x28 .\CortexM3\ARM_GCC_541\Debug\main.o
                0x000001e8                ISR2_isr_button
 .text.isr_button
                0x00000210       0x98 .\CortexM3\ARM_GCC_541\Debug\main.o
                0x00000210                isr_button
 .text.TA_init  0x000002a8       0x34 .\CortexM3\ARM_GCC_541\Debug\TimingAnalyzer.o
                0x000002a8                TA_init
 .text.TA_create
                0x000002dc       0x7c .\CortexM3\ARM_GCC_541\Debug\TimingAnalyzer.o
                0x000002dc                TA_create
 .text.TA_start
                0x00000358       0x60 .\CortexM3\ARM_GCC_541\Debug\TimingAnalyzer.o
                0x00000358                TA_start
 .text.TA_calculateElapsedTime
                0x000003b8       0x20 .\CortexM3\ARM_GCC_541\Debug\TimingAnalyzer.o
                0x000003b8                TA_calculateElapsedTime
 .text.TA_stop  0x000003d8       0x70 .\CortexM3\ARM_GCC_541\Debug\TimingAnalyzer.o
                0x000003d8                TA_stop
 .text.TA_getElapsedTimeInMs
                0x00000448       0x10 .\CortexM3\ARM_GCC_541\Debug\TimingAnalyzer.o
                0x00000448                TA_getElapsedTimeInMs
 .text.RG_CreateRandom
                0x00000458       0x44 .\CortexM3\ARM_GCC_541\Debug\ReactionGame.o
                0x00000458                RG_CreateRandom
 .text.RG_Display
                0x0000049c       0x44 .\CortexM3\ARM_GCC_541\Debug\ReactionGame.o
                0x0000049c                RG_Display
 .text.RG_buttonLeftPressed
                0x000004e0       0x70 .\CortexM3\ARM_GCC_541\Debug\ReactionGame.o
                0x000004e0                RG_buttonLeftPressed
 .text.RG_buttonRightPressed
                0x00000550       0x70 .\CortexM3\ARM_GCC_541\Debug\ReactionGame.o
                0x00000550                RG_buttonRightPressed
 .text.RG_endGame
                0x000005c0       0x4c .\CortexM3\ARM_GCC_541\Debug\ReactionGame.o
                0x000005c0                RG_endGame
 .text.RG_gameStateMachine
                0x0000060c       0xc4 .\CortexM3\ARM_GCC_541\Debug\ReactionGame.o
                0x0000060c                RG_gameStateMachine
 .text.AL_fader
                0x000006d0       0x88 .\CortexM3\ARM_GCC_541\Debug\ArcadianLight.o
                0x000006d0                AL_fader
 .text.AL_glower
                0x00000758       0xb8 .\CortexM3\ARM_GCC_541\Debug\ArcadianLight.o
                0x00000758                AL_glower
 .text.LOG_send
                0x00000810       0x2c .\CortexM3\ARM_GCC_541\Debug\logging.o
                0x00000810                LOG_send
 .text.SEVEN_writeRandom
                0x0000083c       0x4c .\CortexM3\ARM_GCC_541\Debug\seven.o
                0x0000083c                SEVEN_writeRandom
 .text.SEVEN_Clear
                0x00000888       0x1c .\CortexM3\ARM_GCC_541\Debug\seven.o
                0x00000888                SEVEN_Clear
 .text.SEVEN_Init
                0x000008a4       0x14 .\CortexM3\ARM_GCC_541\Debug\seven.o
                0x000008a4                SEVEN_Init
 .text.SEVEN_ClearAll
                0x000008b8       0x2c .\CortexM3\ARM_GCC_541\Debug\seven.o
                0x000008b8                SEVEN_ClearAll
 .text.Pins_Init
                0x000008e4       0x18 .\CortexM3\ARM_GCC_541\Debug\pins.o
                0x000008e4                Pins_Init
 .text.BUTTON_IsPressed
                0x000008fc       0x30 .\CortexM3\ARM_GCC_541\Debug\button.o
                0x000008fc                BUTTON_IsPressed
 .text.LED_Set  0x0000092c       0x60 .\CortexM3\ARM_GCC_541\Debug\led.o
                0x0000092c                LED_Set
 .text.LED_Init
                0x0000098c       0x40 .\CortexM3\ARM_GCC_541\Debug\led.o
                0x0000098c                LED_Init
 .text.LED_RGB_Set
                0x000009cc       0x28 .\CortexM3\ARM_GCC_541\Debug\led.o
                0x000009cc                LED_RGB_Set
 .text.LED_PWM_Set
                0x000009f4       0x1c .\CortexM3\ARM_GCC_541\Debug\led.o
                0x000009f4                LED_PWM_Set
 .text.__TFT_SPI_TX_ISR
                0x00000a10       0x58 .\CortexM3\ARM_GCC_541\Debug\tft.o
                0x00000a10                __TFT_SPI_TX_ISR
 .text.TFT_send
                0x00000a68       0x84 .\CortexM3\ARM_GCC_541\Debug\tft.o
 .text.setAddrWindow
                0x00000aec       0x88 .\CortexM3\ARM_GCC_541\Debug\tft.o
 .text.TFT_setRotation
                0x00000b74       0xc0 .\CortexM3\ARM_GCC_541\Debug\tft.o
                0x00000b74                TFT_setRotation
 .text.TFT_fillRect
                0x00000c34       0x8c .\CortexM3\ARM_GCC_541\Debug\tft.o
                0x00000c34                TFT_fillRect
 .text.TFT_fillScreen
                0x00000cc0       0x24 .\CortexM3\ARM_GCC_541\Debug\tft.o
                0x00000cc0                TFT_fillScreen
 .text.TFT_init
                0x00000ce4       0xe4 .\CortexM3\ARM_GCC_541\Debug\tft.o
                0x00000ce4                TFT_init
 .text.CyClockStartupError
                0x00000dc8        0x4 .\CortexM3\ARM_GCC_541\Debug\cyfitter_cfg.o
 .text.cfg_write_bytes32
                0x00000dcc       0x34 .\CortexM3\ARM_GCC_541\Debug\cyfitter_cfg.o
 .text.AnalogSetDefault
                0x00000e00       0x28 .\CortexM3\ARM_GCC_541\Debug\cyfitter_cfg.o
 .text.CYMEMZERO
                0x00000e28        0xc .\CortexM3\ARM_GCC_541\Debug\cyfitter_cfg.o
 .text.ClockSetup
                0x00000e34       0xe0 .\CortexM3\ARM_GCC_541\Debug\cyfitter_cfg.o
 .text.CYCONFIGCPY
                0x00000f14        0x8 .\CortexM3\ARM_GCC_541\Debug\cyfitter_cfg.o
 .text.cyfitter_cfg
                0x00000f1c      0x138 .\CortexM3\ARM_GCC_541\Debug\cyfitter_cfg.o
                0x00000f1c                cyfitter_cfg
 .text.IntDefaultHandler
                0x00001054       0x10 .\CortexM3\ARM_GCC_541\Debug\Cm3Start.o
                0x00001054                IntDefaultHandler
 .text._sbrk    0x00001064       0x30 .\CortexM3\ARM_GCC_541\Debug\Cm3Start.o
                0x00001064                _sbrk
 .text.Start_c  0x00001094       0x4c .\CortexM3\ARM_GCC_541\Debug\Cm3Start.o
                0x00001094                Start_c
 .text.initialize_psoc
                0x000010e0       0x68 .\CortexM3\ARM_GCC_541\Debug\Cm3Start.o
                0x000010e0                initialize_psoc
 .text.RED_LED_Write
                0x00001148       0x18 .\CortexM3\ARM_GCC_541\Debug\ReactionGame.a(RED_LED.o)
                0x00001148                RED_LED_Write
 .text.YELLOW_LED_Write
                0x00001160       0x18 .\CortexM3\ARM_GCC_541\Debug\ReactionGame.a(YELLOW_LED.o)
                0x00001160                YELLOW_LED_Write
 .text.GREEN_LED_Write
                0x00001178       0x18 .\CortexM3\ARM_GCC_541\Debug\ReactionGame.a(GREEN_LED.o)
                0x00001178                GREEN_LED_Write
 .text.UART_LOG_Init
                0x00001190       0x28 .\CortexM3\ARM_GCC_541\Debug\ReactionGame.a(UART_LOG.o)
                0x00001190                UART_LOG_Init
 .text.UART_LOG_Enable
                0x000011b8       0x38 .\CortexM3\ARM_GCC_541\Debug\ReactionGame.a(UART_LOG.o)
                0x000011b8                UART_LOG_Enable
 .text.UART_LOG_Start
                0x000011f0       0x1c .\CortexM3\ARM_GCC_541\Debug\ReactionGame.a(UART_LOG.o)
                0x000011f0                UART_LOG_Start
 .text.UART_LOG_PutChar
                0x0000120c       0x18 .\CortexM3\ARM_GCC_541\Debug\ReactionGame.a(UART_LOG.o)
                0x0000120c                UART_LOG_PutChar
 .text.UART_LOG_PutString
                0x00001224       0x24 .\CortexM3\ARM_GCC_541\Debug\ReactionGame.a(UART_LOG.o)
                0x00001224                UART_LOG_PutString
 .text.UART_LOG_IntClock_Start
                0x00001248       0x1c .\CortexM3\ARM_GCC_541\Debug\ReactionGame.a(UART_LOG_IntClock.o)
                0x00001248                UART_LOG_IntClock_Start
 .text.CyHalt   0x00001264        0x4 .\CortexM3\ARM_GCC_541\Debug\ReactionGame.a(CyLib.o)
                0x00001264                CyHalt
 .text.CyDelay  0x00001268       0x2c .\CortexM3\ARM_GCC_541\Debug\ReactionGame.a(CyLib.o)
                0x00001268                CyDelay
 .text.CyIntSetPriority
                0x00001294       0x30 .\CortexM3\ARM_GCC_541\Debug\ReactionGame.a(CyLib.o)
                0x00001294                CyIntSetPriority
 .text.EE_oo_ActivateTask
                0x000012c4       0xe8 .\CortexM3\ARM_GCC_541\Debug\ReactionGame.a(ErikaOS_ee_activate.o)
                0x000012c4                EE_oo_ActivateTask
 .text.EE_oo_SetRelAlarm
                0x000013ac       0x80 .\CortexM3\ARM_GCC_541\Debug\ReactionGame.a(ErikaOS_ee_alsetrel.o)
                0x000013ac                EE_oo_SetRelAlarm
 .text.EE_oo_handle_action_callback
                0x0000142c        0xc .\CortexM3\ARM_GCC_541\Debug\ReactionGame.a(ErikaOS_ee_altick.o)
 .text.EE_oo_handle_action_task
                0x00001438       0x4c .\CortexM3\ARM_GCC_541\Debug\ReactionGame.a(ErikaOS_ee_altick.o)
 .text.EE_oo_handle_action_event
                0x00001484       0x60 .\CortexM3\ARM_GCC_541\Debug\ReactionGame.a(ErikaOS_ee_altick.o)
 .text.EE_oo_handle_action
                0x000014e4       0x28 .\CortexM3\ARM_GCC_541\Debug\ReactionGame.a(ErikaOS_ee_altick.o)
 .text.EE_oo_counter_object_insert
                0x0000150c       0x9c .\CortexM3\ARM_GCC_541\Debug\ReactionGame.a(ErikaOS_ee_altick.o)
                0x0000150c                EE_oo_counter_object_insert
 .text.EE_oo_IncrementCounterImplementation
                0x000015a8      0x100 .\CortexM3\ARM_GCC_541\Debug\ReactionGame.a(ErikaOS_ee_altick.o)
                0x000015a8                EE_oo_IncrementCounterImplementation
 .text.EE_oo_IncrementCounter
                0x000016a8       0xb0 .\CortexM3\ARM_GCC_541\Debug\ReactionGame.a(ErikaOS_ee_altick.o)
                0x000016a8                EE_oo_IncrementCounter
 .text.EE_oo_ClearEvent
                0x00001758       0x5c .\CortexM3\ARM_GCC_541\Debug\ReactionGame.a(ErikaOS_ee_evclear.o)
                0x00001758                EE_oo_ClearEvent
 .text.EE_oo_GetEvent
                0x000017b4       0x40 .\CortexM3\ARM_GCC_541\Debug\ReactionGame.a(ErikaOS_ee_evget.o)
                0x000017b4                EE_oo_GetEvent
 .text.EE_oo_SetEvent
                0x000017f4      0x100 .\CortexM3\ARM_GCC_541\Debug\ReactionGame.a(ErikaOS_ee_evset.o)
                0x000017f4                EE_oo_SetEvent
 .text.EE_oo_WaitEvent
                0x000018f4      0x124 .\CortexM3\ARM_GCC_541\Debug\ReactionGame.a(ErikaOS_ee_evwait.o)
                0x000018f4                EE_oo_WaitEvent
 .text.EE_oo_GetCounterValue
                0x00001a18       0x24 .\CortexM3\ARM_GCC_541\Debug\ReactionGame.a(ErikaOS_ee_getcountervalue.o)
                0x00001a18                EE_oo_GetCounterValue
 .text.EE_IRQ_run_next_task
                0x00001a3c       0x30 .\CortexM3\ARM_GCC_541\Debug\ReactionGame.a(ErikaOS_ee_irqendin.o)
 .text.EE_IRQ_end_instance
                0x00001a6c       0x68 .\CortexM3\ARM_GCC_541\Debug\ReactionGame.a(ErikaOS_ee_irqendin.o)
                0x00001a6c                EE_IRQ_end_instance
 .text.EE_IRQ_end_post_stub
                0x00001ad4       0x14 .\CortexM3\ARM_GCC_541\Debug\ReactionGame.a(ErikaOS_ee_irqendin.o)
                0x00001ad4                EE_IRQ_end_post_stub
 .text.EE_rq2stk_exchange
                0x00001ae8       0x88 .\CortexM3\ARM_GCC_541\Debug\ReactionGame.a(ErikaOS_ee_rq_exchg.o)
                0x00001ae8                EE_rq2stk_exchange
 .text.EE_rq_queryfirst
                0x00001b70       0x44 .\CortexM3\ARM_GCC_541\Debug\ReactionGame.a(ErikaOS_ee_rq_first.o)
                0x00001b70                EE_rq_queryfirst
 .text.EE_rq_insert
                0x00001bb4       0x74 .\CortexM3\ARM_GCC_541\Debug\ReactionGame.a(ErikaOS_ee_rq_inser.o)
                0x00001bb4                EE_rq_insert
 .text.compute_task_tid
                0x00001c28       0x10 .\CortexM3\ARM_GCC_541\Debug\ReactionGame.a(ErikaOS_ee_startos.o)
 .text.EE_oo_start_os
                0x00001c38        0xc .\CortexM3\ARM_GCC_541\Debug\ReactionGame.a(ErikaOS_ee_startos.o)
 .text.EE_oo_autostart_tasks
                0x00001c44       0x60 .\CortexM3\ARM_GCC_541\Debug\ReactionGame.a(ErikaOS_ee_startos.o)
 .text.EE_oo_autostart_os
                0x00001ca4        0xc .\CortexM3\ARM_GCC_541\Debug\ReactionGame.a(ErikaOS_ee_startos.o)
 .text.EE_oo_StartOS
                0x00001cb0       0x8c .\CortexM3\ARM_GCC_541\Debug\ReactionGame.a(ErikaOS_ee_startos.o)
                0x00001cb0                EE_oo_StartOS
 .text.EE_oo_TerminateTask
                0x00001d3c       0x50 .\CortexM3\ARM_GCC_541\Debug\ReactionGame.a(ErikaOS_ee_terminat.o)
                0x00001d3c                EE_oo_TerminateTask
 .text.EE_system_init
                0x00001d8c       0x48 .\CortexM3\ARM_GCC_541\Debug\ReactionGame.a(ErikaOS_cortex_mx_ee_utils.o)
                0x00001d8c                EE_system_init
 .text.ButtonRight_Read
                0x00001dd4       0x10 .\CortexM3\ARM_GCC_541\Debug\ReactionGame.a(ButtonRight.o)
                0x00001dd4                ButtonRight_Read
 .text.ButtonLeft_Read
                0x00001de4       0x10 .\CortexM3\ARM_GCC_541\Debug\ReactionGame.a(ButtonLeft.o)
                0x00001de4                ButtonLeft_Read
 .text.SEVEN_SELECT_Write
                0x00001df4       0x18 .\CortexM3\ARM_GCC_541\Debug\ReactionGame.a(SEVEN_SELECT.o)
                0x00001df4                SEVEN_SELECT_Write
 .text.SEVEN_reg_Write
                0x00001e0c        0xc .\CortexM3\ARM_GCC_541\Debug\ReactionGame.a(SEVEN_reg.o)
                0x00001e0c                SEVEN_reg_Write
 .text.SEVEN_reg_Read
                0x00001e18        0xc .\CortexM3\ARM_GCC_541\Debug\ReactionGame.a(SEVEN_reg.o)
                0x00001e18                SEVEN_reg_Read
 .text.TFT_SPI_Enable
                0x00001e24       0x34 .\CortexM3\ARM_GCC_541\Debug\ReactionGame.a(TFT_SPI.o)
                0x00001e24                TFT_SPI_Enable
 .text.TFT_SPI_ReadTxStatus
                0x00001e58        0xc .\CortexM3\ARM_GCC_541\Debug\ReactionGame.a(TFT_SPI.o)
                0x00001e58                TFT_SPI_ReadTxStatus
 .text.TFT_SPI_ReadRxStatus
                0x00001e64        0xc .\CortexM3\ARM_GCC_541\Debug\ReactionGame.a(TFT_SPI.o)
                0x00001e64                TFT_SPI_ReadRxStatus
 .text.TFT_SPI_WriteTxData
                0x00001e70       0x18 .\CortexM3\ARM_GCC_541\Debug\ReactionGame.a(TFT_SPI.o)
                0x00001e70                TFT_SPI_WriteTxData
 .text.TFT_SPI_ClearFIFO
                0x00001e88       0x3c .\CortexM3\ARM_GCC_541\Debug\ReactionGame.a(TFT_SPI.o)
                0x00001e88                TFT_SPI_ClearFIFO
 .text.TFT_SPI_Init
                0x00001ec4       0x28 .\CortexM3\ARM_GCC_541\Debug\ReactionGame.a(TFT_SPI.o)
                0x00001ec4                TFT_SPI_Init
 .text.TFT_SPI_Start
                0x00001eec       0x1c .\CortexM3\ARM_GCC_541\Debug\ReactionGame.a(TFT_SPI.o)
                0x00001eec                TFT_SPI_Start
 .text.TFT_DC_Write
                0x00001f08       0x18 .\CortexM3\ARM_GCC_541\Debug\ReactionGame.a(TFT_DC.o)
                0x00001f08                TFT_DC_Write
 .text.TFT_RES_Write
                0x00001f20       0x18 .\CortexM3\ARM_GCC_541\Debug\ReactionGame.a(TFT_RES.o)
                0x00001f20                TFT_RES_Write
 .text.TFT_BackLight_Enable
                0x00001f38       0x28 .\CortexM3\ARM_GCC_541\Debug\ReactionGame.a(TFT_BackLight.o)
                0x00001f38                TFT_BackLight_Enable
 .text.TFT_BackLight_WritePeriod
                0x00001f60        0xc .\CortexM3\ARM_GCC_541\Debug\ReactionGame.a(TFT_BackLight.o)
                0x00001f60                TFT_BackLight_WritePeriod
 .text.TFT_BackLight_WriteCompare
                0x00001f6c        0xc .\CortexM3\ARM_GCC_541\Debug\ReactionGame.a(TFT_BackLight.o)
                0x00001f6c                TFT_BackLight_WriteCompare
 .text.TFT_BackLight_SetInterruptMode
                0x00001f78        0xc .\CortexM3\ARM_GCC_541\Debug\ReactionGame.a(TFT_BackLight.o)
                0x00001f78                TFT_BackLight_SetInterruptMode
 .text.TFT_BackLight_Init
                0x00001f84       0x74 .\CortexM3\ARM_GCC_541\Debug\ReactionGame.a(TFT_BackLight.o)
                0x00001f84                TFT_BackLight_Init
 .text.TFT_BackLight_Start
                0x00001ff8       0x1c .\CortexM3\ARM_GCC_541\Debug\ReactionGame.a(TFT_BackLight.o)
                0x00001ff8                TFT_BackLight_Start
 .text.TFT_SPI_IntClock_Start
                0x00002014       0x1c .\CortexM3\ARM_GCC_541\Debug\ReactionGame.a(TFT_SPI_IntClock.o)
                0x00002014                TFT_SPI_IntClock_Start
 .text.PWM_RED_Enable
                0x00002030       0x10 .\CortexM3\ARM_GCC_541\Debug\ReactionGame.a(PWM_RED.o)
                0x00002030                PWM_RED_Enable
 .text.PWM_RED_WriteCounter
                0x00002040        0xc .\CortexM3\ARM_GCC_541\Debug\ReactionGame.a(PWM_RED.o)
                0x00002040                PWM_RED_WriteCounter
 .text.PWM_RED_WritePeriod
                0x0000204c        0xc .\CortexM3\ARM_GCC_541\Debug\ReactionGame.a(PWM_RED.o)
                0x0000204c                PWM_RED_WritePeriod
 .text.PWM_RED_WriteCompare
                0x00002058        0xc .\CortexM3\ARM_GCC_541\Debug\ReactionGame.a(PWM_RED.o)
                0x00002058                PWM_RED_WriteCompare
 .text.PWM_RED_Init
                0x00002064       0x34 .\CortexM3\ARM_GCC_541\Debug\ReactionGame.a(PWM_RED.o)
                0x00002064                PWM_RED_Init
 .text.PWM_RED_Start
                0x00002098       0x1c .\CortexM3\ARM_GCC_541\Debug\ReactionGame.a(PWM_RED.o)
                0x00002098                PWM_RED_Start
 .text.PWM_YELLOW_Enable
                0x000020b4       0x10 .\CortexM3\ARM_GCC_541\Debug\ReactionGame.a(PWM_YELLOW.o)
                0x000020b4                PWM_YELLOW_Enable
 .text.PWM_YELLOW_WriteCounter
                0x000020c4        0xc .\CortexM3\ARM_GCC_541\Debug\ReactionGame.a(PWM_YELLOW.o)
                0x000020c4                PWM_YELLOW_WriteCounter
 .text.PWM_YELLOW_WritePeriod
                0x000020d0        0xc .\CortexM3\ARM_GCC_541\Debug\ReactionGame.a(PWM_YELLOW.o)
                0x000020d0                PWM_YELLOW_WritePeriod
 .text.PWM_YELLOW_WriteCompare
                0x000020dc        0xc .\CortexM3\ARM_GCC_541\Debug\ReactionGame.a(PWM_YELLOW.o)
                0x000020dc                PWM_YELLOW_WriteCompare
 .text.PWM_YELLOW_Init
                0x000020e8       0x34 .\CortexM3\ARM_GCC_541\Debug\ReactionGame.a(PWM_YELLOW.o)
                0x000020e8                PWM_YELLOW_Init
 .text.PWM_YELLOW_Start
                0x0000211c       0x1c .\CortexM3\ARM_GCC_541\Debug\ReactionGame.a(PWM_YELLOW.o)
                0x0000211c                PWM_YELLOW_Start
 .text.PWM_GREEN_Enable
                0x00002138       0x10 .\CortexM3\ARM_GCC_541\Debug\ReactionGame.a(PWM_GREEN.o)
                0x00002138                PWM_GREEN_Enable
 .text.PWM_GREEN_WriteCounter
                0x00002148        0xc .\CortexM3\ARM_GCC_541\Debug\ReactionGame.a(PWM_GREEN.o)
                0x00002148                PWM_GREEN_WriteCounter
 .text.PWM_GREEN_WritePeriod
                0x00002154        0xc .\CortexM3\ARM_GCC_541\Debug\ReactionGame.a(PWM_GREEN.o)
                0x00002154                PWM_GREEN_WritePeriod
 .text.PWM_GREEN_WriteCompare
                0x00002160        0xc .\CortexM3\ARM_GCC_541\Debug\ReactionGame.a(PWM_GREEN.o)
                0x00002160                PWM_GREEN_WriteCompare
 .text.PWM_GREEN_Init
                0x0000216c       0x34 .\CortexM3\ARM_GCC_541\Debug\ReactionGame.a(PWM_GREEN.o)
                0x0000216c                PWM_GREEN_Init
 .text.PWM_GREEN_Start
                0x000021a0       0x1c .\CortexM3\ARM_GCC_541\Debug\ReactionGame.a(PWM_GREEN.o)
                0x000021a0                PWM_GREEN_Start
 .text.PWM_RGB_RED_Enable
                0x000021bc       0x10 .\CortexM3\ARM_GCC_541\Debug\ReactionGame.a(PWM_RGB_RED.o)
                0x000021bc                PWM_RGB_RED_Enable
 .text.PWM_RGB_RED_WriteCounter
                0x000021cc        0xc .\CortexM3\ARM_GCC_541\Debug\ReactionGame.a(PWM_RGB_RED.o)
                0x000021cc                PWM_RGB_RED_WriteCounter
 .text.PWM_RGB_RED_WritePeriod
                0x000021d8        0xc .\CortexM3\ARM_GCC_541\Debug\ReactionGame.a(PWM_RGB_RED.o)
                0x000021d8                PWM_RGB_RED_WritePeriod
 .text.PWM_RGB_RED_WriteCompare
                0x000021e4        0xc .\CortexM3\ARM_GCC_541\Debug\ReactionGame.a(PWM_RGB_RED.o)
                0x000021e4                PWM_RGB_RED_WriteCompare
 .text.PWM_RGB_RED_Init
                0x000021f0       0x34 .\CortexM3\ARM_GCC_541\Debug\ReactionGame.a(PWM_RGB_RED.o)
                0x000021f0                PWM_RGB_RED_Init
 .text.PWM_RGB_RED_Start
                0x00002224       0x1c .\CortexM3\ARM_GCC_541\Debug\ReactionGame.a(PWM_RGB_RED.o)
                0x00002224                PWM_RGB_RED_Start
 .text.PWM_RGB_GREEN_Enable
                0x00002240       0x10 .\CortexM3\ARM_GCC_541\Debug\ReactionGame.a(PWM_RGB_GREEN.o)
                0x00002240                PWM_RGB_GREEN_Enable
 .text.PWM_RGB_GREEN_WriteCounter
                0x00002250        0xc .\CortexM3\ARM_GCC_541\Debug\ReactionGame.a(PWM_RGB_GREEN.o)
                0x00002250                PWM_RGB_GREEN_WriteCounter
 .text.PWM_RGB_GREEN_WritePeriod
                0x0000225c        0xc .\CortexM3\ARM_GCC_541\Debug\ReactionGame.a(PWM_RGB_GREEN.o)
                0x0000225c                PWM_RGB_GREEN_WritePeriod
 .text.PWM_RGB_GREEN_WriteCompare
                0x00002268        0xc .\CortexM3\ARM_GCC_541\Debug\ReactionGame.a(PWM_RGB_GREEN.o)
                0x00002268                PWM_RGB_GREEN_WriteCompare
 .text.PWM_RGB_GREEN_Init
                0x00002274       0x34 .\CortexM3\ARM_GCC_541\Debug\ReactionGame.a(PWM_RGB_GREEN.o)
                0x00002274                PWM_RGB_GREEN_Init
 .text.PWM_RGB_GREEN_Start
                0x000022a8       0x1c .\CortexM3\ARM_GCC_541\Debug\ReactionGame.a(PWM_RGB_GREEN.o)
                0x000022a8                PWM_RGB_GREEN_Start
 .text.PWM_RGB_BLUE_Enable
                0x000022c4       0x10 .\CortexM3\ARM_GCC_541\Debug\ReactionGame.a(PWM_RGB_BLUE.o)
                0x000022c4                PWM_RGB_BLUE_Enable
 .text.PWM_RGB_BLUE_WriteCounter
                0x000022d4        0xc .\CortexM3\ARM_GCC_541\Debug\ReactionGame.a(PWM_RGB_BLUE.o)
                0x000022d4                PWM_RGB_BLUE_WriteCounter
 .text.PWM_RGB_BLUE_WritePeriod
                0x000022e0        0xc .\CortexM3\ARM_GCC_541\Debug\ReactionGame.a(PWM_RGB_BLUE.o)
                0x000022e0                PWM_RGB_BLUE_WritePeriod
 .text.PWM_RGB_BLUE_WriteCompare
                0x000022ec        0xc .\CortexM3\ARM_GCC_541\Debug\ReactionGame.a(PWM_RGB_BLUE.o)
                0x000022ec                PWM_RGB_BLUE_WriteCompare
 .text.PWM_RGB_BLUE_Init
                0x000022f8       0x34 .\CortexM3\ARM_GCC_541\Debug\ReactionGame.a(PWM_RGB_BLUE.o)
                0x000022f8                PWM_RGB_BLUE_Init
 .text.PWM_RGB_BLUE_Start
                0x0000232c       0x1c .\CortexM3\ARM_GCC_541\Debug\ReactionGame.a(PWM_RGB_BLUE.o)
                0x0000232c                PWM_RGB_BLUE_Start
 .text          0x00002348       0x20 .\CortexM3\ARM_GCC_541\Debug\ReactionGame.a(CyBootAsmGnu.o)
                0x00002348                CyDelayCycles
                0x00002358                CyEnterCriticalSection
                0x00002360                CyExitCriticalSection
 .text          0x00002368       0x7c .\CortexM3\ARM_GCC_541\Debug\ReactionGame.a(ErikaOS_ee_gnu_change_context_isr.o)
                0x00002368                EE_set_switch_context_pri
                0x00002382                EE_switch_context
                0x0000238c                EE_cortex_mx_pendsv_ISR
                0x000023c8                EE_cortex_mx_svc_ISR
 .text          0x000023e4       0x24 .\CortexM3\ARM_GCC_541\Debug\ReactionGame.a(ErikaOS_ee_gnu_irq_stack.o)
                0x000023e4                EE_cortex_mx_change_IRQ_stack
                0x000023f6                EE_cortex_mx_change_IRQ_stack_back
 .text          0x00002408       0x68 .\CortexM3\ARM_GCC_541\Debug\ReactionGame.a(ErikaOS_ee_gnu_multi_context.o)
                0x00002408                EE_cortex_mx_change_context
 .text          0x00002470       0x80 .\CortexM3\ARM_GCC_541\Debug\ReactionGame.a(ErikaOS_ee_gnu_oo.o)
                0x00002470                EE_hal_terminate_savestk
                0x000024ba                EE_hal_terminate_task
 .text.EE_thread_not_terminated
                0x000024f0       0x18 .\CortexM3\ARM_GCC_541\Debug\ReactionGame.a(ErikaOS_ee_tnterm.o)
                0x000024f0                EE_thread_not_terminated
 .text.EE_oo_thread_stub
                0x00002508       0x10 .\CortexM3\ARM_GCC_541\Debug\ReactionGame.a(ErikaOS_ee_tstub.o)
                0x00002508                EE_oo_thread_stub
 .text.EE_oo_release_all_resources
                0x00002518       0x58 .\CortexM3\ARM_GCC_541\Debug\ReactionGame.a(ErikaOS_ee_ulockallres.o)
                0x00002518                EE_oo_release_all_resources
 .text.EE_std_run_task_code
                0x00002570       0x18 .\CortexM3\ARM_GCC_541\Debug\ReactionGame.a(ErikaOS_cortex_mx_ee_context.o)
                0x00002570                EE_std_run_task_code
 .text.EE_std_need_context_change
                0x00002588       0x28 .\CortexM3\ARM_GCC_541\Debug\ReactionGame.a(ErikaOS_cortex_mx_ee_context.o)
                0x00002588                EE_std_need_context_change
 .text.EE_thread_rnact_max
                0x000025b0       0x20 .\CortexM3\ARM_GCC_541\Debug\ReactionGame.a(ErikaOS_ee_thendin.o)
 .text.EE_thread_endcycle_next
                0x000025d0       0x30 .\CortexM3\ARM_GCC_541\Debug\ReactionGame.a(ErikaOS_ee_thendin.o)
 .text.EE_thread_end_instance
                0x00002600      0x108 .\CortexM3\ARM_GCC_541\Debug\ReactionGame.a(ErikaOS_ee_thendin.o)
                0x00002600                EE_thread_end_instance
 .text.__errno  0x00002708        0xc c:/h_da softwares & projects/psoc creator/4.4/psoc creator/import/gnu/arm/5.4.1/bin/../lib/gcc/arm-none-eabi/5.4.1/../../../../arm-none-eabi/lib/armv7-m\libg_nano.a(lib_a-errno.o)
                0x00002708                __errno
 .text.__libc_init_array
                0x00002714       0x4c c:/h_da softwares & projects/psoc creator/4.4/psoc creator/import/gnu/arm/5.4.1/bin/../lib/gcc/arm-none-eabi/5.4.1/../../../../arm-none-eabi/lib/armv7-m\libg_nano.a(lib_a-init.o)
                0x00002714                __libc_init_array
 .text.memcpy   0x00002760       0x16 c:/h_da softwares & projects/psoc creator/4.4/psoc creator/import/gnu/arm/5.4.1/bin/../lib/gcc/arm-none-eabi/5.4.1/../../../../arm-none-eabi/lib/armv7-m\libg_nano.a(lib_a-memcpy-stub.o)
                0x00002760                memcpy
 .text.memset   0x00002776       0x10 c:/h_da softwares & projects/psoc creator/4.4/psoc creator/import/gnu/arm/5.4.1/bin/../lib/gcc/arm-none-eabi/5.4.1/../../../../arm-none-eabi/lib/armv7-m\libg_nano.a(lib_a-memset.o)
                0x00002776                memset
 *fill*         0x00002786        0x2 
 .text.srand    0x00002788       0x50 c:/h_da softwares & projects/psoc creator/4.4/psoc creator/import/gnu/arm/5.4.1/bin/../lib/gcc/arm-none-eabi/5.4.1/../../../../arm-none-eabi/lib/armv7-m\libg_nano.a(lib_a-rand.o)
                0x00002788                srand
 .text.rand     0x000027d8       0x74 c:/h_da softwares & projects/psoc creator/4.4/psoc creator/import/gnu/arm/5.4.1/bin/../lib/gcc/arm-none-eabi/5.4.1/../../../../arm-none-eabi/lib/armv7-m\libg_nano.a(lib_a-rand.o)
                0x000027d8                rand
 .text.snprintf
                0x0000284c       0x64 c:/h_da softwares & projects/psoc creator/4.4/psoc creator/import/gnu/arm/5.4.1/bin/../lib/gcc/arm-none-eabi/5.4.1/../../../../arm-none-eabi/lib/armv7-m\libg_nano.a(lib_a-snprintf.o)
                0x0000284c                sniprintf
                0x0000284c                snprintf
 .text.malloc   0x000028b0       0x10 c:/h_da softwares & projects/psoc creator/4.4/psoc creator/import/gnu/arm/5.4.1/bin/../lib/gcc/arm-none-eabi/5.4.1/../../../../arm-none-eabi/lib/armv7-m\libg_nano.a(lib_a-malloc.o)
                0x000028b0                malloc
 .text._free_r  0x000028c0       0x98 c:/h_da softwares & projects/psoc creator/4.4/psoc creator/import/gnu/arm/5.4.1/bin/../lib/gcc/arm-none-eabi/5.4.1/../../../../arm-none-eabi/lib/armv7-m\libg_nano.a(lib_a-nano-freer.o)
                0x000028c0                _free_r
 .text._malloc_r
                0x00002958       0xbc c:/h_da softwares & projects/psoc creator/4.4/psoc creator/import/gnu/arm/5.4.1/bin/../lib/gcc/arm-none-eabi/5.4.1/../../../../arm-none-eabi/lib/armv7-m\libg_nano.a(lib_a-nano-mallocr.o)
                0x00002958                _malloc_r
 .text.__ssputs_r
                0x00002a14       0xb2 c:/h_da softwares & projects/psoc creator/4.4/psoc creator/import/gnu/arm/5.4.1/bin/../lib/gcc/arm-none-eabi/5.4.1/../../../../arm-none-eabi/lib/armv7-m\libg_nano.a(lib_a-nano-svfprintf.o)
                0x00002a14                __ssputs_r
 *fill*         0x00002ac6        0x2 
 .text._svfprintf_r
                0x00002ac8      0x1e8 c:/h_da softwares & projects/psoc creator/4.4/psoc creator/import/gnu/arm/5.4.1/bin/../lib/gcc/arm-none-eabi/5.4.1/../../../../arm-none-eabi/lib/armv7-m\libg_nano.a(lib_a-nano-svfprintf.o)
                0x00002ac8                _svfiprintf_r
                0x00002ac8                _svfprintf_r
 .text._printf_common
                0x00002cb0       0xec c:/h_da softwares & projects/psoc creator/4.4/psoc creator/import/gnu/arm/5.4.1/bin/../lib/gcc/arm-none-eabi/5.4.1/../../../../arm-none-eabi/lib/armv7-m\libg_nano.a(lib_a-nano-vfprintf_i.o)
                0x00002cb0                _printf_common
 .text._printf_i
                0x00002d9c      0x24c c:/h_da softwares & projects/psoc creator/4.4/psoc creator/import/gnu/arm/5.4.1/bin/../lib/gcc/arm-none-eabi/5.4.1/../../../../arm-none-eabi/lib/armv7-m\libg_nano.a(lib_a-nano-vfprintf_i.o)
                0x00002d9c                _printf_i
 .text._sbrk_r  0x00002fe8       0x20 c:/h_da softwares & projects/psoc creator/4.4/psoc creator/import/gnu/arm/5.4.1/bin/../lib/gcc/arm-none-eabi/5.4.1/../../../../arm-none-eabi/lib/armv7-m\libg_nano.a(lib_a-sbrkr.o)
                0x00002fe8                _sbrk_r
 .text.memchr   0x00003008       0x1c c:/h_da softwares & projects/psoc creator/4.4/psoc creator/import/gnu/arm/5.4.1/bin/../lib/gcc/arm-none-eabi/5.4.1/../../../../arm-none-eabi/lib/armv7-m\libg_nano.a(lib_a-memchr-stub.o)
                0x00003008                memchr
 .text.memmove  0x00003024       0x36 c:/h_da softwares & projects/psoc creator/4.4/psoc creator/import/gnu/arm/5.4.1/bin/../lib/gcc/arm-none-eabi/5.4.1/../../../../arm-none-eabi/lib/armv7-m\libg_nano.a(lib_a-memmove.o)
                0x00003024                memmove
 .text.__malloc_lock
                0x0000305a        0x2 c:/h_da softwares & projects/psoc creator/4.4/psoc creator/import/gnu/arm/5.4.1/bin/../lib/gcc/arm-none-eabi/5.4.1/../../../../arm-none-eabi/lib/armv7-m\libg_nano.a(lib_a-mlock.o)
                0x0000305a                __malloc_lock
 .text.__malloc_unlock
                0x0000305c        0x2 c:/h_da softwares & projects/psoc creator/4.4/psoc creator/import/gnu/arm/5.4.1/bin/../lib/gcc/arm-none-eabi/5.4.1/../../../../arm-none-eabi/lib/armv7-m\libg_nano.a(lib_a-mlock.o)
                0x0000305c                __malloc_unlock
 .text._realloc_r
                0x0000305e       0x4c c:/h_da softwares & projects/psoc creator/4.4/psoc creator/import/gnu/arm/5.4.1/bin/../lib/gcc/arm-none-eabi/5.4.1/../../../../arm-none-eabi/lib/armv7-m\libg_nano.a(lib_a-nano-reallocr.o)
                0x0000305e                _realloc_r
 .text._malloc_usable_size_r
                0x000030aa       0x14 c:/h_da softwares & projects/psoc creator/4.4/psoc creator/import/gnu/arm/5.4.1/bin/../lib/gcc/arm-none-eabi/5.4.1/../../../../arm-none-eabi/lib/armv7-m\libg_nano.a(lib_a-nano-msizer.o)
                0x000030aa                _malloc_usable_size_r
 *(.plt)
 *(.gnu.warning)
 *(.glue_7t)
 .glue_7t       0x000030be        0x0 linker stubs
 *(.glue_7)
 .glue_7        0x000030be        0x0 linker stubs
 *(.vfp11_veneer)
 .vfp11_veneer  0x000030be        0x0 linker stubs
 *(.bootloader)
 *(.ARM.extab* .gnu.linkonce.armextab.*)
 *(.gcc_except_table)

.v4_bx          0x000030c0        0x0
 .v4_bx         0x000030c0        0x0 linker stubs

.iplt           0x000030c0        0x0
 .iplt          0x000030c0        0x0 c:/h_da softwares & projects/psoc creator/4.4/psoc creator/import/gnu/arm/5.4.1/bin/../lib/gcc/arm-none-eabi/5.4.1/armv7-m/crtbegin.o

.eh_frame_hdr
 *(.eh_frame_hdr)

.eh_frame       0x000030c0        0x4
 *(.eh_frame)
 .eh_frame      0x000030c0        0x0 c:/h_da softwares & projects/psoc creator/4.4/psoc creator/import/gnu/arm/5.4.1/bin/../lib/gcc/arm-none-eabi/5.4.1/armv7-m/crtbegin.o
 .eh_frame      0x000030c0        0x4 c:/h_da softwares & projects/psoc creator/4.4/psoc creator/import/gnu/arm/5.4.1/bin/../lib/gcc/arm-none-eabi/5.4.1/armv7-m/crtend.o
                [!provide]                PROVIDE (__exidx_start, .)

.ARM.exidx
 *(.ARM.exidx* .gnu.linkonce.armexidx.*)
                0x000030c4                __exidx_end = .

.rodata         0x000030c4      0xd2c
 *(.rodata .rodata.* .gnu.linkonce.r.*)
 .rodata.str1.4
                0x000030c4       0x69 .\CortexM3\ARM_GCC_541\Debug\main.o
 *fill*         0x0000312d        0x3 
 .rodata.str1.4
                0x00003130       0xf4 .\CortexM3\ARM_GCC_541\Debug\ReactionGame.o
 .rodata        0x00003224       0x36 .\CortexM3\ARM_GCC_541\Debug\ArcadianLight.o
                0x00003224                RG_glowtable
 *fill*         0x0000325a        0x2 
 .rodata.str1.4
                0x0000325c       0x14 .\CortexM3\ARM_GCC_541\Debug\logging.o
                                 0x18 (size before relaxing)
 .rodata        0x00003270      0x200 .\CortexM3\ARM_GCC_541\Debug\led.o
 .rodata        0x00003470      0x558 .\CortexM3\ARM_GCC_541\Debug\tft.o
 .rodata.str1.4
                0x000039c8       0x14 .\CortexM3\ARM_GCC_541\Debug\tft.o
 .rodata        0x000039dc       0x44 .\CortexM3\ARM_GCC_541\Debug\cyfitter_cfg.o
 .rodata        0x00003a20      0x100 .\CortexM3\ARM_GCC_541\Debug\ReactionGame.a(ErikaOS_ee_lookup.o)
                0x00003a20                EE_rq_lookup
 .rodata        0x00003b20      0x190 .\CortexM3\ARM_GCC_541\Debug\ReactionGame.a(ErikaOS_eecfg.o)
                0x00003b20                EE_oo_autostart_task_data
                0x00003b2c                EE_oo_action_ROM
                0x00003b90                EE_oo_counter_object_ROM
                0x00003bcc                EE_ALARM_ID
                0x00003be0                EE_alarm_ROM
                0x00003bf4                EE_counter_ROM
                0x00003c00                EE_resource_ceiling
                0x00003c08                EE_th_is_extended
                0x00003c1c                EE_th_rnact_max
                0x00003c30                EE_th_dispatch_prio
                0x00003c44                EE_EVENT_ID
                0x00003c54                EE_RESOURCE_ID
                0x00003c5c                EE_th_ready_prio
                0x00003c70                EE_terminate_real_th_body
                0x00003c84                EE_hal_thread_body
                0x00003c98                EE_std_thread_tos
 .rodata.str1.4
                0x00003cb0       0xd0 .\CortexM3\ARM_GCC_541\Debug\ReactionGame.a(ErikaOS_eecfg.o)
                                 0xcd (size before relaxing)
 .rodata.str1.1
                0x00003d80        0x2 c:/h_da softwares & projects/psoc creator/4.4/psoc creator/import/gnu/arm/5.4.1/bin/../lib/gcc/arm-none-eabi/5.4.1/../../../../arm-none-eabi/lib/armv7-m\libg_nano.a(lib_a-impure.o)
 .rodata.str1.1
                0x00003d82       0x11 c:/h_da softwares & projects/psoc creator/4.4/psoc creator/import/gnu/arm/5.4.1/bin/../lib/gcc/arm-none-eabi/5.4.1/../../../../arm-none-eabi/lib/armv7-m\libg_nano.a(lib_a-nano-svfprintf.o)
 .rodata.str1.1
                0x00003d93       0x22 c:/h_da softwares & projects/psoc creator/4.4/psoc creator/import/gnu/arm/5.4.1/bin/../lib/gcc/arm-none-eabi/5.4.1/../../../../arm-none-eabi/lib/armv7-m\libg_nano.a(lib_a-nano-vfprintf_i.o)
                0x00003db8                . = ALIGN (0x4)
 *fill*         0x00003db5        0x3 
 *(.init)
 .init          0x00003db8        0x4 c:/h_da softwares & projects/psoc creator/4.4/psoc creator/import/gnu/arm/5.4.1/bin/../lib/gcc/arm-none-eabi/5.4.1/armv7-m/crti.o
                0x00003db8                _init
 .init          0x00003dbc        0x8 c:/h_da softwares & projects/psoc creator/4.4/psoc creator/import/gnu/arm/5.4.1/bin/../lib/gcc/arm-none-eabi/5.4.1/armv7-m/crtn.o
                0x00003dc4                . = ALIGN (0x4)
                0x00003dc4                __preinit_array_start = .
 *(.preinit_array)
                0x00003dc4                __preinit_array_end = .
                0x00003dc4                . = ALIGN (0x4)
                0x00003dc4                __init_array_start = .
 *(SORT(.init_array.*))
 *(.init_array)
 .init_array    0x00003dc4        0x4 c:/h_da softwares & projects/psoc creator/4.4/psoc creator/import/gnu/arm/5.4.1/bin/../lib/gcc/arm-none-eabi/5.4.1/armv7-m/crtbegin.o
 .init_array    0x00003dc8        0x4 .\CortexM3\ARM_GCC_541\Debug\Cm3Start.o
                0x00003dcc                __init_array_end = .
                0x00003dcc                . = ALIGN (0x4)
 *(.fini)
 .fini          0x00003dcc        0x4 c:/h_da softwares & projects/psoc creator/4.4/psoc creator/import/gnu/arm/5.4.1/bin/../lib/gcc/arm-none-eabi/5.4.1/armv7-m/crti.o
                0x00003dcc                _fini
 .fini          0x00003dd0        0x8 c:/h_da softwares & projects/psoc creator/4.4/psoc creator/import/gnu/arm/5.4.1/bin/../lib/gcc/arm-none-eabi/5.4.1/armv7-m/crtn.o
                0x00003dd8                . = ALIGN (0x4)
                0x00003dd8                __fini_array_start = .
 *(.fini_array)
 .fini_array    0x00003dd8        0x4 c:/h_da softwares & projects/psoc creator/4.4/psoc creator/import/gnu/arm/5.4.1/bin/../lib/gcc/arm-none-eabi/5.4.1/armv7-m/crtbegin.o
 *(SORT(.fini_array.*))
                0x00003ddc                __fini_array_end = .
                0x00003ddc                . = ALIGN (0x4)
 *crtbegin.o(.ctors)
 *(EXCLUDE_FILE(*crtend.o) .ctors)
 *(SORT(.ctors.*))
 *crtend.o(.ctors)
                0x00003ddc                . = ALIGN (0x4)
 *crtbegin.o(.dtors)
 *(EXCLUDE_FILE(*crtend.o) .dtors)
 *(SORT(.dtors.*))
 *crtend.o(.dtors)
                0x00003ddc                . = ALIGN (0x4)
                0x00003ddc                __cy_regions = .
                0x00003ddc        0x4 LONG 0x3df0 __cy_region_init_ram
                0x00003de0        0x4 LONG 0x1fff80c8 __cy_region_start_data
                0x00003de4        0x4 LONG 0x1f8 __cy_region_init_size_ram
                0x00003de8        0x4 LONG 0xc48 __cy_region_zero_size_ram
                0x00003dec                __cy_regions_end = .
                0x00003df0                . = ALIGN (0x8)
 *fill*         0x00003dec        0x4 
                0x00003df0                _etext = .

.cy_checksum_exclude
                0x00003df0        0x0
 *(.cy_checksum_exclude)

.ramvectors     0x1fff8000       0xc0
                0x1fff8000                __cy_region_start_ram = .
 *(.ramvectors)
 .ramvectors    0x1fff8000       0xc0 .\CortexM3\ARM_GCC_541\Debug\Cm3Start.o
                0x1fff8000                CyRamVectors

.noinit         0x1fff80c0        0x1
 *(.noinit)
 .noinit        0x1fff80c0        0x1 .\CortexM3\ARM_GCC_541\Debug\ReactionGame.a(CyLib.o)
                0x1fff80c0                CyResetStatus

.data           0x1fff80c8      0x1f8 load address 0x00003df0
                0x1fff80c8                __cy_region_start_data = .
 *(.jcr)
 .jcr           0x1fff80c8        0x0 c:/h_da softwares & projects/psoc creator/4.4/psoc creator/import/gnu/arm/5.4.1/bin/../lib/gcc/arm-none-eabi/5.4.1/armv7-m/crtbegin.o
 .jcr           0x1fff80c8        0x4 c:/h_da softwares & projects/psoc creator/4.4/psoc creator/import/gnu/arm/5.4.1/bin/../lib/gcc/arm-none-eabi/5.4.1/armv7-m/crtend.o
 *(.got.plt)
 *(.got)
 *(.shdata)
 *(.data .data.* .gnu.linkonce.d.*)
 .data          0x1fff80cc        0x4 .\CortexM3\ARM_GCC_541\Debug\ArcadianLight.o
 .data          0x1fff80d0        0x2 .\CortexM3\ARM_GCC_541\Debug\seven.o
 *fill*         0x1fff80d2        0x2 
 .data          0x1fff80d4        0x4 .\CortexM3\ARM_GCC_541\Debug\Cm3Start.o
 .data          0x1fff80d8       0x10 .\CortexM3\ARM_GCC_541\Debug\ReactionGame.a(CyLib.o)
                0x1fff80d8                cydelay_32k_ms
                0x1fff80dc                cydelay_freq_khz
                0x1fff80e0                cydelay_freq_mhz
                0x1fff80e4                cydelay_freq_hz
 .data          0x1fff80e8      0x16c .\CortexM3\ARM_GCC_541\Debug\ReactionGame.a(ErikaOS_eecfg.o)
                0x1fff80e8                EE_ALARM_NAME
                0x1fff80fc                EE_counter_RAM
                0x1fff8104                EE_resource_stack
                0x1fff810c                EE_th_resource_last
                0x1fff8120                EE_th_terminate_nextask
                0x1fff8134                EE_rq_pairs_next
                0x1fff8148                EE_rq_link
                0x1fff815c                EE_th_rnact
                0x1fff8170                EE_rq_queues_tail
                0x1fff81b0                EE_rq_queues_head
                0x1fff81f0                EE_stkfirst
                0x1fff81f4                EE_th_next
                0x1fff8208                EE_th_status
                0x1fff821c                EE_EVENT_NAME
                0x1fff822c                EE_RESOURCE_NAME
                0x1fff8234                EE_TASK_NAME
                0x1fff8248                EE_cortex_mx_IRQ_tos
                0x1fff824c                EE_cortex_mx_system_tos
 .data          0x1fff8254        0x4 .\CortexM3\ARM_GCC_541\Debug\ReactionGame.a(ErikaOS_ee_gnu_irq_stack.o)
 .data.impure_data
                0x1fff8258       0x60 c:/h_da softwares & projects/psoc creator/4.4/psoc creator/import/gnu/arm/5.4.1/bin/../lib/gcc/arm-none-eabi/5.4.1/../../../../arm-none-eabi/lib/armv7-m\libg_nano.a(lib_a-impure.o)
 .data._impure_ptr
                0x1fff82b8        0x4 c:/h_da softwares & projects/psoc creator/4.4/psoc creator/import/gnu/arm/5.4.1/bin/../lib/gcc/arm-none-eabi/5.4.1/../../../../arm-none-eabi/lib/armv7-m\libg_nano.a(lib_a-impure.o)
                0x1fff82b8                _impure_ptr
                0x1fff82c0                . = ALIGN (0x8)
 *fill*         0x1fff82bc        0x4 
 *(.ram)
                0x1fff82c0                _edata = .

.igot.plt       0x1fff82c0        0x0 load address 0x00003fe8
 .igot.plt      0x1fff82c0        0x0 c:/h_da softwares & projects/psoc creator/4.4/psoc creator/import/gnu/arm/5.4.1/bin/../lib/gcc/arm-none-eabi/5.4.1/armv7-m/crtbegin.o

.bss            0x1fff82c0      0xc48 load address 0x00003fe8
                0x1fff82c0                PROVIDE (__bss_start__, .)
 *(.shbss)
 *(.bss .bss.* .gnu.linkonce.b.*)
 .bss           0x1fff82c0       0x1c c:/h_da softwares & projects/psoc creator/4.4/psoc creator/import/gnu/arm/5.4.1/bin/../lib/gcc/arm-none-eabi/5.4.1/armv7-m/crtbegin.o
 .bss           0x1fff82dc       0x30 .\CortexM3\ARM_GCC_541\Debug\TimingAnalyzer.o
 .bss           0x1fff830c       0x10 .\CortexM3\ARM_GCC_541\Debug\ReactionGame.o
 .bss           0x1fff831c       0x14 .\CortexM3\ARM_GCC_541\Debug\ArcadianLight.o
 .bss           0x1fff8330        0x3 .\CortexM3\ARM_GCC_541\Debug\led.o
 *fill*         0x1fff8333        0x1 
 .bss           0x1fff8334       0xe6 .\CortexM3\ARM_GCC_541\Debug\tft.o
 .bss           0x1fff841a        0x2 .\CortexM3\ARM_GCC_541\Debug\ReactionGame.a(UART_LOG.o)
                0x1fff841a                UART_LOG_initVar
 .bss           0x1fff841c       0x54 .\CortexM3\ARM_GCC_541\Debug\ReactionGame.a(ErikaOS_eecfg.o)
                0x1fff841c                EE_resource_locked
                0x1fff8424                EE_th_waswaiting
                0x1fff8438                EE_th_event_waitmask
                0x1fff844c                EE_th_event_active
                0x1fff8460                EE_rq_free
                0x1fff8464                EE_rq_bitmask
                0x1fff8468                EE_sys_ceiling
                0x1fff846c                EE_cortex_mx_active_tos
 .bss           0x1fff8470        0x1 .\CortexM3\ARM_GCC_541\Debug\ReactionGame.a(TFT_SPI.o)
                0x1fff8470                TFT_SPI_initVar
 .bss           0x1fff8471        0x1 .\CortexM3\ARM_GCC_541\Debug\ReactionGame.a(TFT_BackLight.o)
                0x1fff8471                TFT_BackLight_initVar
 .bss           0x1fff8472        0x1 .\CortexM3\ARM_GCC_541\Debug\ReactionGame.a(PWM_RED.o)
                0x1fff8472                PWM_RED_initVar
 .bss           0x1fff8473        0x1 .\CortexM3\ARM_GCC_541\Debug\ReactionGame.a(PWM_YELLOW.o)
                0x1fff8473                PWM_YELLOW_initVar
 .bss           0x1fff8474        0x1 .\CortexM3\ARM_GCC_541\Debug\ReactionGame.a(PWM_GREEN.o)
                0x1fff8474                PWM_GREEN_initVar
 .bss           0x1fff8475        0x1 .\CortexM3\ARM_GCC_541\Debug\ReactionGame.a(PWM_RGB_RED.o)
                0x1fff8475                PWM_RGB_RED_initVar
 .bss           0x1fff8476        0x1 .\CortexM3\ARM_GCC_541\Debug\ReactionGame.a(PWM_RGB_GREEN.o)
                0x1fff8476                PWM_RGB_GREEN_initVar
 .bss           0x1fff8477        0x1 .\CortexM3\ARM_GCC_541\Debug\ReactionGame.a(PWM_RGB_BLUE.o)
                0x1fff8477                PWM_RGB_BLUE_initVar
 .bss.__malloc_sbrk_start
                0x1fff8478        0x4 c:/h_da softwares & projects/psoc creator/4.4/psoc creator/import/gnu/arm/5.4.1/bin/../lib/gcc/arm-none-eabi/5.4.1/../../../../arm-none-eabi/lib/armv7-m\libg_nano.a(lib_a-nano-mallocr.o)
                0x1fff8478                __malloc_sbrk_start
 .bss.__malloc_free_list
                0x1fff847c        0x4 c:/h_da softwares & projects/psoc creator/4.4/psoc creator/import/gnu/arm/5.4.1/bin/../lib/gcc/arm-none-eabi/5.4.1/../../../../arm-none-eabi/lib/armv7-m\libg_nano.a(lib_a-nano-mallocr.o)
                0x1fff847c                __malloc_free_list
 *(COMMON)
 COMMON         0x1fff8480       0x18 .\CortexM3\ARM_GCC_541\Debug\ReactionGame.o
                0x1fff8480                analyzerGame
 COMMON         0x1fff8498        0x8 .\CortexM3\ARM_GCC_541\Debug\ReactionGame.a(ErikaOS_ee_lookup.o)
                0x1fff8498                EE_oo_IRQ_disable_count
                0x1fff849c                EE_oo_IRQ_suspend_status
 COMMON         0x1fff84a0        0x4 .\CortexM3\ARM_GCC_541\Debug\ReactionGame.a(ErikaOS_ee_startos.o)
                0x1fff84a0                EE_oo_started
 COMMON         0x1fff84a4        0x8 .\CortexM3\ARM_GCC_541\Debug\ReactionGame.a(ErikaOS_common_ee_hal_structs.o)
                0x1fff84a4                EE_IRQ_nesting_level
                0x1fff84a8                EE_std_endcycle_next_tid
 COMMON         0x1fff84ac      0xa54 .\CortexM3\ARM_GCC_541\Debug\ReactionGame.a(ErikaOS_eecfg.o)
                0x1fff84ac                EE_cortex_mx_stack_3
                0x1fff8c7c                EE_rq_pairs_tid
                0x1fff8c90                EE_terminate_data
                0x1fff8ca4                EE_oo_counter_object_RAM
                0x1fff8cf4                EE_resource_oldceiling
                0x1fff8cfc                EE_ApplicationMode
                0x1fff8d00                EE_cortex_mx_stack_9
 COMMON         0x1fff8f00        0x4 c:/h_da softwares & projects/psoc creator/4.4/psoc creator/import/gnu/arm/5.4.1/bin/../lib/gcc/arm-none-eabi/5.4.1/../../../../arm-none-eabi/lib/armv7-m\libg_nano.a(lib_a-reent.o)
                0x1fff8f00                errno
                0x1fff8f08                . = ALIGN (0x8)
 *fill*         0x1fff8f04        0x4 
 *(.ram.b)
                0x1fff8f08                _end = .
                0x1fff8f08                __end = .
                0x1fff8f08                PROVIDE (end, .)
                0x1fff8f08                PROVIDE (__bss_end__, .)
                0x00003df0                __cy_region_init_ram = LOADADDR (.data)
                0x000001f8                __cy_region_init_size_ram = (_edata - ADDR (.data))
                0x00000c48                __cy_region_zero_size_ram = (_end - _edata)

.heap           0x1fff8f08       0x80 load address 0x00003fe8
                0x1fff8f08                . = _end
                0x1fff8f88                . = (. + 0x80)
 *fill*         0x1fff8f08       0x80 
                0x1fff8f88                __cy_heap_limit = .

.stack          0x20007800      0x800
                0x20007800                __cy_stack_limit = .
                0x20008000                . = (. + 0x800)
 *fill*         0x20007800      0x800 
                0x00000001                ASSERT ((__cy_stack_limit >= __cy_heap_limit), region RAM overflowed with stack)
                0x00000000                cy_checksum_exclude_size = (CY_APPL_LOADABLE == 0x1)?SIZEOF (.cy_checksum_exclude):0x0
                0x00000001                ASSERT ((cy_checksum_exclude_size <= CY_CHECKSUM_EXCLUDE_SIZE), CY_BOOT: Section .cy_checksum_exclude size exceedes specified limit.)

.cyloadermeta
 *(.cyloadermeta)

.cyloadablemeta
 *(.cyloadablemeta)

.cyconfigecc    0x80000000      0xa18
 *(.cyconfigecc)
 .cyconfigecc   0x80000000      0xa18 .\CortexM3\ARM_GCC_541\Debug\cymetadata.o
                0x80000000                cy_meta_configecc

.cycustnvl      0x90000000        0x4
 *(.cycustnvl)
 .cycustnvl     0x90000000        0x4 .\CortexM3\ARM_GCC_541\Debug\cymetadata.o
                0x90000000                cy_meta_custnvl

.cywolatch      0x90100000        0x4
 *(.cywolatch)
 .cywolatch     0x90100000        0x4 .\CortexM3\ARM_GCC_541\Debug\cymetadata.o
                0x90100000                cy_meta_wonvl

.cyeeprom       0x90200000        0x0
 *(.cyeeprom)
                0x00000001                ASSERT ((. <= ((0x90200000 + ee_offset) + ee_size)), .cyeeprom data will not fit in EEPROM)

.cyflashprotect
                0x90400000      0x100
 *(.cyflashprotect)
 .cyflashprotect
                0x90400000      0x100 .\CortexM3\ARM_GCC_541\Debug\cymetadata.o
                0x90400000                cy_meta_flashprotect

.cymeta         0x90500000        0xc
 *(.cymeta)
 .cymeta        0x90500000        0xc .\CortexM3\ARM_GCC_541\Debug\cymetadata.o
                0x90500000                cy_metadata

.rel.dyn        0x00003fe8        0x0 load address 0x9050000c
 .rel.iplt      0x00003fe8        0x0 c:/h_da softwares & projects/psoc creator/4.4/psoc creator/import/gnu/arm/5.4.1/bin/../lib/gcc/arm-none-eabi/5.4.1/armv7-m/crtbegin.o

.stab
 *(.stab)

.stabstr
 *(.stabstr)

.debug
 *(.debug)

.line
 *(.line)

.debug_srcinfo
 *(.debug_srcinfo)

.debug_sfnames
 *(.debug_sfnames)

.debug_aranges  0x00000000     0x1500
 *(.debug_aranges)
 .debug_aranges
                0x00000000       0x68 .\CortexM3\ARM_GCC_541\Debug\main.o
 .debug_aranges
                0x00000068       0x70 .\CortexM3\ARM_GCC_541\Debug\TimingAnalyzer.o
 .debug_aranges
                0x000000d8       0x48 .\CortexM3\ARM_GCC_541\Debug\ReactionGame.o
 .debug_aranges
                0x00000120       0x28 .\CortexM3\ARM_GCC_541\Debug\ArcadianLight.o
 .debug_aranges
                0x00000148       0x28 .\CortexM3\ARM_GCC_541\Debug\logging.o
 .debug_aranges
                0x00000170       0x58 .\CortexM3\ARM_GCC_541\Debug\seven.o
 .debug_aranges
                0x000001c8       0x38 .\CortexM3\ARM_GCC_541\Debug\pins.o
 .debug_aranges
                0x00000200       0x28 .\CortexM3\ARM_GCC_541\Debug\button.o
 .debug_aranges
                0x00000228       0x40 .\CortexM3\ARM_GCC_541\Debug\led.o
 .debug_aranges
                0x00000268      0x178 .\CortexM3\ARM_GCC_541\Debug\tft.o
 .debug_aranges
                0x000003e0       0x58 .\CortexM3\ARM_GCC_541\Debug\cyfitter_cfg.o
 .debug_aranges
                0x00000438       0x18 .\CortexM3\ARM_GCC_541\Debug\cymetadata.o
 .debug_aranges
                0x00000450       0x48 .\CortexM3\ARM_GCC_541\Debug\Cm3Start.o
 .debug_aranges
                0x00000498       0x38 .\CortexM3\ARM_GCC_541\Debug\ReactionGame.a(RED_LED.o)
 .debug_aranges
                0x000004d0       0x38 .\CortexM3\ARM_GCC_541\Debug\ReactionGame.a(YELLOW_LED.o)
 .debug_aranges
                0x00000508       0x38 .\CortexM3\ARM_GCC_541\Debug\ReactionGame.a(GREEN_LED.o)
 .debug_aranges
                0x00000540       0xf0 .\CortexM3\ARM_GCC_541\Debug\ReactionGame.a(UART_LOG.o)
 .debug_aranges
                0x00000630       0x70 .\CortexM3\ARM_GCC_541\Debug\ReactionGame.a(UART_LOG_IntClock.o)
 .debug_aranges
                0x000006a0      0x2a0 .\CortexM3\ARM_GCC_541\Debug\ReactionGame.a(CyLib.o)
 .debug_aranges
                0x00000940       0x98 .\CortexM3\ARM_GCC_541\Debug\ReactionGame.a(cyPm.o)
 .debug_aranges
                0x000009d8       0x20 .\CortexM3\ARM_GCC_541\Debug\ReactionGame.a(ErikaOS_ee_activate.o)
 .debug_aranges
                0x000009f8       0x20 .\CortexM3\ARM_GCC_541\Debug\ReactionGame.a(ErikaOS_ee_alsetrel.o)
 .debug_aranges
                0x00000a18       0x58 .\CortexM3\ARM_GCC_541\Debug\ReactionGame.a(ErikaOS_ee_altick.o)
 .debug_aranges
                0x00000a70       0x20 .\CortexM3\ARM_GCC_541\Debug\ReactionGame.a(ErikaOS_ee_evclear.o)
 .debug_aranges
                0x00000a90       0x20 .\CortexM3\ARM_GCC_541\Debug\ReactionGame.a(ErikaOS_ee_evget.o)
 .debug_aranges
                0x00000ab0       0x20 .\CortexM3\ARM_GCC_541\Debug\ReactionGame.a(ErikaOS_ee_evset.o)
 .debug_aranges
                0x00000ad0       0x20 .\CortexM3\ARM_GCC_541\Debug\ReactionGame.a(ErikaOS_ee_evwait.o)
 .debug_aranges
                0x00000af0       0x20 .\CortexM3\ARM_GCC_541\Debug\ReactionGame.a(ErikaOS_ee_getcountervalue.o)
 .debug_aranges
                0x00000b10       0x30 .\CortexM3\ARM_GCC_541\Debug\ReactionGame.a(ErikaOS_ee_irqendin.o)
 .debug_aranges
                0x00000b40       0x18 .\CortexM3\ARM_GCC_541\Debug\ReactionGame.a(ErikaOS_ee_lookup.o)
 .debug_aranges
                0x00000b58       0x20 .\CortexM3\ARM_GCC_541\Debug\ReactionGame.a(ErikaOS_ee_rq_exchg.o)
 .debug_aranges
                0x00000b78       0x20 .\CortexM3\ARM_GCC_541\Debug\ReactionGame.a(ErikaOS_ee_rq_first.o)
 .debug_aranges
                0x00000b98       0x20 .\CortexM3\ARM_GCC_541\Debug\ReactionGame.a(ErikaOS_ee_rq_inser.o)
 .debug_aranges
                0x00000bb8       0x40 .\CortexM3\ARM_GCC_541\Debug\ReactionGame.a(ErikaOS_ee_startos.o)
 .debug_aranges
                0x00000bf8       0x20 .\CortexM3\ARM_GCC_541\Debug\ReactionGame.a(ErikaOS_ee_terminat.o)
 .debug_aranges
                0x00000c18       0x20 .\CortexM3\ARM_GCC_541\Debug\ReactionGame.a(ErikaOS_cortex_mx_ee_utils.o)
 .debug_aranges
                0x00000c38       0x18 .\CortexM3\ARM_GCC_541\Debug\ReactionGame.a(ErikaOS_common_ee_hal_structs.o)
 .debug_aranges
                0x00000c50       0x18 .\CortexM3\ARM_GCC_541\Debug\ReactionGame.a(ErikaOS_eecfg.o)
 .debug_aranges
                0x00000c68       0x38 .\CortexM3\ARM_GCC_541\Debug\ReactionGame.a(ButtonRight.o)
 .debug_aranges
                0x00000ca0       0x38 .\CortexM3\ARM_GCC_541\Debug\ReactionGame.a(ButtonLeft.o)
 .debug_aranges
                0x00000cd8       0x38 .\CortexM3\ARM_GCC_541\Debug\ReactionGame.a(SEVEN_DP.o)
 .debug_aranges
                0x00000d10       0x38 .\CortexM3\ARM_GCC_541\Debug\ReactionGame.a(SEVEN_SELECT.o)
 .debug_aranges
                0x00000d48       0x28 .\CortexM3\ARM_GCC_541\Debug\ReactionGame.a(SEVEN_reg.o)
 .debug_aranges
                0x00000d70       0xd8 .\CortexM3\ARM_GCC_541\Debug\ReactionGame.a(TFT_SPI.o)
 .debug_aranges
                0x00000e48       0x38 .\CortexM3\ARM_GCC_541\Debug\ReactionGame.a(TFT_DC.o)
 .debug_aranges
                0x00000e80       0x38 .\CortexM3\ARM_GCC_541\Debug\ReactionGame.a(TFT_RES.o)
 .debug_aranges
                0x00000eb8       0x78 .\CortexM3\ARM_GCC_541\Debug\ReactionGame.a(TFT_BackLight.o)
 .debug_aranges
                0x00000f30       0x70 .\CortexM3\ARM_GCC_541\Debug\ReactionGame.a(TFT_SPI_IntClock.o)
 .debug_aranges
                0x00000fa0       0x80 .\CortexM3\ARM_GCC_541\Debug\ReactionGame.a(PWM_RED.o)
 .debug_aranges
                0x00001020       0x80 .\CortexM3\ARM_GCC_541\Debug\ReactionGame.a(PWM_YELLOW.o)
 .debug_aranges
                0x000010a0       0x80 .\CortexM3\ARM_GCC_541\Debug\ReactionGame.a(PWM_GREEN.o)
 .debug_aranges
                0x00001120       0x80 .\CortexM3\ARM_GCC_541\Debug\ReactionGame.a(PWM_RGB_RED.o)
 .debug_aranges
                0x000011a0       0x80 .\CortexM3\ARM_GCC_541\Debug\ReactionGame.a(PWM_RGB_GREEN.o)
 .debug_aranges
                0x00001220       0x80 .\CortexM3\ARM_GCC_541\Debug\ReactionGame.a(PWM_RGB_BLUE.o)
 .debug_aranges
                0x000012a0       0x20 .\CortexM3\ARM_GCC_541\Debug\ReactionGame.a(CyBootAsmGnu.o)
 .debug_aranges
                0x000012c0       0x20 .\CortexM3\ARM_GCC_541\Debug\ReactionGame.a(ErikaOS_ee_gnu_change_context_isr.o)
 .debug_aranges
                0x000012e0       0x20 .\CortexM3\ARM_GCC_541\Debug\ReactionGame.a(ErikaOS_ee_gnu_irq_stack.o)
 .debug_aranges
                0x00001300       0x20 .\CortexM3\ARM_GCC_541\Debug\ReactionGame.a(ErikaOS_ee_gnu_multi_context.o)
 .debug_aranges
                0x00001320       0x20 .\CortexM3\ARM_GCC_541\Debug\ReactionGame.a(ErikaOS_ee_gnu_oo.o)
 .debug_aranges
                0x00001340       0x88 .\CortexM3\ARM_GCC_541\Debug\ReactionGame.a(CyFlash.o)
 .debug_aranges
                0x000013c8       0x80 .\CortexM3\ARM_GCC_541\Debug\ReactionGame.a(CySpc.o)
 .debug_aranges
                0x00001448       0x20 .\CortexM3\ARM_GCC_541\Debug\ReactionGame.a(ErikaOS_ee_tnterm.o)
 .debug_aranges
                0x00001468       0x20 .\CortexM3\ARM_GCC_541\Debug\ReactionGame.a(ErikaOS_ee_tstub.o)
 .debug_aranges
                0x00001488       0x20 .\CortexM3\ARM_GCC_541\Debug\ReactionGame.a(ErikaOS_ee_ulockallres.o)
 .debug_aranges
                0x000014a8       0x28 .\CortexM3\ARM_GCC_541\Debug\ReactionGame.a(ErikaOS_cortex_mx_ee_context.o)
 .debug_aranges
                0x000014d0       0x30 .\CortexM3\ARM_GCC_541\Debug\ReactionGame.a(ErikaOS_ee_thendin.o)

.debug_pubnames
 *(.debug_pubnames)

.debug_info     0x00000000    0x160f3
 *(.debug_info .gnu.linkonce.wi.*)
 .debug_info    0x00000000      0x949 .\CortexM3\ARM_GCC_541\Debug\main.o
 .debug_info    0x00000949      0x98a .\CortexM3\ARM_GCC_541\Debug\TimingAnalyzer.o
 .debug_info    0x000012d3      0x91c .\CortexM3\ARM_GCC_541\Debug\ReactionGame.o
 .debug_info    0x00001bef      0x3cc .\CortexM3\ARM_GCC_541\Debug\ArcadianLight.o
 .debug_info    0x00001fbb      0x3b5 .\CortexM3\ARM_GCC_541\Debug\logging.o
 .debug_info    0x00002370      0x59e .\CortexM3\ARM_GCC_541\Debug\seven.o
 .debug_info    0x0000290e      0x266 .\CortexM3\ARM_GCC_541\Debug\pins.o
 .debug_info    0x00002b74      0x280 .\CortexM3\ARM_GCC_541\Debug\button.o
 .debug_info    0x00002df4      0x67e .\CortexM3\ARM_GCC_541\Debug\led.o
 .debug_info    0x00003472     0x2733 .\CortexM3\ARM_GCC_541\Debug\tft.o
 .debug_info    0x00005ba5      0x617 .\CortexM3\ARM_GCC_541\Debug\cyfitter_cfg.o
 .debug_info    0x000061bc      0x139 .\CortexM3\ARM_GCC_541\Debug\cymetadata.o
 .debug_info    0x000062f5      0x3bb .\CortexM3\ARM_GCC_541\Debug\Cm3Start.o
 .debug_info    0x000066b0      0x11f .\CortexM3\ARM_GCC_541\Debug\ReactionGame.a(RED_LED.o)
 .debug_info    0x000067cf      0x11f .\CortexM3\ARM_GCC_541\Debug\ReactionGame.a(YELLOW_LED.o)
 .debug_info    0x000068ee      0x11f .\CortexM3\ARM_GCC_541\Debug\ReactionGame.a(GREEN_LED.o)
 .debug_info    0x00006a0d      0x60c .\CortexM3\ARM_GCC_541\Debug\ReactionGame.a(UART_LOG.o)
 .debug_info    0x00007019      0x283 .\CortexM3\ARM_GCC_541\Debug\ReactionGame.a(UART_LOG_IntClock.o)
 .debug_info    0x0000729c     0x1374 .\CortexM3\ARM_GCC_541\Debug\ReactionGame.a(CyLib.o)
 .debug_info    0x00008610      0xa2a .\CortexM3\ARM_GCC_541\Debug\ReactionGame.a(cyPm.o)
 .debug_info    0x0000903a      0x80d .\CortexM3\ARM_GCC_541\Debug\ReactionGame.a(ErikaOS_ee_activate.o)
 .debug_info    0x00009847      0x5e5 .\CortexM3\ARM_GCC_541\Debug\ReactionGame.a(ErikaOS_ee_alsetrel.o)
 .debug_info    0x00009e2c      0xc3b .\CortexM3\ARM_GCC_541\Debug\ReactionGame.a(ErikaOS_ee_altick.o)
 .debug_info    0x0000aa67      0x5a7 .\CortexM3\ARM_GCC_541\Debug\ReactionGame.a(ErikaOS_ee_evclear.o)
 .debug_info    0x0000b00e      0x4ca .\CortexM3\ARM_GCC_541\Debug\ReactionGame.a(ErikaOS_ee_evget.o)
 .debug_info    0x0000b4d8      0x7c3 .\CortexM3\ARM_GCC_541\Debug\ReactionGame.a(ErikaOS_ee_evset.o)
 .debug_info    0x0000bc9b      0x85a .\CortexM3\ARM_GCC_541\Debug\ReactionGame.a(ErikaOS_ee_evwait.o)
 .debug_info    0x0000c4f5      0x56b .\CortexM3\ARM_GCC_541\Debug\ReactionGame.a(ErikaOS_ee_getcountervalue.o)
 .debug_info    0x0000ca60      0x5cb .\CortexM3\ARM_GCC_541\Debug\ReactionGame.a(ErikaOS_ee_irqendin.o)
 .debug_info    0x0000d02b      0x3d0 .\CortexM3\ARM_GCC_541\Debug\ReactionGame.a(ErikaOS_ee_lookup.o)
 .debug_info    0x0000d3fb      0x46f .\CortexM3\ARM_GCC_541\Debug\ReactionGame.a(ErikaOS_ee_rq_exchg.o)
 .debug_info    0x0000d86a      0x421 .\CortexM3\ARM_GCC_541\Debug\ReactionGame.a(ErikaOS_ee_rq_first.o)
 .debug_info    0x0000dc8b      0x475 .\CortexM3\ARM_GCC_541\Debug\ReactionGame.a(ErikaOS_ee_rq_inser.o)
 .debug_info    0x0000e100     0x2040 .\CortexM3\ARM_GCC_541\Debug\ReactionGame.a(ErikaOS_ee_startos.o)
 .debug_info    0x00010140      0x595 .\CortexM3\ARM_GCC_541\Debug\ReactionGame.a(ErikaOS_ee_terminat.o)
 .debug_info    0x000106d5      0x513 .\CortexM3\ARM_GCC_541\Debug\ReactionGame.a(ErikaOS_cortex_mx_ee_utils.o)
 .debug_info    0x00010be8      0x3cb .\CortexM3\ARM_GCC_541\Debug\ReactionGame.a(ErikaOS_common_ee_hal_structs.o)
 .debug_info    0x00010fb3      0x97f .\CortexM3\ARM_GCC_541\Debug\ReactionGame.a(ErikaOS_eecfg.o)
 .debug_info    0x00011932      0x11f .\CortexM3\ARM_GCC_541\Debug\ReactionGame.a(ButtonRight.o)
 .debug_info    0x00011a51      0x11f .\CortexM3\ARM_GCC_541\Debug\ReactionGame.a(ButtonLeft.o)
 .debug_info    0x00011b70      0x11f .\CortexM3\ARM_GCC_541\Debug\ReactionGame.a(SEVEN_DP.o)
 .debug_info    0x00011c8f      0x11f .\CortexM3\ARM_GCC_541\Debug\ReactionGame.a(SEVEN_SELECT.o)
 .debug_info    0x00011dae       0xd6 .\CortexM3\ARM_GCC_541\Debug\ReactionGame.a(SEVEN_reg.o)
 .debug_info    0x00011e84      0x4bb .\CortexM3\ARM_GCC_541\Debug\ReactionGame.a(TFT_SPI.o)
 .debug_info    0x0001233f      0x11f .\CortexM3\ARM_GCC_541\Debug\ReactionGame.a(TFT_DC.o)
 .debug_info    0x0001245e      0x11f .\CortexM3\ARM_GCC_541\Debug\ReactionGame.a(TFT_RES.o)
 .debug_info    0x0001257d      0x27e .\CortexM3\ARM_GCC_541\Debug\ReactionGame.a(TFT_BackLight.o)
 .debug_info    0x000127fb      0x283 .\CortexM3\ARM_GCC_541\Debug\ReactionGame.a(TFT_SPI_IntClock.o)
 .debug_info    0x00012a7e      0x278 .\CortexM3\ARM_GCC_541\Debug\ReactionGame.a(PWM_RED.o)
 .debug_info    0x00012cf6      0x278 .\CortexM3\ARM_GCC_541\Debug\ReactionGame.a(PWM_YELLOW.o)
 .debug_info    0x00012f6e      0x278 .\CortexM3\ARM_GCC_541\Debug\ReactionGame.a(PWM_GREEN.o)
 .debug_info    0x000131e6      0x278 .\CortexM3\ARM_GCC_541\Debug\ReactionGame.a(PWM_RGB_RED.o)
 .debug_info    0x0001345e      0x278 .\CortexM3\ARM_GCC_541\Debug\ReactionGame.a(PWM_RGB_GREEN.o)
 .debug_info    0x000136d6      0x278 .\CortexM3\ARM_GCC_541\Debug\ReactionGame.a(PWM_RGB_BLUE.o)
 .debug_info    0x0001394e       0x80 .\CortexM3\ARM_GCC_541\Debug\ReactionGame.a(CyBootAsmGnu.o)
 .debug_info    0x000139ce       0x95 .\CortexM3\ARM_GCC_541\Debug\ReactionGame.a(ErikaOS_ee_gnu_change_context_isr.o)
 .debug_info    0x00013a63       0x8c .\CortexM3\ARM_GCC_541\Debug\ReactionGame.a(ErikaOS_ee_gnu_irq_stack.o)
 .debug_info    0x00013aef       0x90 .\CortexM3\ARM_GCC_541\Debug\ReactionGame.a(ErikaOS_ee_gnu_multi_context.o)
 .debug_info    0x00013b7f       0x85 .\CortexM3\ARM_GCC_541\Debug\ReactionGame.a(ErikaOS_ee_gnu_oo.o)
 .debug_info    0x00013c04      0x64d .\CortexM3\ARM_GCC_541\Debug\ReactionGame.a(CyFlash.o)
 .debug_info    0x00014251      0x550 .\CortexM3\ARM_GCC_541\Debug\ReactionGame.a(CySpc.o)
 .debug_info    0x000147a1      0x473 .\CortexM3\ARM_GCC_541\Debug\ReactionGame.a(ErikaOS_ee_tnterm.o)
 .debug_info    0x00014c14      0x487 .\CortexM3\ARM_GCC_541\Debug\ReactionGame.a(ErikaOS_ee_tstub.o)
 .debug_info    0x0001509b      0x45e .\CortexM3\ARM_GCC_541\Debug\ReactionGame.a(ErikaOS_ee_ulockallres.o)
 .debug_info    0x000154f9      0x501 .\CortexM3\ARM_GCC_541\Debug\ReactionGame.a(ErikaOS_cortex_mx_ee_context.o)
 .debug_info    0x000159fa      0x6f9 .\CortexM3\ARM_GCC_541\Debug\ReactionGame.a(ErikaOS_ee_thendin.o)

.debug_abbrev   0x00000000     0x593e
 *(.debug_abbrev)
 .debug_abbrev  0x00000000      0x251 .\CortexM3\ARM_GCC_541\Debug\main.o
 .debug_abbrev  0x00000251      0x26b .\CortexM3\ARM_GCC_541\Debug\TimingAnalyzer.o
 .debug_abbrev  0x000004bc      0x211 .\CortexM3\ARM_GCC_541\Debug\ReactionGame.o
 .debug_abbrev  0x000006cd      0x13b .\CortexM3\ARM_GCC_541\Debug\ArcadianLight.o
 .debug_abbrev  0x00000808      0x14a .\CortexM3\ARM_GCC_541\Debug\logging.o
 .debug_abbrev  0x00000952      0x155 .\CortexM3\ARM_GCC_541\Debug\seven.o
 .debug_abbrev  0x00000aa7       0xf2 .\CortexM3\ARM_GCC_541\Debug\pins.o
 .debug_abbrev  0x00000b99      0x100 .\CortexM3\ARM_GCC_541\Debug\button.o
 .debug_abbrev  0x00000c99      0x1c5 .\CortexM3\ARM_GCC_541\Debug\led.o
 .debug_abbrev  0x00000e5e      0x2bf .\CortexM3\ARM_GCC_541\Debug\tft.o
 .debug_abbrev  0x0000111d      0x20d .\CortexM3\ARM_GCC_541\Debug\cyfitter_cfg.o
 .debug_abbrev  0x0000132a       0x77 .\CortexM3\ARM_GCC_541\Debug\cymetadata.o
 .debug_abbrev  0x000013a1      0x1e8 .\CortexM3\ARM_GCC_541\Debug\Cm3Start.o
 .debug_abbrev  0x00001589       0x90 .\CortexM3\ARM_GCC_541\Debug\ReactionGame.a(RED_LED.o)
 .debug_abbrev  0x00001619       0x90 .\CortexM3\ARM_GCC_541\Debug\ReactionGame.a(YELLOW_LED.o)
 .debug_abbrev  0x000016a9       0x90 .\CortexM3\ARM_GCC_541\Debug\ReactionGame.a(GREEN_LED.o)
 .debug_abbrev  0x00001739      0x175 .\CortexM3\ARM_GCC_541\Debug\ReactionGame.a(UART_LOG.o)
 .debug_abbrev  0x000018ae      0x139 .\CortexM3\ARM_GCC_541\Debug\ReactionGame.a(UART_LOG_IntClock.o)
 .debug_abbrev  0x000019e7      0x254 .\CortexM3\ARM_GCC_541\Debug\ReactionGame.a(CyLib.o)
 .debug_abbrev  0x00001c3b      0x1ab .\CortexM3\ARM_GCC_541\Debug\ReactionGame.a(cyPm.o)
 .debug_abbrev  0x00001de6      0x284 .\CortexM3\ARM_GCC_541\Debug\ReactionGame.a(ErikaOS_ee_activate.o)
 .debug_abbrev  0x0000206a      0x1f7 .\CortexM3\ARM_GCC_541\Debug\ReactionGame.a(ErikaOS_ee_alsetrel.o)
 .debug_abbrev  0x00002261      0x362 .\CortexM3\ARM_GCC_541\Debug\ReactionGame.a(ErikaOS_ee_altick.o)
 .debug_abbrev  0x000025c3      0x1e0 .\CortexM3\ARM_GCC_541\Debug\ReactionGame.a(ErikaOS_ee_evclear.o)
 .debug_abbrev  0x000027a3      0x150 .\CortexM3\ARM_GCC_541\Debug\ReactionGame.a(ErikaOS_ee_evget.o)
 .debug_abbrev  0x000028f3      0x27f .\CortexM3\ARM_GCC_541\Debug\ReactionGame.a(ErikaOS_ee_evset.o)
 .debug_abbrev  0x00002b72      0x25d .\CortexM3\ARM_GCC_541\Debug\ReactionGame.a(ErikaOS_ee_evwait.o)
 .debug_abbrev  0x00002dcf      0x1e5 .\CortexM3\ARM_GCC_541\Debug\ReactionGame.a(ErikaOS_ee_getcountervalue.o)
 .debug_abbrev  0x00002fb4      0x1da .\CortexM3\ARM_GCC_541\Debug\ReactionGame.a(ErikaOS_ee_irqendin.o)
 .debug_abbrev  0x0000318e       0xcf .\CortexM3\ARM_GCC_541\Debug\ReactionGame.a(ErikaOS_ee_lookup.o)
 .debug_abbrev  0x0000325d       0xfc .\CortexM3\ARM_GCC_541\Debug\ReactionGame.a(ErikaOS_ee_rq_exchg.o)
 .debug_abbrev  0x00003359       0xed .\CortexM3\ARM_GCC_541\Debug\ReactionGame.a(ErikaOS_ee_rq_first.o)
 .debug_abbrev  0x00003446      0x109 .\CortexM3\ARM_GCC_541\Debug\ReactionGame.a(ErikaOS_ee_rq_inser.o)
 .debug_abbrev  0x0000354f      0x4a7 .\CortexM3\ARM_GCC_541\Debug\ReactionGame.a(ErikaOS_ee_startos.o)
 .debug_abbrev  0x000039f6      0x1de .\CortexM3\ARM_GCC_541\Debug\ReactionGame.a(ErikaOS_ee_terminat.o)
 .debug_abbrev  0x00003bd4      0x1e3 .\CortexM3\ARM_GCC_541\Debug\ReactionGame.a(ErikaOS_cortex_mx_ee_utils.o)
 .debug_abbrev  0x00003db7       0xcf .\CortexM3\ARM_GCC_541\Debug\ReactionGame.a(ErikaOS_common_ee_hal_structs.o)
 .debug_abbrev  0x00003e86      0x130 .\CortexM3\ARM_GCC_541\Debug\ReactionGame.a(ErikaOS_eecfg.o)
 .debug_abbrev  0x00003fb6       0x90 .\CortexM3\ARM_GCC_541\Debug\ReactionGame.a(ButtonRight.o)
 .debug_abbrev  0x00004046       0x90 .\CortexM3\ARM_GCC_541\Debug\ReactionGame.a(ButtonLeft.o)
 .debug_abbrev  0x000040d6       0x90 .\CortexM3\ARM_GCC_541\Debug\ReactionGame.a(SEVEN_DP.o)
 .debug_abbrev  0x00004166       0x90 .\CortexM3\ARM_GCC_541\Debug\ReactionGame.a(SEVEN_SELECT.o)
 .debug_abbrev  0x000041f6       0x81 .\CortexM3\ARM_GCC_541\Debug\ReactionGame.a(SEVEN_reg.o)
 .debug_abbrev  0x00004277      0x146 .\CortexM3\ARM_GCC_541\Debug\ReactionGame.a(TFT_SPI.o)
 .debug_abbrev  0x000043bd       0x90 .\CortexM3\ARM_GCC_541\Debug\ReactionGame.a(TFT_DC.o)
 .debug_abbrev  0x0000444d       0x90 .\CortexM3\ARM_GCC_541\Debug\ReactionGame.a(TFT_RES.o)
 .debug_abbrev  0x000044dd      0x12d .\CortexM3\ARM_GCC_541\Debug\ReactionGame.a(TFT_BackLight.o)
 .debug_abbrev  0x0000460a      0x139 .\CortexM3\ARM_GCC_541\Debug\ReactionGame.a(TFT_SPI_IntClock.o)
 .debug_abbrev  0x00004743      0x12d .\CortexM3\ARM_GCC_541\Debug\ReactionGame.a(PWM_RED.o)
 .debug_abbrev  0x00004870      0x12d .\CortexM3\ARM_GCC_541\Debug\ReactionGame.a(PWM_YELLOW.o)
 .debug_abbrev  0x0000499d      0x12d .\CortexM3\ARM_GCC_541\Debug\ReactionGame.a(PWM_GREEN.o)
 .debug_abbrev  0x00004aca      0x12d .\CortexM3\ARM_GCC_541\Debug\ReactionGame.a(PWM_RGB_RED.o)
 .debug_abbrev  0x00004bf7      0x12d .\CortexM3\ARM_GCC_541\Debug\ReactionGame.a(PWM_RGB_GREEN.o)
 .debug_abbrev  0x00004d24      0x12d .\CortexM3\ARM_GCC_541\Debug\ReactionGame.a(PWM_RGB_BLUE.o)
 .debug_abbrev  0x00004e51       0x14 .\CortexM3\ARM_GCC_541\Debug\ReactionGame.a(CyBootAsmGnu.o)
 .debug_abbrev  0x00004e65       0x14 .\CortexM3\ARM_GCC_541\Debug\ReactionGame.a(ErikaOS_ee_gnu_change_context_isr.o)
 .debug_abbrev  0x00004e79       0x14 .\CortexM3\ARM_GCC_541\Debug\ReactionGame.a(ErikaOS_ee_gnu_irq_stack.o)
 .debug_abbrev  0x00004e8d       0x14 .\CortexM3\ARM_GCC_541\Debug\ReactionGame.a(ErikaOS_ee_gnu_multi_context.o)
 .debug_abbrev  0x00004ea1       0x14 .\CortexM3\ARM_GCC_541\Debug\ReactionGame.a(ErikaOS_ee_gnu_oo.o)
 .debug_abbrev  0x00004eb5      0x1a7 .\CortexM3\ARM_GCC_541\Debug\ReactionGame.a(CyFlash.o)
 .debug_abbrev  0x0000505c      0x194 .\CortexM3\ARM_GCC_541\Debug\ReactionGame.a(CySpc.o)
 .debug_abbrev  0x000051f0      0x190 .\CortexM3\ARM_GCC_541\Debug\ReactionGame.a(ErikaOS_ee_tnterm.o)
 .debug_abbrev  0x00005380      0x143 .\CortexM3\ARM_GCC_541\Debug\ReactionGame.a(ErikaOS_ee_tstub.o)
 .debug_abbrev  0x000054c3       0xfc .\CortexM3\ARM_GCC_541\Debug\ReactionGame.a(ErikaOS_ee_ulockallres.o)
 .debug_abbrev  0x000055bf      0x156 .\CortexM3\ARM_GCC_541\Debug\ReactionGame.a(ErikaOS_cortex_mx_ee_context.o)
 .debug_abbrev  0x00005715      0x229 .\CortexM3\ARM_GCC_541\Debug\ReactionGame.a(ErikaOS_ee_thendin.o)

.debug_line     0x00000000     0x7c9b
 *(.debug_line)
 .debug_line    0x00000000      0x57a .\CortexM3\ARM_GCC_541\Debug\main.o
 .debug_line    0x0000057a      0x4bc .\CortexM3\ARM_GCC_541\Debug\TimingAnalyzer.o
 .debug_line    0x00000a36      0x3d2 .\CortexM3\ARM_GCC_541\Debug\ReactionGame.o
 .debug_line    0x00000e08      0x2cd .\CortexM3\ARM_GCC_541\Debug\ArcadianLight.o
 .debug_line    0x000010d5      0x25d .\CortexM3\ARM_GCC_541\Debug\logging.o
 .debug_line    0x00001332      0x37a .\CortexM3\ARM_GCC_541\Debug\seven.o
 .debug_line    0x000016ac      0x275 .\CortexM3\ARM_GCC_541\Debug\pins.o
 .debug_line    0x00001921      0x26d .\CortexM3\ARM_GCC_541\Debug\button.o
 .debug_line    0x00001b8e      0x3a7 .\CortexM3\ARM_GCC_541\Debug\led.o
 .debug_line    0x00001f35      0x8b9 .\CortexM3\ARM_GCC_541\Debug\tft.o
 .debug_line    0x000027ee      0x1fa .\CortexM3\ARM_GCC_541\Debug\cyfitter_cfg.o
 .debug_line    0x000029e8      0x13d .\CortexM3\ARM_GCC_541\Debug\cymetadata.o
 .debug_line    0x00002b25      0x230 .\CortexM3\ARM_GCC_541\Debug\Cm3Start.o
 .debug_line    0x00002d55       0x94 .\CortexM3\ARM_GCC_541\Debug\ReactionGame.a(RED_LED.o)
 .debug_line    0x00002de9       0x97 .\CortexM3\ARM_GCC_541\Debug\ReactionGame.a(YELLOW_LED.o)
 .debug_line    0x00002e80       0x96 .\CortexM3\ARM_GCC_541\Debug\ReactionGame.a(GREEN_LED.o)
 .debug_line    0x00002f16      0x2c4 .\CortexM3\ARM_GCC_541\Debug\ReactionGame.a(UART_LOG.o)
 .debug_line    0x000031da      0x180 .\CortexM3\ARM_GCC_541\Debug\ReactionGame.a(UART_LOG_IntClock.o)
 .debug_line    0x0000335a      0x816 .\CortexM3\ARM_GCC_541\Debug\ReactionGame.a(CyLib.o)
 .debug_line    0x00003b70      0x367 .\CortexM3\ARM_GCC_541\Debug\ReactionGame.a(cyPm.o)
 .debug_line    0x00003ed7      0x1e6 .\CortexM3\ARM_GCC_541\Debug\ReactionGame.a(ErikaOS_ee_activate.o)
 .debug_line    0x000040bd      0x1bd .\CortexM3\ARM_GCC_541\Debug\ReactionGame.a(ErikaOS_ee_alsetrel.o)
 .debug_line    0x0000427a      0x2f1 .\CortexM3\ARM_GCC_541\Debug\ReactionGame.a(ErikaOS_ee_altick.o)
 .debug_line    0x0000456b      0x1c1 .\CortexM3\ARM_GCC_541\Debug\ReactionGame.a(ErikaOS_ee_evclear.o)
 .debug_line    0x0000472c      0x14b .\CortexM3\ARM_GCC_541\Debug\ReactionGame.a(ErikaOS_ee_evget.o)
 .debug_line    0x00004877      0x1e3 .\CortexM3\ARM_GCC_541\Debug\ReactionGame.a(ErikaOS_ee_evset.o)
 .debug_line    0x00004a5a      0x1f1 .\CortexM3\ARM_GCC_541\Debug\ReactionGame.a(ErikaOS_ee_evwait.o)
 .debug_line    0x00004c4b      0x1a9 .\CortexM3\ARM_GCC_541\Debug\ReactionGame.a(ErikaOS_ee_getcountervalue.o)
 .debug_line    0x00004df4      0x190 .\CortexM3\ARM_GCC_541\Debug\ReactionGame.a(ErikaOS_ee_irqendin.o)
 .debug_line    0x00004f84      0x10b .\CortexM3\ARM_GCC_541\Debug\ReactionGame.a(ErikaOS_ee_lookup.o)
 .debug_line    0x0000508f      0x14b .\CortexM3\ARM_GCC_541\Debug\ReactionGame.a(ErikaOS_ee_rq_exchg.o)
 .debug_line    0x000051da      0x142 .\CortexM3\ARM_GCC_541\Debug\ReactionGame.a(ErikaOS_ee_rq_first.o)
 .debug_line    0x0000531c      0x146 .\CortexM3\ARM_GCC_541\Debug\ReactionGame.a(ErikaOS_ee_rq_inser.o)
 .debug_line    0x00005462      0x3e2 .\CortexM3\ARM_GCC_541\Debug\ReactionGame.a(ErikaOS_ee_startos.o)
 .debug_line    0x00005844      0x1b0 .\CortexM3\ARM_GCC_541\Debug\ReactionGame.a(ErikaOS_ee_terminat.o)
 .debug_line    0x000059f4      0x174 .\CortexM3\ARM_GCC_541\Debug\ReactionGame.a(ErikaOS_cortex_mx_ee_utils.o)
 .debug_line    0x00005b68       0xed .\CortexM3\ARM_GCC_541\Debug\ReactionGame.a(ErikaOS_common_ee_hal_structs.o)
 .debug_line    0x00005c55      0x12c .\CortexM3\ARM_GCC_541\Debug\ReactionGame.a(ErikaOS_eecfg.o)
 .debug_line    0x00005d81       0x98 .\CortexM3\ARM_GCC_541\Debug\ReactionGame.a(ButtonRight.o)
 .debug_line    0x00005e19       0x97 .\CortexM3\ARM_GCC_541\Debug\ReactionGame.a(ButtonLeft.o)
 .debug_line    0x00005eb0       0x95 .\CortexM3\ARM_GCC_541\Debug\ReactionGame.a(SEVEN_DP.o)
 .debug_line    0x00005f45       0x99 .\CortexM3\ARM_GCC_541\Debug\ReactionGame.a(SEVEN_SELECT.o)
 .debug_line    0x00005fde       0x71 .\CortexM3\ARM_GCC_541\Debug\ReactionGame.a(SEVEN_reg.o)
 .debug_line    0x0000604f      0x249 .\CortexM3\ARM_GCC_541\Debug\ReactionGame.a(TFT_SPI.o)
 .debug_line    0x00006298       0x93 .\CortexM3\ARM_GCC_541\Debug\ReactionGame.a(TFT_DC.o)
 .debug_line    0x0000632b       0x94 .\CortexM3\ARM_GCC_541\Debug\ReactionGame.a(TFT_RES.o)
 .debug_line    0x000063bf      0x13b .\CortexM3\ARM_GCC_541\Debug\ReactionGame.a(TFT_BackLight.o)
 .debug_line    0x000064fa      0x17f .\CortexM3\ARM_GCC_541\Debug\ReactionGame.a(TFT_SPI_IntClock.o)
 .debug_line    0x00006679      0x13c .\CortexM3\ARM_GCC_541\Debug\ReactionGame.a(PWM_RED.o)
 .debug_line    0x000067b5      0x13f .\CortexM3\ARM_GCC_541\Debug\ReactionGame.a(PWM_YELLOW.o)
 .debug_line    0x000068f4      0x13e .\CortexM3\ARM_GCC_541\Debug\ReactionGame.a(PWM_GREEN.o)
 .debug_line    0x00006a32      0x140 .\CortexM3\ARM_GCC_541\Debug\ReactionGame.a(PWM_RGB_RED.o)
 .debug_line    0x00006b72      0x142 .\CortexM3\ARM_GCC_541\Debug\ReactionGame.a(PWM_RGB_GREEN.o)
 .debug_line    0x00006cb4      0x141 .\CortexM3\ARM_GCC_541\Debug\ReactionGame.a(PWM_RGB_BLUE.o)
 .debug_line    0x00006df5       0x66 .\CortexM3\ARM_GCC_541\Debug\ReactionGame.a(CyBootAsmGnu.o)
 .debug_line    0x00006e5b       0xac .\CortexM3\ARM_GCC_541\Debug\ReactionGame.a(ErikaOS_ee_gnu_change_context_isr.o)
 .debug_line    0x00006f07       0x72 .\CortexM3\ARM_GCC_541\Debug\ReactionGame.a(ErikaOS_ee_gnu_irq_stack.o)
 .debug_line    0x00006f79       0x9b .\CortexM3\ARM_GCC_541\Debug\ReactionGame.a(ErikaOS_ee_gnu_multi_context.o)
 .debug_line    0x00007014       0x97 .\CortexM3\ARM_GCC_541\Debug\ReactionGame.a(ErikaOS_ee_gnu_oo.o)
 .debug_line    0x000070ab      0x21a .\CortexM3\ARM_GCC_541\Debug\ReactionGame.a(CyFlash.o)
 .debug_line    0x000072c5      0x260 .\CortexM3\ARM_GCC_541\Debug\ReactionGame.a(CySpc.o)
 .debug_line    0x00007525      0x171 .\CortexM3\ARM_GCC_541\Debug\ReactionGame.a(ErikaOS_ee_tnterm.o)
 .debug_line    0x00007696      0x160 .\CortexM3\ARM_GCC_541\Debug\ReactionGame.a(ErikaOS_ee_tstub.o)
 .debug_line    0x000077f6      0x154 .\CortexM3\ARM_GCC_541\Debug\ReactionGame.a(ErikaOS_ee_ulockallres.o)
 .debug_line    0x0000794a      0x19a .\CortexM3\ARM_GCC_541\Debug\ReactionGame.a(ErikaOS_cortex_mx_ee_context.o)
 .debug_line    0x00007ae4      0x1b7 .\CortexM3\ARM_GCC_541\Debug\ReactionGame.a(ErikaOS_ee_thendin.o)

.debug_frame    0x00000000     0x33c0
 *(.debug_frame)
 .debug_frame   0x00000000      0x144 .\CortexM3\ARM_GCC_541\Debug\main.o
 .debug_frame   0x00000144      0x1c8 .\CortexM3\ARM_GCC_541\Debug\TimingAnalyzer.o
 .debug_frame   0x0000030c       0xd4 .\CortexM3\ARM_GCC_541\Debug\ReactionGame.o
 .debug_frame   0x000003e0       0x4c .\CortexM3\ARM_GCC_541\Debug\ArcadianLight.o
 .debug_frame   0x0000042c       0x48 .\CortexM3\ARM_GCC_541\Debug\logging.o
 .debug_frame   0x00000474      0x104 .\CortexM3\ARM_GCC_541\Debug\seven.o
 .debug_frame   0x00000578       0x80 .\CortexM3\ARM_GCC_541\Debug\pins.o
 .debug_frame   0x000005f8       0x3c .\CortexM3\ARM_GCC_541\Debug\button.o
 .debug_frame   0x00000634       0xac .\CortexM3\ARM_GCC_541\Debug\led.o
 .debug_frame   0x000006e0      0x5bc .\CortexM3\ARM_GCC_541\Debug\tft.o
 .debug_frame   0x00000c9c       0xe4 .\CortexM3\ARM_GCC_541\Debug\cyfitter_cfg.o
 .debug_frame   0x00000d80       0xb8 .\CortexM3\ARM_GCC_541\Debug\Cm3Start.o
 .debug_frame   0x00000e38       0x50 .\CortexM3\ARM_GCC_541\Debug\ReactionGame.a(RED_LED.o)
 .debug_frame   0x00000e88       0x50 .\CortexM3\ARM_GCC_541\Debug\ReactionGame.a(YELLOW_LED.o)
 .debug_frame   0x00000ed8       0x50 .\CortexM3\ARM_GCC_541\Debug\ReactionGame.a(GREEN_LED.o)
 .debug_frame   0x00000f28      0x250 .\CortexM3\ARM_GCC_541\Debug\ReactionGame.a(UART_LOG.o)
 .debug_frame   0x00001178       0xe0 .\CortexM3\ARM_GCC_541\Debug\ReactionGame.a(UART_LOG_IntClock.o)
 .debug_frame   0x00001258      0x738 .\CortexM3\ARM_GCC_541\Debug\ReactionGame.a(CyLib.o)
 .debug_frame   0x00001990      0x1f8 .\CortexM3\ARM_GCC_541\Debug\ReactionGame.a(cyPm.o)
 .debug_frame   0x00001b88       0x30 .\CortexM3\ARM_GCC_541\Debug\ReactionGame.a(ErikaOS_ee_activate.o)
 .debug_frame   0x00001bb8       0x38 .\CortexM3\ARM_GCC_541\Debug\ReactionGame.a(ErikaOS_ee_alsetrel.o)
 .debug_frame   0x00001bf0      0x10c .\CortexM3\ARM_GCC_541\Debug\ReactionGame.a(ErikaOS_ee_altick.o)
 .debug_frame   0x00001cfc       0x38 .\CortexM3\ARM_GCC_541\Debug\ReactionGame.a(ErikaOS_ee_evclear.o)
 .debug_frame   0x00001d34       0x20 .\CortexM3\ARM_GCC_541\Debug\ReactionGame.a(ErikaOS_ee_evget.o)
 .debug_frame   0x00001d54       0x30 .\CortexM3\ARM_GCC_541\Debug\ReactionGame.a(ErikaOS_ee_evset.o)
 .debug_frame   0x00001d84       0x30 .\CortexM3\ARM_GCC_541\Debug\ReactionGame.a(ErikaOS_ee_evwait.o)
 .debug_frame   0x00001db4       0x20 .\CortexM3\ARM_GCC_541\Debug\ReactionGame.a(ErikaOS_ee_getcountervalue.o)
 .debug_frame   0x00001dd4       0x58 .\CortexM3\ARM_GCC_541\Debug\ReactionGame.a(ErikaOS_ee_irqendin.o)
 .debug_frame   0x00001e2c       0x3c .\CortexM3\ARM_GCC_541\Debug\ReactionGame.a(ErikaOS_ee_rq_exchg.o)
 .debug_frame   0x00001e68       0x20 .\CortexM3\ARM_GCC_541\Debug\ReactionGame.a(ErikaOS_ee_rq_first.o)
 .debug_frame   0x00001e88       0x30 .\CortexM3\ARM_GCC_541\Debug\ReactionGame.a(ErikaOS_ee_rq_inser.o)
 .debug_frame   0x00001eb8       0x90 .\CortexM3\ARM_GCC_541\Debug\ReactionGame.a(ErikaOS_ee_startos.o)
 .debug_frame   0x00001f48       0x2c .\CortexM3\ARM_GCC_541\Debug\ReactionGame.a(ErikaOS_ee_terminat.o)
 .debug_frame   0x00001f74       0x30 .\CortexM3\ARM_GCC_541\Debug\ReactionGame.a(ErikaOS_cortex_mx_ee_utils.o)
 .debug_frame   0x00001fa4       0x50 .\CortexM3\ARM_GCC_541\Debug\ReactionGame.a(ButtonRight.o)
 .debug_frame   0x00001ff4       0x50 .\CortexM3\ARM_GCC_541\Debug\ReactionGame.a(ButtonLeft.o)
 .debug_frame   0x00002044       0x50 .\CortexM3\ARM_GCC_541\Debug\ReactionGame.a(SEVEN_DP.o)
 .debug_frame   0x00002094       0x50 .\CortexM3\ARM_GCC_541\Debug\ReactionGame.a(SEVEN_SELECT.o)
 .debug_frame   0x000020e4       0x30 .\CortexM3\ARM_GCC_541\Debug\ReactionGame.a(SEVEN_reg.o)
 .debug_frame   0x00002114      0x1e8 .\CortexM3\ARM_GCC_541\Debug\ReactionGame.a(TFT_SPI.o)
 .debug_frame   0x000022fc       0x50 .\CortexM3\ARM_GCC_541\Debug\ReactionGame.a(TFT_DC.o)
 .debug_frame   0x0000234c       0x50 .\CortexM3\ARM_GCC_541\Debug\ReactionGame.a(TFT_RES.o)
 .debug_frame   0x0000239c       0xe8 .\CortexM3\ARM_GCC_541\Debug\ReactionGame.a(TFT_BackLight.o)
 .debug_frame   0x00002484       0xe0 .\CortexM3\ARM_GCC_541\Debug\ReactionGame.a(TFT_SPI_IntClock.o)
 .debug_frame   0x00002564       0xf8 .\CortexM3\ARM_GCC_541\Debug\ReactionGame.a(PWM_RED.o)
 .debug_frame   0x0000265c       0xf8 .\CortexM3\ARM_GCC_541\Debug\ReactionGame.a(PWM_YELLOW.o)
 .debug_frame   0x00002754       0xf8 .\CortexM3\ARM_GCC_541\Debug\ReactionGame.a(PWM_GREEN.o)
 .debug_frame   0x0000284c       0xf8 .\CortexM3\ARM_GCC_541\Debug\ReactionGame.a(PWM_RGB_RED.o)
 .debug_frame   0x00002944       0xf8 .\CortexM3\ARM_GCC_541\Debug\ReactionGame.a(PWM_RGB_GREEN.o)
 .debug_frame   0x00002a3c       0xf8 .\CortexM3\ARM_GCC_541\Debug\ReactionGame.a(PWM_RGB_BLUE.o)
 .debug_frame   0x00002b34      0x194 .\CortexM3\ARM_GCC_541\Debug\ReactionGame.a(CyFlash.o)
 .debug_frame   0x00002cc8      0x180 .\CortexM3\ARM_GCC_541\Debug\ReactionGame.a(CySpc.o)
 .debug_frame   0x00002e48       0x2c .\CortexM3\ARM_GCC_541\Debug\ReactionGame.a(ErikaOS_ee_tnterm.o)
 .debug_frame   0x00002e74       0x2c .\CortexM3\ARM_GCC_541\Debug\ReactionGame.a(ErikaOS_ee_tstub.o)
 .debug_frame   0x00002ea0       0x2c .\CortexM3\ARM_GCC_541\Debug\ReactionGame.a(ErikaOS_ee_ulockallres.o)
 .debug_frame   0x00002ecc       0x3c .\CortexM3\ARM_GCC_541\Debug\ReactionGame.a(ErikaOS_cortex_mx_ee_context.o)
 .debug_frame   0x00002f08       0x5c .\CortexM3\ARM_GCC_541\Debug\ReactionGame.a(ErikaOS_ee_thendin.o)
 .debug_frame   0x00002f64       0x20 c:/h_da softwares & projects/psoc creator/4.4/psoc creator/import/gnu/arm/5.4.1/bin/../lib/gcc/arm-none-eabi/5.4.1/../../../../arm-none-eabi/lib/armv7-m\libg_nano.a(lib_a-errno.o)
 .debug_frame   0x00002f84       0x28 c:/h_da softwares & projects/psoc creator/4.4/psoc creator/import/gnu/arm/5.4.1/bin/../lib/gcc/arm-none-eabi/5.4.1/../../../../arm-none-eabi/lib/armv7-m\libg_nano.a(lib_a-exit.o)
 .debug_frame   0x00002fac       0x2c c:/h_da softwares & projects/psoc creator/4.4/psoc creator/import/gnu/arm/5.4.1/bin/../lib/gcc/arm-none-eabi/5.4.1/../../../../arm-none-eabi/lib/armv7-m\libg_nano.a(lib_a-init.o)
 .debug_frame   0x00002fd8       0x28 c:/h_da softwares & projects/psoc creator/4.4/psoc creator/import/gnu/arm/5.4.1/bin/../lib/gcc/arm-none-eabi/5.4.1/../../../../arm-none-eabi/lib/armv7-m\libg_nano.a(lib_a-memcpy-stub.o)
 .debug_frame   0x00003000       0x20 c:/h_da softwares & projects/psoc creator/4.4/psoc creator/import/gnu/arm/5.4.1/bin/../lib/gcc/arm-none-eabi/5.4.1/../../../../arm-none-eabi/lib/armv7-m\libg_nano.a(lib_a-memset.o)
 .debug_frame   0x00003020       0x44 c:/h_da softwares & projects/psoc creator/4.4/psoc creator/import/gnu/arm/5.4.1/bin/../lib/gcc/arm-none-eabi/5.4.1/../../../../arm-none-eabi/lib/armv7-m\libg_nano.a(lib_a-rand.o)
 .debug_frame   0x00003064       0x74 c:/h_da softwares & projects/psoc creator/4.4/psoc creator/import/gnu/arm/5.4.1/bin/../lib/gcc/arm-none-eabi/5.4.1/../../../../arm-none-eabi/lib/armv7-m\libg_nano.a(lib_a-snprintf.o)
 .debug_frame   0x000030d8       0x30 c:/h_da softwares & projects/psoc creator/4.4/psoc creator/import/gnu/arm/5.4.1/bin/../lib/gcc/arm-none-eabi/5.4.1/../../../../arm-none-eabi/lib/armv7-m\libg_nano.a(lib_a-malloc.o)
 .debug_frame   0x00003108       0x38 c:/h_da softwares & projects/psoc creator/4.4/psoc creator/import/gnu/arm/5.4.1/bin/../lib/gcc/arm-none-eabi/5.4.1/../../../../arm-none-eabi/lib/armv7-m\libg_nano.a(lib_a-nano-freer.o)
 .debug_frame   0x00003140       0x2c c:/h_da softwares & projects/psoc creator/4.4/psoc creator/import/gnu/arm/5.4.1/bin/../lib/gcc/arm-none-eabi/5.4.1/../../../../arm-none-eabi/lib/armv7-m\libg_nano.a(lib_a-nano-mallocr.o)
 .debug_frame   0x0000316c       0x90 c:/h_da softwares & projects/psoc creator/4.4/psoc creator/import/gnu/arm/5.4.1/bin/../lib/gcc/arm-none-eabi/5.4.1/../../../../arm-none-eabi/lib/armv7-m\libg_nano.a(lib_a-nano-svfprintf.o)
 .debug_frame   0x000031fc       0x60 c:/h_da softwares & projects/psoc creator/4.4/psoc creator/import/gnu/arm/5.4.1/bin/../lib/gcc/arm-none-eabi/5.4.1/../../../../arm-none-eabi/lib/armv7-m\libg_nano.a(lib_a-nano-vfprintf_i.o)
 .debug_frame   0x0000325c       0x2c c:/h_da softwares & projects/psoc creator/4.4/psoc creator/import/gnu/arm/5.4.1/bin/../lib/gcc/arm-none-eabi/5.4.1/../../../../arm-none-eabi/lib/armv7-m\libg_nano.a(lib_a-sbrkr.o)
 .debug_frame   0x00003288       0x28 c:/h_da softwares & projects/psoc creator/4.4/psoc creator/import/gnu/arm/5.4.1/bin/../lib/gcc/arm-none-eabi/5.4.1/../../../../arm-none-eabi/lib/armv7-m\libg_nano.a(lib_a-memchr-stub.o)