Archive member included to satisfy reference by file (symbol)

.\CortexM3\ARM_GCC_541\Debug\ReactionGame.a(RED_LED.o)
                              .\CortexM3\ARM_GCC_541\Debug\pins.o (RED_LED_Write)
.\CortexM3\ARM_GCC_541\Debug\ReactionGame.a(YELLOW_LED.o)
                              .\CortexM3\ARM_GCC_541\Debug\pins.o (YELLOW_LED_Write)
.\CortexM3\ARM_GCC_541\Debug\ReactionGame.a(GREEN_LED.o)
                              .\CortexM3\ARM_GCC_541\Debug\pins.o (GREEN_LED_Write)
.\CortexM3\ARM_GCC_541\Debug\ReactionGame.a(UART_LOG.o)
                              .\CortexM3\ARM_GCC_541\Debug\main.o (UART_LOG_Start)
.\CortexM3\ARM_GCC_541\Debug\ReactionGame.a(UART_LOG_IntClock.o)
                              .\CortexM3\ARM_GCC_541\Debug\ReactionGame.a(UART_LOG.o) (UART_LOG_IntClock_Start)
.\CortexM3\ARM_GCC_541\Debug\ReactionGame.a(CyLib.o)
                              .\CortexM3\ARM_GCC_541\Debug\Cm3Start.o (CyHalt)
.\CortexM3\ARM_GCC_541\Debug\ReactionGame.a(cyPm.o)
                              .\CortexM3\ARM_GCC_541\Debug\ReactionGame.a(CyLib.o) (CyPmReadStatus)
.\CortexM3\ARM_GCC_541\Debug\ReactionGame.a(ErikaOS_ee_activate.o)
                              .\CortexM3\ARM_GCC_541\Debug\main.o (EE_oo_ActivateTask)
.\CortexM3\ARM_GCC_541\Debug\ReactionGame.a(ErikaOS_ee_alsetrel.o)
                              .\CortexM3\ARM_GCC_541\Debug\main.o (EE_oo_SetRelAlarm)
.\CortexM3\ARM_GCC_541\Debug\ReactionGame.a(ErikaOS_ee_altick.o)
                              .\CortexM3\ARM_GCC_541\Debug\ReactionGame.a(ErikaOS_ee_alsetrel.o) (EE_oo_counter_object_insert)
.\CortexM3\ARM_GCC_541\Debug\ReactionGame.a(ErikaOS_ee_evclear.o)
                              .\CortexM3\ARM_GCC_541\Debug\ReactionGame.o (EE_oo_ClearEvent)
.\CortexM3\ARM_GCC_541\Debug\ReactionGame.a(ErikaOS_ee_evget.o)
                              .\CortexM3\ARM_GCC_541\Debug\ReactionGame.o (EE_oo_GetEvent)
.\CortexM3\ARM_GCC_541\Debug\ReactionGame.a(ErikaOS_ee_evset.o)
                              .\CortexM3\ARM_GCC_541\Debug\ReactionGame.o (EE_oo_SetEvent)
.\CortexM3\ARM_GCC_541\Debug\ReactionGame.a(ErikaOS_ee_evwait.o)
                              .\CortexM3\ARM_GCC_541\Debug\ReactionGame.o (EE_oo_WaitEvent)
.\CortexM3\ARM_GCC_541\Debug\ReactionGame.a(ErikaOS_ee_irqendin.o)
                              .\CortexM3\ARM_GCC_541\Debug\main.o (EE_IRQ_end_post_stub)
.\CortexM3\ARM_GCC_541\Debug\ReactionGame.a(ErikaOS_ee_lookup.o)
                              .\CortexM3\ARM_GCC_541\Debug\ReactionGame.a(ErikaOS_ee_irqendin.o) (EE_oo_IRQ_disable_count)
.\CortexM3\ARM_GCC_541\Debug\ReactionGame.a(ErikaOS_ee_rq_exchg.o)
                              .\CortexM3\ARM_GCC_541\Debug\ReactionGame.a(ErikaOS_ee_activate.o) (EE_rq2stk_exchange)
.\CortexM3\ARM_GCC_541\Debug\ReactionGame.a(ErikaOS_ee_rq_first.o)
                              .\CortexM3\ARM_GCC_541\Debug\ReactionGame.a(ErikaOS_ee_activate.o) (EE_rq_queryfirst)
.\CortexM3\ARM_GCC_541\Debug\ReactionGame.a(ErikaOS_ee_rq_inser.o)
                              .\CortexM3\ARM_GCC_541\Debug\ReactionGame.a(ErikaOS_ee_activate.o) (EE_rq_insert)
.\CortexM3\ARM_GCC_541\Debug\ReactionGame.a(ErikaOS_ee_startos.o)
                              .\CortexM3\ARM_GCC_541\Debug\main.o (EE_oo_StartOS)
.\CortexM3\ARM_GCC_541\Debug\ReactionGame.a(ErikaOS_ee_terminat.o)
                              .\CortexM3\ARM_GCC_541\Debug\main.o (EE_oo_TerminateTask)
.\CortexM3\ARM_GCC_541\Debug\ReactionGame.a(ErikaOS_cortex_mx_ee_utils.o)
                              .\CortexM3\ARM_GCC_541\Debug\main.o (EE_system_init)
.\CortexM3\ARM_GCC_541\Debug\ReactionGame.a(ErikaOS_common_ee_hal_structs.o)
                              .\CortexM3\ARM_GCC_541\Debug\ReactionGame.a(ErikaOS_ee_irqendin.o) (EE_std_endcycle_next_tid)
.\CortexM3\ARM_GCC_541\Debug\ReactionGame.a(ErikaOS_eecfg.o)
                              .\CortexM3\ARM_GCC_541\Debug\ReactionGame.a(ErikaOS_ee_startos.o) (EE_oo_autostart_task_data)
.\CortexM3\ARM_GCC_541\Debug\ReactionGame.a(ButtonRight.o)
                              .\CortexM3\ARM_GCC_541\Debug\ReactionGame.o (ButtonRight_Read)
.\CortexM3\ARM_GCC_541\Debug\ReactionGame.a(ButtonLeft.o)
                              .\CortexM3\ARM_GCC_541\Debug\ReactionGame.o (ButtonLeft_Read)
.\CortexM3\ARM_GCC_541\Debug\ReactionGame.a(SEVEN_DP.o)
                              .\CortexM3\ARM_GCC_541\Debug\seven.o (SEVEN_DP_Write)
.\CortexM3\ARM_GCC_541\Debug\ReactionGame.a(SEVEN_SELECT.o)
                              .\CortexM3\ARM_GCC_541\Debug\seven.o (SEVEN_SELECT_Write)
.\CortexM3\ARM_GCC_541\Debug\ReactionGame.a(SEVEN_reg.o)
                              .\CortexM3\ARM_GCC_541\Debug\seven.o (SEVEN_reg_Write)
.\CortexM3\ARM_GCC_541\Debug\ReactionGame.a(TFT_SPI.o)
                              .\CortexM3\ARM_GCC_541\Debug\tft.o (TFT_SPI_WriteTxData)
.\CortexM3\ARM_GCC_541\Debug\ReactionGame.a(TFT_DC.o)
                              .\CortexM3\ARM_GCC_541\Debug\tft.o (TFT_DC_Write)
[...]
Memory Configuration

Name             Origin             Length             Attributes
rom              0x00000000         0x00040000         xr
ram              0x1fff8000         0x00010000         xrw
*default*        0x00000000         0xffffffff

Linker script and memory map

LOAD c:/h_da softwares & projects/psoc creator/4.4/psoc creator/import/gnu/arm/5.4.1/bin/../lib/gcc/arm-none-eabi/5.4.1/armv7-m/crti.o
LOAD c:/h_da softwares & projects/psoc creator/4.4/psoc creator/import/gnu/arm/5.4.1/bin/../lib/gcc/arm-none-eabi/5.4.1/armv7-m/crtbegin.o
LOAD c:/h_da softwares & projects/psoc creator/4.4/psoc creator/import/gnu/arm/5.4.1/bin/../lib/gcc/arm-none-eabi/5.4.1/../../../../arm-none-eabi/lib/armv7-m/crt0.o
START GROUP
LOAD .\CortexM3\ARM_GCC_541\Debug\main.o
LOAD .\CortexM3\ARM_GCC_541\Debug\TimingAnalyzer.o
LOAD .\CortexM3\ARM_GCC_541\Debug\ReactionGame.o
LOAD .\CortexM3\ARM_GCC_541\Debug\ArcadianLight.o
LOAD .\CortexM3\ARM_GCC_541\Debug\logging.o
LOAD .\CortexM3\ARM_GCC_541\Debug\seven.o
LOAD .\CortexM3\ARM_GCC_541\Debug\pins.o
LOAD .\CortexM3\ARM_GCC_541\Debug\tft.o
LOAD .\CortexM3\ARM_GCC_541\Debug\cyfitter_cfg.o
LOAD .\CortexM3\ARM_GCC_541\Debug\cymetadata.o
LOAD .\CortexM3\ARM_GCC_541\Debug\Cm3Start.o
LOAD .\CortexM3\ARM_GCC_541\Debug\ReactionGame.a
LOAD C:\H_Da Softwares & Projects\PSoC Creator\4.4\PSoC Creator\psoc\content\cycomponentlibrary\CyComponentLibrary.cylib\CortexM3\ARM_GCC_541\Debug\CyComponentLibrary.a
END GROUP
START GROUP
LOAD c:/h_da softwares & projects/psoc creator/4.4/psoc creator/import/gnu/arm/5.4.1/bin/../lib/gcc/arm-none-eabi/5.4.1/armv7-m\libgcc.a
LOAD c:/h_da softwares & projects/psoc creator/4.4/psoc creator/import/gnu/arm/5.4.1/bin/../lib/gcc/arm-none-eabi/5.4.1/../../../../arm-none-eabi/lib/armv7-m\libg_nano.a
LOAD c:/h_da softwares & projects/psoc creator/4.4/psoc creator/import/gnu/arm/5.4.1/bin/../lib/gcc/arm-none-eabi/5.4.1/../../../../arm-none-eabi/lib/armv7-m\libc_nano.a
END GROUP
START GROUP
LOAD c:/h_da softwares & projects/psoc creator/4.4/psoc creator/import/gnu/arm/5.4.1/bin/../lib/gcc/arm-none-eabi/5.4.1/armv7-m\libgcc.a
LOAD c:/h_da softwares & projects/psoc creator/4.4/psoc creator/import/gnu/arm/5.4.1/bin/../lib/gcc/arm-none-eabi/5.4.1/../../../../arm-none-eabi/lib/armv7-m\libc_nano.a
END GROUP
LOAD c:/h_da softwares & projects/psoc creator/4.4/psoc creator/import/gnu/arm/5.4.1/bin/../lib/gcc/arm-none-eabi/5.4.1/armv7-m/crtend.o
LOAD c:/h_da softwares & projects/psoc creator/4.4/psoc creator/import/gnu/arm/5.4.1/bin/../lib/gcc/arm-none-eabi/5.4.1/armv7-m/crtn.o
START GROUP
LOAD c:/h_da softwares & projects/psoc creator/4.4/psoc creator/import/gnu/arm/5.4.1/bin/../lib/gcc/arm-none-eabi/5.4.1/armv7-m\libgcc.a
LOAD c:/h_da softwares & projects/psoc creator/4.4/psoc creator/import/gnu/arm/5.4.1/bin/../lib/gcc/arm-none-eabi/5.4.1/../../../../arm-none-eabi/lib/armv7-m\libc.a
LOAD c:/h_da softwares & projects/psoc creator/4.4/psoc creator/import/gnu/arm/5.4.1/bin/../lib/gcc/arm-none-eabi/5.4.1/../../../../arm-none-eabi/lib/armv7-m\libnosys.a
END GROUP
                0x00000000                CY_APPL_ORIGIN = 0x0
                0x00000100                CY_FLASH_ROW_SIZE = 0x100
                0x00000020                CY_ECC_ROW_SIZE = 0x20
                0x00000000                CY_EE_IN_BTLDR = 0x0
                0x00000000                CY_APPL_LOADABLE = 0x0
                0x00000800                CY_EE_SIZE = 0x800
                0x00000001                CY_APPL_NUM = 0x1
                0x00000001                CY_APPL_MAX = 0x1
                0x00000040                CY_METADATA_SIZE = 0x40
                0x00000000                CY_APPL_LOADABLE = 0x0
                0x00000000                CY_CHECKSUM_EXCLUDE_SIZE = ALIGN (0x0, CY_FLASH_ROW_SIZE)
                [!provide]                PROVIDE (__cy_heap_start, _end)
                0x00000001                PROVIDE (__cy_region_num, ((__cy_regions_end - __cy_regions) / 0x10))
                0x20008000                PROVIDE (__cy_stack, (ORIGIN (ram) + LENGTH (ram)))
                [!provide]                PROVIDE (__cy_heap_end, (__cy_stack - 0x800))

.cybootloader   0x00000000        0x0
 *(.cybootloader)
                0x00000000                appl1_start = CY_APPL_ORIGIN?CY_APPL_ORIGIN:ALIGN (CY_FLASH_ROW_SIZE)
                0x0001ff00                appl2_start = (appl1_start + ALIGN ((((LENGTH (rom) - appl1_start) - (0x2 * CY_FLASH_ROW_SIZE)) / 0x2), CY_FLASH_ROW_SIZE))
                0x00000000                appl_start = (CY_APPL_NUM == 0x1)?appl1_start:appl2_start
                0x00000000                ecc_offset = ((appl_start / CY_FLASH_ROW_SIZE) * CY_ECC_ROW_SIZE)
                0x00000000                ee_offset = (CY_APPL_LOADABLE && ! (CY_EE_IN_BTLDR))?((CY_EE_SIZE / CY_APPL_MAX) * (CY_APPL_NUM - 0x1)):0x0
                0x00000800                ee_size = (CY_APPL_LOADABLE && ! (CY_EE_IN_BTLDR))?(CY_EE_SIZE / CY_APPL_MAX):CY_EE_SIZE
                [!provide]                PROVIDE (CY_ECC_OFFSET, ecc_offset)

.text           0x00000000     0x33b6
 CREATE_OBJECT_SYMBOLS
                0x00000000                PROVIDE (__cy_interrupt_vector, RomVectors)
 *(.romvectors)
 .romvectors    0x00000000       0x10 .\CortexM3\ARM_GCC_541\Debug\Cm3Start.o
                0x00000000                RomVectors
                0x00000001                ASSERT ((. != __cy_interrupt_vector), No interrupt vector)
                0x00000001                ASSERT (CY_APPL_ORIGIN?(SIZEOF (.cybootloader) <= CY_APPL_ORIGIN):0x1, Wrong image location)
                0x00000010                PROVIDE (__cy_reset, Reset)
 *(.text.Reset)
 .text.Reset    0x00000010       0x18 .\CortexM3\ARM_GCC_541\Debug\Cm3Start.o
                0x00000010                Reset
                0x00000001                ASSERT ((. != __cy_reset), No reset code)
 *(.dma_init)
                0x00000001                ASSERT ((((appl_start + .) <= 0x10000) || 0x1), DMA Init must be within the first 64k of flash)
 *(.text .text.* .gnu.linkonce.t.*)
 .text          0x00000028       0x5c c:/h_da softwares & projects/psoc creator/4.4/psoc creator/import/gnu/arm/5.4.1/bin/../lib/gcc/arm-none-eabi/5.4.1/armv7-m/crtbegin.o
 .text.main     0x00000084       0x28 .\CortexM3\ARM_GCC_541\Debug\main.o
                0x00000084                main
 .text.Functsk_init
                0x000000ac       0x70 .\CortexM3\ARM_GCC_541\Debug\main.o
                0x000000ac                Functsk_init
 .text.Functsk_background
                0x0000011c        0x4 .\CortexM3\ARM_GCC_541\Debug\main.o
                0x0000011c                Functsk_background
 .text.ISR2_systick_handler
                0x00000120        0xc .\CortexM3\ARM_GCC_541\Debug\main.o
                0x00000120                ISR2_systick_handler
 .text.systick_handler
                0x0000012c       0x98 .\CortexM3\ARM_GCC_541\Debug\main.o
                0x0000012c                systick_handler
 .text.TA_init  0x000001c4       0x34 .\CortexM3\ARM_GCC_541\Debug\TimingAnalyzer.o
                0x000001c4                TA_init
 .text.TA_create
                0x000001f8       0x7c .\CortexM3\ARM_GCC_541\Debug\TimingAnalyzer.o
                0x000001f8                TA_create
 .text.TA_start
                0x00000274       0x60 .\CortexM3\ARM_GCC_541\Debug\TimingAnalyzer.o
                0x00000274                TA_start
 .text.TA_calculateElapsedTime
                0x000002d4       0x20 .\CortexM3\ARM_GCC_541\Debug\TimingAnalyzer.o
                0x000002d4                TA_calculateElapsedTime
 .text.TA_stop  0x000002f4       0x70 .\CortexM3\ARM_GCC_541\Debug\TimingAnalyzer.o
                0x000002f4                TA_stop
 .text.TA_getElapsedTimeInMs
                0x00000364       0x10 .\CortexM3\ARM_GCC_541\Debug\TimingAnalyzer.o
                0x00000364                TA_getElapsedTimeInMs
 .text.Functsk_game
                0x00000374      0x1c4 .\CortexM3\ARM_GCC_541\Debug\ReactionGame.o
                0x00000374                Functsk_game
 .text.Functsk_timer
                0x00000538       0xb8 .\CortexM3\ARM_GCC_541\Debug\ReactionGame.o
                0x00000538                Functsk_timer
 .text.Functsk_tft
                0x000005f0       0xb8 .\CortexM3\ARM_GCC_541\Debug\ReactionGame.o
                0x000005f0                Functsk_tft
 .text.ISR2_isr_button
                0x000006a8       0x28 .\CortexM3\ARM_GCC_541\Debug\ReactionGame.o
                0x000006a8                ISR2_isr_button
 .text.isr_button
                0x000006d0       0x98 .\CortexM3\ARM_GCC_541\Debug\ReactionGame.o
                0x000006d0                isr_button
 .text.Functsk_glower
                0x00000768       0x3c .\CortexM3\ARM_GCC_541\Debug\ArcadianLight.o
                0x00000768                Functsk_glower
 .text.LOG_send
                0x000007a4       0x2c .\CortexM3\ARM_GCC_541\Debug\logging.o
                0x000007a4                LOG_send
 .text.SEVEN_writeRandom
                0x000007d0       0x4c .\CortexM3\ARM_GCC_541\Debug\seven.o
                0x000007d0                SEVEN_writeRandom
 .text.SEVEN_Clear
                0x0000081c       0x1c .\CortexM3\ARM_GCC_541\Debug\seven.o
                0x0000081c                SEVEN_Clear
 .text.SEVEN_Init
                0x00000838       0x14 .\CortexM3\ARM_GCC_541\Debug\seven.o
                0x00000838                SEVEN_Init
 .text.SEVEN_ClearAll
                0x0000084c       0x2c .\CortexM3\ARM_GCC_541\Debug\seven.o
                0x0000084c                SEVEN_ClearAll
 .text.Pins_Init
                0x00000878       0x18 .\CortexM3\ARM_GCC_541\Debug\pins.o
                0x00000878                Pins_Init
 .text.__TFT_SPI_TX_ISR
                0x00000890       0x58 .\CortexM3\ARM_GCC_541\Debug\tft.o
                0x00000890                __TFT_SPI_TX_ISR
 .text.TFT_send
                0x000008e8       0x84 .\CortexM3\ARM_GCC_541\Debug\tft.o
 .text.setAddrWindow
                0x0000096c       0x88 .\CortexM3\ARM_GCC_541\Debug\tft.o
 .text.TFT_setBacklight
                0x000009f4       0x10 .\CortexM3\ARM_GCC_541\Debug\tft.o
                0x000009f4                TFT_setBacklight
 .text.TFT_setRotation
                0x00000a04       0xc0 .\CortexM3\ARM_GCC_541\Debug\tft.o
                0x00000a04                TFT_setRotation
 .text.TFT_setCursor
                0x00000ac4       0x10 .\CortexM3\ARM_GCC_541\Debug\tft.o
                0x00000ac4                TFT_setCursor
 .text.TFT_setTextColor
                0x00000ad4        0xc .\CortexM3\ARM_GCC_541\Debug\tft.o
                0x00000ad4                TFT_setTextColor
 .text.TFT_getBGcolor
                0x00000ae0        0xc .\CortexM3\ARM_GCC_541\Debug\tft.o
                0x00000ae0                TFT_getBGcolor
 .text.TFT_setTextSize
                0x00000aec       0x10 .\CortexM3\ARM_GCC_541\Debug\tft.o
                0x00000aec                TFT_setTextSize
 .text.TFT_fillRect
                0x00000afc       0x8c .\CortexM3\ARM_GCC_541\Debug\tft.o
                0x00000afc                TFT_fillRect
 .text.TFT_fillScreen
                0x00000b88       0x24 .\CortexM3\ARM_GCC_541\Debug\tft.o
                0x00000b88                TFT_fillScreen
 .text.TFT_init
                0x00000bac       0xe4 .\CortexM3\ARM_GCC_541\Debug\tft.o
                0x00000bac                TFT_init
 .text.TFT_clearScreen
                0x00000c90        0xc .\CortexM3\ARM_GCC_541\Debug\tft.o
                0x00000c90                TFT_clearScreen
 .text.TFT_drawPixel
                0x00000c9c       0x50 .\CortexM3\ARM_GCC_541\Debug\tft.o
                0x00000c9c                TFT_drawPixel
 .text.TFT_fastVLine
                0x00000cec       0x64 .\CortexM3\ARM_GCC_541\Debug\tft.o
                0x00000cec                TFT_fastVLine
 .text.TFT_fastHLine
                0x00000d50       0x64 .\CortexM3\ARM_GCC_541\Debug\tft.o
                0x00000d50                TFT_fastHLine
 .text.TFT_drawRect
                0x00000db4       0x48 .\CortexM3\ARM_GCC_541\Debug\tft.o
                0x00000db4                TFT_drawRect
 .text.TFT_drawChar
                0x00000dfc      0x21c .\CortexM3\ARM_GCC_541\Debug\tft.o
                0x00000dfc                TFT_drawChar
 .text.TFT_write
                0x00001018      0x144 .\CortexM3\ARM_GCC_541\Debug\tft.o
                0x00001018                TFT_write
 .text.TFT_print
                0x0000115c       0x14 .\CortexM3\ARM_GCC_541\Debug\tft.o
                0x0000115c                TFT_print
 .text.CyClockStartupError
                0x00001170        0x4 .\CortexM3\ARM_GCC_541\Debug\cyfitter_cfg.o
 .text.cfg_write_bytes32
                0x00001174       0x34 .\CortexM3\ARM_GCC_541\Debug\cyfitter_cfg.o
 .text.AnalogSetDefault
                0x000011a8       0x28 .\CortexM3\ARM_GCC_541\Debug\cyfitter_cfg.o
 .text.CYMEMZERO
                0x000011d0        0xc .\CortexM3\ARM_GCC_541\Debug\cyfitter_cfg.o
 .text.ClockSetup
                0x000011dc       0xe0 .\CortexM3\ARM_GCC_541\Debug\cyfitter_cfg.o
 .text.CYCONFIGCPY
                0x000012bc        0x8 .\CortexM3\ARM_GCC_541\Debug\cyfitter_cfg.o
 .text.cyfitter_cfg
                0x000012c4      0x138 .\CortexM3\ARM_GCC_541\Debug\cyfitter_cfg.o
                0x000012c4                cyfitter_cfg
 .text.IntDefaultHandler
                0x000013fc       0x10 .\CortexM3\ARM_GCC_541\Debug\Cm3Start.o
                0x000013fc                IntDefaultHandler
 .text._sbrk    0x0000140c       0x30 .\CortexM3\ARM_GCC_541\Debug\Cm3Start.o
                0x0000140c                _sbrk
 .text.Start_c  0x0000143c       0x4c .\CortexM3\ARM_GCC_541\Debug\Cm3Start.o
                0x0000143c                Start_c
 .text.initialize_psoc
                0x00001488       0x68 .\CortexM3\ARM_GCC_541\Debug\Cm3Start.o
                0x00001488                initialize_psoc
 .text.RED_LED_Write
                0x000014f0       0x18 .\CortexM3\ARM_GCC_541\Debug\ReactionGame.a(RED_LED.o)
                0x000014f0                RED_LED_Write
 .text.YELLOW_LED_Write
                0x00001508       0x18 .\CortexM3\ARM_GCC_541\Debug\ReactionGame.a(YELLOW_LED.o)
                0x00001508                YELLOW_LED_Write
 .text.GREEN_LED_Write
                0x00001520       0x18 .\CortexM3\ARM_GCC_541\Debug\ReactionGame.a(GREEN_LED.o)
                0x00001520                GREEN_LED_Write
 .text.UART_LOG_Init
                0x00001538       0x28 .\CortexM3\ARM_GCC_541\Debug\ReactionGame.a(UART_LOG.o)
                0x00001538                UART_LOG_Init
 .text.UART_LOG_Enable
                0x00001560       0x38 .\CortexM3\ARM_GCC_541\Debug\ReactionGame.a(UART_LOG.o)
                0x00001560                UART_LOG_Enable
 .text.UART_LOG_Start
                0x00001598       0x1c .\CortexM3\ARM_GCC_541\Debug\ReactionGame.a(UART_LOG.o)
                0x00001598                UART_LOG_Start
 .text.UART_LOG_PutChar
                0x000015b4       0x18 .\CortexM3\ARM_GCC_541\Debug\ReactionGame.a(UART_LOG.o)
                0x000015b4                UART_LOG_PutChar
 .text.UART_LOG_PutString
                0x000015cc       0x24 .\CortexM3\ARM_GCC_541\Debug\ReactionGame.a(UART_LOG.o)
                0x000015cc                UART_LOG_PutString
 .text.UART_LOG_IntClock_Start
                0x000015f0       0x1c .\CortexM3\ARM_GCC_541\Debug\ReactionGame.a(UART_LOG_IntClock.o)
                0x000015f0                UART_LOG_IntClock_Start
 .text.CyHalt   0x0000160c        0x4 .\CortexM3\ARM_GCC_541\Debug\ReactionGame.a(CyLib.o)
                0x0000160c                CyHalt
 .text.CyDelay  0x00001610       0x2c .\CortexM3\ARM_GCC_541\Debug\ReactionGame.a(CyLib.o)
                0x00001610                CyDelay
 .text.CyIntSetPriority
                0x0000163c       0x30 .\CortexM3\ARM_GCC_541\Debug\ReactionGame.a(CyLib.o)
                0x0000163c                CyIntSetPriority
 .text.EE_oo_ActivateTask
                0x0000166c       0xe8 .\CortexM3\ARM_GCC_541\Debug\ReactionGame.a(ErikaOS_ee_activate.o)
                0x0000166c                EE_oo_ActivateTask
 .text.EE_oo_SetRelAlarm
                0x00001754       0x80 .\CortexM3\ARM_GCC_541\Debug\ReactionGame.a(ErikaOS_ee_alsetrel.o)
                0x00001754                EE_oo_SetRelAlarm
 .text.EE_oo_handle_action_callback
                0x000017d4        0xc .\CortexM3\ARM_GCC_541\Debug\ReactionGame.a(ErikaOS_ee_altick.o)
 .text.EE_oo_handle_action_task
                0x000017e0       0x4c .\CortexM3\ARM_GCC_541\Debug\ReactionGame.a(ErikaOS_ee_altick.o)
 .text.EE_oo_handle_action_event
                0x0000182c       0x60 .\CortexM3\ARM_GCC_541\Debug\ReactionGame.a(ErikaOS_ee_altick.o)
 .text.EE_oo_handle_action
                0x0000188c       0x28 .\CortexM3\ARM_GCC_541\Debug\ReactionGame.a(ErikaOS_ee_altick.o)
 .text.EE_oo_counter_object_insert
                0x000018b4       0x9c .\CortexM3\ARM_GCC_541\Debug\ReactionGame.a(ErikaOS_ee_altick.o)
                0x000018b4                EE_oo_counter_object_insert
 .text.EE_oo_IncrementCounterImplementation
                0x00001950      0x100 .\CortexM3\ARM_GCC_541\Debug\ReactionGame.a(ErikaOS_ee_altick.o)
                0x00001950                EE_oo_IncrementCounterImplementation
 .text.EE_oo_IncrementCounter
                0x00001a50       0xb0 .\CortexM3\ARM_GCC_541\Debug\ReactionGame.a(ErikaOS_ee_altick.o)
                0x00001a50                EE_oo_IncrementCounter
 .text.EE_oo_ClearEvent
                0x00001b00       0x5c .\CortexM3\ARM_GCC_541\Debug\ReactionGame.a(ErikaOS_ee_evclear.o)
                0x00001b00                EE_oo_ClearEvent
 .text.EE_oo_GetEvent
                0x00001b5c       0x40 .\CortexM3\ARM_GCC_541\Debug\ReactionGame.a(ErikaOS_ee_evget.o)
                0x00001b5c                EE_oo_GetEvent
 .text.EE_oo_SetEvent
                0x00001b9c      0x100 .\CortexM3\ARM_GCC_541\Debug\ReactionGame.a(ErikaOS_ee_evset.o)
                0x00001b9c                EE_oo_SetEvent
 .text.EE_oo_WaitEvent
                0x00001c9c      0x110 .\CortexM3\ARM_GCC_541\Debug\ReactionGame.a(ErikaOS_ee_evwait.o)
                0x00001c9c                EE_oo_WaitEvent
 .text.EE_IRQ_run_next_task
                0x00001dac       0x30 .\CortexM3\ARM_GCC_541\Debug\ReactionGame.a(ErikaOS_ee_irqendin.o)
 .text.EE_IRQ_end_instance
                0x00001ddc       0x68 .\CortexM3\ARM_GCC_541\Debug\ReactionGame.a(ErikaOS_ee_irqendin.o)
                0x00001ddc                EE_IRQ_end_instance
 .text.EE_IRQ_end_post_stub
                0x00001e44       0x14 .\CortexM3\ARM_GCC_541\Debug\ReactionGame.a(ErikaOS_ee_irqendin.o)
                0x00001e44                EE_IRQ_end_post_stub
 .text.EE_rq2stk_exchange
                0x00001e58       0x88 .\CortexM3\ARM_GCC_541\Debug\ReactionGame.a(ErikaOS_ee_rq_exchg.o)
                0x00001e58                EE_rq2stk_exchange
 .text.EE_rq_queryfirst
                0x00001ee0       0x44 .\CortexM3\ARM_GCC_541\Debug\ReactionGame.a(ErikaOS_ee_rq_first.o)
                0x00001ee0                EE_rq_queryfirst
 .text.EE_rq_insert
                0x00001f24       0x74 .\CortexM3\ARM_GCC_541\Debug\ReactionGame.a(ErikaOS_ee_rq_inser.o)
                0x00001f24                EE_rq_insert
 .text.compute_task_tid
                0x00001f98       0x10 .\CortexM3\ARM_GCC_541\Debug\ReactionGame.a(ErikaOS_ee_startos.o)
 .text.EE_oo_start_os
                0x00001fa8        0xc .\CortexM3\ARM_GCC_541\Debug\ReactionGame.a(ErikaOS_ee_startos.o)
 .text.EE_oo_autostart_tasks
                0x00001fb4       0x60 .\CortexM3\ARM_GCC_541\Debug\ReactionGame.a(ErikaOS_ee_startos.o)
 .text.EE_oo_autostart_os
                0x00002014        0xc .\CortexM3\ARM_GCC_541\Debug\ReactionGame.a(ErikaOS_ee_startos.o)
 .text.EE_oo_StartOS
                0x00002020       0x8c .\CortexM3\ARM_GCC_541\Debug\ReactionGame.a(ErikaOS_ee_startos.o)
                0x00002020                EE_oo_StartOS
 .text.EE_oo_TerminateTask
                0x000020ac       0x3c .\CortexM3\ARM_GCC_541\Debug\ReactionGame.a(ErikaOS_ee_terminat.o)
                0x000020ac                EE_oo_TerminateTask
 .text.EE_system_init
                0x000020e8       0x48 .\CortexM3\ARM_GCC_541\Debug\ReactionGame.a(ErikaOS_cortex_mx_ee_utils.o)
                0x000020e8                EE_system_init
 .text.ButtonRight_Read
                0x00002130       0x10 .\CortexM3\ARM_GCC_541\Debug\ReactionGame.a(ButtonRight.o)
                0x00002130                ButtonRight_Read
 .text.ButtonLeft_Read
                0x00002140       0x10 .\CortexM3\ARM_GCC_541\Debug\ReactionGame.a(ButtonLeft.o)
                0x00002140                ButtonLeft_Read
 .text.SEVEN_SELECT_Write
                0x00002150       0x18 .\CortexM3\ARM_GCC_541\Debug\ReactionGame.a(SEVEN_SELECT.o)
                0x00002150                SEVEN_SELECT_Write
 .text.SEVEN_reg_Write
                0x00002168        0xc .\CortexM3\ARM_GCC_541\Debug\ReactionGame.a(SEVEN_reg.o)
                0x00002168                SEVEN_reg_Write
 .text.SEVEN_reg_Read
                0x00002174        0xc .\CortexM3\ARM_GCC_541\Debug\ReactionGame.a(SEVEN_reg.o)
                0x00002174                SEVEN_reg_Read
 .text.TFT_SPI_Enable
                0x00002180       0x34 .\CortexM3\ARM_GCC_541\Debug\ReactionGame.a(TFT_SPI.o)
                0x00002180                TFT_SPI_Enable
 .text.TFT_SPI_ReadTxStatus
                0x000021b4        0xc .\CortexM3\ARM_GCC_541\Debug\ReactionGame.a(TFT_SPI.o)
                0x000021b4                TFT_SPI_ReadTxStatus
 .text.TFT_SPI_ReadRxStatus
                0x000021c0        0xc .\CortexM3\ARM_GCC_541\Debug\ReactionGame.a(TFT_SPI.o)
                0x000021c0                TFT_SPI_ReadRxStatus
 .text.TFT_SPI_WriteTxData
                0x000021cc       0x18 .\CortexM3\ARM_GCC_541\Debug\ReactionGame.a(TFT_SPI.o)
                0x000021cc                TFT_SPI_WriteTxData
 .text.TFT_SPI_ClearFIFO
                0x000021e4       0x3c .\CortexM3\ARM_GCC_541\Debug\ReactionGame.a(TFT_SPI.o)
                0x000021e4                TFT_SPI_ClearFIFO
 .text.TFT_SPI_Init
                0x00002220       0x28 .\CortexM3\ARM_GCC_541\Debug\ReactionGame.a(TFT_SPI.o)
                0x00002220                TFT_SPI_Init
 .text.TFT_SPI_Start
                0x00002248       0x1c .\CortexM3\ARM_GCC_541\Debug\ReactionGame.a(TFT_SPI.o)
                0x00002248                TFT_SPI_Start
 .text.TFT_DC_Write
                0x00002264       0x18 .\CortexM3\ARM_GCC_541\Debug\ReactionGame.a(TFT_DC.o)
                0x00002264                TFT_DC_Write
 .text.TFT_RES_Write
                0x0000227c       0x18 .\CortexM3\ARM_GCC_541\Debug\ReactionGame.a(TFT_RES.o)
                0x0000227c                TFT_RES_Write
 .text.TFT_BackLight_Enable
                0x00002294       0x28 .\CortexM3\ARM_GCC_541\Debug\ReactionGame.a(TFT_BackLight.o)
                0x00002294                TFT_BackLight_Enable
 .text.TFT_BackLight_WritePeriod
                0x000022bc        0xc .\CortexM3\ARM_GCC_541\Debug\ReactionGame.a(TFT_BackLight.o)
                0x000022bc                TFT_BackLight_WritePeriod
 .text.TFT_BackLight_WriteCompare
                0x000022c8        0xc .\CortexM3\ARM_GCC_541\Debug\ReactionGame.a(TFT_BackLight.o)
                0x000022c8                TFT_BackLight_WriteCompare
 .text.TFT_BackLight_SetInterruptMode
                0x000022d4        0xc .\CortexM3\ARM_GCC_541\Debug\ReactionGame.a(TFT_BackLight.o)
                0x000022d4                TFT_BackLight_SetInterruptMode
 .text.TFT_BackLight_Init
                0x000022e0       0x74 .\CortexM3\ARM_GCC_541\Debug\ReactionGame.a(TFT_BackLight.o)
                0x000022e0                TFT_BackLight_Init
 .text.TFT_BackLight_Start
                0x00002354       0x1c .\CortexM3\ARM_GCC_541\Debug\ReactionGame.a(TFT_BackLight.o)
                0x00002354                TFT_BackLight_Start
 .text.TFT_SPI_IntClock_Start
                0x00002370       0x1c .\CortexM3\ARM_GCC_541\Debug\ReactionGame.a(TFT_SPI_IntClock.o)
                0x00002370                TFT_SPI_IntClock_Start
 .text.PWM_RED_Enable
                0x0000238c       0x10 .\CortexM3\ARM_GCC_541\Debug\ReactionGame.a(PWM_RED.o)
                0x0000238c                PWM_RED_Enable
 .text.PWM_RED_WriteCounter
                0x0000239c        0xc .\CortexM3\ARM_GCC_541\Debug\ReactionGame.a(PWM_RED.o)
                0x0000239c                PWM_RED_WriteCounter
 .text.PWM_RED_WritePeriod
                0x000023a8        0xc .\CortexM3\ARM_GCC_541\Debug\ReactionGame.a(PWM_RED.o)
                0x000023a8                PWM_RED_WritePeriod
 .text.PWM_RED_WriteCompare
                0x000023b4        0xc .\CortexM3\ARM_GCC_541\Debug\ReactionGame.a(PWM_RED.o)
                0x000023b4                PWM_RED_WriteCompare
 .text.PWM_RED_Init
                0x000023c0       0x34 .\CortexM3\ARM_GCC_541\Debug\ReactionGame.a(PWM_RED.o)
                0x000023c0                PWM_RED_Init
 .text.PWM_RED_Start
                0x000023f4       0x1c .\CortexM3\ARM_GCC_541\Debug\ReactionGame.a(PWM_RED.o)
                0x000023f4                PWM_RED_Start
 .text.PWM_YELLOW_Enable
                0x00002410       0x10 .\CortexM3\ARM_GCC_541\Debug\ReactionGame.a(PWM_YELLOW.o)
                0x00002410                PWM_YELLOW_Enable
 .text.PWM_YELLOW_WriteCounter
                0x00002420        0xc .\CortexM3\ARM_GCC_541\Debug\ReactionGame.a(PWM_YELLOW.o)
                0x00002420                PWM_YELLOW_WriteCounter
 .text.PWM_YELLOW_WritePeriod
                0x0000242c        0xc .\CortexM3\ARM_GCC_541\Debug\ReactionGame.a(PWM_YELLOW.o)
                0x0000242c                PWM_YELLOW_WritePeriod
 .text.PWM_YELLOW_WriteCompare
                0x00002438        0xc .\CortexM3\ARM_GCC_541\Debug\ReactionGame.a(PWM_YELLOW.o)
                0x00002438                PWM_YELLOW_WriteCompare
 .text.PWM_YELLOW_Init
                0x00002444       0x34 .\CortexM3\ARM_GCC_541\Debug\ReactionGame.a(PWM_YELLOW.o)
                0x00002444                PWM_YELLOW_Init
 .text.PWM_YELLOW_Start
                0x00002478       0x1c .\CortexM3\ARM_GCC_541\Debug\ReactionGame.a(PWM_YELLOW.o)
                0x00002478                PWM_YELLOW_Start
 .text.PWM_GREEN_Enable
                0x00002494       0x10 .\CortexM3\ARM_GCC_541\Debug\ReactionGame.a(PWM_GREEN.o)
                0x00002494                PWM_GREEN_Enable
 .text.PWM_GREEN_WriteCounter
                0x000024a4        0xc .\CortexM3\ARM_GCC_541\Debug\ReactionGame.a(PWM_GREEN.o)
                0x000024a4                PWM_GREEN_WriteCounter
 .text.PWM_GREEN_WritePeriod
                0x000024b0        0xc .\CortexM3\ARM_GCC_541\Debug\ReactionGame.a(PWM_GREEN.o)
                0x000024b0                PWM_GREEN_WritePeriod
 .text.PWM_GREEN_WriteCompare
                0x000024bc        0xc .\CortexM3\ARM_GCC_541\Debug\ReactionGame.a(PWM_GREEN.o)
                0x000024bc                PWM_GREEN_WriteCompare
 .text.PWM_GREEN_Init
                0x000024c8       0x34 .\CortexM3\ARM_GCC_541\Debug\ReactionGame.a(PWM_GREEN.o)
                0x000024c8                PWM_GREEN_Init
 .text.PWM_GREEN_Start
                0x000024fc       0x1c .\CortexM3\ARM_GCC_541\Debug\ReactionGame.a(PWM_GREEN.o)
                0x000024fc                PWM_GREEN_Start
 .text.PWM_RGB_RED_Enable
                0x00002518       0x10 .\CortexM3\ARM_GCC_541\Debug\ReactionGame.a(PWM_RGB_RED.o)
                0x00002518                PWM_RGB_RED_Enable
 .text.PWM_RGB_RED_WriteCounter
                0x00002528        0xc .\CortexM3\ARM_GCC_541\Debug\ReactionGame.a(PWM_RGB_RED.o)
                0x00002528                PWM_RGB_RED_WriteCounter
 .text.PWM_RGB_RED_WritePeriod
                0x00002534        0xc .\CortexM3\ARM_GCC_541\Debug\ReactionGame.a(PWM_RGB_RED.o)
                0x00002534                PWM_RGB_RED_WritePeriod
 .text.PWM_RGB_RED_WriteCompare
                0x00002540        0xc .\CortexM3\ARM_GCC_541\Debug\ReactionGame.a(PWM_RGB_RED.o)
                0x00002540                PWM_RGB_RED_WriteCompare
 .text.PWM_RGB_RED_Init
                0x0000254c       0x34 .\CortexM3\ARM_GCC_541\Debug\ReactionGame.a(PWM_RGB_RED.o)
                0x0000254c                PWM_RGB_RED_Init
 .text.PWM_RGB_RED_Start
                0x00002580       0x1c .\CortexM3\ARM_GCC_541\Debug\ReactionGame.a(PWM_RGB_RED.o)
                0x00002580                PWM_RGB_RED_Start
 .text.PWM_RGB_GREEN_Enable
                0x0000259c       0x10 .\CortexM3\ARM_GCC_541\Debug\ReactionGame.a(PWM_RGB_GREEN.o)
                0x0000259c                PWM_RGB_GREEN_Enable
 .text.PWM_RGB_GREEN_WriteCounter
                0x000025ac        0xc .\CortexM3\ARM_GCC_541\Debug\ReactionGame.a(PWM_RGB_GREEN.o)
                0x000025ac                PWM_RGB_GREEN_WriteCounter
 .text.PWM_RGB_GREEN_WritePeriod
                0x000025b8        0xc .\CortexM3\ARM_GCC_541\Debug\ReactionGame.a(PWM_RGB_GREEN.o)
                0x000025b8                PWM_RGB_GREEN_WritePeriod
 .text.PWM_RGB_GREEN_WriteCompare
                0x000025c4        0xc .\CortexM3\ARM_GCC_541\Debug\ReactionGame.a(PWM_RGB_GREEN.o)
                0x000025c4                PWM_RGB_GREEN_WriteCompare
 .text.PWM_RGB_GREEN_Init
                0x000025d0       0x34 .\CortexM3\ARM_GCC_541\Debug\ReactionGame.a(PWM_RGB_GREEN.o)
                0x000025d0                PWM_RGB_GREEN_Init
 .text.PWM_RGB_GREEN_Start
                0x00002604       0x1c .\CortexM3\ARM_GCC_541\Debug\ReactionGame.a(PWM_RGB_GREEN.o)
                0x00002604                PWM_RGB_GREEN_Start
 .text.PWM_RGB_BLUE_Enable
                0x00002620       0x10 .\CortexM3\ARM_GCC_541\Debug\ReactionGame.a(PWM_RGB_BLUE.o)
                0x00002620                PWM_RGB_BLUE_Enable
 .text.PWM_RGB_BLUE_WriteCounter
                0x00002630        0xc .\CortexM3\ARM_GCC_541\Debug\ReactionGame.a(PWM_RGB_BLUE.o)
                0x00002630                PWM_RGB_BLUE_WriteCounter
 .text.PWM_RGB_BLUE_WritePeriod
                0x0000263c        0xc .\CortexM3\ARM_GCC_541\Debug\ReactionGame.a(PWM_RGB_BLUE.o)
                0x0000263c                PWM_RGB_BLUE_WritePeriod
 .text.PWM_RGB_BLUE_WriteCompare
                0x00002648        0xc .\CortexM3\ARM_GCC_541\Debug\ReactionGame.a(PWM_RGB_BLUE.o)
                0x00002648                PWM_RGB_BLUE_WriteCompare
 .text.PWM_RGB_BLUE_Init
                0x00002654       0x34 .\CortexM3\ARM_GCC_541\Debug\ReactionGame.a(PWM_RGB_BLUE.o)
                0x00002654                PWM_RGB_BLUE_Init
 .text.PWM_RGB_BLUE_Start
                0x00002688       0x1c .\CortexM3\ARM_GCC_541\Debug\ReactionGame.a(PWM_RGB_BLUE.o)
                0x00002688                PWM_RGB_BLUE_Start
 *fill*         0x000026a4        0x4 
 .text          0x000026a8       0x20 .\CortexM3\ARM_GCC_541\Debug\ReactionGame.a(CyBootAsmGnu.o)
                0x000026a8                CyDelayCycles
                0x000026b8                CyEnterCriticalSection
                0x000026c0                CyExitCriticalSection
 .text          0x000026c8       0x7c .\CortexM3\ARM_GCC_541\Debug\ReactionGame.a(ErikaOS_ee_gnu_change_context_isr.o)
                0x000026c8                EE_set_switch_context_pri
                0x000026e2                EE_switch_context
                0x000026ec                EE_cortex_mx_pendsv_ISR
                0x00002728                EE_cortex_mx_svc_ISR
 .text          0x00002744       0x24 .\CortexM3\ARM_GCC_541\Debug\ReactionGame.a(ErikaOS_ee_gnu_irq_stack.o)
                0x00002744                EE_cortex_mx_change_IRQ_stack
                0x00002756                EE_cortex_mx_change_IRQ_stack_back
 .text          0x00002768       0x68 .\CortexM3\ARM_GCC_541\Debug\ReactionGame.a(ErikaOS_ee_gnu_multi_context.o)
                0x00002768                EE_cortex_mx_change_context
 .text          0x000027d0       0x80 .\CortexM3\ARM_GCC_541\Debug\ReactionGame.a(ErikaOS_ee_gnu_oo.o)
                0x000027d0                EE_hal_terminate_savestk
                0x0000281a                EE_hal_terminate_task
 .text.EE_thread_not_terminated
                0x00002850       0x10 .\CortexM3\ARM_GCC_541\Debug\ReactionGame.a(ErikaOS_ee_tnterm.o)
                0x00002850                EE_thread_not_terminated
 .text.EE_oo_thread_stub
                0x00002860       0x10 .\CortexM3\ARM_GCC_541\Debug\ReactionGame.a(ErikaOS_ee_tstub.o)
                0x00002860                EE_oo_thread_stub
 .text.EE_std_run_task_code
                0x00002870       0x18 .\CortexM3\ARM_GCC_541\Debug\ReactionGame.a(ErikaOS_cortex_mx_ee_context.o)
                0x00002870                EE_std_run_task_code
 .text.EE_std_need_context_change
                0x00002888       0x28 .\CortexM3\ARM_GCC_541\Debug\ReactionGame.a(ErikaOS_cortex_mx_ee_context.o)
                0x00002888                EE_std_need_context_change
 .text.EE_thread_rnact_max
                0x000028b0       0x20 .\CortexM3\ARM_GCC_541\Debug\ReactionGame.a(ErikaOS_ee_thendin.o)
 .text.EE_thread_endcycle_next
                0x000028d0       0x30 .\CortexM3\ARM_GCC_541\Debug\ReactionGame.a(ErikaOS_ee_thendin.o)
 .text.EE_thread_end_instance
                0x00002900      0x108 .\CortexM3\ARM_GCC_541\Debug\ReactionGame.a(ErikaOS_ee_thendin.o)
                0x00002900                EE_thread_end_instance
 .text.__errno  0x00002a08        0xc c:/h_da softwares & projects/psoc creator/4.4/psoc creator/import/gnu/arm/5.4.1/bin/../lib/gcc/arm-none-eabi/5.4.1/../../../../arm-none-eabi/lib/armv7-m\libg_nano.a(lib_a-errno.o)
                0x00002a08                __errno
 .text.__libc_init_array
                0x00002a14       0x4c c:/h_da softwares & projects/psoc creator/4.4/psoc creator/import/gnu/arm/5.4.1/bin/../lib/gcc/arm-none-eabi/5.4.1/../../../../arm-none-eabi/lib/armv7-m\libg_nano.a(lib_a-init.o)
                0x00002a14                __libc_init_array
 .text.memcpy   0x00002a60       0x16 c:/h_da softwares & projects/psoc creator/4.4/psoc creator/import/gnu/arm/5.4.1/bin/../lib/gcc/arm-none-eabi/5.4.1/../../../../arm-none-eabi/lib/armv7-m\libg_nano.a(lib_a-memcpy-stub.o)
                0x00002a60                memcpy
 .text.memset   0x00002a76       0x10 c:/h_da softwares & projects/psoc creator/4.4/psoc creator/import/gnu/arm/5.4.1/bin/../lib/gcc/arm-none-eabi/5.4.1/../../../../arm-none-eabi/lib/armv7-m\libg_nano.a(lib_a-memset.o)
                0x00002a76                memset
 *fill*         0x00002a86        0x2 
 .text.rand     0x00002a88       0x74 c:/h_da softwares & projects/psoc creator/4.4/psoc creator/import/gnu/arm/5.4.1/bin/../lib/gcc/arm-none-eabi/5.4.1/../../../../arm-none-eabi/lib/armv7-m\libg_nano.a(lib_a-rand.o)
                0x00002a88                rand
 .text.snprintf
                0x00002afc       0x64 c:/h_da softwares & projects/psoc creator/4.4/psoc creator/import/gnu/arm/5.4.1/bin/../lib/gcc/arm-none-eabi/5.4.1/../../../../arm-none-eabi/lib/armv7-m\libg_nano.a(lib_a-snprintf.o)
                0x00002afc                sniprintf
                0x00002afc                snprintf
 .text.sprintf  0x00002b60       0x48 c:/h_da softwares & projects/psoc creator/4.4/psoc creator/import/gnu/arm/5.4.1/bin/../lib/gcc/arm-none-eabi/5.4.1/../../../../arm-none-eabi/lib/armv7-m\libg_nano.a(lib_a-sprintf.o)
                0x00002b60                siprintf
                0x00002b60                sprintf
 .text.malloc   0x00002ba8       0x10 c:/h_da softwares & projects/psoc creator/4.4/psoc creator/import/gnu/arm/5.4.1/bin/../lib/gcc/arm-none-eabi/5.4.1/../../../../arm-none-eabi/lib/armv7-m\libg_nano.a(lib_a-malloc.o)
                0x00002ba8                malloc
 .text._free_r  0x00002bb8       0x98 c:/h_da softwares & projects/psoc creator/4.4/psoc creator/import/gnu/arm/5.4.1/bin/../lib/gcc/arm-none-eabi/5.4.1/../../../../arm-none-eabi/lib/armv7-m\libg_nano.a(lib_a-nano-freer.o)
                0x00002bb8                _free_r
 .text._malloc_r
                0x00002c50       0xbc c:/h_da softwares & projects/psoc creator/4.4/psoc creator/import/gnu/arm/5.4.1/bin/../lib/gcc/arm-none-eabi/5.4.1/../../../../arm-none-eabi/lib/armv7-m\libg_nano.a(lib_a-nano-mallocr.o)
                0x00002c50                _malloc_r
 .text.__ssputs_r
                0x00002d0c       0xb2 c:/h_da softwares & projects/psoc creator/4.4/psoc creator/import/gnu/arm/5.4.1/bin/../lib/gcc/arm-none-eabi/5.4.1/../../../../arm-none-eabi/lib/armv7-m\libg_nano.a(lib_a-nano-svfprintf.o)
                0x00002d0c                __ssputs_r
 *fill*         0x00002dbe        0x2 
 .text._svfprintf_r
                0x00002dc0      0x1e8 c:/h_da softwares & projects/psoc creator/4.4/psoc creator/import/gnu/arm/5.4.1/bin/../lib/gcc/arm-none-eabi/5.4.1/../../../../arm-none-eabi/lib/armv7-m\libg_nano.a(lib_a-nano-svfprintf.o)
                0x00002dc0                _svfiprintf_r
                0x00002dc0                _svfprintf_r
 .text._printf_common
                0x00002fa8       0xec c:/h_da softwares & projects/psoc creator/4.4/psoc creator/import/gnu/arm/5.4.1/bin/../lib/gcc/arm-none-eabi/5.4.1/../../../../arm-none-eabi/lib/armv7-m\libg_nano.a(lib_a-nano-vfprintf_i.o)
                0x00002fa8                _printf_common
 .text._printf_i
                0x00003094      0x24c c:/h_da softwares & projects/psoc creator/4.4/psoc creator/import/gnu/arm/5.4.1/bin/../lib/gcc/arm-none-eabi/5.4.1/../../../../arm-none-eabi/lib/armv7-m\libg_nano.a(lib_a-nano-vfprintf_i.o)
                0x00003094                _printf_i
 .text._sbrk_r  0x000032e0       0x20 c:/h_da softwares & projects/psoc creator/4.4/psoc creator/import/gnu/arm/5.4.1/bin/../lib/gcc/arm-none-eabi/5.4.1/../../../../arm-none-eabi/lib/armv7-m\libg_nano.a(lib_a-sbrkr.o)
                0x000032e0                _sbrk_r
 .text.memchr   0x00003300       0x1c c:/h_da softwares & projects/psoc creator/4.4/psoc creator/import/gnu/arm/5.4.1/bin/../lib/gcc/arm-none-eabi/5.4.1/../../../../arm-none-eabi/lib/armv7-m\libg_nano.a(lib_a-memchr-stub.o)
                0x00003300                memchr
 .text.memmove  0x0000331c       0x36 c:/h_da softwares & projects/psoc creator/4.4/psoc creator/import/gnu/arm/5.4.1/bin/../lib/gcc/arm-none-eabi/5.4.1/../../../../arm-none-eabi/lib/armv7-m\libg_nano.a(lib_a-memmove.o)
                0x0000331c                memmove
 .text.__malloc_lock
                0x00003352        0x2 c:/h_da softwares & projects/psoc creator/4.4/psoc creator/import/gnu/arm/5.4.1/bin/../lib/gcc/arm-none-eabi/5.4.1/../../../../arm-none-eabi/lib/armv7-m\libg_nano.a(lib_a-mlock.o)
                0x00003352                __malloc_lock
 .text.__malloc_unlock
                0x00003354        0x2 c:/h_da softwares & projects/psoc creator/4.4/psoc creator/import/gnu/arm/5.4.1/bin/../lib/gcc/arm-none-eabi/5.4.1/../../../../arm-none-eabi/lib/armv7-m\libg_nano.a(lib_a-mlock.o)
                0x00003354                __malloc_unlock
 .text._realloc_r
                0x00003356       0x4c c:/h_da softwares & projects/psoc creator/4.4/psoc creator/import/gnu/arm/5.4.1/bin/../lib/gcc/arm-none-eabi/5.4.1/../../../../arm-none-eabi/lib/armv7-m\libg_nano.a(lib_a-nano-reallocr.o)
                0x00003356                _realloc_r
 .text._malloc_usable_size_r
                0x000033a2       0x14 c:/h_da softwares & projects/psoc creator/4.4/psoc creator/import/gnu/arm/5.4.1/bin/../lib/gcc/arm-none-eabi/5.4.1/../../../../arm-none-eabi/lib/armv7-m\libg_nano.a(lib_a-nano-msizer.o)
                0x000033a2                _malloc_usable_size_r
 *(.plt)
 *(.gnu.warning)
 *(.glue_7t)
 .glue_7t       0x000033b6        0x0 linker stubs
 *(.glue_7)
 .glue_7        0x000033b6        0x0 linker stubs
 *(.vfp11_veneer)
 .vfp11_veneer  0x000033b6        0x0 linker stubs
 *(.bootloader)
 *(.ARM.extab* .gnu.linkonce.armextab.*)
 *(.gcc_except_table)

.v4_bx          0x000033b8        0x0
 .v4_bx         0x000033b8        0x0 linker stubs

.iplt           0x000033b8        0x0
 .iplt          0x000033b8        0x0 c:/h_da softwares & projects/psoc creator/4.4/psoc creator/import/gnu/arm/5.4.1/bin/../lib/gcc/arm-none-eabi/5.4.1/armv7-m/crtbegin.o

.eh_frame_hdr
 *(.eh_frame_hdr)

.eh_frame       0x000033b8        0x4
 *(.eh_frame)
 .eh_frame      0x000033b8        0x0 c:/h_da softwares & projects/psoc creator/4.4/psoc creator/import/gnu/arm/5.4.1/bin/../lib/gcc/arm-none-eabi/5.4.1/armv7-m/crtbegin.o
 .eh_frame      0x000033b8        0x4 c:/h_da softwares & projects/psoc creator/4.4/psoc creator/import/gnu/arm/5.4.1/bin/../lib/gcc/arm-none-eabi/5.4.1/armv7-m/crtend.o
                [!provide]                PROVIDE (__exidx_start, .)

.ARM.exidx
 *(.ARM.exidx* .gnu.linkonce.armexidx.*)
                0x000033bc                __exidx_end = .

.rodata         0x000033bc      0xaa4
 *(.rodata .rodata.* .gnu.linkonce.r.*)
 .rodata.str1.4
                0x000033bc      0x175 .\CortexM3\ARM_GCC_541\Debug\ReactionGame.o
 *fill*         0x00003531        0x3 
 .rodata        0x00003534       0x36 .\CortexM3\ARM_GCC_541\Debug\ArcadianLight.o
                0x00003534                RG_glowtable
 *fill*         0x0000356a        0x2 
 .rodata.str1.4
                0x0000356c       0x14 .\CortexM3\ARM_GCC_541\Debug\logging.o
                                 0x18 (size before relaxing)
 .rodata        0x00003580      0x558 .\CortexM3\ARM_GCC_541\Debug\tft.o
 .rodata.str1.4
                0x00003ad8       0x14 .\CortexM3\ARM_GCC_541\Debug\tft.o
 .rodata        0x00003aec       0x44 .\CortexM3\ARM_GCC_541\Debug\cyfitter_cfg.o
 .rodata        0x00003b30      0x100 .\CortexM3\ARM_GCC_541\Debug\ReactionGame.a(ErikaOS_ee_lookup.o)
                0x00003b30                EE_rq_lookup
 .rodata        0x00003c30      0x124 .\CortexM3\ARM_GCC_541\Debug\ReactionGame.a(ErikaOS_eecfg.o)
                0x00003c30                EE_oo_autostart_task_data
                0x00003c3c                EE_oo_action_ROM
                0x00003c64                EE_oo_counter_object_ROM
                0x00003c7c                EE_ALARM_ID
                0x00003c84                EE_alarm_ROM
                0x00003c8c                EE_counter_ROM
                0x00003c98                EE_th_is_extended
                0x00003cb0                EE_th_rnact_max
                0x00003cc8                EE_th_dispatch_prio
                0x00003ce0                EE_EVENT_ID
                0x00003cf0                EE_th_ready_prio
                0x00003d08                EE_terminate_real_th_body
                0x00003d20                EE_hal_thread_body
                0x00003d38                EE_std_thread_tos
 .rodata.str1.4
                0x00003d54       0x9c .\CortexM3\ARM_GCC_541\Debug\ReactionGame.a(ErikaOS_eecfg.o)
                                 0x9b (size before relaxing)
 .rodata.str1.1
                0x00003df0        0x2 c:/h_da softwares & projects/psoc creator/4.4/psoc creator/import/gnu/arm/5.4.1/bin/../lib/gcc/arm-none-eabi/5.4.1/../../../../arm-none-eabi/lib/armv7-m\libg_nano.a(lib_a-impure.o)
 .rodata.str1.1
                0x00003df2       0x11 c:/h_da softwares & projects/psoc creator/4.4/psoc creator/import/gnu/arm/5.4.1/bin/../lib/gcc/arm-none-eabi/5.4.1/../../../../arm-none-eabi/lib/armv7-m\libg_nano.a(lib_a-nano-svfprintf.o)
 .rodata.str1.1
                0x00003e03       0x22 c:/h_da softwares & projects/psoc creator/4.4/psoc creator/import/gnu/arm/5.4.1/bin/../lib/gcc/arm-none-eabi/5.4.1/../../../../arm-none-eabi/lib/armv7-m\libg_nano.a(lib_a-nano-vfprintf_i.o)
                0x00003e28                . = ALIGN (0x4)
 *fill*         0x00003e25        0x3 
 *(.init)
 .init          0x00003e28        0x4 c:/h_da softwares & projects/psoc creator/4.4/psoc creator/import/gnu/arm/5.4.1/bin/../lib/gcc/arm-none-eabi/5.4.1/armv7-m/crti.o
                0x00003e28                _init
 .init          0x00003e2c        0x8 c:/h_da softwares & projects/psoc creator/4.4/psoc creator/import/gnu/arm/5.4.1/bin/../lib/gcc/arm-none-eabi/5.4.1/armv7-m/crtn.o
                0x00003e34                . = ALIGN (0x4)
                0x00003e34                __preinit_array_start = .
 *(.preinit_array)
                0x00003e34                __preinit_array_end = .
                0x00003e34                . = ALIGN (0x4)
                0x00003e34                __init_array_start = .
 *(SORT(.init_array.*))
 *(.init_array)
 .init_array    0x00003e34        0x4 c:/h_da softwares & projects/psoc creator/4.4/psoc creator/import/gnu/arm/5.4.1/bin/../lib/gcc/arm-none-eabi/5.4.1/armv7-m/crtbegin.o
 .init_array    0x00003e38        0x4 .\CortexM3\ARM_GCC_541\Debug\Cm3Start.o
                0x00003e3c                __init_array_end = .
                0x00003e3c                . = ALIGN (0x4)
 *(.fini)
 .fini          0x00003e3c        0x4 c:/h_da softwares & projects/psoc creator/4.4/psoc creator/import/gnu/arm/5.4.1/bin/../lib/gcc/arm-none-eabi/5.4.1/armv7-m/crti.o
                0x00003e3c                _fini
 .fini          0x00003e40        0x8 c:/h_da softwares & projects/psoc creator/4.4/psoc creator/import/gnu/arm/5.4.1/bin/../lib/gcc/arm-none-eabi/5.4.1/armv7-m/crtn.o
                0x00003e48                . = ALIGN (0x4)
                0x00003e48                __fini_array_start = .
 *(.fini_array)
 .fini_array    0x00003e48        0x4 c:/h_da softwares & projects/psoc creator/4.4/psoc creator/import/gnu/arm/5.4.1/bin/../lib/gcc/arm-none-eabi/5.4.1/armv7-m/crtbegin.o
 *(SORT(.fini_array.*))
                0x00003e4c                __fini_array_end = .
                0x00003e4c                . = ALIGN (0x4)
 *crtbegin.o(.ctors)
 *(EXCLUDE_FILE(*crtend.o) .ctors)
 *(SORT(.ctors.*))
 *crtend.o(.ctors)
                0x00003e4c                . = ALIGN (0x4)
 *crtbegin.o(.dtors)
 *(EXCLUDE_FILE(*crtend.o) .dtors)
 *(SORT(.dtors.*))
 *crtend.o(.dtors)
                0x00003e4c                . = ALIGN (0x4)
                0x00003e4c                __cy_regions = .
                0x00003e4c        0x4 LONG 0x3e60 __cy_region_init_ram
                0x00003e50        0x4 LONG 0x1fff80c8 __cy_region_start_data
                0x00003e54        0x4 LONG 0x1f0 __cy_region_init_size_ram
                0x00003e58        0x4 LONG 0x17b8 __cy_region_zero_size_ram
                0x00003e5c                __cy_regions_end = .
                0x00003e60                . = ALIGN (0x8)
 *fill*         0x00003e5c        0x4 
                0x00003e60                _etext = .

.cy_checksum_exclude
                0x00003e60        0x0
 *(.cy_checksum_exclude)

.ramvectors     0x1fff8000       0xc0
                0x1fff8000                __cy_region_start_ram = .
 *(.ramvectors)
 .ramvectors    0x1fff8000       0xc0 .\CortexM3\ARM_GCC_541\Debug\Cm3Start.o
                0x1fff8000                CyRamVectors

.noinit         0x1fff80c0        0x1
 *(.noinit)
 .noinit        0x1fff80c0        0x1 .\CortexM3\ARM_GCC_541\Debug\ReactionGame.a(CyLib.o)
                0x1fff80c0                CyResetStatus

.data           0x1fff80c8      0x1f0 load address 0x00003e60
                0x1fff80c8                __cy_region_start_data = .
 *(.jcr)
 .jcr           0x1fff80c8        0x0 c:/h_da softwares & projects/psoc creator/4.4/psoc creator/import/gnu/arm/5.4.1/bin/../lib/gcc/arm-none-eabi/5.4.1/armv7-m/crtbegin.o
 .jcr           0x1fff80c8        0x4 c:/h_da softwares & projects/psoc creator/4.4/psoc creator/import/gnu/arm/5.4.1/bin/../lib/gcc/arm-none-eabi/5.4.1/armv7-m/crtend.o
 *(.got.plt)
 *(.got)
 *(.shdata)
 *(.data .data.* .gnu.linkonce.d.*)
 .data          0x1fff80cc       0x10 .\CortexM3\ARM_GCC_541\Debug\ReactionGame.o
 .data          0x1fff80dc        0x2 .\CortexM3\ARM_GCC_541\Debug\seven.o
 *fill*         0x1fff80de        0x2 
 .data          0x1fff80e0        0x4 .\CortexM3\ARM_GCC_541\Debug\Cm3Start.o
 .data          0x1fff80e4       0x10 .\CortexM3\ARM_GCC_541\Debug\ReactionGame.a(CyLib.o)
                0x1fff80e4                cydelay_32k_ms
                0x1fff80e8                cydelay_freq_khz
                0x1fff80ec                cydelay_freq_mhz
                0x1fff80f0                cydelay_freq_hz
 .data          0x1fff80f4      0x158 .\CortexM3\ARM_GCC_541\Debug\ReactionGame.a(ErikaOS_eecfg.o)
                0x1fff80f4                EE_ALARM_NAME
                0x1fff80fc                EE_counter_RAM
                0x1fff8104                EE_th_terminate_nextask
                0x1fff811c                EE_rq_pairs_next
                0x1fff8134                EE_rq_link
                0x1fff814c                EE_th_rnact
                0x1fff8164                EE_rq_queues_tail
                0x1fff81a4                EE_rq_queues_head
                0x1fff81e4                EE_stkfirst
                0x1fff81e8                EE_th_next
                0x1fff8200                EE_th_status
                0x1fff8218                EE_EVENT_NAME
                0x1fff8228                EE_TASK_NAME
                0x1fff8240                EE_cortex_mx_IRQ_tos
                0x1fff8244                EE_cortex_mx_system_tos
 .data          0x1fff824c        0x4 .\CortexM3\ARM_GCC_541\Debug\ReactionGame.a(ErikaOS_ee_gnu_irq_stack.o)
 .data.impure_data
                0x1fff8250       0x60 c:/h_da softwares & projects/psoc creator/4.4/psoc creator/import/gnu/arm/5.4.1/bin/../lib/gcc/arm-none-eabi/5.4.1/../../../../arm-none-eabi/lib/armv7-m\libg_nano.a(lib_a-impure.o)
 .data._impure_ptr
                0x1fff82b0        0x4 c:/h_da softwares & projects/psoc creator/4.4/psoc creator/import/gnu/arm/5.4.1/bin/../lib/gcc/arm-none-eabi/5.4.1/../../../../arm-none-eabi/lib/armv7-m\libg_nano.a(lib_a-impure.o)
                0x1fff82b0                _impure_ptr
                0x1fff82b8                . = ALIGN (0x8)
 *fill*         0x1fff82b4        0x4 
 *(.ram)
                0x1fff82b8                _edata = .

.igot.plt       0x1fff82b8        0x0 load address 0x00004050
 .igot.plt      0x1fff82b8        0x0 c:/h_da softwares & projects/psoc creator/4.4/psoc creator/import/gnu/arm/5.4.1/bin/../lib/gcc/arm-none-eabi/5.4.1/armv7-m/crtbegin.o

.bss            0x1fff82b8     0x17b8 load address 0x00004050
                0x1fff82b8                PROVIDE (__bss_start__, .)
 *(.shbss)
 *(.bss .bss.* .gnu.linkonce.b.*)
 .bss           0x1fff82b8       0x1c c:/h_da softwares & projects/psoc creator/4.4/psoc creator/import/gnu/arm/5.4.1/bin/../lib/gcc/arm-none-eabi/5.4.1/armv7-m/crtbegin.o
 .bss           0x1fff82d4       0x30 .\CortexM3\ARM_GCC_541\Debug\TimingAnalyzer.o
 .bss           0x1fff8304       0x21 .\CortexM3\ARM_GCC_541\Debug\ReactionGame.o
 *fill*         0x1fff8325        0x3 
 .bss           0x1fff8328       0xe6 .\CortexM3\ARM_GCC_541\Debug\tft.o
 .bss           0x1fff840e        0x2 .\CortexM3\ARM_GCC_541\Debug\ReactionGame.a(UART_LOG.o)
                0x1fff840e                UART_LOG_initVar
 .bss           0x1fff8410       0x58 .\CortexM3\ARM_GCC_541\Debug\ReactionGame.a(ErikaOS_eecfg.o)
                0x1fff8410                EE_th_waswaiting
                0x1fff8428                EE_th_event_waitmask
                0x1fff8440                EE_th_event_active
                0x1fff8458                EE_rq_free
                0x1fff845c                EE_rq_bitmask
                0x1fff8460                EE_sys_ceiling
                0x1fff8464                EE_cortex_mx_active_tos
 .bss           0x1fff8468        0x1 .\CortexM3\ARM_GCC_541\Debug\ReactionGame.a(TFT_SPI.o)
                0x1fff8468                TFT_SPI_initVar
 .bss           0x1fff8469        0x1 .\CortexM3\ARM_GCC_541\Debug\ReactionGame.a(TFT_BackLight.o)
                0x1fff8469                TFT_BackLight_initVar
 .bss           0x1fff846a        0x1 .\CortexM3\ARM_GCC_541\Debug\ReactionGame.a(PWM_RED.o)
                0x1fff846a                PWM_RED_initVar
 .bss           0x1fff846b        0x1 .\CortexM3\ARM_GCC_541\Debug\ReactionGame.a(PWM_YELLOW.o)
                0x1fff846b                PWM_YELLOW_initVar
 .bss           0x1fff846c        0x1 .\CortexM3\ARM_GCC_541\Debug\ReactionGame.a(PWM_GREEN.o)
                0x1fff846c                PWM_GREEN_initVar
 .bss           0x1fff846d        0x1 .\CortexM3\ARM_GCC_541\Debug\ReactionGame.a(PWM_RGB_RED.o)
                0x1fff846d                PWM_RGB_RED_initVar
 .bss           0x1fff846e        0x1 .\CortexM3\ARM_GCC_541\Debug\ReactionGame.a(PWM_RGB_GREEN.o)
                0x1fff846e                PWM_RGB_GREEN_initVar
 .bss           0x1fff846f        0x1 .\CortexM3\ARM_GCC_541\Debug\ReactionGame.a(PWM_RGB_BLUE.o)
                0x1fff846f                PWM_RGB_BLUE_initVar
 .bss.__malloc_sbrk_start
                0x1fff8470        0x4 c:/h_da softwares & projects/psoc creator/4.4/psoc creator/import/gnu/arm/5.4.1/bin/../lib/gcc/arm-none-eabi/5.4.1/../../../../arm-none-eabi/lib/armv7-m\libg_nano.a(lib_a-nano-mallocr.o)
                0x1fff8470                __malloc_sbrk_start
 .bss.__malloc_free_list
                0x1fff8474        0x4 c:/h_da softwares & projects/psoc creator/4.4/psoc creator/import/gnu/arm/5.4.1/bin/../lib/gcc/arm-none-eabi/5.4.1/../../../../arm-none-eabi/lib/armv7-m\libg_nano.a(lib_a-nano-mallocr.o)
                0x1fff8474                __malloc_free_list
 *(COMMON)
 COMMON         0x1fff8478        0x8 .\CortexM3\ARM_GCC_541\Debug\ReactionGame.a(ErikaOS_ee_lookup.o)
                0x1fff8478                EE_oo_IRQ_disable_count
                0x1fff847c                EE_oo_IRQ_suspend_status
 COMMON         0x1fff8480        0x4 .\CortexM3\ARM_GCC_541\Debug\ReactionGame.a(ErikaOS_ee_startos.o)
                0x1fff8480                EE_oo_started
 COMMON         0x1fff8484        0x8 .\CortexM3\ARM_GCC_541\Debug\ReactionGame.a(ErikaOS_common_ee_hal_structs.o)
                0x1fff8484                EE_IRQ_nesting_level
                0x1fff8488                EE_std_endcycle_next_tid
 COMMON         0x1fff848c     0x15dc .\CortexM3\ARM_GCC_541\Debug\ReactionGame.a(ErikaOS_eecfg.o)
                0x1fff848c                EE_rq_pairs_tid
                0x1fff84a4                EE_terminate_data
                0x1fff84bc                EE_oo_counter_object_RAM
                0x1fff84dc                EE_ApplicationMode
                0x1fff84e0                EE_cortex_mx_stack_4
                0x1fff9868                EE_cortex_mx_stack_9
 COMMON         0x1fff9a68        0x4 c:/h_da softwares & projects/psoc creator/4.4/psoc creator/import/gnu/arm/5.4.1/bin/../lib/gcc/arm-none-eabi/5.4.1/../../../../arm-none-eabi/lib/armv7-m\libg_nano.a(lib_a-reent.o)
                0x1fff9a68                errno
                0x1fff9a70                . = ALIGN (0x8)
 *fill*         0x1fff9a6c        0x4 
 *(.ram.b)
                0x1fff9a70                _end = .
                0x1fff9a70                __end = .
                0x1fff9a70                PROVIDE (end, .)
                0x1fff9a70                PROVIDE (__bss_end__, .)
                0x00003e60                __cy_region_init_ram = LOADADDR (.data)
                0x000001f0                __cy_region_init_size_ram = (_edata - ADDR (.data))
                0x000017b8                __cy_region_zero_size_ram = (_end - _edata)

.heap           0x1fff9a70       0x80 load address 0x00004050
                0x1fff9a70                . = _end
                0x1fff9af0                . = (. + 0x80)
 *fill*         0x1fff9a70       0x80 
                0x1fff9af0                __cy_heap_limit = .

.stack          0x20007800      0x800
                0x20007800                __cy_stack_limit = .
                0x20008000                . = (. + 0x800)
 *fill*         0x20007800      0x800 
                0x00000001                ASSERT ((__cy_stack_limit >= __cy_heap_limit), region RAM overflowed with stack)
                0x00000000                cy_checksum_exclude_size = (CY_APPL_LOADABLE == 0x1)?SIZEOF (.cy_checksum_exclude):0x0
                0x00000001                ASSERT ((cy_checksum_exclude_size <= CY_CHECKSUM_EXCLUDE_SIZE), CY_BOOT: Section .cy_checksum_exclude size exceedes specified limit.)

.cyloadermeta
 *(.cyloadermeta)

.cyloadablemeta
 *(.cyloadablemeta)

.cyconfigecc    0x80000000      0xa18
 *(.cyconfigecc)
 .cyconfigecc   0x80000000      0xa18 .\CortexM3\ARM_GCC_541\Debug\cymetadata.o
                0x80000000                cy_meta_configecc

.cycustnvl      0x90000000        0x4
 *(.cycustnvl)
 .cycustnvl     0x90000000        0x4 .\CortexM3\ARM_GCC_541\Debug\cymetadata.o
                0x90000000                cy_meta_custnvl

.cywolatch      0x90100000        0x4
 *(.cywolatch)
 .cywolatch     0x90100000        0x4 .\CortexM3\ARM_GCC_541\Debug\cymetadata.o
                0x90100000                cy_meta_wonvl

.cyeeprom       0x90200000        0x0
 *(.cyeeprom)
                0x00000001                ASSERT ((. <= ((0x90200000 + ee_offset) + ee_size)), .cyeeprom data will not fit in EEPROM)

.cyflashprotect
                0x90400000      0x100
 *(.cyflashprotect)
 .cyflashprotect
                0x90400000      0x100 .\CortexM3\ARM_GCC_541\Debug\cymetadata.o
                0x90400000                cy_meta_flashprotect

.cymeta         0x90500000        0xc
 *(.cymeta)
 .cymeta        0x90500000        0xc .\CortexM3\ARM_GCC_541\Debug\cymetadata.o
                0x90500000                cy_metadata

.rel.dyn        0x00004050        0x0 load address 0x9050000c
 .rel.iplt      0x00004050        0x0 c:/h_da softwares & projects/psoc creator/4.4/psoc creator/import/gnu/arm/5.4.1/bin/../lib/gcc/arm-none-eabi/5.4.1/armv7-m/crtbegin.o

.stab
 *(.stab)

.stabstr
 *(.stabstr)

.debug
 *(.debug)

.line
 *(.line)

.debug_srcinfo
 *(.debug_srcinfo)

.debug_sfnames
 *(.debug_sfnames)

.debug_aranges  0x00000000     0x1420
 *(.debug_aranges)
 .debug_aranges
                0x00000000       0x40 .\CortexM3\ARM_GCC_541\Debug\main.o
 .debug_aranges
                0x00000040       0x70 .\CortexM3\ARM_GCC_541\Debug\TimingAnalyzer.o
 .debug_aranges
                0x000000b0       0x40 .\CortexM3\ARM_GCC_541\Debug\ReactionGame.o
 .debug_aranges
                0x000000f0       0x20 .\CortexM3\ARM_GCC_541\Debug\ArcadianLight.o
 .debug_aranges
                0x00000110       0x28 .\CortexM3\ARM_GCC_541\Debug\logging.o
 .debug_aranges
                0x00000138       0x58 .\CortexM3\ARM_GCC_541\Debug\seven.o
 .debug_aranges
                0x00000190       0x38 .\CortexM3\ARM_GCC_541\Debug\pins.o
 .debug_aranges
                0x000001c8      0x178 .\CortexM3\ARM_GCC_541\Debug\tft.o
 .debug_aranges
                0x00000340       0x58 .\CortexM3\ARM_GCC_541\Debug\cyfitter_cfg.o
 .debug_aranges
                0x00000398       0x18 .\CortexM3\ARM_GCC_541\Debug\cymetadata.o
 .debug_aranges
                0x000003b0       0x48 .\CortexM3\ARM_GCC_541\Debug\Cm3Start.o
 .debug_aranges
                0x000003f8       0x38 .\CortexM3\ARM_GCC_541\Debug\ReactionGame.a(RED_LED.o)
 .debug_aranges
                0x00000430       0x38 .\CortexM3\ARM_GCC_541\Debug\ReactionGame.a(YELLOW_LED.o)
 .debug_aranges
                0x00000468       0x38 .\CortexM3\ARM_GCC_541\Debug\ReactionGame.a(GREEN_LED.o)
 .debug_aranges
                0x000004a0       0xf0 .\CortexM3\ARM_GCC_541\Debug\ReactionGame.a(UART_LOG.o)
 .debug_aranges
                0x00000590       0x70 .\CortexM3\ARM_GCC_541\Debug\ReactionGame.a(UART_LOG_IntClock.o)
 .debug_aranges
                0x00000600      0x2a0 .\CortexM3\ARM_GCC_541\Debug\ReactionGame.a(CyLib.o)
 .debug_aranges
                0x000008a0       0x98 .\CortexM3\ARM_GCC_541\Debug\ReactionGame.a(cyPm.o)
 .debug_aranges
                0x00000938       0x20 .\CortexM3\ARM_GCC_541\Debug\ReactionGame.a(ErikaOS_ee_activate.o)
 .debug_aranges
                0x00000958       0x20 .\CortexM3\ARM_GCC_541\Debug\ReactionGame.a(ErikaOS_ee_alsetrel.o)
 .debug_aranges
                0x00000978       0x58 .\CortexM3\ARM_GCC_541\Debug\ReactionGame.a(ErikaOS_ee_altick.o)
 .debug_aranges
                0x000009d0       0x20 .\CortexM3\ARM_GCC_541\Debug\ReactionGame.a(ErikaOS_ee_evclear.o)
 .debug_aranges
                0x000009f0       0x20 .\CortexM3\ARM_GCC_541\Debug\ReactionGame.a(ErikaOS_ee_evget.o)
 .debug_aranges
                0x00000a10       0x20 .\CortexM3\ARM_GCC_541\Debug\ReactionGame.a(ErikaOS_ee_evset.o)
 .debug_aranges
                0x00000a30       0x20 .\CortexM3\ARM_GCC_541\Debug\ReactionGame.a(ErikaOS_ee_evwait.o)
 .debug_aranges
                0x00000a50       0x30 .\CortexM3\ARM_GCC_541\Debug\ReactionGame.a(ErikaOS_ee_irqendin.o)
 .debug_aranges
                0x00000a80       0x18 .\CortexM3\ARM_GCC_541\Debug\ReactionGame.a(ErikaOS_ee_lookup.o)
 .debug_aranges
                0x00000a98       0x20 .\CortexM3\ARM_GCC_541\Debug\ReactionGame.a(ErikaOS_ee_rq_exchg.o)
 .debug_aranges
                0x00000ab8       0x20 .\CortexM3\ARM_GCC_541\Debug\ReactionGame.a(ErikaOS_ee_rq_first.o)
 .debug_aranges
                0x00000ad8       0x20 .\CortexM3\ARM_GCC_541\Debug\ReactionGame.a(ErikaOS_ee_rq_inser.o)
 .debug_aranges
                0x00000af8       0x40 .\CortexM3\ARM_GCC_541\Debug\ReactionGame.a(ErikaOS_ee_startos.o)
 .debug_aranges
                0x00000b38       0x20 .\CortexM3\ARM_GCC_541\Debug\ReactionGame.a(ErikaOS_ee_terminat.o)
 .debug_aranges
                0x00000b58       0x20 .\CortexM3\ARM_GCC_541\Debug\ReactionGame.a(ErikaOS_cortex_mx_ee_utils.o)
 .debug_aranges
                0x00000b78       0x18 .\CortexM3\ARM_GCC_541\Debug\ReactionGame.a(ErikaOS_common_ee_hal_structs.o)
 .debug_aranges
                0x00000b90       0x18 .\CortexM3\ARM_GCC_541\Debug\ReactionGame.a(ErikaOS_eecfg.o)
 .debug_aranges
                0x00000ba8       0x38 .\CortexM3\ARM_GCC_541\Debug\ReactionGame.a(ButtonRight.o)
 .debug_aranges
                0x00000be0       0x38 .\CortexM3\ARM_GCC_541\Debug\ReactionGame.a(ButtonLeft.o)
 .debug_aranges
                0x00000c18       0x38 .\CortexM3\ARM_GCC_541\Debug\ReactionGame.a(SEVEN_DP.o)
 .debug_aranges
                0x00000c50       0x38 .\CortexM3\ARM_GCC_541\Debug\ReactionGame.a(SEVEN_SELECT.o)
 .debug_aranges
                0x00000c88       0x28 .\CortexM3\ARM_GCC_541\Debug\ReactionGame.a(SEVEN_reg.o)
 .debug_aranges
                0x00000cb0       0xd8 .\CortexM3\ARM_GCC_541\Debug\ReactionGame.a(TFT_SPI.o)
 .debug_aranges
                0x00000d88       0x38 .\CortexM3\ARM_GCC_541\Debug\ReactionGame.a(TFT_DC.o)
 .debug_aranges
                0x00000dc0       0x38 .\CortexM3\ARM_GCC_541\Debug\ReactionGame.a(TFT_RES.o)
 .debug_aranges
                0x00000df8       0x78 .\CortexM3\ARM_GCC_541\Debug\ReactionGame.a(TFT_BackLight.o)
 .debug_aranges
                0x00000e70       0x70 .\CortexM3\ARM_GCC_541\Debug\ReactionGame.a(TFT_SPI_IntClock.o)
 .debug_aranges
                0x00000ee0       0x80 .\CortexM3\ARM_GCC_541\Debug\ReactionGame.a(PWM_RED.o)
 .debug_aranges
                0x00000f60       0x80 .\CortexM3\ARM_GCC_541\Debug\ReactionGame.a(PWM_YELLOW.o)
 .debug_aranges
                0x00000fe0       0x80 .\CortexM3\ARM_GCC_541\Debug\ReactionGame.a(PWM_GREEN.o)
 .debug_aranges
                0x00001060       0x80 .\CortexM3\ARM_GCC_541\Debug\ReactionGame.a(PWM_RGB_RED.o)
 .debug_aranges
                0x000010e0       0x80 .\CortexM3\ARM_GCC_541\Debug\ReactionGame.a(PWM_RGB_GREEN.o)
 .debug_aranges
                0x00001160       0x80 .\CortexM3\ARM_GCC_541\Debug\ReactionGame.a(PWM_RGB_BLUE.o)
 .debug_aranges
                0x000011e0       0x20 .\CortexM3\ARM_GCC_541\Debug\ReactionGame.a(CyBootAsmGnu.o)
 .debug_aranges
                0x00001200       0x20 .\CortexM3\ARM_GCC_541\Debug\ReactionGame.a(ErikaOS_ee_gnu_change_context_isr.o)
 .debug_aranges
                0x00001220       0x20 .\CortexM3\ARM_GCC_541\Debug\ReactionGame.a(ErikaOS_ee_gnu_irq_stack.o)
 .debug_aranges
                0x00001240       0x20 .\CortexM3\ARM_GCC_541\Debug\ReactionGame.a(ErikaOS_ee_gnu_multi_context.o)
 .debug_aranges
                0x00001260       0x20 .\CortexM3\ARM_GCC_541\Debug\ReactionGame.a(ErikaOS_ee_gnu_oo.o)
 .debug_aranges
                0x00001280       0x88 .\CortexM3\ARM_GCC_541\Debug\ReactionGame.a(CyFlash.o)
 .debug_aranges
                0x00001308       0x80 .\CortexM3\ARM_GCC_541\Debug\ReactionGame.a(CySpc.o)
 .debug_aranges
                0x00001388       0x20 .\CortexM3\ARM_GCC_541\Debug\ReactionGame.a(ErikaOS_ee_tnterm.o)
 .debug_aranges
                0x000013a8       0x20 .\CortexM3\ARM_GCC_541\Debug\ReactionGame.a(ErikaOS_ee_tstub.o)
 .debug_aranges
                0x000013c8       0x28 .\CortexM3\ARM_GCC_541\Debug\ReactionGame.a(ErikaOS_cortex_mx_ee_context.o)
 .debug_aranges
                0x000013f0       0x30 .\CortexM3\ARM_GCC_541\Debug\ReactionGame.a(ErikaOS_ee_thendin.o)

.debug_pubnames
 *(.debug_pubnames)

.debug_info     0x00000000    0x14d4b
 *(.debug_info .gnu.linkonce.wi.*)
 .debug_info    0x00000000      0x5ef .\CortexM3\ARM_GCC_541\Debug\main.o
 .debug_info    0x000005ef      0x98a .\CortexM3\ARM_GCC_541\Debug\TimingAnalyzer.o
 .debug_info    0x00000f79      0xdef .\CortexM3\ARM_GCC_541\Debug\ReactionGame.o
 .debug_info    0x00001d68      0x288 .\CortexM3\ARM_GCC_541\Debug\ArcadianLight.o
 .debug_info    0x00001ff0      0x3b5 .\CortexM3\ARM_GCC_541\Debug\logging.o
 .debug_info    0x000023a5      0x59e .\CortexM3\ARM_GCC_541\Debug\seven.o
 .debug_info    0x00002943      0x266 .\CortexM3\ARM_GCC_541\Debug\pins.o
 .debug_info    0x00002ba9     0x2733 .\CortexM3\ARM_GCC_541\Debug\tft.o
 .debug_info    0x000052dc      0x617 .\CortexM3\ARM_GCC_541\Debug\cyfitter_cfg.o
 .debug_info    0x000058f3      0x139 .\CortexM3\ARM_GCC_541\Debug\cymetadata.o
 .debug_info    0x00005a2c      0x3bb .\CortexM3\ARM_GCC_541\Debug\Cm3Start.o
 .debug_info    0x00005de7      0x11f .\CortexM3\ARM_GCC_541\Debug\ReactionGame.a(RED_LED.o)
 .debug_info    0x00005f06      0x11f .\CortexM3\ARM_GCC_541\Debug\ReactionGame.a(YELLOW_LED.o)
 .debug_info    0x00006025      0x11f .\CortexM3\ARM_GCC_541\Debug\ReactionGame.a(GREEN_LED.o)
 .debug_info    0x00006144      0x60c .\CortexM3\ARM_GCC_541\Debug\ReactionGame.a(UART_LOG.o)
 .debug_info    0x00006750      0x283 .\CortexM3\ARM_GCC_541\Debug\ReactionGame.a(UART_LOG_IntClock.o)
 .debug_info    0x000069d3     0x1374 .\CortexM3\ARM_GCC_541\Debug\ReactionGame.a(CyLib.o)
 .debug_info    0x00007d47      0xa2a .\CortexM3\ARM_GCC_541\Debug\ReactionGame.a(cyPm.o)
 .debug_info    0x00008771      0x80d .\CortexM3\ARM_GCC_541\Debug\ReactionGame.a(ErikaOS_ee_activate.o)
 .debug_info    0x00008f7e      0x5e5 .\CortexM3\ARM_GCC_541\Debug\ReactionGame.a(ErikaOS_ee_alsetrel.o)
 .debug_info    0x00009563      0xc3b .\CortexM3\ARM_GCC_541\Debug\ReactionGame.a(ErikaOS_ee_altick.o)
 .debug_info    0x0000a19e      0x5a7 .\CortexM3\ARM_GCC_541\Debug\ReactionGame.a(ErikaOS_ee_evclear.o)
 .debug_info    0x0000a745      0x4ca .\CortexM3\ARM_GCC_541\Debug\ReactionGame.a(ErikaOS_ee_evget.o)
 .debug_info    0x0000ac0f      0x7c3 .\CortexM3\ARM_GCC_541\Debug\ReactionGame.a(ErikaOS_ee_evset.o)
 .debug_info    0x0000b3d2      0x84e .\CortexM3\ARM_GCC_541\Debug\ReactionGame.a(ErikaOS_ee_evwait.o)
 .debug_info    0x0000bc20      0x5cb .\CortexM3\ARM_GCC_541\Debug\ReactionGame.a(ErikaOS_ee_irqendin.o)
 .debug_info    0x0000c1eb      0x3d0 .\CortexM3\ARM_GCC_541\Debug\ReactionGame.a(ErikaOS_ee_lookup.o)
 .debug_info    0x0000c5bb      0x46f .\CortexM3\ARM_GCC_541\Debug\ReactionGame.a(ErikaOS_ee_rq_exchg.o)
 .debug_info    0x0000ca2a      0x421 .\CortexM3\ARM_GCC_541\Debug\ReactionGame.a(ErikaOS_ee_rq_first.o)
 .debug_info    0x0000ce4b      0x475 .\CortexM3\ARM_GCC_541\Debug\ReactionGame.a(ErikaOS_ee_rq_inser.o)
 .debug_info    0x0000d2c0     0x2040 .\CortexM3\ARM_GCC_541\Debug\ReactionGame.a(ErikaOS_ee_startos.o)
 .debug_info    0x0000f300      0x589 .\CortexM3\ARM_GCC_541\Debug\ReactionGame.a(ErikaOS_ee_terminat.o)
 .debug_info    0x0000f889      0x513 .\CortexM3\ARM_GCC_541\Debug\ReactionGame.a(ErikaOS_cortex_mx_ee_utils.o)
 .debug_info    0x0000fd9c      0x3cb .\CortexM3\ARM_GCC_541\Debug\ReactionGame.a(ErikaOS_common_ee_hal_structs.o)
 .debug_info    0x00010167      0x8b7 .\CortexM3\ARM_GCC_541\Debug\ReactionGame.a(ErikaOS_eecfg.o)
 .debug_info    0x00010a1e      0x11f .\CortexM3\ARM_GCC_541\Debug\ReactionGame.a(ButtonRight.o)
 .debug_info    0x00010b3d      0x11f .\CortexM3\ARM_GCC_541\Debug\ReactionGame.a(ButtonLeft.o)
 .debug_info    0x00010c5c      0x11f .\CortexM3\ARM_GCC_541\Debug\ReactionGame.a(SEVEN_DP.o)
 .debug_info    0x00010d7b      0x11f .\CortexM3\ARM_GCC_541\Debug\ReactionGame.a(SEVEN_SELECT.o)
 .debug_info    0x00010e9a       0xd6 .\CortexM3\ARM_GCC_541\Debug\ReactionGame.a(SEVEN_reg.o)
 .debug_info    0x00010f70      0x4bb .\CortexM3\ARM_GCC_541\Debug\ReactionGame.a(TFT_SPI.o)
 .debug_info    0x0001142b      0x11f .\CortexM3\ARM_GCC_541\Debug\ReactionGame.a(TFT_DC.o)
 .debug_info    0x0001154a      0x11f .\CortexM3\ARM_GCC_541\Debug\ReactionGame.a(TFT_RES.o)
 .debug_info    0x00011669      0x27e .\CortexM3\ARM_GCC_541\Debug\ReactionGame.a(TFT_BackLight.o)
 .debug_info    0x000118e7      0x283 .\CortexM3\ARM_GCC_541\Debug\ReactionGame.a(TFT_SPI_IntClock.o)
 .debug_info    0x00011b6a      0x278 .\CortexM3\ARM_GCC_541\Debug\ReactionGame.a(PWM_RED.o)
 .debug_info    0x00011de2      0x278 .\CortexM3\ARM_GCC_541\Debug\ReactionGame.a(PWM_YELLOW.o)
 .debug_info    0x0001205a      0x278 .\CortexM3\ARM_GCC_541\Debug\ReactionGame.a(PWM_GREEN.o)
 .debug_info    0x000122d2      0x278 .\CortexM3\ARM_GCC_541\Debug\ReactionGame.a(PWM_RGB_RED.o)
 .debug_info    0x0001254a      0x278 .\CortexM3\ARM_GCC_541\Debug\ReactionGame.a(PWM_RGB_GREEN.o)
 .debug_info    0x000127c2      0x278 .\CortexM3\ARM_GCC_541\Debug\ReactionGame.a(PWM_RGB_BLUE.o)
 .debug_info    0x00012a3a       0x80 .\CortexM3\ARM_GCC_541\Debug\ReactionGame.a(CyBootAsmGnu.o)
 .debug_info    0x00012aba       0x95 .\CortexM3\ARM_GCC_541\Debug\ReactionGame.a(ErikaOS_ee_gnu_change_context_isr.o)
 .debug_info    0x00012b4f       0x8c .\CortexM3\ARM_GCC_541\Debug\ReactionGame.a(ErikaOS_ee_gnu_irq_stack.o)
 .debug_info    0x00012bdb       0x90 .\CortexM3\ARM_GCC_541\Debug\ReactionGame.a(ErikaOS_ee_gnu_multi_context.o)
 .debug_info    0x00012c6b       0x85 .\CortexM3\ARM_GCC_541\Debug\ReactionGame.a(ErikaOS_ee_gnu_oo.o)
 .debug_info    0x00012cf0      0x64d .\CortexM3\ARM_GCC_541\Debug\ReactionGame.a(CyFlash.o)
 .debug_info    0x0001333d      0x550 .\CortexM3\ARM_GCC_541\Debug\ReactionGame.a(CySpc.o)
 .debug_info    0x0001388d      0x43d .\CortexM3\ARM_GCC_541\Debug\ReactionGame.a(ErikaOS_ee_tnterm.o)
 .debug_info    0x00013cca      0x487 .\CortexM3\ARM_GCC_541\Debug\ReactionGame.a(ErikaOS_ee_tstub.o)
 .debug_info    0x00014151      0x501 .\CortexM3\ARM_GCC_541\Debug\ReactionGame.a(ErikaOS_cortex_mx_ee_context.o)
 .debug_info    0x00014652      0x6f9 .\CortexM3\ARM_GCC_541\Debug\ReactionGame.a(ErikaOS_ee_thendin.o)

.debug_abbrev   0x00000000     0x535e
 *(.debug_abbrev)
 .debug_abbrev  0x00000000      0x1e6 .\CortexM3\ARM_GCC_541\Debug\main.o
 .debug_abbrev  0x000001e6      0x26b .\CortexM3\ARM_GCC_541\Debug\TimingAnalyzer.o
 .debug_abbrev  0x00000451      0x29c .\CortexM3\ARM_GCC_541\Debug\ReactionGame.o
 .debug_abbrev  0x000006ed      0x11a .\CortexM3\ARM_GCC_541\Debug\ArcadianLight.o
 .debug_abbrev  0x00000807      0x14a .\CortexM3\ARM_GCC_541\Debug\logging.o
 .debug_abbrev  0x00000951      0x155 .\CortexM3\ARM_GCC_541\Debug\seven.o
 .debug_abbrev  0x00000aa6       0xf2 .\CortexM3\ARM_GCC_541\Debug\pins.o
 .debug_abbrev  0x00000b98      0x2bf .\CortexM3\ARM_GCC_541\Debug\tft.o
 .debug_abbrev  0x00000e57      0x20d .\CortexM3\ARM_GCC_541\Debug\cyfitter_cfg.o
 .debug_abbrev  0x00001064       0x77 .\CortexM3\ARM_GCC_541\Debug\cymetadata.o
 .debug_abbrev  0x000010db      0x1e8 .\CortexM3\ARM_GCC_541\Debug\Cm3Start.o
 .debug_abbrev  0x000012c3       0x90 .\CortexM3\ARM_GCC_541\Debug\ReactionGame.a(RED_LED.o)
 .debug_abbrev  0x00001353       0x90 .\CortexM3\ARM_GCC_541\Debug\ReactionGame.a(YELLOW_LED.o)
 .debug_abbrev  0x000013e3       0x90 .\CortexM3\ARM_GCC_541\Debug\ReactionGame.a(GREEN_LED.o)
 .debug_abbrev  0x00001473      0x175 .\CortexM3\ARM_GCC_541\Debug\ReactionGame.a(UART_LOG.o)
 .debug_abbrev  0x000015e8      0x139 .\CortexM3\ARM_GCC_541\Debug\ReactionGame.a(UART_LOG_IntClock.o)
 .debug_abbrev  0x00001721      0x254 .\CortexM3\ARM_GCC_541\Debug\ReactionGame.a(CyLib.o)
 .debug_abbrev  0x00001975      0x1ab .\CortexM3\ARM_GCC_541\Debug\ReactionGame.a(cyPm.o)
 .debug_abbrev  0x00001b20      0x284 .\CortexM3\ARM_GCC_541\Debug\ReactionGame.a(ErikaOS_ee_activate.o)
 .debug_abbrev  0x00001da4      0x1f7 .\CortexM3\ARM_GCC_541\Debug\ReactionGame.a(ErikaOS_ee_alsetrel.o)
 .debug_abbrev  0x00001f9b      0x362 .\CortexM3\ARM_GCC_541\Debug\ReactionGame.a(ErikaOS_ee_altick.o)
 .debug_abbrev  0x000022fd      0x1e0 .\CortexM3\ARM_GCC_541\Debug\ReactionGame.a(ErikaOS_ee_evclear.o)
 .debug_abbrev  0x000024dd      0x150 .\CortexM3\ARM_GCC_541\Debug\ReactionGame.a(ErikaOS_ee_evget.o)
 .debug_abbrev  0x0000262d      0x27f .\CortexM3\ARM_GCC_541\Debug\ReactionGame.a(ErikaOS_ee_evset.o)
 .debug_abbrev  0x000028ac      0x25d .\CortexM3\ARM_GCC_541\Debug\ReactionGame.a(ErikaOS_ee_evwait.o)
 .debug_abbrev  0x00002b09      0x1da .\CortexM3\ARM_GCC_541\Debug\ReactionGame.a(ErikaOS_ee_irqendin.o)
 .debug_abbrev  0x00002ce3       0xcf .\CortexM3\ARM_GCC_541\Debug\ReactionGame.a(ErikaOS_ee_lookup.o)
 .debug_abbrev  0x00002db2       0xfc .\CortexM3\ARM_GCC_541\Debug\ReactionGame.a(ErikaOS_ee_rq_exchg.o)
 .debug_abbrev  0x00002eae       0xed .\CortexM3\ARM_GCC_541\Debug\ReactionGame.a(ErikaOS_ee_rq_first.o)
 .debug_abbrev  0x00002f9b      0x109 .\CortexM3\ARM_GCC_541\Debug\ReactionGame.a(ErikaOS_ee_rq_inser.o)
 .debug_abbrev  0x000030a4      0x4a7 .\CortexM3\ARM_GCC_541\Debug\ReactionGame.a(ErikaOS_ee_startos.o)
 .debug_abbrev  0x0000354b      0x1de .\CortexM3\ARM_GCC_541\Debug\ReactionGame.a(ErikaOS_ee_terminat.o)
 .debug_abbrev  0x00003729      0x1e3 .\CortexM3\ARM_GCC_541\Debug\ReactionGame.a(ErikaOS_cortex_mx_ee_utils.o)
 .debug_abbrev  0x0000390c       0xcf .\CortexM3\ARM_GCC_541\Debug\ReactionGame.a(ErikaOS_common_ee_hal_structs.o)
 .debug_abbrev  0x000039db      0x130 .\CortexM3\ARM_GCC_541\Debug\ReactionGame.a(ErikaOS_eecfg.o)
 .debug_abbrev  0x00003b0b       0x90 .\CortexM3\ARM_GCC_541\Debug\ReactionGame.a(ButtonRight.o)
 .debug_abbrev  0x00003b9b       0x90 .\CortexM3\ARM_GCC_541\Debug\ReactionGame.a(ButtonLeft.o)
 .debug_abbrev  0x00003c2b       0x90 .\CortexM3\ARM_GCC_541\Debug\ReactionGame.a(SEVEN_DP.o)
 .debug_abbrev  0x00003cbb       0x90 .\CortexM3\ARM_GCC_541\Debug\ReactionGame.a(SEVEN_SELECT.o)
 .debug_abbrev  0x00003d4b       0x81 .\CortexM3\ARM_GCC_541\Debug\ReactionGame.a(SEVEN_reg.o)
 .debug_abbrev  0x00003dcc      0x146 .\CortexM3\ARM_GCC_541\Debug\ReactionGame.a(TFT_SPI.o)
 .debug_abbrev  0x00003f12       0x90 .\CortexM3\ARM_GCC_541\Debug\ReactionGame.a(TFT_DC.o)
 .debug_abbrev  0x00003fa2       0x90 .\CortexM3\ARM_GCC_541\Debug\ReactionGame.a(TFT_RES.o)
 .debug_abbrev  0x00004032      0x12d .\CortexM3\ARM_GCC_541\Debug\ReactionGame.a(TFT_BackLight.o)
 .debug_abbrev  0x0000415f      0x139 .\CortexM3\ARM_GCC_541\Debug\ReactionGame.a(TFT_SPI_IntClock.o)
 .debug_abbrev  0x00004298      0x12d .\CortexM3\ARM_GCC_541\Debug\ReactionGame.a(PWM_RED.o)
 .debug_abbrev  0x000043c5      0x12d .\CortexM3\ARM_GCC_541\Debug\ReactionGame.a(PWM_YELLOW.o)
 .debug_abbrev  0x000044f2      0x12d .\CortexM3\ARM_GCC_541\Debug\ReactionGame.a(PWM_GREEN.o)
 .debug_abbrev  0x0000461f      0x12d .\CortexM3\ARM_GCC_541\Debug\ReactionGame.a(PWM_RGB_RED.o)
 .debug_abbrev  0x0000474c      0x12d .\CortexM3\ARM_GCC_541\Debug\ReactionGame.a(PWM_RGB_GREEN.o)
 .debug_abbrev  0x00004879      0x12d .\CortexM3\ARM_GCC_541\Debug\ReactionGame.a(PWM_RGB_BLUE.o)
 .debug_abbrev  0x000049a6       0x14 .\CortexM3\ARM_GCC_541\Debug\ReactionGame.a(CyBootAsmGnu.o)
 .debug_abbrev  0x000049ba       0x14 .\CortexM3\ARM_GCC_541\Debug\ReactionGame.a(ErikaOS_ee_gnu_change_context_isr.o)
 .debug_abbrev  0x000049ce       0x14 .\CortexM3\ARM_GCC_541\Debug\ReactionGame.a(ErikaOS_ee_gnu_irq_stack.o)
 .debug_abbrev  0x000049e2       0x14 .\CortexM3\ARM_GCC_541\Debug\ReactionGame.a(ErikaOS_ee_gnu_multi_context.o)
 .debug_abbrev  0x000049f6       0x14 .\CortexM3\ARM_GCC_541\Debug\ReactionGame.a(ErikaOS_ee_gnu_oo.o)
 .debug_abbrev  0x00004a0a      0x1a7 .\CortexM3\ARM_GCC_541\Debug\ReactionGame.a(CyFlash.o)
 .debug_abbrev  0x00004bb1      0x194 .\CortexM3\ARM_GCC_541\Debug\ReactionGame.a(CySpc.o)
 .debug_abbrev  0x00004d45      0x157 .\CortexM3\ARM_GCC_541\Debug\ReactionGame.a(ErikaOS_ee_tnterm.o)
 .debug_abbrev  0x00004e9c      0x143 .\CortexM3\ARM_GCC_541\Debug\ReactionGame.a(ErikaOS_ee_tstub.o)
 .debug_abbrev  0x00004fdf      0x156 .\CortexM3\ARM_GCC_541\Debug\ReactionGame.a(ErikaOS_cortex_mx_ee_context.o)
 .debug_abbrev  0x00005135      0x229 .\CortexM3\ARM_GCC_541\Debug\ReactionGame.a(ErikaOS_ee_thendin.o)

.debug_line     0x00000000     0x73e6
 *(.debug_line)
 .debug_line    0x00000000      0x487 .\CortexM3\ARM_GCC_541\Debug\main.o
 .debug_line    0x00000487      0x4bc .\CortexM3\ARM_GCC_541\Debug\TimingAnalyzer.o
 .debug_line    0x00000943      0x55d .\CortexM3\ARM_GCC_541\Debug\ReactionGame.o
 .debug_line    0x00000ea0      0x29f .\CortexM3\ARM_GCC_541\Debug\ArcadianLight.o
 .debug_line    0x0000113f      0x25d .\CortexM3\ARM_GCC_541\Debug\logging.o
 .debug_line    0x0000139c      0x37a .\CortexM3\ARM_GCC_541\Debug\seven.o
 .debug_line    0x00001716      0x275 .\CortexM3\ARM_GCC_541\Debug\pins.o
 .debug_line    0x0000198b      0x8b9 .\CortexM3\ARM_GCC_541\Debug\tft.o
 .debug_line    0x00002244      0x1fa .\CortexM3\ARM_GCC_541\Debug\cyfitter_cfg.o
 .debug_line    0x0000243e      0x13d .\CortexM3\ARM_GCC_541\Debug\cymetadata.o
 .debug_line    0x0000257b      0x230 .\CortexM3\ARM_GCC_541\Debug\Cm3Start.o
 .debug_line    0x000027ab       0x94 .\CortexM3\ARM_GCC_541\Debug\ReactionGame.a(RED_LED.o)
 .debug_line    0x0000283f       0x97 .\CortexM3\ARM_GCC_541\Debug\ReactionGame.a(YELLOW_LED.o)
 .debug_line    0x000028d6       0x96 .\CortexM3\ARM_GCC_541\Debug\ReactionGame.a(GREEN_LED.o)
 .debug_line    0x0000296c      0x2c4 .\CortexM3\ARM_GCC_541\Debug\ReactionGame.a(UART_LOG.o)
 .debug_line    0x00002c30      0x180 .\CortexM3\ARM_GCC_541\Debug\ReactionGame.a(UART_LOG_IntClock.o)
 .debug_line    0x00002db0      0x816 .\CortexM3\ARM_GCC_541\Debug\ReactionGame.a(CyLib.o)
 .debug_line    0x000035c6      0x367 .\CortexM3\ARM_GCC_541\Debug\ReactionGame.a(cyPm.o)
 .debug_line    0x0000392d      0x1e6 .\CortexM3\ARM_GCC_541\Debug\ReactionGame.a(ErikaOS_ee_activate.o)
 .debug_line    0x00003b13      0x1bd .\CortexM3\ARM_GCC_541\Debug\ReactionGame.a(ErikaOS_ee_alsetrel.o)
 .debug_line    0x00003cd0      0x2f1 .\CortexM3\ARM_GCC_541\Debug\ReactionGame.a(ErikaOS_ee_altick.o)
 .debug_line    0x00003fc1      0x1c1 .\CortexM3\ARM_GCC_541\Debug\ReactionGame.a(ErikaOS_ee_evclear.o)
 .debug_line    0x00004182      0x14b .\CortexM3\ARM_GCC_541\Debug\ReactionGame.a(ErikaOS_ee_evget.o)
 .debug_line    0x000042cd      0x1e3 .\CortexM3\ARM_GCC_541\Debug\ReactionGame.a(ErikaOS_ee_evset.o)
 .debug_line    0x000044b0      0x1ef .\CortexM3\ARM_GCC_541\Debug\ReactionGame.a(ErikaOS_ee_evwait.o)
 .debug_line    0x0000469f      0x190 .\CortexM3\ARM_GCC_541\Debug\ReactionGame.a(ErikaOS_ee_irqendin.o)
 .debug_line    0x0000482f      0x10b .\CortexM3\ARM_GCC_541\Debug\ReactionGame.a(ErikaOS_ee_lookup.o)
 .debug_line    0x0000493a      0x14b .\CortexM3\ARM_GCC_541\Debug\ReactionGame.a(ErikaOS_ee_rq_exchg.o)
 .debug_line    0x00004a85      0x142 .\CortexM3\ARM_GCC_541\Debug\ReactionGame.a(ErikaOS_ee_rq_first.o)
 .debug_line    0x00004bc7      0x146 .\CortexM3\ARM_GCC_541\Debug\ReactionGame.a(ErikaOS_ee_rq_inser.o)
 .debug_line    0x00004d0d      0x3e2 .\CortexM3\ARM_GCC_541\Debug\ReactionGame.a(ErikaOS_ee_startos.o)
 .debug_line    0x000050ef      0x1ac .\CortexM3\ARM_GCC_541\Debug\ReactionGame.a(ErikaOS_ee_terminat.o)
 .debug_line    0x0000529b      0x174 .\CortexM3\ARM_GCC_541\Debug\ReactionGame.a(ErikaOS_cortex_mx_ee_utils.o)
 .debug_line    0x0000540f       0xed .\CortexM3\ARM_GCC_541\Debug\ReactionGame.a(ErikaOS_common_ee_hal_structs.o)
 .debug_line    0x000054fc      0x12c .\CortexM3\ARM_GCC_541\Debug\ReactionGame.a(ErikaOS_eecfg.o)
 .debug_line    0x00005628       0x98 .\CortexM3\ARM_GCC_541\Debug\ReactionGame.a(ButtonRight.o)
 .debug_line    0x000056c0       0x97 .\CortexM3\ARM_GCC_541\Debug\ReactionGame.a(ButtonLeft.o)
 .debug_line    0x00005757       0x95 .\CortexM3\ARM_GCC_541\Debug\ReactionGame.a(SEVEN_DP.o)
 .debug_line    0x000057ec       0x99 .\CortexM3\ARM_GCC_541\Debug\ReactionGame.a(SEVEN_SELECT.o)
 .debug_line    0x00005885       0x71 .\CortexM3\ARM_GCC_541\Debug\ReactionGame.a(SEVEN_reg.o)
 .debug_line    0x000058f6      0x249 .\CortexM3\ARM_GCC_541\Debug\ReactionGame.a(TFT_SPI.o)
 .debug_line    0x00005b3f       0x93 .\CortexM3\ARM_GCC_541\Debug\ReactionGame.a(TFT_DC.o)
 .debug_line    0x00005bd2       0x94 .\CortexM3\ARM_GCC_541\Debug\ReactionGame.a(TFT_RES.o)
 .debug_line    0x00005c66      0x13b .\CortexM3\ARM_GCC_541\Debug\ReactionGame.a(TFT_BackLight.o)
 .debug_line    0x00005da1      0x17f .\CortexM3\ARM_GCC_541\Debug\ReactionGame.a(TFT_SPI_IntClock.o)
 .debug_line    0x00005f20      0x13c .\CortexM3\ARM_GCC_541\Debug\ReactionGame.a(PWM_RED.o)
 .debug_line    0x0000605c      0x13f .\CortexM3\ARM_GCC_541\Debug\ReactionGame.a(PWM_YELLOW.o)
 .debug_line    0x0000619b      0x13e .\CortexM3\ARM_GCC_541\Debug\ReactionGame.a(PWM_GREEN.o)
 .debug_line    0x000062d9      0x140 .\CortexM3\ARM_GCC_541\Debug\ReactionGame.a(PWM_RGB_RED.o)
 .debug_line    0x00006419      0x142 .\CortexM3\ARM_GCC_541\Debug\ReactionGame.a(PWM_RGB_GREEN.o)
 .debug_line    0x0000655b      0x141 .\CortexM3\ARM_GCC_541\Debug\ReactionGame.a(PWM_RGB_BLUE.o)
 .debug_line    0x0000669c       0x66 .\CortexM3\ARM_GCC_541\Debug\ReactionGame.a(CyBootAsmGnu.o)
 .debug_line    0x00006702       0xac .\CortexM3\ARM_GCC_541\Debug\ReactionGame.a(ErikaOS_ee_gnu_change_context_isr.o)
 .debug_line    0x000067ae       0x72 .\CortexM3\ARM_GCC_541\Debug\ReactionGame.a(ErikaOS_ee_gnu_irq_stack.o)
 .debug_line    0x00006820       0x9b .\CortexM3\ARM_GCC_541\Debug\ReactionGame.a(ErikaOS_ee_gnu_multi_context.o)
 .debug_line    0x000068bb       0x97 .\CortexM3\ARM_GCC_541\Debug\ReactionGame.a(ErikaOS_ee_gnu_oo.o)
 .debug_line    0x00006952      0x21a .\CortexM3\ARM_GCC_541\Debug\ReactionGame.a(CyFlash.o)
 .debug_line    0x00006b6c      0x260 .\CortexM3\ARM_GCC_541\Debug\ReactionGame.a(CySpc.o)
 .debug_line    0x00006dcc      0x169 .\CortexM3\ARM_GCC_541\Debug\ReactionGame.a(ErikaOS_ee_tnterm.o)
 .debug_line    0x00006f35      0x160 .\CortexM3\ARM_GCC_541\Debug\ReactionGame.a(ErikaOS_ee_tstub.o)
 .debug_line    0x00007095      0x19a .\CortexM3\ARM_GCC_541\Debug\ReactionGame.a(ErikaOS_cortex_mx_ee_context.o)
 .debug_line    0x0000722f      0x1b7 .\CortexM3\ARM_GCC_541\Debug\ReactionGame.a(ErikaOS_ee_thendin.o)

.debug_frame    0x00000000     0x3230
 *(.debug_frame)
 .debug_frame   0x00000000       0xa4 .\CortexM3\ARM_GCC_541\Debug\main.o
 .debug_frame   0x000000a4      0x1c8 .\CortexM3\ARM_GCC_541\Debug\TimingAnalyzer.o
 .debug_frame   0x0000026c       0xbc .\CortexM3\ARM_GCC_541\Debug\ReactionGame.o
 .debug_frame   0x00000328       0x38 .\CortexM3\ARM_GCC_541\Debug\ArcadianLight.o
 .debug_frame   0x00000360       0x48 .\CortexM3\ARM_GCC_541\Debug\logging.o
 .debug_frame   0x000003a8      0x104 .\CortexM3\ARM_GCC_541\Debug\seven.o
 .debug_frame   0x000004ac       0x80 .\CortexM3\ARM_GCC_541\Debug\pins.o
 .debug_frame   0x0000052c      0x5bc .\CortexM3\ARM_GCC_541\Debug\tft.o
 .debug_frame   0x00000ae8       0xe4 .\CortexM3\ARM_GCC_541\Debug\cyfitter_cfg.o
 .debug_frame   0x00000bcc       0xb8 .\CortexM3\ARM_GCC_541\Debug\Cm3Start.o
 .debug_frame   0x00000c84       0x50 .\CortexM3\ARM_GCC_541\Debug\ReactionGame.a(RED_LED.o)
 .debug_frame   0x00000cd4       0x50 .\CortexM3\ARM_GCC_541\Debug\ReactionGame.a(YELLOW_LED.o)
 .debug_frame   0x00000d24       0x50 .\CortexM3\ARM_GCC_541\Debug\ReactionGame.a(GREEN_LED.o)
 .debug_frame   0x00000d74      0x250 .\CortexM3\ARM_GCC_541\Debug\ReactionGame.a(UART_LOG.o)
 .debug_frame   0x00000fc4       0xe0 .\CortexM3\ARM_GCC_541\Debug\ReactionGame.a(UART_LOG_IntClock.o)
 .debug_frame   0x000010a4      0x738 .\CortexM3\ARM_GCC_541\Debug\ReactionGame.a(CyLib.o)
 .debug_frame   0x000017dc      0x1f8 .\CortexM3\ARM_GCC_541\Debug\ReactionGame.a(cyPm.o)
 .debug_frame   0x000019d4       0x30 .\CortexM3\ARM_GCC_541\Debug\ReactionGame.a(ErikaOS_ee_activate.o)
 .debug_frame   0x00001a04       0x38 .\CortexM3\ARM_GCC_541\Debug\ReactionGame.a(ErikaOS_ee_alsetrel.o)
 .debug_frame   0x00001a3c      0x10c .\CortexM3\ARM_GCC_541\Debug\ReactionGame.a(ErikaOS_ee_altick.o)
 .debug_frame   0x00001b48       0x38 .\CortexM3\ARM_GCC_541\Debug\ReactionGame.a(ErikaOS_ee_evclear.o)
 .debug_frame   0x00001b80       0x20 .\CortexM3\ARM_GCC_541\Debug\ReactionGame.a(ErikaOS_ee_evget.o)
 .debug_frame   0x00001ba0       0x30 .\CortexM3\ARM_GCC_541\Debug\ReactionGame.a(ErikaOS_ee_evset.o)
 .debug_frame   0x00001bd0       0x30 .\CortexM3\ARM_GCC_541\Debug\ReactionGame.a(ErikaOS_ee_evwait.o)
 .debug_frame   0x00001c00       0x58 .\CortexM3\ARM_GCC_541\Debug\ReactionGame.a(ErikaOS_ee_irqendin.o)
 .debug_frame   0x00001c58       0x3c .\CortexM3\ARM_GCC_541\Debug\ReactionGame.a(ErikaOS_ee_rq_exchg.o)
 .debug_frame   0x00001c94       0x20 .\CortexM3\ARM_GCC_541\Debug\ReactionGame.a(ErikaOS_ee_rq_first.o)
 .debug_frame   0x00001cb4       0x30 .\CortexM3\ARM_GCC_541\Debug\ReactionGame.a(ErikaOS_ee_rq_inser.o)
 .debug_frame   0x00001ce4       0x90 .\CortexM3\ARM_GCC_541\Debug\ReactionGame.a(ErikaOS_ee_startos.o)
 .debug_frame   0x00001d74       0x2c .\CortexM3\ARM_GCC_541\Debug\ReactionGame.a(ErikaOS_ee_terminat.o)
 .debug_frame   0x00001da0       0x30 .\CortexM3\ARM_GCC_541\Debug\ReactionGame.a(ErikaOS_cortex_mx_ee_utils.o)
 .debug_frame   0x00001dd0       0x50 .\CortexM3\ARM_GCC_541\Debug\ReactionGame.a(ButtonRight.o)
 .debug_frame   0x00001e20       0x50 .\CortexM3\ARM_GCC_541\Debug\ReactionGame.a(ButtonLeft.o)
 .debug_frame   0x00001e70       0x50 .\CortexM3\ARM_GCC_541\Debug\ReactionGame.a(SEVEN_DP.o)
 .debug_frame   0x00001ec0       0x50 .\CortexM3\ARM_GCC_541\Debug\ReactionGame.a(SEVEN_SELECT.o)
 .debug_frame   0x00001f10       0x30 .\CortexM3\ARM_GCC_541\Debug\ReactionGame.a(SEVEN_reg.o)
 .debug_frame   0x00001f40      0x1e8 .\CortexM3\ARM_GCC_541\Debug\ReactionGame.a(TFT_SPI.o)
 .debug_frame   0x00002128       0x50 .\CortexM3\ARM_GCC_541\Debug\ReactionGame.a(TFT_DC.o)
 .debug_frame   0x00002178       0x50 .\CortexM3\ARM_GCC_541\Debug\ReactionGame.a(TFT_RES.o)
 .debug_frame   0x000021c8       0xe8 .\CortexM3\ARM_GCC_541\Debug\ReactionGame.a(TFT_BackLight.o)
 .debug_frame   0x000022b0       0xe0 .\CortexM3\ARM_GCC_541\Debug\ReactionGame.a(TFT_SPI_IntClock.o)
 .debug_frame   0x00002390       0xf8 .\CortexM3\ARM_GCC_541\Debug\ReactionGame.a(PWM_RED.o)
 .debug_frame   0x00002488       0xf8 .\CortexM3\ARM_GCC_541\Debug\ReactionGame.a(PWM_YELLOW.o)
 .debug_frame   0x00002580       0xf8 .\CortexM3\ARM_GCC_541\Debug\ReactionGame.a(PWM_GREEN.o)
 .debug_frame   0x00002678       0xf8 .\CortexM3\ARM_GCC_541\Debug\ReactionGame.a(PWM_RGB_RED.o)
 .debug_frame   0x00002770       0xf8 .\CortexM3\ARM_GCC_541\Debug\ReactionGame.a(PWM_RGB_GREEN.o)
 .debug_frame   0x00002868       0xf8 .\CortexM3\ARM_GCC_541\Debug\ReactionGame.a(PWM_RGB_BLUE.o)
 .debug_frame   0x00002960      0x194 .\CortexM3\ARM_GCC_541\Debug\ReactionGame.a(CyFlash.o)
 .debug_frame   0x00002af4      0x180 .\CortexM3\ARM_GCC_541\Debug\ReactionGame.a(CySpc.o)
 .debug_frame   0x00002c74       0x2c .\CortexM3\ARM_GCC_541\Debug\ReactionGame.a(ErikaOS_ee_tnterm.o)
 .debug_frame   0x00002ca0       0x2c .\CortexM3\ARM_GCC_541\Debug\ReactionGame.a(ErikaOS_ee_tstub.o)
 .debug_frame   0x00002ccc       0x3c .\CortexM3\ARM_GCC_541\Debug\ReactionGame.a(ErikaOS_cortex_mx_ee_context.o)
 .debug_frame   0x00002d08       0x5c .\CortexM3\ARM_GCC_541\Debug\ReactionGame.a(ErikaOS_ee_thendin.o)
 .debug_frame   0x00002d64       0x20 c:/h_da softwares & projects/psoc creator/4.4/psoc creator/import/gnu/arm/5.4.1/bin/../lib/gcc/arm-none-eabi/5.4.1/../../../../arm-none-eabi/lib/armv7-m\libg_nano.a(lib_a-errno.o)
 .debug_frame   0x00002d84       0x28 c:/h_da softwares & projects/psoc creator/4.4/psoc creator/import/gnu/arm/5.4.1/bin/../lib/gcc/arm-none-eabi/5.4.1/../../../../arm-none-eabi/lib/armv7-m\libg_nano.a(lib_a-exit.o)
 .debug_frame   0x00002dac       0x2c c:/h_da softwares & projects/psoc creator/4.4/psoc creator/import/gnu/arm/5.4.1/bin/../lib/gcc/arm-none-eabi/5.4.1/../../../../arm-none-eabi/lib/armv7-m\libg_nano.a(lib_a-init.o)
 .debug_frame   0x00002dd8       0x28 c:/h_da softwares & projects/psoc creator/4.4/psoc creator/import/gnu/arm/5.4.1/bin/../lib/gcc/arm-none-eabi/5.4.1/../../../../arm-none-eabi/lib/armv7-m\libg_nano.a(lib_a-memcpy-stub.o)
 .debug_frame   0x00002e00       0x20 c:/h_da softwares & projects/psoc creator/4.4/psoc creator/import/gnu/arm/5.4.1/bin/../lib/gcc/arm-none-eabi/5.4.1/../../../../arm-none-eabi/lib/armv7-m\libg_nano.a(lib_a-memset.o)
 .debug_frame   0x00002e20       0x44 c:/h_da softwares & projects/psoc creator/4.4/psoc creator/import/gnu/arm/5.4.1/bin/../lib/gcc/arm-none-eabi/5.4.1/../../../../arm-none-eabi/lib/armv7-m\libg_nano.a(lib_a-rand.o)
 .debug_frame   0x00002e64       0x74 c:/h_da softwares & projects/psoc creator/4.4/psoc creator/import/gnu/arm/5.4.1/bin/../lib/gcc/arm-none-eabi/5.4.1/../../../../arm-none-eabi/lib/armv7-m\libg_nano.a(lib_a-snprintf.o)
 .debug_frame   0x00002ed8       0x70 c:/h_da softwares & projects/psoc creator/4.4/psoc creator/import/gnu/arm/5.4.1/bin/../lib/gcc/arm-none-eabi/5.4.1/../../../../arm-none-eabi/lib/armv7-m\libg_nano.a(lib_a-sprintf.o)
 .debug_frame   0x00002f48       0x30 c:/h_da softwares & projects/psoc creator/4.4/psoc creator/import/gnu/arm/5.4.1/bin/../lib/gcc/arm-none-eabi/5.4.1/../../../../arm-none-eabi/lib/armv7-m\libg_nano.a(lib_a-malloc.o)
 .debug_frame   0x00002f78       0x38 c:/h_da softwares & projects/psoc creator/4.4/psoc creator/import/gnu/arm/5.4.1/bin/../lib/gcc/arm-none-eabi/5.4.1/../../../../arm-none-eabi/lib/armv7-m\libg_nano.a(lib_a-nano-freer.o)
 .debug_frame   0x00002fb0       0x2c c:/h_da softwares & projects/psoc creator/4.4/psoc creator/import/gnu/arm/5.4.1/bin/../lib/gcc/arm-none-eabi/5.4.1/../../../../arm-none-eabi/lib/armv7-m\libg_nano.a(lib_a-nano-mallocr.o)
 .debug_frame   0x00002fdc       0x90 c:/h_da softwares & projects/psoc creator/4.4/psoc creator/import/gnu/arm/5.4.1/bin/../lib/gcc/arm-none-eabi/5.4.1/../../../../arm-none-eabi/lib/armv7-m\libg_nano.a(lib_a-nano-svfprintf.o)
 .debug_frame   0x0000306c       0x60 c:/h_da softwares & projects/psoc creator/4.4/psoc creator/import/gnu/arm/5.4.1/bin/../lib/gcc/arm-none-eabi/5.4.1/../../../../arm-none-eabi/lib/armv7-m\libg_nano.a(lib_a-nano-vfprintf_i.o)
 .debug_frame   0x000030cc       0x2c c:/h_da softwares & projects/psoc creator/4.4/psoc creator/import/gnu/arm/5.4.1/bin/../lib/gcc/arm-none-eabi/5.4.1/../../../../arm-none-eabi/lib/armv7-m\libg_nano.a(lib_a-sbrkr.o)
 .debug_frame   0x000030f8       0x28 c:/h_da softwares & projects/psoc creator/4.4/psoc creator/import/gnu/arm/5.4.1/bin/../lib/gcc/arm-none-eabi/5.4.1/../../../../arm-none-eabi/lib/armv7-m\libg_nano.a(lib_a-memchr-stub.o)
 .debug_frame   0x00003120       0x28 c:/h_da softwares & projects/psoc creator/4.4/psoc creator/import/gnu/arm/5.4.1/bin/../lib/gcc/arm-none-eabi/5.4.1/../../../../arm-none-eabi/lib/armv7-m\libg_nano.a(lib_a-memmove.o)
 .debug_frame   0x00003148       0x30 c:/h_da softwares & projects/psoc creator/4.4/psoc creator/import/gnu/arm/5.4.1/bin/../lib/gcc/arm-none-eabi/5.4.1/../../../../arm-none-eabi/lib/armv7-m\libg_nano.a(lib_a-mlock.o)
 .debug_frame   0x00003178       0x3c c:/h_da softwares & projects/psoc creator/4.4/psoc creator/import/gnu/arm/5.4.1/bin/../lib/gcc/arm-none-eabi/5.4.1/../../../../arm-none-eabi/lib/armv7-m\libg_nano.a(lib_a-nano-reallocr.o)
 .debug_frame   0x000031b4       0x5c c:/h_da softwares & projects/psoc creator/4.4/psoc creator/import/gnu/arm/5.4.1/bin/../lib/gcc/arm-none-eabi/5.4.1/../../../../arm-none-eabi/lib/armv7-m\libg_nano.a(lib_a-reent.o)
 .debug_frame   0x00003210       0x20 c:/h_da softwares & projects/psoc creator/4.4/psoc creator/import/gnu/arm/5.4.1/bin/../lib/gcc/arm-none-eabi/5.4.1/../../../../arm-none-eabi/lib/armv7-m\libg_nano.a(lib_a-nano-msizer.o)

.debug_str      0x00000000     0x53a6
 *(.debug_str)
 .debug_str     0x00000000      0x515 .\CortexM3\ARM_GCC_541\Debug\main.o
                                0x579 (size before relaxing)
 .debug_str     0x00000515      0x529 .\CortexM3\ARM_GCC_541\Debug\TimingAnalyzer.o
                                0x779 (size before relaxing)
 .debug_str     0x00000a3e      0x2ff .\CortexM3\ARM_GCC_541\Debug\ReactionGame.o
                                0x8b0 (size before relaxing)
 .debug_str     0x00000d3d       0xb7 .\CortexM3\ARM_GCC_541\Debug\ArcadianLight.o
                                0x317 (size before relaxing)
 .debug_str     0x00000df4       0xa3 .\CortexM3\ARM_GCC_541\Debug\logging.o
                                0x4cf (size before relaxing)
 .debug_str     0x00000e97       0xf8 .\CortexM3\ARM_GCC_541\Debug\seven.o
                                0x542 (size before relaxing)
 .debug_str     0x00000f8f       0x74 .\CortexM3\ARM_GCC_541\Debug\pins.o
                                0x2e8 (size before relaxing)
 .debug_str     0x00001003      0x712 .\CortexM3\ARM_GCC_541\Debug\tft.o
                                0xd08 (size before relaxing)
 .debug_str     0x00001715      0x1a9 .\CortexM3\ARM_GCC_541\Debug\cyfitter_cfg.o
                                0x334 (size before relaxing)
 .debug_str     0x000018be       0x75 .\CortexM3\ARM_GCC_541\Debug\cymetadata.o
                                0x1d4 (size before relaxing)
 .debug_str     0x00001933      0x13f .\CortexM3\ARM_GCC_541\Debug\Cm3Start.o
                                0x2fa (size before relaxing)
 .debug_str     0x00001a72       0x62 .\CortexM3\ARM_GCC_541\Debug\ReactionGame.a(RED_LED.o)
                                0x1dc (size before relaxing)
 .debug_str     0x00001ad4       0x63 .\CortexM3\ARM_GCC_541\Debug\ReactionGame.a(YELLOW_LED.o)
                                0x1eb (size before relaxing)